[INFO] Scanning for projects...
[INFO] Downloading from default: https://repo.maven.apache.org/maven2/org/springframework/boot/spring-boot-starter-parent/2.4.4/spring-boot-starter-parent-2.4.4.pom
[INFO] Downloaded from default: https://repo.maven.apache.org/maven2/org/springframework/boot/spring-boot-starter-parent/2.4.4/spring-boot-starter-parent-2.4.4.pom (8.6 kB at 24 kB/s)
[INFO] Downloading from default: https://repo.maven.apache.org/maven2/org/springframework/boot/spring-boot-dependencies/2.4.4/spring-boot-dependencies-2.4.4.pom
[INFO] Downloaded from default: https://repo.maven.apache.org/maven2/org/springframework/boot/spring-boot-dependencies/2.4.4/spring-boot-dependencies-2.4.4.pom (108 kB at 1.0 MB/s)
[INFO] Downloading from default: https://repo.maven.apache.org/maven2/com/datastax/oss/java-driver-bom/4.9.0/java-driver-bom-4.9.0.pom
[INFO] Downloaded from default: https://repo.maven.apache.org/maven2/com/datastax/oss/java-driver-bom/4.9.0/java-driver-bom-4.9.0.pom (4.1 kB at 64 kB/s)
[INFO] Downloading from default: https://repo.maven.apache.org/maven2/io/dropwizard/metrics/metrics-bom/4.1.18/metrics-bom-4.1.18.pom
[INFO] Downloaded from default: https://repo.maven.apache.org/maven2/io/dropwizard/metrics/metrics-bom/4.1.18/metrics-bom-4.1.18.pom (5.3 kB at 97 kB/s)
[INFO] Downloading from default: https://repo.maven.apache.org/maven2/io/dropwizard/metrics/metrics-parent/4.1.18/metrics-parent-4.1.18.pom
[INFO] Downloaded from default: https://repo.maven.apache.org/maven2/io/dropwizard/metrics/metrics-parent/4.1.18/metrics-parent-4.1.18.pom (17 kB at 266 kB/s)
[INFO] Downloading from default: https://repo.maven.apache.org/maven2/org/codehaus/groovy/groovy-bom/2.5.14/groovy-bom-2.5.14.pom
[INFO] Downloaded from default: https://repo.maven.apache.org/maven2/org/codehaus/groovy/groovy-bom/2.5.14/groovy-bom-2.5.14.pom (26 kB at 387 kB/s)
[INFO] Downloading from default: https://repo.maven.apache.org/maven2/org/infinispan/infinispan-bom/11.0.10.Final/infinispan-bom-11.0.10.Final.pom
[INFO] Downloaded from default: https://repo.maven.apache.org/maven2/org/infinispan/infinispan-bom/11.0.10.Final/infinispan-bom-11.0.10.Final.pom (19 kB at 324 kB/s)
[INFO] Downloading from default: https://repo.maven.apache.org/maven2/org/infinispan/infinispan-build-configuration-parent/11.0.10.Final/infinispan-build-configuration-parent-11.0.10.Final.pom
[INFO] Downloaded from default: https://repo.maven.apache.org/maven2/org/infinispan/infinispan-build-configuration-parent/11.0.10.Final/infinispan-build-configuration-parent-11.0.10.Final.pom (13 kB at 215 kB/s)
[INFO] Downloading from default: https://repo.maven.apache.org/maven2/org/jboss/jboss-parent/36/jboss-parent-36.pom
[INFO] Downloaded from default: https://repo.maven.apache.org/maven2/org/jboss/jboss-parent/36/jboss-parent-36.pom (66 kB at 822 kB/s)
[INFO] Downloading from default: https://repo.maven.apache.org/maven2/com/fasterxml/jackson/jackson-bom/2.11.4/jackson-bom-2.11.4.pom
[INFO] Downloaded from default: https://repo.maven.apache.org/maven2/com/fasterxml/jackson/jackson-bom/2.11.4/jackson-bom-2.11.4.pom (15 kB at 265 kB/s)
[INFO] Downloading from default: https://repo.maven.apache.org/maven2/com/fasterxml/jackson/jackson-parent/2.11/jackson-parent-2.11.pom
[INFO] Downloaded from default: https://repo.maven.apache.org/maven2/com/fasterxml/jackson/jackson-parent/2.11/jackson-parent-2.11.pom (7.8 kB at 144 kB/s)
[INFO] Downloading from default: https://repo.maven.apache.org/maven2/com/fasterxml/oss-parent/38/oss-parent-38.pom
[INFO] Downloaded from default: https://repo.maven.apache.org/maven2/com/fasterxml/oss-parent/38/oss-parent-38.pom (23 kB at 366 kB/s)
[INFO] Downloading from default: https://repo.maven.apache.org/maven2/org/glassfish/jersey/jersey-bom/2.32/jersey-bom-2.32.pom
[INFO] Downloaded from default: https://repo.maven.apache.org/maven2/org/glassfish/jersey/jersey-bom/2.32/jersey-bom-2.32.pom (19 kB at 341 kB/s)
[INFO] Downloading from default: https://repo.maven.apache.org/maven2/org/eclipse/ee4j/project/1.0.6/project-1.0.6.pom
[INFO] Downloaded from default: https://repo.maven.apache.org/maven2/org/eclipse/ee4j/project/1.0.6/project-1.0.6.pom (13 kB at 226 kB/s)
[INFO] Downloading from default: https://repo.maven.apache.org/maven2/org/eclipse/jetty/jetty-bom/9.4.38.v20210224/jetty-bom-9.4.38.v20210224.pom
[INFO] Downloaded from default: https://repo.maven.apache.org/maven2/org/eclipse/jetty/jetty-bom/9.4.38.v20210224/jetty-bom-9.4.38.v20210224.pom (18 kB at 304 kB/s)
[INFO] Downloading from default: https://repo.maven.apache.org/maven2/org/junit/junit-bom/5.7.1/junit-bom-5.7.1.pom
[INFO] Downloaded from default: https://repo.maven.apache.org/maven2/org/junit/junit-bom/5.7.1/junit-bom-5.7.1.pom (5.1 kB at 85 kB/s)
[INFO] Downloading from default: https://repo.maven.apache.org/maven2/org/jetbrains/kotlin/kotlin-bom/1.4.31/kotlin-bom-1.4.31.pom
[INFO] Downloaded from default: https://repo.maven.apache.org/maven2/org/jetbrains/kotlin/kotlin-bom/1.4.31/kotlin-bom-1.4.31.pom (9.3 kB at 161 kB/s)
[INFO] Downloading from default: https://repo.maven.apache.org/maven2/org/jetbrains/kotlinx/kotlinx-coroutines-bom/1.4.3/kotlinx-coroutines-bom-1.4.3.pom
[INFO] Downloaded from default: https://repo.maven.apache.org/maven2/org/jetbrains/kotlinx/kotlinx-coroutines-bom/1.4.3/kotlinx-coroutines-bom-1.4.3.pom (4.1 kB at 73 kB/s)
[INFO] Downloading from default: https://repo.maven.apache.org/maven2/org/apache/logging/log4j/log4j-bom/2.13.3/log4j-bom-2.13.3.pom
[INFO] Downloaded from default: https://repo.maven.apache.org/maven2/org/apache/logging/log4j/log4j-bom/2.13.3/log4j-bom-2.13.3.pom (7.6 kB at 108 kB/s)
[INFO] Downloading from default: https://repo.maven.apache.org/maven2/org/apache/logging/logging-parent/1/logging-parent-1.pom
[INFO] Downloaded from default: https://repo.maven.apache.org/maven2/org/apache/logging/logging-parent/1/logging-parent-1.pom (3.2 kB at 60 kB/s)
[INFO] Downloading from default: https://repo.maven.apache.org/maven2/org/apache/apache/18/apache-18.pom
[INFO] Downloaded from default: https://repo.maven.apache.org/maven2/org/apache/apache/18/apache-18.pom (16 kB at 307 kB/s)
[INFO] Downloading from default: https://repo.maven.apache.org/maven2/io/micrometer/micrometer-bom/1.6.5/micrometer-bom-1.6.5.pom
[INFO] Downloaded from default: https://repo.maven.apache.org/maven2/io/micrometer/micrometer-bom/1.6.5/micrometer-bom-1.6.5.pom (6.8 kB at 128 kB/s)
[INFO] Downloading from default: https://repo.maven.apache.org/maven2/io/netty/netty-bom/4.1.60.Final/netty-bom-4.1.60.Final.pom
[INFO] Downloaded from default: https://repo.maven.apache.org/maven2/io/netty/netty-bom/4.1.60.Final/netty-bom-4.1.60.Final.pom (8.8 kB at 160 kB/s)
[INFO] Downloading from default: https://repo.maven.apache.org/maven2/org/sonatype/oss/oss-parent/7/oss-parent-7.pom
[INFO] Downloaded from default: https://repo.maven.apache.org/maven2/org/sonatype/oss/oss-parent/7/oss-parent-7.pom (4.8 kB at 80 kB/s)
[INFO] Downloading from default: https://repo.maven.apache.org/maven2/com/oracle/database/jdbc/ojdbc-bom/19.8.0.0/ojdbc-bom-19.8.0.0.pom
[INFO] Downloaded from default: https://repo.maven.apache.org/maven2/com/oracle/database/jdbc/ojdbc-bom/19.8.0.0/ojdbc-bom-19.8.0.0.pom (12 kB at 226 kB/s)
[INFO] Downloading from default: https://repo.maven.apache.org/maven2/io/r2dbc/r2dbc-bom/Arabba-SR9/r2dbc-bom-Arabba-SR9.pom
[INFO] Downloaded from default: https://repo.maven.apache.org/maven2/io/r2dbc/r2dbc-bom/Arabba-SR9/r2dbc-bom-Arabba-SR9.pom (4.1 kB at 64 kB/s)
[INFO] Downloading from default: https://repo.maven.apache.org/maven2/io/projectreactor/reactor-bom/2020.0.5/reactor-bom-2020.0.5.pom
[INFO] Downloaded from default: https://repo.maven.apache.org/maven2/io/projectreactor/reactor-bom/2020.0.5/reactor-bom-2020.0.5.pom (4.5 kB at 66 kB/s)
[INFO] Downloading from default: https://repo.maven.apache.org/maven2/io/rsocket/rsocket-bom/1.1.0/rsocket-bom-1.1.0.pom
[INFO] Downloaded from default: https://repo.maven.apache.org/maven2/io/rsocket/rsocket-bom/1.1.0/rsocket-bom-1.1.0.pom (2.6 kB at 43 kB/s)
[INFO] Downloading from default: https://repo.maven.apache.org/maven2/org/springframework/data/spring-data-bom/2020.0.6/spring-data-bom-2020.0.6.pom
[INFO] Downloaded from default: https://repo.maven.apache.org/maven2/org/springframework/data/spring-data-bom/2020.0.6/spring-data-bom-2020.0.6.pom (5.9 kB at 107 kB/s)
[INFO] Downloading from default: https://repo.maven.apache.org/maven2/org/springframework/spring-framework-bom/5.3.5/spring-framework-bom-5.3.5.pom
[INFO] Downloaded from default: https://repo.maven.apache.org/maven2/org/springframework/spring-framework-bom/5.3.5/spring-framework-bom-5.3.5.pom (5.6 kB at 97 kB/s)
[INFO] Downloading from default: https://repo.maven.apache.org/maven2/org/springframework/integration/spring-integration-bom/5.4.5/spring-integration-bom-5.4.5.pom
[INFO] Downloaded from default: https://repo.maven.apache.org/maven2/org/springframework/integration/spring-integration-bom/5.4.5/spring-integration-bom-5.4.5.pom (9.5 kB at 176 kB/s)
[INFO] Downloading from default: https://repo.maven.apache.org/maven2/org/springframework/security/spring-security-bom/5.4.5/spring-security-bom-5.4.5.pom
[INFO] Downloaded from default: https://repo.maven.apache.org/maven2/org/springframework/security/spring-security-bom/5.4.5/spring-security-bom-5.4.5.pom (5.3 kB at 92 kB/s)
[INFO] Downloading from default: https://repo.maven.apache.org/maven2/org/springframework/session/spring-session-bom/2020.0.3/spring-session-bom-2020.0.3.pom
[INFO] Downloaded from default: https://repo.maven.apache.org/maven2/org/springframework/session/spring-session-bom/2020.0.3/spring-session-bom-2020.0.3.pom (2.7 kB at 50 kB/s)
[INFO] 
[INFO] --------------------------< com.example:demo >--------------------------
[INFO] Building demo 0.0.1-SNAPSHOT
[INFO] --------------------------------[ jar ]---------------------------------
[INFO] Downloading from localsmartbear: https://rapi.tools.ops.smartbear.io/nexus/content/groups/public/org/springframework/boot/spring-boot-maven-plugin/2.4.4/spring-boot-maven-plugin-2.4.4.pom
[INFO] Downloaded from localsmartbear: https://rapi.tools.ops.smartbear.io/nexus/content/groups/public/org/springframework/boot/spring-boot-maven-plugin/2.4.4/spring-boot-maven-plugin-2.4.4.pom (2.9 kB at 8.8 kB/s)
[INFO] Downloading from localsmartbear: https://rapi.tools.ops.smartbear.io/nexus/content/groups/public/org/springframework/boot/spring-boot-maven-plugin/2.4.4/spring-boot-maven-plugin-2.4.4.jar
[INFO] Downloaded from localsmartbear: https://rapi.tools.ops.smartbear.io/nexus/content/groups/public/org/springframework/boot/spring-boot-maven-plugin/2.4.4/spring-boot-maven-plugin-2.4.4.jar (101 kB at 428 kB/s)
[INFO] Downloading from localsmartbear: https://rapi.tools.ops.smartbear.io/nexus/content/groups/public/org/apache/maven/plugins/maven-clean-plugin/3.1.0/maven-clean-plugin-3.1.0.pom
[INFO] Downloaded from localsmartbear: https://rapi.tools.ops.smartbear.io/nexus/content/groups/public/org/apache/maven/plugins/maven-clean-plugin/3.1.0/maven-clean-plugin-3.1.0.pom (5.2 kB at 82 kB/s)
[INFO] Downloading from localsmartbear: https://rapi.tools.ops.smartbear.io/nexus/content/groups/public/org/apache/maven/plugins/maven-plugins/31/maven-plugins-31.pom
[INFO] Downloaded from localsmartbear: https://rapi.tools.ops.smartbear.io/nexus/content/groups/public/org/apache/maven/plugins/maven-plugins/31/maven-plugins-31.pom (10 kB at 170 kB/s)
[INFO] Downloading from localsmartbear: https://rapi.tools.ops.smartbear.io/nexus/content/groups/public/org/apache/maven/maven-parent/31/maven-parent-31.pom
[INFO] Downloaded from localsmartbear: https://rapi.tools.ops.smartbear.io/nexus/content/groups/public/org/apache/maven/maven-parent/31/maven-parent-31.pom (43 kB at 629 kB/s)
[INFO] Downloading from localsmartbear: https://rapi.tools.ops.smartbear.io/nexus/content/groups/public/org/apache/apache/19/apache-19.pom
[INFO] Downloaded from localsmartbear: https://rapi.tools.ops.smartbear.io/nexus/content/groups/public/org/apache/apache/19/apache-19.pom (15 kB at 267 kB/s)
[INFO] Downloading from localsmartbear: https://rapi.tools.ops.smartbear.io/nexus/content/groups/public/org/apache/maven/plugins/maven-clean-plugin/3.1.0/maven-clean-plugin-3.1.0.jar
[INFO] Downloaded from localsmartbear: https://rapi.tools.ops.smartbear.io/nexus/content/groups/public/org/apache/maven/plugins/maven-clean-plugin/3.1.0/maven-clean-plugin-3.1.0.jar (30 kB at 267 kB/s)
[INFO] Downloading from localsmartbear: https://rapi.tools.ops.smartbear.io/nexus/content/groups/public/org/apache/maven/plugins/maven-resources-plugin/3.2.0/maven-resources-plugin-3.2.0.pom
[INFO] Downloaded from localsmartbear: https://rapi.tools.ops.smartbear.io/nexus/content/groups/public/org/apache/maven/plugins/maven-resources-plugin/3.2.0/maven-resources-plugin-3.2.0.pom (8.1 kB at 109 kB/s)
[INFO] Downloading from localsmartbear: https://rapi.tools.ops.smartbear.io/nexus/content/groups/public/org/apache/maven/plugins/maven-plugins/34/maven-plugins-34.pom
[INFO] Downloaded from localsmartbear: https://rapi.tools.ops.smartbear.io/nexus/content/groups/public/org/apache/maven/plugins/maven-plugins/34/maven-plugins-34.pom (11 kB at 71 kB/s)
[INFO] Downloading from localsmartbear: https://rapi.tools.ops.smartbear.io/nexus/content/groups/public/org/apache/maven/maven-parent/34/maven-parent-34.pom
[INFO] Downloaded from localsmartbear: https://rapi.tools.ops.smartbear.io/nexus/content/groups/public/org/apache/maven/maven-parent/34/maven-parent-34.pom (43 kB at 680 kB/s)
[INFO] Downloading from localsmartbear: https://rapi.tools.ops.smartbear.io/nexus/content/groups/public/org/apache/apache/23/apache-23.pom
[INFO] Downloaded from localsmartbear: https://rapi.tools.ops.smartbear.io/nexus/content/groups/public/org/apache/apache/23/apache-23.pom (18 kB at 171 kB/s)
[INFO] Downloading from localsmartbear: https://rapi.tools.ops.smartbear.io/nexus/content/groups/public/org/apache/maven/plugins/maven-resources-plugin/3.2.0/maven-resources-plugin-3.2.0.jar
[INFO] Downloaded from localsmartbear: https://rapi.tools.ops.smartbear.io/nexus/content/groups/public/org/apache/maven/plugins/maven-resources-plugin/3.2.0/maven-resources-plugin-3.2.0.jar (33 kB at 507 kB/s)
[INFO] Downloading from localsmartbear: https://rapi.tools.ops.smartbear.io/nexus/content/groups/public/org/apache/maven/plugins/maven-compiler-plugin/3.8.1/maven-compiler-plugin-3.8.1.pom
[INFO] Downloaded from localsmartbear: https://rapi.tools.ops.smartbear.io/nexus/content/groups/public/org/apache/maven/plugins/maven-compiler-plugin/3.8.1/maven-compiler-plugin-3.8.1.pom (12 kB at 211 kB/s)
[INFO] Downloading from localsmartbear: https://rapi.tools.ops.smartbear.io/nexus/content/groups/public/org/apache/maven/plugins/maven-plugins/33/maven-plugins-33.pom
[INFO] Downloaded from localsmartbear: https://rapi.tools.ops.smartbear.io/nexus/content/groups/public/org/apache/maven/plugins/maven-plugins/33/maven-plugins-33.pom (11 kB at 198 kB/s)
[INFO] Downloading from localsmartbear: https://rapi.tools.ops.smartbear.io/nexus/content/groups/public/org/apache/maven/maven-parent/33/maven-parent-33.pom
[INFO] Downloaded from localsmartbear: https://rapi.tools.ops.smartbear.io/nexus/content/groups/public/org/apache/maven/maven-parent/33/maven-parent-33.pom (44 kB at 712 kB/s)
[INFO] Downloading from localsmartbear: https://rapi.tools.ops.smartbear.io/nexus/content/groups/public/org/apache/apache/21/apache-21.pom
[INFO] Downloaded from localsmartbear: https://rapi.tools.ops.smartbear.io/nexus/content/groups/public/org/apache/apache/21/apache-21.pom (17 kB at 323 kB/s)
[INFO] Downloading from localsmartbear: https://rapi.tools.ops.smartbear.io/nexus/content/groups/public/org/apache/maven/plugins/maven-compiler-plugin/3.8.1/maven-compiler-plugin-3.8.1.jar
[INFO] Downloaded from localsmartbear: https://rapi.tools.ops.smartbear.io/nexus/content/groups/public/org/apache/maven/plugins/maven-compiler-plugin/3.8.1/maven-compiler-plugin-3.8.1.jar (62 kB at 875 kB/s)
[INFO] Downloading from localsmartbear: https://rapi.tools.ops.smartbear.io/nexus/content/groups/public/org/apache/maven/plugins/maven-surefire-plugin/2.22.2/maven-surefire-plugin-2.22.2.pom
[INFO] Downloaded from localsmartbear: https://rapi.tools.ops.smartbear.io/nexus/content/groups/public/org/apache/maven/plugins/maven-surefire-plugin/2.22.2/maven-surefire-plugin-2.22.2.pom (5.0 kB at 86 kB/s)
[INFO] Downloading from localsmartbear: https://rapi.tools.ops.smartbear.io/nexus/content/groups/public/org/apache/maven/surefire/surefire/2.22.2/surefire-2.22.2.pom
[INFO] Downloaded from localsmartbear: https://rapi.tools.ops.smartbear.io/nexus/content/groups/public/org/apache/maven/surefire/surefire/2.22.2/surefire-2.22.2.pom (26 kB at 403 kB/s)
[INFO] Downloading from localsmartbear: https://rapi.tools.ops.smartbear.io/nexus/content/groups/public/org/apache/maven/plugins/maven-surefire-plugin/2.22.2/maven-surefire-plugin-2.22.2.jar
[INFO] Downloaded from localsmartbear: https://rapi.tools.ops.smartbear.io/nexus/content/groups/public/org/apache/maven/plugins/maven-surefire-plugin/2.22.2/maven-surefire-plugin-2.22.2.jar (41 kB at 605 kB/s)
[INFO] Downloading from localsmartbear: https://rapi.tools.ops.smartbear.io/nexus/content/groups/public/com/smartbear/ready-api-maven-plugin/3.7.0/ready-api-maven-plugin-3.7.0.pom
[INFO] Downloaded from localsmartbear: https://rapi.tools.ops.smartbear.io/nexus/content/groups/public/com/smartbear/ready-api-maven-plugin/3.7.0/ready-api-maven-plugin-3.7.0.pom (5.2 kB at 97 kB/s)
[INFO] Downloading from localsmartbear: https://rapi.tools.ops.smartbear.io/nexus/content/groups/public/com/smartbear/ready-api/3.7.0/ready-api-3.7.0.pom
[INFO] Downloaded from localsmartbear: https://rapi.tools.ops.smartbear.io/nexus/content/groups/public/com/smartbear/ready-api/3.7.0/ready-api-3.7.0.pom (41 kB at 656 kB/s)
[INFO] Downloading from localsmartbear: https://rapi.tools.ops.smartbear.io/nexus/content/groups/public/com/smartbear/ready-api-maven-plugin/3.7.0/ready-api-maven-plugin-3.7.0.jar
[INFO] Downloaded from localsmartbear: https://rapi.tools.ops.smartbear.io/nexus/content/groups/public/com/smartbear/ready-api-maven-plugin/3.7.0/ready-api-maven-plugin-3.7.0.jar (33 kB at 483 kB/s)
[INFO] Downloading from default: https://repo.maven.apache.org/maven2/org/springframework/boot/spring-boot-starter/2.4.4/spring-boot-starter-2.4.4.pom
[INFO] Downloaded from default: https://repo.maven.apache.org/maven2/org/springframework/boot/spring-boot-starter/2.4.4/spring-boot-starter-2.4.4.pom (3.1 kB at 49 kB/s)
[INFO] Downloading from default: https://repo.maven.apache.org/maven2/org/springframework/boot/spring-boot/2.4.4/spring-boot-2.4.4.pom
[INFO] Downloaded from default: https://repo.maven.apache.org/maven2/org/springframework/boot/spring-boot/2.4.4/spring-boot-2.4.4.pom (2.2 kB at 35 kB/s)
[INFO] Downloading from default: https://repo.maven.apache.org/maven2/org/springframework/spring-core/5.3.5/spring-core-5.3.5.pom
[INFO] Downloaded from default: https://repo.maven.apache.org/maven2/org/springframework/spring-core/5.3.5/spring-core-5.3.5.pom (2.0 kB at 37 kB/s)
[INFO] Downloading from default: https://repo.maven.apache.org/maven2/org/springframework/spring-jcl/5.3.5/spring-jcl-5.3.5.pom
[INFO] Downloaded from default: https://repo.maven.apache.org/maven2/org/springframework/spring-jcl/5.3.5/spring-jcl-5.3.5.pom (1.8 kB at 33 kB/s)
[INFO] Downloading from default: https://repo.maven.apache.org/maven2/org/springframework/spring-context/5.3.5/spring-context-5.3.5.pom
[INFO] Downloaded from default: https://repo.maven.apache.org/maven2/org/springframework/spring-context/5.3.5/spring-context-5.3.5.pom (2.6 kB at 44 kB/s)
[INFO] Downloading from default: https://repo.maven.apache.org/maven2/org/springframework/spring-aop/5.3.5/spring-aop-5.3.5.pom
[INFO] Downloaded from default: https://repo.maven.apache.org/maven2/org/springframework/spring-aop/5.3.5/spring-aop-5.3.5.pom (2.2 kB at 41 kB/s)
[INFO] Downloading from default: https://repo.maven.apache.org/maven2/org/springframework/spring-beans/5.3.5/spring-beans-5.3.5.pom
[INFO] Downloaded from default: https://repo.maven.apache.org/maven2/org/springframework/spring-beans/5.3.5/spring-beans-5.3.5.pom (2.0 kB at 39 kB/s)
[INFO] Downloading from default: https://repo.maven.apache.org/maven2/org/springframework/spring-expression/5.3.5/spring-expression-5.3.5.pom
[INFO] Downloaded from default: https://repo.maven.apache.org/maven2/org/springframework/spring-expression/5.3.5/spring-expression-5.3.5.pom (2.1 kB at 33 kB/s)
[INFO] Downloading from default: https://repo.maven.apache.org/maven2/org/springframework/boot/spring-boot-autoconfigure/2.4.4/spring-boot-autoconfigure-2.4.4.pom
[INFO] Downloaded from default: https://repo.maven.apache.org/maven2/org/springframework/boot/spring-boot-autoconfigure/2.4.4/spring-boot-autoconfigure-2.4.4.pom (2.1 kB at 35 kB/s)
[INFO] Downloading from default: https://repo.maven.apache.org/maven2/org/springframework/boot/spring-boot-starter-logging/2.4.4/spring-boot-starter-logging-2.4.4.pom
[INFO] Downloaded from default: https://repo.maven.apache.org/maven2/org/springframework/boot/spring-boot-starter-logging/2.4.4/spring-boot-starter-logging-2.4.4.pom (2.5 kB at 33 kB/s)
[INFO] Downloading from default: https://repo.maven.apache.org/maven2/ch/qos/logback/logback-classic/1.2.3/logback-classic-1.2.3.pom
[INFO] Downloaded from default: https://repo.maven.apache.org/maven2/ch/qos/logback/logback-classic/1.2.3/logback-classic-1.2.3.pom (13 kB at 214 kB/s)
[INFO] Downloading from default: https://repo.maven.apache.org/maven2/ch/qos/logback/logback-parent/1.2.3/logback-parent-1.2.3.pom
[INFO] Downloaded from default: https://repo.maven.apache.org/maven2/ch/qos/logback/logback-parent/1.2.3/logback-parent-1.2.3.pom (18 kB at 312 kB/s)
[INFO] Downloading from default: https://repo.maven.apache.org/maven2/ch/qos/logback/logback-core/1.2.3/logback-core-1.2.3.pom
[INFO] Downloaded from default: https://repo.maven.apache.org/maven2/ch/qos/logback/logback-core/1.2.3/logback-core-1.2.3.pom (4.2 kB at 66 kB/s)
[INFO] Downloading from default: https://repo.maven.apache.org/maven2/org/slf4j/slf4j-api/1.7.30/slf4j-api-1.7.30.pom
[INFO] Downloaded from default: https://repo.maven.apache.org/maven2/org/slf4j/slf4j-api/1.7.30/slf4j-api-1.7.30.pom (3.8 kB at 82 kB/s)
[INFO] Downloading from default: https://repo.maven.apache.org/maven2/org/slf4j/slf4j-parent/1.7.30/slf4j-parent-1.7.30.pom
[INFO] Downloaded from default: https://repo.maven.apache.org/maven2/org/slf4j/slf4j-parent/1.7.30/slf4j-parent-1.7.30.pom (14 kB at 251 kB/s)
[INFO] Downloading from default: https://repo.maven.apache.org/maven2/org/apache/logging/log4j/log4j-to-slf4j/2.13.3/log4j-to-slf4j-2.13.3.pom
[INFO] Downloaded from default: https://repo.maven.apache.org/maven2/org/apache/logging/log4j/log4j-to-slf4j/2.13.3/log4j-to-slf4j-2.13.3.pom (7.2 kB at 114 kB/s)
[INFO] Downloading from default: https://repo.maven.apache.org/maven2/org/apache/logging/log4j/log4j/2.13.3/log4j-2.13.3.pom
[INFO] Downloaded from default: https://repo.maven.apache.org/maven2/org/apache/logging/log4j/log4j/2.13.3/log4j-2.13.3.pom (64 kB at 948 kB/s)
[INFO] Downloading from default: https://repo.maven.apache.org/maven2/org/apache/logging/log4j/log4j-api/2.13.3/log4j-api-2.13.3.pom
[INFO] Downloaded from default: https://repo.maven.apache.org/maven2/org/apache/logging/log4j/log4j-api/2.13.3/log4j-api-2.13.3.pom (13 kB at 219 kB/s)
[INFO] Downloading from default: https://repo.maven.apache.org/maven2/org/slf4j/jul-to-slf4j/1.7.30/jul-to-slf4j-1.7.30.pom
[INFO] Downloaded from default: https://repo.maven.apache.org/maven2/org/slf4j/jul-to-slf4j/1.7.30/jul-to-slf4j-1.7.30.pom (990 B at 17 kB/s)
[INFO] Downloading from default: https://repo.maven.apache.org/maven2/jakarta/annotation/jakarta.annotation-api/1.3.5/jakarta.annotation-api-1.3.5.pom
[INFO] Downloaded from default: https://repo.maven.apache.org/maven2/jakarta/annotation/jakarta.annotation-api/1.3.5/jakarta.annotation-api-1.3.5.pom (16 kB at 200 kB/s)
[INFO] Downloading from default: https://repo.maven.apache.org/maven2/jakarta/annotation/ca-parent/1.3.5/ca-parent-1.3.5.pom
[INFO] Downloaded from default: https://repo.maven.apache.org/maven2/jakarta/annotation/ca-parent/1.3.5/ca-parent-1.3.5.pom (2.8 kB at 55 kB/s)
[INFO] Downloading from default: https://repo.maven.apache.org/maven2/org/eclipse/ee4j/project/1.0.5/project-1.0.5.pom
[INFO] Downloaded from default: https://repo.maven.apache.org/maven2/org/eclipse/ee4j/project/1.0.5/project-1.0.5.pom (13 kB at 253 kB/s)
[INFO] Downloading from default: https://repo.maven.apache.org/maven2/org/yaml/snakeyaml/1.27/snakeyaml-1.27.pom
[INFO] Downloaded from default: https://repo.maven.apache.org/maven2/org/yaml/snakeyaml/1.27/snakeyaml-1.27.pom (37 kB at 631 kB/s)
[INFO] Downloading from default: https://repo.maven.apache.org/maven2/org/springframework/boot/spring-boot-starter-test/2.4.4/spring-boot-starter-test-2.4.4.pom
[INFO] Downloaded from default: https://repo.maven.apache.org/maven2/org/springframework/boot/spring-boot-starter-test/2.4.4/spring-boot-starter-test-2.4.4.pom (4.7 kB at 84 kB/s)
[INFO] Downloading from default: https://repo.maven.apache.org/maven2/org/springframework/boot/spring-boot-test/2.4.4/spring-boot-test-2.4.4.pom
[INFO] Downloaded from default: https://repo.maven.apache.org/maven2/org/springframework/boot/spring-boot-test/2.4.4/spring-boot-test-2.4.4.pom (2.1 kB at 36 kB/s)
[INFO] Downloading from default: https://repo.maven.apache.org/maven2/org/springframework/boot/spring-boot-test-autoconfigure/2.4.4/spring-boot-test-autoconfigure-2.4.4.pom
[INFO] Downloaded from default: https://repo.maven.apache.org/maven2/org/springframework/boot/spring-boot-test-autoconfigure/2.4.4/spring-boot-test-autoconfigure-2.4.4.pom (2.5 kB at 46 kB/s)
[INFO] Downloading from default: https://repo.maven.apache.org/maven2/com/jayway/jsonpath/json-path/2.4.0/json-path-2.4.0.pom
[INFO] Downloaded from default: https://repo.maven.apache.org/maven2/com/jayway/jsonpath/json-path/2.4.0/json-path-2.4.0.pom (2.6 kB at 49 kB/s)
[INFO] Downloading from default: https://repo.maven.apache.org/maven2/net/minidev/json-smart/2.3/json-smart-2.3.pom
[INFO] Downloaded from default: https://repo.maven.apache.org/maven2/net/minidev/json-smart/2.3/json-smart-2.3.pom (9.0 kB at 164 kB/s)
[INFO] Downloading from default: https://repo.maven.apache.org/maven2/net/minidev/minidev-parent/2.3/minidev-parent-2.3.pom
[INFO] Downloaded from default: https://repo.maven.apache.org/maven2/net/minidev/minidev-parent/2.3/minidev-parent-2.3.pom (8.5 kB at 144 kB/s)
[INFO] Downloading from default: https://repo.maven.apache.org/maven2/net/minidev/accessors-smart/1.2/accessors-smart-1.2.pom
[INFO] Downloaded from default: https://repo.maven.apache.org/maven2/net/minidev/accessors-smart/1.2/accessors-smart-1.2.pom (12 kB at 200 kB/s)
[INFO] Downloading from default: https://repo.maven.apache.org/maven2/org/ow2/asm/asm/5.0.4/asm-5.0.4.pom
[INFO] Downloaded from default: https://repo.maven.apache.org/maven2/org/ow2/asm/asm/5.0.4/asm-5.0.4.pom (1.9 kB at 35 kB/s)
[INFO] Downloading from default: https://repo.maven.apache.org/maven2/org/ow2/asm/asm-parent/5.0.4/asm-parent-5.0.4.pom
[INFO] Downloaded from default: https://repo.maven.apache.org/maven2/org/ow2/asm/asm-parent/5.0.4/asm-parent-5.0.4.pom (5.5 kB at 102 kB/s)
[INFO] Downloading from default: https://repo.maven.apache.org/maven2/org/ow2/ow2/1.3/ow2-1.3.pom
[INFO] Downloaded from default: https://repo.maven.apache.org/maven2/org/ow2/ow2/1.3/ow2-1.3.pom (9.5 kB at 170 kB/s)
[INFO] Downloading from default: https://repo.maven.apache.org/maven2/jakarta/xml/bind/jakarta.xml.bind-api/2.3.3/jakarta.xml.bind-api-2.3.3.pom
[INFO] Downloaded from default: https://repo.maven.apache.org/maven2/jakarta/xml/bind/jakarta.xml.bind-api/2.3.3/jakarta.xml.bind-api-2.3.3.pom (13 kB at 239 kB/s)
[INFO] Downloading from default: https://repo.maven.apache.org/maven2/jakarta/xml/bind/jakarta.xml.bind-api-parent/2.3.3/jakarta.xml.bind-api-parent-2.3.3.pom
[INFO] Downloaded from default: https://repo.maven.apache.org/maven2/jakarta/xml/bind/jakarta.xml.bind-api-parent/2.3.3/jakarta.xml.bind-api-parent-2.3.3.pom (9.0 kB at 158 kB/s)
[INFO] Downloading from default: https://repo.maven.apache.org/maven2/jakarta/activation/jakarta.activation-api/1.2.2/jakarta.activation-api-1.2.2.pom
[INFO] Downloaded from default: https://repo.maven.apache.org/maven2/jakarta/activation/jakarta.activation-api/1.2.2/jakarta.activation-api-1.2.2.pom (5.3 kB at 95 kB/s)
[INFO] Downloading from default: https://repo.maven.apache.org/maven2/com/sun/activation/all/1.2.2/all-1.2.2.pom
[INFO] Downloaded from default: https://repo.maven.apache.org/maven2/com/sun/activation/all/1.2.2/all-1.2.2.pom (15 kB at 253 kB/s)
[INFO] Downloading from default: https://repo.maven.apache.org/maven2/org/assertj/assertj-core/3.18.1/assertj-core-3.18.1.pom
[INFO] Downloaded from default: https://repo.maven.apache.org/maven2/org/assertj/assertj-core/3.18.1/assertj-core-3.18.1.pom (24 kB at 386 kB/s)
[INFO] Downloading from default: https://repo.maven.apache.org/maven2/org/assertj/assertj-parent-pom/2.2.8/assertj-parent-pom-2.2.8.pom
[INFO] Downloaded from default: https://repo.maven.apache.org/maven2/org/assertj/assertj-parent-pom/2.2.8/assertj-parent-pom-2.2.8.pom (24 kB at 319 kB/s)
[INFO] Downloading from default: https://repo.maven.apache.org/maven2/org/junit/junit-bom/5.6.3/junit-bom-5.6.3.pom
[INFO] Downloaded from default: https://repo.maven.apache.org/maven2/org/junit/junit-bom/5.6.3/junit-bom-5.6.3.pom (4.9 kB at 87 kB/s)
[INFO] Downloading from default: https://repo.maven.apache.org/maven2/org/hamcrest/hamcrest/2.2/hamcrest-2.2.pom
[INFO] Downloaded from default: https://repo.maven.apache.org/maven2/org/hamcrest/hamcrest/2.2/hamcrest-2.2.pom (1.1 kB at 15 kB/s)
[INFO] Downloading from default: https://repo.maven.apache.org/maven2/org/junit/jupiter/junit-jupiter/5.7.1/junit-jupiter-5.7.1.pom
[INFO] Downloaded from default: https://repo.maven.apache.org/maven2/org/junit/jupiter/junit-jupiter/5.7.1/junit-jupiter-5.7.1.pom (3.2 kB at 48 kB/s)
[INFO] Downloading from default: https://repo.maven.apache.org/maven2/org/junit/jupiter/junit-jupiter-api/5.7.1/junit-jupiter-api-5.7.1.pom
[INFO] Downloaded from default: https://repo.maven.apache.org/maven2/org/junit/jupiter/junit-jupiter-api/5.7.1/junit-jupiter-api-5.7.1.pom (3.2 kB at 54 kB/s)
[INFO] Downloading from default: https://repo.maven.apache.org/maven2/org/apiguardian/apiguardian-api/1.1.0/apiguardian-api-1.1.0.pom
[INFO] Downloaded from default: https://repo.maven.apache.org/maven2/org/apiguardian/apiguardian-api/1.1.0/apiguardian-api-1.1.0.pom (1.2 kB at 22 kB/s)
[INFO] Downloading from default: https://repo.maven.apache.org/maven2/org/opentest4j/opentest4j/1.2.0/opentest4j-1.2.0.pom
[INFO] Downloaded from default: https://repo.maven.apache.org/maven2/org/opentest4j/opentest4j/1.2.0/opentest4j-1.2.0.pom (1.7 kB at 32 kB/s)
[INFO] Downloading from default: https://repo.maven.apache.org/maven2/org/junit/platform/junit-platform-commons/1.7.1/junit-platform-commons-1.7.1.pom
[INFO] Downloaded from default: https://repo.maven.apache.org/maven2/org/junit/platform/junit-platform-commons/1.7.1/junit-platform-commons-1.7.1.pom (2.8 kB at 42 kB/s)
[INFO] Downloading from default: https://repo.maven.apache.org/maven2/org/junit/jupiter/junit-jupiter-params/5.7.1/junit-jupiter-params-5.7.1.pom
[INFO] Downloaded from default: https://repo.maven.apache.org/maven2/org/junit/jupiter/junit-jupiter-params/5.7.1/junit-jupiter-params-5.7.1.pom (3.0 kB at 49 kB/s)
[INFO] Downloading from default: https://repo.maven.apache.org/maven2/org/junit/jupiter/junit-jupiter-engine/5.7.1/junit-jupiter-engine-5.7.1.pom
[INFO] Downloaded from default: https://repo.maven.apache.org/maven2/org/junit/jupiter/junit-jupiter-engine/5.7.1/junit-jupiter-engine-5.7.1.pom (3.2 kB at 60 kB/s)
[INFO] Downloading from default: https://repo.maven.apache.org/maven2/org/junit/platform/junit-platform-engine/1.7.1/junit-platform-engine-1.7.1.pom
[INFO] Downloaded from default: https://repo.maven.apache.org/maven2/org/junit/platform/junit-platform-engine/1.7.1/junit-platform-engine-1.7.1.pom (3.2 kB at 58 kB/s)
[INFO] Downloading from default: https://repo.maven.apache.org/maven2/org/mockito/mockito-core/3.6.28/mockito-core-3.6.28.pom
[INFO] Downloaded from default: https://repo.maven.apache.org/maven2/org/mockito/mockito-core/3.6.28/mockito-core-3.6.28.pom (2.9 kB at 45 kB/s)
[INFO] Downloading from default: https://repo.maven.apache.org/maven2/net/bytebuddy/byte-buddy/1.10.22/byte-buddy-1.10.22.pom
[INFO] Downloaded from default: https://repo.maven.apache.org/maven2/net/bytebuddy/byte-buddy/1.10.22/byte-buddy-1.10.22.pom (11 kB at 151 kB/s)
[INFO] Downloading from default: https://repo.maven.apache.org/maven2/net/bytebuddy/byte-buddy-parent/1.10.22/byte-buddy-parent-1.10.22.pom
[INFO] Downloaded from default: https://repo.maven.apache.org/maven2/net/bytebuddy/byte-buddy-parent/1.10.22/byte-buddy-parent-1.10.22.pom (42 kB at 682 kB/s)
[INFO] Downloading from default: https://repo.maven.apache.org/maven2/net/bytebuddy/byte-buddy-agent/1.10.22/byte-buddy-agent-1.10.22.pom
[INFO] Downloaded from default: https://repo.maven.apache.org/maven2/net/bytebuddy/byte-buddy-agent/1.10.22/byte-buddy-agent-1.10.22.pom (9.6 kB at 171 kB/s)
[INFO] Downloading from default: https://repo.maven.apache.org/maven2/org/objenesis/objenesis/3.1/objenesis-3.1.pom
[INFO] Downloaded from default: https://repo.maven.apache.org/maven2/org/objenesis/objenesis/3.1/objenesis-3.1.pom (3.5 kB at 57 kB/s)
[INFO] Downloading from default: https://repo.maven.apache.org/maven2/org/objenesis/objenesis-parent/3.1/objenesis-parent-3.1.pom
[INFO] Downloaded from default: https://repo.maven.apache.org/maven2/org/objenesis/objenesis-parent/3.1/objenesis-parent-3.1.pom (18 kB at 280 kB/s)
[INFO] Downloading from default: https://repo.maven.apache.org/maven2/org/mockito/mockito-junit-jupiter/3.6.28/mockito-junit-jupiter-3.6.28.pom
[INFO] Downloaded from default: https://repo.maven.apache.org/maven2/org/mockito/mockito-junit-jupiter/3.6.28/mockito-junit-jupiter-3.6.28.pom (2.7 kB at 44 kB/s)
[INFO] Downloading from default: https://repo.maven.apache.org/maven2/org/skyscreamer/jsonassert/1.5.0/jsonassert-1.5.0.pom
[INFO] Downloaded from default: https://repo.maven.apache.org/maven2/org/skyscreamer/jsonassert/1.5.0/jsonassert-1.5.0.pom (5.2 kB at 91 kB/s)
[INFO] Downloading from default: https://repo.maven.apache.org/maven2/com/vaadin/external/google/android-json/0.0.20131108.vaadin1/android-json-0.0.20131108.vaadin1.pom
[INFO] Downloaded from default: https://repo.maven.apache.org/maven2/com/vaadin/external/google/android-json/0.0.20131108.vaadin1/android-json-0.0.20131108.vaadin1.pom (2.8 kB at 47 kB/s)
[INFO] Downloading from default: https://repo.maven.apache.org/maven2/org/springframework/spring-test/5.3.5/spring-test-5.3.5.pom
[INFO] Downloaded from default: https://repo.maven.apache.org/maven2/org/springframework/spring-test/5.3.5/spring-test-5.3.5.pom (2.0 kB at 39 kB/s)
[INFO] Downloading from default: https://repo.maven.apache.org/maven2/org/xmlunit/xmlunit-core/2.7.0/xmlunit-core-2.7.0.pom
[INFO] Downloaded from default: https://repo.maven.apache.org/maven2/org/xmlunit/xmlunit-core/2.7.0/xmlunit-core-2.7.0.pom (2.7 kB at 50 kB/s)
[INFO] Downloading from default: https://repo.maven.apache.org/maven2/org/xmlunit/xmlunit-parent/2.7.0/xmlunit-parent-2.7.0.pom
[INFO] Downloaded from default: https://repo.maven.apache.org/maven2/org/xmlunit/xmlunit-parent/2.7.0/xmlunit-parent-2.7.0.pom (20 kB at 326 kB/s)
[INFO] Downloading from default: https://repo.maven.apache.org/maven2/org/springframework/boot/spring-boot-starter/2.4.4/spring-boot-starter-2.4.4.jar
[INFO] Downloading from default: https://repo.maven.apache.org/maven2/org/springframework/spring-beans/5.3.5/spring-beans-5.3.5.jar
[INFO] Downloading from default: https://repo.maven.apache.org/maven2/org/springframework/spring-aop/5.3.5/spring-aop-5.3.5.jar
[INFO] Downloading from default: https://repo.maven.apache.org/maven2/org/springframework/spring-context/5.3.5/spring-context-5.3.5.jar
[INFO] Downloading from default: https://repo.maven.apache.org/maven2/org/springframework/boot/spring-boot/2.4.4/spring-boot-2.4.4.jar
[INFO] Downloaded from default: https://repo.maven.apache.org/maven2/org/springframework/boot/spring-boot-starter/2.4.4/spring-boot-starter-2.4.4.jar (4.8 kB at 87 kB/s)
[INFO] Downloading from default: https://repo.maven.apache.org/maven2/org/springframework/spring-expression/5.3.5/spring-expression-5.3.5.jar
[INFO] Downloaded from default: https://repo.maven.apache.org/maven2/org/springframework/spring-expression/5.3.5/spring-expression-5.3.5.jar (283 kB at 778 kB/s)
[INFO] Downloading from default: https://repo.maven.apache.org/maven2/org/springframework/boot/spring-boot-autoconfigure/2.4.4/spring-boot-autoconfigure-2.4.4.jar
[INFO] Downloaded from default: https://repo.maven.apache.org/maven2/org/springframework/spring-aop/5.3.5/spring-aop-5.3.5.jar (375 kB at 575 kB/s)
[INFO] Downloading from default: https://repo.maven.apache.org/maven2/org/springframework/boot/spring-boot-starter-logging/2.4.4/spring-boot-starter-logging-2.4.4.jar
[INFO] Downloaded from default: https://repo.maven.apache.org/maven2/org/springframework/spring-beans/5.3.5/spring-beans-5.3.5.jar (696 kB at 904 kB/s)
[INFO] Downloading from default: https://repo.maven.apache.org/maven2/ch/qos/logback/logback-classic/1.2.3/logback-classic-1.2.3.jar
[INFO] Downloaded from default: https://repo.maven.apache.org/maven2/org/springframework/boot/spring-boot-starter-logging/2.4.4/spring-boot-starter-logging-2.4.4.jar (4.8 kB at 6.1 kB/s)
[INFO] Downloading from default: https://repo.maven.apache.org/maven2/ch/qos/logback/logback-core/1.2.3/logback-core-1.2.3.jar
[INFO] Downloaded from default: https://repo.maven.apache.org/maven2/ch/qos/logback/logback-classic/1.2.3/logback-classic-1.2.3.jar (290 kB at 268 kB/s)
[INFO] Downloading from default: https://repo.maven.apache.org/maven2/org/apache/logging/log4j/log4j-to-slf4j/2.13.3/log4j-to-slf4j-2.13.3.jar
[INFO] Downloaded from default: https://repo.maven.apache.org/maven2/org/springframework/boot/spring-boot-autoconfigure/2.4.4/spring-boot-autoconfigure-2.4.4.jar (1.5 MB at 1.3 MB/s)
[INFO] Downloaded from default: https://repo.maven.apache.org/maven2/org/springframework/boot/spring-boot/2.4.4/spring-boot-2.4.4.jar (1.3 MB at 1.1 MB/s)
[INFO] Downloading from default: https://repo.maven.apache.org/maven2/org/apache/logging/log4j/log4j-api/2.13.3/log4j-api-2.13.3.jar
[INFO] Downloaded from default: https://repo.maven.apache.org/maven2/org/springframework/spring-context/5.3.5/spring-context-5.3.5.jar (1.2 MB at 1.1 MB/s)
[INFO] Downloading from default: https://repo.maven.apache.org/maven2/org/slf4j/jul-to-slf4j/1.7.30/jul-to-slf4j-1.7.30.jar
[INFO] Downloading from default: https://repo.maven.apache.org/maven2/jakarta/annotation/jakarta.annotation-api/1.3.5/jakarta.annotation-api-1.3.5.jar
[INFO] Downloaded from default: https://repo.maven.apache.org/maven2/org/apache/logging/log4j/log4j-to-slf4j/2.13.3/log4j-to-slf4j-2.13.3.jar (17 kB at 15 kB/s)
[INFO] Downloading from default: https://repo.maven.apache.org/maven2/org/springframework/spring-core/5.3.5/spring-core-5.3.5.jar
[INFO] Downloaded from default: https://repo.maven.apache.org/maven2/ch/qos/logback/logback-core/1.2.3/logback-core-1.2.3.jar (472 kB at 381 kB/s)
[INFO] Downloading from default: https://repo.maven.apache.org/maven2/org/springframework/spring-jcl/5.3.5/spring-jcl-5.3.5.jar
[INFO] Downloaded from default: https://repo.maven.apache.org/maven2/jakarta/annotation/jakarta.annotation-api/1.3.5/jakarta.annotation-api-1.3.5.jar (25 kB at 20 kB/s)
[INFO] Downloading from default: https://repo.maven.apache.org/maven2/org/yaml/snakeyaml/1.27/snakeyaml-1.27.jar
[INFO] Downloaded from default: https://repo.maven.apache.org/maven2/org/slf4j/jul-to-slf4j/1.7.30/jul-to-slf4j-1.7.30.jar (4.6 kB at 3.6 kB/s)
[INFO] Downloading from default: https://repo.maven.apache.org/maven2/org/springframework/boot/spring-boot-starter-test/2.4.4/spring-boot-starter-test-2.4.4.jar
[INFO] Downloaded from default: https://repo.maven.apache.org/maven2/org/springframework/spring-jcl/5.3.5/spring-jcl-5.3.5.jar (24 kB at 18 kB/s)
[INFO] Downloading from default: https://repo.maven.apache.org/maven2/org/springframework/boot/spring-boot-test/2.4.4/spring-boot-test-2.4.4.jar
[INFO] Downloaded from default: https://repo.maven.apache.org/maven2/org/springframework/boot/spring-boot-starter-test/2.4.4/spring-boot-starter-test-2.4.4.jar (4.8 kB at 3.5 kB/s)
[INFO] Downloading from default: https://repo.maven.apache.org/maven2/org/springframework/boot/spring-boot-test-autoconfigure/2.4.4/spring-boot-test-autoconfigure-2.4.4.jar
[INFO] Downloaded from default: https://repo.maven.apache.org/maven2/org/apache/logging/log4j/log4j-api/2.13.3/log4j-api-2.13.3.jar (292 kB at 209 kB/s)
[INFO] Downloading from default: https://repo.maven.apache.org/maven2/com/jayway/jsonpath/json-path/2.4.0/json-path-2.4.0.jar
[INFO] Downloaded from default: https://repo.maven.apache.org/maven2/org/yaml/snakeyaml/1.27/snakeyaml-1.27.jar (310 kB at 212 kB/s)
[INFO] Downloading from default: https://repo.maven.apache.org/maven2/net/minidev/json-smart/2.3/json-smart-2.3.jar
[INFO] Downloaded from default: https://repo.maven.apache.org/maven2/org/springframework/boot/spring-boot-test/2.4.4/spring-boot-test-2.4.4.jar (219 kB at 143 kB/s)
[INFO] Downloading from default: https://repo.maven.apache.org/maven2/net/minidev/accessors-smart/1.2/accessors-smart-1.2.jar
[INFO] Downloaded from default: https://repo.maven.apache.org/maven2/org/springframework/boot/spring-boot-test-autoconfigure/2.4.4/spring-boot-test-autoconfigure-2.4.4.jar (182 kB at 116 kB/s)
[INFO] Downloading from default: https://repo.maven.apache.org/maven2/org/ow2/asm/asm/5.0.4/asm-5.0.4.jar
[INFO] Downloaded from default: https://repo.maven.apache.org/maven2/com/jayway/jsonpath/json-path/2.4.0/json-path-2.4.0.jar (223 kB at 140 kB/s)
[INFO] Downloading from default: https://repo.maven.apache.org/maven2/org/slf4j/slf4j-api/1.7.30/slf4j-api-1.7.30.jar
[INFO] Downloaded from default: https://repo.maven.apache.org/maven2/net/minidev/json-smart/2.3/json-smart-2.3.jar (120 kB at 75 kB/s)
[INFO] Downloading from default: https://repo.maven.apache.org/maven2/jakarta/xml/bind/jakarta.xml.bind-api/2.3.3/jakarta.xml.bind-api-2.3.3.jar
[INFO] Downloaded from default: https://repo.maven.apache.org/maven2/net/minidev/accessors-smart/1.2/accessors-smart-1.2.jar (30 kB at 19 kB/s)
[INFO] Downloading from default: https://repo.maven.apache.org/maven2/jakarta/activation/jakarta.activation-api/1.2.2/jakarta.activation-api-1.2.2.jar
[INFO] Downloaded from default: https://repo.maven.apache.org/maven2/org/ow2/asm/asm/5.0.4/asm-5.0.4.jar (53 kB at 32 kB/s)
[INFO] Downloading from default: https://repo.maven.apache.org/maven2/org/assertj/assertj-core/3.18.1/assertj-core-3.18.1.jar
[INFO] Downloaded from default: https://repo.maven.apache.org/maven2/org/slf4j/slf4j-api/1.7.30/slf4j-api-1.7.30.jar (41 kB at 25 kB/s)
[INFO] Downloading from default: https://repo.maven.apache.org/maven2/org/hamcrest/hamcrest/2.2/hamcrest-2.2.jar
[INFO] Downloaded from default: https://repo.maven.apache.org/maven2/jakarta/activation/jakarta.activation-api/1.2.2/jakarta.activation-api-1.2.2.jar (47 kB at 28 kB/s)
[INFO] Downloading from default: https://repo.maven.apache.org/maven2/org/junit/jupiter/junit-jupiter/5.7.1/junit-jupiter-5.7.1.jar
[INFO] Downloaded from default: https://repo.maven.apache.org/maven2/jakarta/xml/bind/jakarta.xml.bind-api/2.3.3/jakarta.xml.bind-api-2.3.3.jar (116 kB at 67 kB/s)
[INFO] Downloading from default: https://repo.maven.apache.org/maven2/org/junit/jupiter/junit-jupiter-api/5.7.1/junit-jupiter-api-5.7.1.jar
[INFO] Downloaded from default: https://repo.maven.apache.org/maven2/org/springframework/spring-core/5.3.5/spring-core-5.3.5.jar (1.5 MB at 848 kB/s)
[INFO] Downloading from default: https://repo.maven.apache.org/maven2/org/apiguardian/apiguardian-api/1.1.0/apiguardian-api-1.1.0.jar
[INFO] Downloaded from default: https://repo.maven.apache.org/maven2/org/junit/jupiter/junit-jupiter/5.7.1/junit-jupiter-5.7.1.jar (6.4 kB at 3.6 kB/s)
[INFO] Downloading from default: https://repo.maven.apache.org/maven2/org/opentest4j/opentest4j/1.2.0/opentest4j-1.2.0.jar
[INFO] Downloaded from default: https://repo.maven.apache.org/maven2/org/hamcrest/hamcrest/2.2/hamcrest-2.2.jar (123 kB at 68 kB/s)
[INFO] Downloading from default: https://repo.maven.apache.org/maven2/org/junit/platform/junit-platform-commons/1.7.1/junit-platform-commons-1.7.1.jar
[INFO] Downloaded from default: https://repo.maven.apache.org/maven2/org/apiguardian/apiguardian-api/1.1.0/apiguardian-api-1.1.0.jar (2.4 kB at 1.3 kB/s)
[INFO] Downloading from default: https://repo.maven.apache.org/maven2/org/junit/jupiter/junit-jupiter-params/5.7.1/junit-jupiter-params-5.7.1.jar
[INFO] Downloaded from default: https://repo.maven.apache.org/maven2/org/opentest4j/opentest4j/1.2.0/opentest4j-1.2.0.jar (7.7 kB at 4.1 kB/s)
[INFO] Downloaded from default: https://repo.maven.apache.org/maven2/org/junit/jupiter/junit-jupiter-api/5.7.1/junit-jupiter-api-5.7.1.jar (176 kB at 95 kB/s)
[INFO] Downloading from default: https://repo.maven.apache.org/maven2/org/junit/jupiter/junit-jupiter-engine/5.7.1/junit-jupiter-engine-5.7.1.jar
[INFO] Downloading from default: https://repo.maven.apache.org/maven2/org/junit/platform/junit-platform-engine/1.7.1/junit-platform-engine-1.7.1.jar
[INFO] Downloaded from default: https://repo.maven.apache.org/maven2/org/junit/platform/junit-platform-commons/1.7.1/junit-platform-commons-1.7.1.jar (100 kB at 50 kB/s)
[INFO] Downloading from default: https://repo.maven.apache.org/maven2/org/mockito/mockito-core/3.6.28/mockito-core-3.6.28.jar
[INFO] Downloaded from default: https://repo.maven.apache.org/maven2/org/junit/platform/junit-platform-engine/1.7.1/junit-platform-engine-1.7.1.jar (181 kB at 86 kB/s)
[INFO] Downloading from default: https://repo.maven.apache.org/maven2/net/bytebuddy/byte-buddy/1.10.22/byte-buddy-1.10.22.jar
[INFO] Downloaded from default: https://repo.maven.apache.org/maven2/org/junit/jupiter/junit-jupiter-engine/5.7.1/junit-jupiter-engine-5.7.1.jar (213 kB at 97 kB/s)
[INFO] Downloading from default: https://repo.maven.apache.org/maven2/net/bytebuddy/byte-buddy-agent/1.10.22/byte-buddy-agent-1.10.22.jar
[INFO] Downloaded from default: https://repo.maven.apache.org/maven2/org/junit/jupiter/junit-jupiter-params/5.7.1/junit-jupiter-params-5.7.1.jar (567 kB at 257 kB/s)
[INFO] Downloading from default: https://repo.maven.apache.org/maven2/org/objenesis/objenesis/3.1/objenesis-3.1.jar
[INFO] Downloaded from default: https://repo.maven.apache.org/maven2/net/bytebuddy/byte-buddy-agent/1.10.22/byte-buddy-agent-1.10.22.jar (251 kB at 105 kB/s)
[INFO] Downloading from default: https://repo.maven.apache.org/maven2/org/mockito/mockito-junit-jupiter/3.6.28/mockito-junit-jupiter-3.6.28.jar
[INFO] Downloaded from default: https://repo.maven.apache.org/maven2/org/mockito/mockito-core/3.6.28/mockito-core-3.6.28.jar (675 kB at 279 kB/s)
[INFO] Downloading from default: https://repo.maven.apache.org/maven2/org/skyscreamer/jsonassert/1.5.0/jsonassert-1.5.0.jar
[INFO] Downloaded from default: https://repo.maven.apache.org/maven2/org/objenesis/objenesis/3.1/objenesis-3.1.jar (60 kB at 25 kB/s)
[INFO] Downloading from default: https://repo.maven.apache.org/maven2/com/vaadin/external/google/android-json/0.0.20131108.vaadin1/android-json-0.0.20131108.vaadin1.jar
[INFO] Downloaded from default: https://repo.maven.apache.org/maven2/org/mockito/mockito-junit-jupiter/3.6.28/mockito-junit-jupiter-3.6.28.jar (4.9 kB at 1.9 kB/s)
[INFO] Downloading from default: https://repo.maven.apache.org/maven2/org/springframework/spring-test/5.3.5/spring-test-5.3.5.jar
[INFO] Downloaded from default: https://repo.maven.apache.org/maven2/com/vaadin/external/google/android-json/0.0.20131108.vaadin1/android-json-0.0.20131108.vaadin1.jar (18 kB at 7.1 kB/s)
[INFO] Downloading from default: https://repo.maven.apache.org/maven2/org/xmlunit/xmlunit-core/2.7.0/xmlunit-core-2.7.0.jar
[INFO] Downloaded from default: https://repo.maven.apache.org/maven2/org/skyscreamer/jsonassert/1.5.0/jsonassert-1.5.0.jar (30 kB at 12 kB/s)
[INFO] Downloaded from default: https://repo.maven.apache.org/maven2/org/xmlunit/xmlunit-core/2.7.0/xmlunit-core-2.7.0.jar (168 kB at 59 kB/s)
[INFO] Downloaded from default: https://repo.maven.apache.org/maven2/org/assertj/assertj-core/3.18.1/assertj-core-3.18.1.jar (4.8 MB at 1.5 MB/s)
[INFO] Downloaded from default: https://repo.maven.apache.org/maven2/org/springframework/spring-test/5.3.5/spring-test-5.3.5.jar (766 kB at 235 kB/s)
[INFO] Downloaded from default: https://repo.maven.apache.org/maven2/net/bytebuddy/byte-buddy/1.10.22/byte-buddy-1.10.22.jar (3.5 MB at 1.0 MB/s)
[INFO] 
[INFO] --- maven-clean-plugin:3.1.0:clean (default-clean) @ demo ---
[INFO] Downloading from localsmartbear: https://rapi.tools.ops.smartbear.io/nexus/content/groups/public/org/apache/maven/maven-plugin-api/3.0/maven-plugin-api-3.0.pom
[INFO] Downloaded from localsmartbear: https://rapi.tools.ops.smartbear.io/nexus/content/groups/public/org/apache/maven/maven-plugin-api/3.0/maven-plugin-api-3.0.pom (2.3 kB at 26 kB/s)
[INFO] Downloading from localsmartbear: https://rapi.tools.ops.smartbear.io/nexus/content/groups/public/org/apache/maven/maven/3.0/maven-3.0.pom
[INFO] Downloaded from localsmartbear: https://rapi.tools.ops.smartbear.io/nexus/content/groups/public/org/apache/maven/maven/3.0/maven-3.0.pom (22 kB at 347 kB/s)
[INFO] Downloading from localsmartbear: https://rapi.tools.ops.smartbear.io/nexus/content/groups/public/org/apache/maven/maven-parent/15/maven-parent-15.pom
[INFO] Downloaded from localsmartbear: https://rapi.tools.ops.smartbear.io/nexus/content/groups/public/org/apache/maven/maven-parent/15/maven-parent-15.pom (24 kB at 400 kB/s)
[INFO] Downloading from localsmartbear: https://rapi.tools.ops.smartbear.io/nexus/content/groups/public/org/apache/apache/6/apache-6.pom
[INFO] Downloaded from localsmartbear: https://rapi.tools.ops.smartbear.io/nexus/content/groups/public/org/apache/apache/6/apache-6.pom (13 kB at 237 kB/s)
[INFO] Downloading from localsmartbear: https://rapi.tools.ops.smartbear.io/nexus/content/groups/public/org/apache/maven/maven-model/3.0/maven-model-3.0.pom
[INFO] Downloaded from localsmartbear: https://rapi.tools.ops.smartbear.io/nexus/content/groups/public/org/apache/maven/maven-model/3.0/maven-model-3.0.pom (3.9 kB at 70 kB/s)
[INFO] Downloading from localsmartbear: https://rapi.tools.ops.smartbear.io/nexus/content/groups/public/org/codehaus/plexus/plexus-utils/2.0.4/plexus-utils-2.0.4.pom
[INFO] Downloaded from localsmartbear: https://rapi.tools.ops.smartbear.io/nexus/content/groups/public/org/codehaus/plexus/plexus-utils/2.0.4/plexus-utils-2.0.4.pom (3.3 kB at 56 kB/s)
[INFO] Downloading from localsmartbear: https://rapi.tools.ops.smartbear.io/nexus/content/groups/public/org/codehaus/plexus/plexus/2.0.6/plexus-2.0.6.pom
[INFO] Downloaded from localsmartbear: https://rapi.tools.ops.smartbear.io/nexus/content/groups/public/org/codehaus/plexus/plexus/2.0.6/plexus-2.0.6.pom (17 kB at 266 kB/s)
[INFO] Downloading from localsmartbear: https://rapi.tools.ops.smartbear.io/nexus/content/groups/public/org/apache/maven/maven-artifact/3.0/maven-artifact-3.0.pom
[INFO] Downloaded from localsmartbear: https://rapi.tools.ops.smartbear.io/nexus/content/groups/public/org/apache/maven/maven-artifact/3.0/maven-artifact-3.0.pom (1.9 kB at 34 kB/s)
[INFO] Downloading from localsmartbear: https://rapi.tools.ops.smartbear.io/nexus/content/groups/public/org/sonatype/sisu/sisu-inject-plexus/1.4.2/sisu-inject-plexus-1.4.2.pom
[INFO] Downloaded from localsmartbear: https://rapi.tools.ops.smartbear.io/nexus/content/groups/public/org/sonatype/sisu/sisu-inject-plexus/1.4.2/sisu-inject-plexus-1.4.2.pom (5.4 kB at 85 kB/s)
[INFO] Downloading from localsmartbear: https://rapi.tools.ops.smartbear.io/nexus/content/groups/public/org/sonatype/sisu/inject/guice-plexus/1.4.2/guice-plexus-1.4.2.pom
[INFO] Downloaded from localsmartbear: https://rapi.tools.ops.smartbear.io/nexus/content/groups/public/org/sonatype/sisu/inject/guice-plexus/1.4.2/guice-plexus-1.4.2.pom (3.1 kB at 50 kB/s)
[INFO] Downloading from localsmartbear: https://rapi.tools.ops.smartbear.io/nexus/content/groups/public/org/sonatype/sisu/inject/guice-bean/1.4.2/guice-bean-1.4.2.pom
[INFO] Downloaded from localsmartbear: https://rapi.tools.ops.smartbear.io/nexus/content/groups/public/org/sonatype/sisu/inject/guice-bean/1.4.2/guice-bean-1.4.2.pom (2.6 kB at 38 kB/s)
[INFO] Downloading from localsmartbear: https://rapi.tools.ops.smartbear.io/nexus/content/groups/public/org/sonatype/sisu/sisu-inject/1.4.2/sisu-inject-1.4.2.pom
[INFO] Downloaded from localsmartbear: https://rapi.tools.ops.smartbear.io/nexus/content/groups/public/org/sonatype/sisu/sisu-inject/1.4.2/sisu-inject-1.4.2.pom (1.2 kB at 22 kB/s)
[INFO] Downloading from localsmartbear: https://rapi.tools.ops.smartbear.io/nexus/content/groups/public/org/sonatype/sisu/sisu-parent/1.4.2/sisu-parent-1.4.2.pom
[INFO] Downloaded from localsmartbear: https://rapi.tools.ops.smartbear.io/nexus/content/groups/public/org/sonatype/sisu/sisu-parent/1.4.2/sisu-parent-1.4.2.pom (7.8 kB at 139 kB/s)
[INFO] Downloading from localsmartbear: https://rapi.tools.ops.smartbear.io/nexus/content/groups/public/org/sonatype/forge/forge-parent/6/forge-parent-6.pom
[INFO] Downloaded from localsmartbear: https://rapi.tools.ops.smartbear.io/nexus/content/groups/public/org/sonatype/forge/forge-parent/6/forge-parent-6.pom (11 kB at 189 kB/s)
[INFO] Downloading from localsmartbear: https://rapi.tools.ops.smartbear.io/nexus/content/groups/public/org/codehaus/plexus/plexus-component-annotations/1.7.1/plexus-component-annotations-1.7.1.pom
[INFO] Downloaded from localsmartbear: https://rapi.tools.ops.smartbear.io/nexus/content/groups/public/org/codehaus/plexus/plexus-component-annotations/1.7.1/plexus-component-annotations-1.7.1.pom (770 B at 14 kB/s)
[INFO] Downloading from localsmartbear: https://rapi.tools.ops.smartbear.io/nexus/content/groups/public/org/codehaus/plexus/plexus-containers/1.7.1/plexus-containers-1.7.1.pom
[INFO] Downloaded from localsmartbear: https://rapi.tools.ops.smartbear.io/nexus/content/groups/public/org/codehaus/plexus/plexus-containers/1.7.1/plexus-containers-1.7.1.pom (5.0 kB at 91 kB/s)
[INFO] Downloading from localsmartbear: https://rapi.tools.ops.smartbear.io/nexus/content/groups/public/org/codehaus/plexus/plexus/4.0/plexus-4.0.pom
[INFO] Downloaded from localsmartbear: https://rapi.tools.ops.smartbear.io/nexus/content/groups/public/org/codehaus/plexus/plexus/4.0/plexus-4.0.pom (22 kB at 331 kB/s)
[INFO] Downloading from localsmartbear: https://rapi.tools.ops.smartbear.io/nexus/content/groups/public/org/sonatype/forge/forge-parent/10/forge-parent-10.pom
[INFO] Downloaded from localsmartbear: https://rapi.tools.ops.smartbear.io/nexus/content/groups/public/org/sonatype/forge/forge-parent/10/forge-parent-10.pom (14 kB at 251 kB/s)
[INFO] Downloading from localsmartbear: https://rapi.tools.ops.smartbear.io/nexus/content/groups/public/org/codehaus/plexus/plexus-classworlds/2.2.3/plexus-classworlds-2.2.3.pom
[INFO] Downloaded from localsmartbear: https://rapi.tools.ops.smartbear.io/nexus/content/groups/public/org/codehaus/plexus/plexus-classworlds/2.2.3/plexus-classworlds-2.2.3.pom (4.0 kB at 64 kB/s)
[INFO] Downloading from localsmartbear: https://rapi.tools.ops.smartbear.io/nexus/content/groups/public/org/codehaus/plexus/plexus-utils/2.0.5/plexus-utils-2.0.5.pom
[INFO] Downloaded from localsmartbear: https://rapi.tools.ops.smartbear.io/nexus/content/groups/public/org/codehaus/plexus/plexus-utils/2.0.5/plexus-utils-2.0.5.pom (3.3 kB at 57 kB/s)
[INFO] Downloading from localsmartbear: https://rapi.tools.ops.smartbear.io/nexus/content/groups/public/org/sonatype/sisu/sisu-inject-bean/1.4.2/sisu-inject-bean-1.4.2.pom
[INFO] Downloaded from localsmartbear: https://rapi.tools.ops.smartbear.io/nexus/content/groups/public/org/sonatype/sisu/sisu-inject-bean/1.4.2/sisu-inject-bean-1.4.2.pom (5.5 kB at 99 kB/s)
[INFO] Downloading from localsmartbear: https://rapi.tools.ops.smartbear.io/nexus/content/groups/public/org/sonatype/sisu/sisu-guice/2.1.7/sisu-guice-2.1.7.pom
[INFO] Downloaded from localsmartbear: https://rapi.tools.ops.smartbear.io/nexus/content/groups/public/org/sonatype/sisu/sisu-guice/2.1.7/sisu-guice-2.1.7.pom (11 kB at 205 kB/s)
[INFO] Downloading from localsmartbear: https://rapi.tools.ops.smartbear.io/nexus/content/groups/public/org/apache/maven/shared/maven-shared-utils/3.2.1/maven-shared-utils-3.2.1.pom
[INFO] Downloaded from localsmartbear: https://rapi.tools.ops.smartbear.io/nexus/content/groups/public/org/apache/maven/shared/maven-shared-utils/3.2.1/maven-shared-utils-3.2.1.pom (5.6 kB at 94 kB/s)
[INFO] Downloading from localsmartbear: https://rapi.tools.ops.smartbear.io/nexus/content/groups/public/org/apache/maven/shared/maven-shared-components/30/maven-shared-components-30.pom
[INFO] Downloaded from localsmartbear: https://rapi.tools.ops.smartbear.io/nexus/content/groups/public/org/apache/maven/shared/maven-shared-components/30/maven-shared-components-30.pom (4.6 kB at 79 kB/s)
[INFO] Downloading from localsmartbear: https://rapi.tools.ops.smartbear.io/nexus/content/groups/public/org/apache/maven/maven-parent/30/maven-parent-30.pom
[INFO] Downloaded from localsmartbear: https://rapi.tools.ops.smartbear.io/nexus/content/groups/public/org/apache/maven/maven-parent/30/maven-parent-30.pom (41 kB at 646 kB/s)
[INFO] Downloading from localsmartbear: https://rapi.tools.ops.smartbear.io/nexus/content/groups/public/commons-io/commons-io/2.5/commons-io-2.5.pom
[INFO] Downloaded from localsmartbear: https://rapi.tools.ops.smartbear.io/nexus/content/groups/public/commons-io/commons-io/2.5/commons-io-2.5.pom (13 kB at 132 kB/s)
[INFO] Downloading from localsmartbear: https://rapi.tools.ops.smartbear.io/nexus/content/groups/public/org/apache/commons/commons-parent/39/commons-parent-39.pom
[INFO] Downloaded from localsmartbear: https://rapi.tools.ops.smartbear.io/nexus/content/groups/public/org/apache/commons/commons-parent/39/commons-parent-39.pom (62 kB at 911 kB/s)
[INFO] Downloading from localsmartbear: https://rapi.tools.ops.smartbear.io/nexus/content/groups/public/org/apache/apache/16/apache-16.pom
[INFO] Downloaded from localsmartbear: https://rapi.tools.ops.smartbear.io/nexus/content/groups/public/org/apache/apache/16/apache-16.pom (15 kB at 244 kB/s)
[INFO] Downloading from localsmartbear: https://rapi.tools.ops.smartbear.io/nexus/content/groups/public/org/apache/maven/maven-plugin-api/3.0/maven-plugin-api-3.0.jar
[INFO] Downloading from localsmartbear: https://rapi.tools.ops.smartbear.io/nexus/content/groups/public/org/sonatype/sisu/sisu-inject-plexus/1.4.2/sisu-inject-plexus-1.4.2.jar
[INFO] Downloading from localsmartbear: https://rapi.tools.ops.smartbear.io/nexus/content/groups/public/org/apache/maven/maven-artifact/3.0/maven-artifact-3.0.jar
[INFO] Downloading from localsmartbear: https://rapi.tools.ops.smartbear.io/nexus/content/groups/public/org/codehaus/plexus/plexus-utils/2.0.4/plexus-utils-2.0.4.jar
[INFO] Downloading from localsmartbear: https://rapi.tools.ops.smartbear.io/nexus/content/groups/public/org/apache/maven/maven-model/3.0/maven-model-3.0.jar
[INFO] Downloaded from localsmartbear: https://rapi.tools.ops.smartbear.io/nexus/content/groups/public/org/apache/maven/maven-plugin-api/3.0/maven-plugin-api-3.0.jar (49 kB at 582 kB/s)
[INFO] Downloading from localsmartbear: https://rapi.tools.ops.smartbear.io/nexus/content/groups/public/org/codehaus/plexus/plexus-component-annotations/1.7.1/plexus-component-annotations-1.7.1.jar
[INFO] Downloaded from localsmartbear: https://rapi.tools.ops.smartbear.io/nexus/content/groups/public/org/codehaus/plexus/plexus-component-annotations/1.7.1/plexus-component-annotations-1.7.1.jar (4.3 kB at 28 kB/s)
[INFO] Downloading from localsmartbear: https://rapi.tools.ops.smartbear.io/nexus/content/groups/public/org/codehaus/plexus/plexus-classworlds/2.2.3/plexus-classworlds-2.2.3.jar
[INFO] Downloaded from localsmartbear: https://rapi.tools.ops.smartbear.io/nexus/content/groups/public/org/apache/maven/maven-artifact/3.0/maven-artifact-3.0.jar (52 kB at 211 kB/s)
[INFO] Downloading from localsmartbear: https://rapi.tools.ops.smartbear.io/nexus/content/groups/public/org/sonatype/sisu/sisu-inject-bean/1.4.2/sisu-inject-bean-1.4.2.jar
[INFO] Downloaded from localsmartbear: https://rapi.tools.ops.smartbear.io/nexus/content/groups/public/org/codehaus/plexus/plexus-classworlds/2.2.3/plexus-classworlds-2.2.3.jar (46 kB at 185 kB/s)
[INFO] Downloading from localsmartbear: https://rapi.tools.ops.smartbear.io/nexus/content/groups/public/org/sonatype/sisu/sisu-guice/2.1.7/sisu-guice-2.1.7-noaop.jar
[INFO] Downloaded from localsmartbear: https://rapi.tools.ops.smartbear.io/nexus/content/groups/public/org/apache/maven/maven-model/3.0/maven-model-3.0.jar (165 kB at 528 kB/s)
[INFO] Downloaded from localsmartbear: https://rapi.tools.ops.smartbear.io/nexus/content/groups/public/org/sonatype/sisu/sisu-inject-plexus/1.4.2/sisu-inject-plexus-1.4.2.jar (202 kB at 647 kB/s)
[INFO] Downloading from localsmartbear: https://rapi.tools.ops.smartbear.io/nexus/content/groups/public/org/apache/maven/shared/maven-shared-utils/3.2.1/maven-shared-utils-3.2.1.jar
[INFO] Downloading from localsmartbear: https://rapi.tools.ops.smartbear.io/nexus/content/groups/public/commons-io/commons-io/2.5/commons-io-2.5.jar
[INFO] Downloaded from localsmartbear: https://rapi.tools.ops.smartbear.io/nexus/content/groups/public/org/codehaus/plexus/plexus-utils/2.0.4/plexus-utils-2.0.4.jar (222 kB at 696 kB/s)
[INFO] Downloaded from localsmartbear: https://rapi.tools.ops.smartbear.io/nexus/content/groups/public/org/sonatype/sisu/sisu-inject-bean/1.4.2/sisu-inject-bean-1.4.2.jar (153 kB at 375 kB/s)
[INFO] Downloaded from localsmartbear: https://rapi.tools.ops.smartbear.io/nexus/content/groups/public/org/apache/maven/shared/maven-shared-utils/3.2.1/maven-shared-utils-3.2.1.jar (167 kB at 357 kB/s)
[INFO] Downloaded from localsmartbear: https://rapi.tools.ops.smartbear.io/nexus/content/groups/public/commons-io/commons-io/2.5/commons-io-2.5.jar (209 kB at 438 kB/s)
[INFO] Downloaded from localsmartbear: https://rapi.tools.ops.smartbear.io/nexus/content/groups/public/org/sonatype/sisu/sisu-guice/2.1.7/sisu-guice-2.1.7-noaop.jar (472 kB at 921 kB/s)
[INFO] Deleting c:\WS\repos\java\demo\target
[INFO] 
[INFO] --- maven-resources-plugin:3.2.0:resources (default-resources) @ demo ---
[INFO] Downloading from localsmartbear: https://rapi.tools.ops.smartbear.io/nexus/content/groups/public/org/apache/maven/maven-plugin-api/3.1.0/maven-plugin-api-3.1.0.pom
[INFO] Downloaded from localsmartbear: https://rapi.tools.ops.smartbear.io/nexus/content/groups/public/org/apache/maven/maven-plugin-api/3.1.0/maven-plugin-api-3.1.0.pom (3.0 kB at 57 kB/s)
[INFO] Downloading from localsmartbear: https://rapi.tools.ops.smartbear.io/nexus/content/groups/public/org/apache/maven/maven/3.1.0/maven-3.1.0.pom
[INFO] Downloaded from localsmartbear: https://rapi.tools.ops.smartbear.io/nexus/content/groups/public/org/apache/maven/maven/3.1.0/maven-3.1.0.pom (22 kB at 212 kB/s)
[INFO] Downloading from localsmartbear: https://rapi.tools.ops.smartbear.io/nexus/content/groups/public/org/apache/maven/maven-parent/23/maven-parent-23.pom
[INFO] Downloaded from localsmartbear: https://rapi.tools.ops.smartbear.io/nexus/content/groups/public/org/apache/maven/maven-parent/23/maven-parent-23.pom (33 kB at 562 kB/s)
[INFO] Downloading from localsmartbear: https://rapi.tools.ops.smartbear.io/nexus/content/groups/public/org/apache/apache/13/apache-13.pom
[INFO] Downloaded from localsmartbear: https://rapi.tools.ops.smartbear.io/nexus/content/groups/public/org/apache/apache/13/apache-13.pom (14 kB at 250 kB/s)
[INFO] Downloading from localsmartbear: https://rapi.tools.ops.smartbear.io/nexus/content/groups/public/org/apache/maven/maven-model/3.1.0/maven-model-3.1.0.pom
[INFO] Downloaded from localsmartbear: https://rapi.tools.ops.smartbear.io/nexus/content/groups/public/org/apache/maven/maven-model/3.1.0/maven-model-3.1.0.pom (3.8 kB at 26 kB/s)
[INFO] Downloading from localsmartbear: https://rapi.tools.ops.smartbear.io/nexus/content/groups/public/org/codehaus/plexus/plexus-utils/3.0.10/plexus-utils-3.0.10.pom
[INFO] Downloaded from localsmartbear: https://rapi.tools.ops.smartbear.io/nexus/content/groups/public/org/codehaus/plexus/plexus-utils/3.0.10/plexus-utils-3.0.10.pom (3.1 kB at 56 kB/s)
[INFO] Downloading from localsmartbear: https://rapi.tools.ops.smartbear.io/nexus/content/groups/public/org/codehaus/plexus/plexus/3.3/plexus-3.3.pom
[INFO] Downloaded from localsmartbear: https://rapi.tools.ops.smartbear.io/nexus/content/groups/public/org/codehaus/plexus/plexus/3.3/plexus-3.3.pom (20 kB at 321 kB/s)
[INFO] Downloading from localsmartbear: https://rapi.tools.ops.smartbear.io/nexus/content/groups/public/org/sonatype/spice/spice-parent/17/spice-parent-17.pom
[INFO] Downloaded from localsmartbear: https://rapi.tools.ops.smartbear.io/nexus/content/groups/public/org/sonatype/spice/spice-parent/17/spice-parent-17.pom (6.8 kB at 125 kB/s)
[INFO] Downloading from localsmartbear: https://rapi.tools.ops.smartbear.io/nexus/content/groups/public/org/apache/maven/maven-artifact/3.1.0/maven-artifact-3.1.0.pom
[INFO] Downloaded from localsmartbear: https://rapi.tools.ops.smartbear.io/nexus/content/groups/public/org/apache/maven/maven-artifact/3.1.0/maven-artifact-3.1.0.pom (1.6 kB at 16 kB/s)
[INFO] Downloading from localsmartbear: https://rapi.tools.ops.smartbear.io/nexus/content/groups/public/org/eclipse/sisu/org.eclipse.sisu.plexus/0.0.0.M2a/org.eclipse.sisu.plexus-0.0.0.M2a.pom
[INFO] Downloaded from localsmartbear: https://rapi.tools.ops.smartbear.io/nexus/content/groups/public/org/eclipse/sisu/org.eclipse.sisu.plexus/0.0.0.M2a/org.eclipse.sisu.plexus-0.0.0.M2a.pom (5.9 kB at 58 kB/s)
[INFO] Downloading from localsmartbear: https://rapi.tools.ops.smartbear.io/nexus/content/groups/public/org/eclipse/sisu/sisu-plexus/0.0.0.M2a/sisu-plexus-0.0.0.M2a.pom
[INFO] Downloaded from localsmartbear: https://rapi.tools.ops.smartbear.io/nexus/content/groups/public/org/eclipse/sisu/sisu-plexus/0.0.0.M2a/sisu-plexus-0.0.0.M2a.pom (7.9 kB at 52 kB/s)
[INFO] Downloading from localsmartbear: https://rapi.tools.ops.smartbear.io/nexus/content/groups/public/javax/enterprise/cdi-api/1.0/cdi-api-1.0.pom
[INFO] Downloaded from localsmartbear: https://rapi.tools.ops.smartbear.io/nexus/content/groups/public/javax/enterprise/cdi-api/1.0/cdi-api-1.0.pom (1.4 kB at 24 kB/s)
[INFO] Downloading from localsmartbear: https://rapi.tools.ops.smartbear.io/nexus/content/groups/public/org/jboss/weld/weld-api-parent/1.0/weld-api-parent-1.0.pom
[INFO] Downloaded from localsmartbear: https://rapi.tools.ops.smartbear.io/nexus/content/groups/public/org/jboss/weld/weld-api-parent/1.0/weld-api-parent-1.0.pom (2.4 kB at 39 kB/s)
[INFO] Downloading from localsmartbear: https://rapi.tools.ops.smartbear.io/nexus/content/groups/public/org/jboss/weld/weld-api-bom/1.0/weld-api-bom-1.0.pom
[INFO] Downloaded from localsmartbear: https://rapi.tools.ops.smartbear.io/nexus/content/groups/public/org/jboss/weld/weld-api-bom/1.0/weld-api-bom-1.0.pom (7.9 kB at 144 kB/s)
[INFO] Downloading from localsmartbear: https://rapi.tools.ops.smartbear.io/nexus/content/groups/public/org/jboss/weld/weld-parent/6/weld-parent-6.pom
[INFO] Downloaded from localsmartbear: https://rapi.tools.ops.smartbear.io/nexus/content/groups/public/org/jboss/weld/weld-parent/6/weld-parent-6.pom (21 kB at 370 kB/s)
[INFO] Downloading from localsmartbear: https://rapi.tools.ops.smartbear.io/nexus/content/groups/public/javax/annotation/jsr250-api/1.0/jsr250-api-1.0.pom
[INFO] Downloaded from localsmartbear: https://rapi.tools.ops.smartbear.io/nexus/content/groups/public/javax/annotation/jsr250-api/1.0/jsr250-api-1.0.pom (1.0 kB at 19 kB/s)
[INFO] Downloading from localsmartbear: https://rapi.tools.ops.smartbear.io/nexus/content/groups/public/javax/inject/javax.inject/1/javax.inject-1.pom
[INFO] Downloaded from localsmartbear: https://rapi.tools.ops.smartbear.io/nexus/content/groups/public/javax/inject/javax.inject/1/javax.inject-1.pom (612 B at 11 kB/s)
[INFO] Downloading from localsmartbear: https://rapi.tools.ops.smartbear.io/nexus/content/groups/public/com/google/guava/guava/10.0.1/guava-10.0.1.pom
[INFO] Downloaded from localsmartbear: https://rapi.tools.ops.smartbear.io/nexus/content/groups/public/com/google/guava/guava/10.0.1/guava-10.0.1.pom (5.4 kB at 52 kB/s)
[INFO] Downloading from localsmartbear: https://rapi.tools.ops.smartbear.io/nexus/content/groups/public/com/google/guava/guava-parent/10.0.1/guava-parent-10.0.1.pom
[INFO] Downloaded from localsmartbear: https://rapi.tools.ops.smartbear.io/nexus/content/groups/public/com/google/guava/guava-parent/10.0.1/guava-parent-10.0.1.pom (2.0 kB at 13 kB/s)
[INFO] Downloading from localsmartbear: https://rapi.tools.ops.smartbear.io/nexus/content/groups/public/com/google/code/findbugs/jsr305/1.3.9/jsr305-1.3.9.pom
[INFO] Downloaded from localsmartbear: https://rapi.tools.ops.smartbear.io/nexus/content/groups/public/com/google/code/findbugs/jsr305/1.3.9/jsr305-1.3.9.pom (965 B at 17 kB/s)
[INFO] Downloading from localsmartbear: https://rapi.tools.ops.smartbear.io/nexus/content/groups/public/org/sonatype/sisu/sisu-guice/3.1.0/sisu-guice-3.1.0.pom
[INFO] Downloaded from localsmartbear: https://rapi.tools.ops.smartbear.io/nexus/content/groups/public/org/sonatype/sisu/sisu-guice/3.1.0/sisu-guice-3.1.0.pom (10 kB at 96 kB/s)
[INFO] Downloading from localsmartbear: https://rapi.tools.ops.smartbear.io/nexus/content/groups/public/org/sonatype/sisu/inject/guice-parent/3.1.0/guice-parent-3.1.0.pom
[INFO] Downloaded from localsmartbear: https://rapi.tools.ops.smartbear.io/nexus/content/groups/public/org/sonatype/sisu/inject/guice-parent/3.1.0/guice-parent-3.1.0.pom (11 kB at 179 kB/s)
[INFO] Downloading from localsmartbear: https://rapi.tools.ops.smartbear.io/nexus/content/groups/public/aopalliance/aopalliance/1.0/aopalliance-1.0.pom
[INFO] Downloaded from localsmartbear: https://rapi.tools.ops.smartbear.io/nexus/content/groups/public/aopalliance/aopalliance/1.0/aopalliance-1.0.pom (363 B at 6.8 kB/s)
[INFO] Downloading from localsmartbear: https://rapi.tools.ops.smartbear.io/nexus/content/groups/public/org/eclipse/sisu/org.eclipse.sisu.inject/0.0.0.M2a/org.eclipse.sisu.inject-0.0.0.M2a.pom
[INFO] Downloaded from localsmartbear: https://rapi.tools.ops.smartbear.io/nexus/content/groups/public/org/eclipse/sisu/org.eclipse.sisu.inject/0.0.0.M2a/org.eclipse.sisu.inject-0.0.0.M2a.pom (5.0 kB at 79 kB/s)
[INFO] Downloading from localsmartbear: https://rapi.tools.ops.smartbear.io/nexus/content/groups/public/org/eclipse/sisu/sisu-inject/0.0.0.M2a/sisu-inject-0.0.0.M2a.pom
[INFO] Downloaded from localsmartbear: https://rapi.tools.ops.smartbear.io/nexus/content/groups/public/org/eclipse/sisu/sisu-inject/0.0.0.M2a/sisu-inject-0.0.0.M2a.pom (7.8 kB at 142 kB/s)
[INFO] Downloading from localsmartbear: https://rapi.tools.ops.smartbear.io/nexus/content/groups/public/asm/asm/3.3.1/asm-3.3.1.pom
[INFO] Downloaded from localsmartbear: https://rapi.tools.ops.smartbear.io/nexus/content/groups/public/asm/asm/3.3.1/asm-3.3.1.pom (266 B at 4.8 kB/s)
[INFO] Downloading from localsmartbear: https://rapi.tools.ops.smartbear.io/nexus/content/groups/public/asm/asm-parent/3.3.1/asm-parent-3.3.1.pom
[INFO] Downloaded from localsmartbear: https://rapi.tools.ops.smartbear.io/nexus/content/groups/public/asm/asm-parent/3.3.1/asm-parent-3.3.1.pom (4.3 kB at 71 kB/s)
[INFO] Downloading from localsmartbear: https://rapi.tools.ops.smartbear.io/nexus/content/groups/public/org/codehaus/plexus/plexus-component-annotations/2.0.0/plexus-component-annotations-2.0.0.pom
[INFO] Downloaded from localsmartbear: https://rapi.tools.ops.smartbear.io/nexus/content/groups/public/org/codehaus/plexus/plexus-component-annotations/2.0.0/plexus-component-annotations-2.0.0.pom (750 B at 5.2 kB/s)
[INFO] Downloading from localsmartbear: https://rapi.tools.ops.smartbear.io/nexus/content/groups/public/org/codehaus/plexus/plexus-containers/2.0.0/plexus-containers-2.0.0.pom
[INFO] Downloaded from localsmartbear: https://rapi.tools.ops.smartbear.io/nexus/content/groups/public/org/codehaus/plexus/plexus-containers/2.0.0/plexus-containers-2.0.0.pom (4.8 kB at 42 kB/s)
[INFO] Downloading from localsmartbear: https://rapi.tools.ops.smartbear.io/nexus/content/groups/public/org/codehaus/plexus/plexus/5.1/plexus-5.1.pom
[INFO] Downloaded from localsmartbear: https://rapi.tools.ops.smartbear.io/nexus/content/groups/public/org/codehaus/plexus/plexus/5.1/plexus-5.1.pom (23 kB at 363 kB/s)
[INFO] Downloading from localsmartbear: https://rapi.tools.ops.smartbear.io/nexus/content/groups/public/org/codehaus/plexus/plexus-classworlds/2.4/plexus-classworlds-2.4.pom
[INFO] Downloaded from localsmartbear: https://rapi.tools.ops.smartbear.io/nexus/content/groups/public/org/codehaus/plexus/plexus-classworlds/2.4/plexus-classworlds-2.4.pom (3.9 kB at 66 kB/s)
[INFO] Downloading from localsmartbear: https://rapi.tools.ops.smartbear.io/nexus/content/groups/public/org/codehaus/plexus/plexus/2.0.7/plexus-2.0.7.pom
[INFO] Downloaded from localsmartbear: https://rapi.tools.ops.smartbear.io/nexus/content/groups/public/org/codehaus/plexus/plexus/2.0.7/plexus-2.0.7.pom (17 kB at 293 kB/s)
[INFO] Downloading from localsmartbear: https://rapi.tools.ops.smartbear.io/nexus/content/groups/public/org/codehaus/plexus/plexus-utils/2.1/plexus-utils-2.1.pom
[INFO] Downloaded from localsmartbear: https://rapi.tools.ops.smartbear.io/nexus/content/groups/public/org/codehaus/plexus/plexus-utils/2.1/plexus-utils-2.1.pom (4.0 kB at 72 kB/s)
[INFO] Downloading from localsmartbear: https://rapi.tools.ops.smartbear.io/nexus/content/groups/public/org/sonatype/spice/spice-parent/16/spice-parent-16.pom
[INFO] Downloaded from localsmartbear: https://rapi.tools.ops.smartbear.io/nexus/content/groups/public/org/sonatype/spice/spice-parent/16/spice-parent-16.pom (8.4 kB at 135 kB/s)
[INFO] Downloading from localsmartbear: https://rapi.tools.ops.smartbear.io/nexus/content/groups/public/org/sonatype/forge/forge-parent/5/forge-parent-5.pom
[INFO] Downloaded from localsmartbear: https://rapi.tools.ops.smartbear.io/nexus/content/groups/public/org/sonatype/forge/forge-parent/5/forge-parent-5.pom (8.4 kB at 149 kB/s)
[INFO] Downloading from localsmartbear: https://rapi.tools.ops.smartbear.io/nexus/content/groups/public/org/apache/maven/maven-core/3.1.0/maven-core-3.1.0.pom
[INFO] Downloaded from localsmartbear: https://rapi.tools.ops.smartbear.io/nexus/content/groups/public/org/apache/maven/maven-core/3.1.0/maven-core-3.1.0.pom (6.9 kB at 62 kB/s)
[INFO] Downloading from localsmartbear: https://rapi.tools.ops.smartbear.io/nexus/content/groups/public/org/apache/maven/maven-settings/3.1.0/maven-settings-3.1.0.pom
[INFO] Downloaded from localsmartbear: https://rapi.tools.ops.smartbear.io/nexus/content/groups/public/org/apache/maven/maven-settings/3.1.0/maven-settings-3.1.0.pom (1.8 kB at 18 kB/s)
[INFO] Downloading from localsmartbear: https://rapi.tools.ops.smartbear.io/nexus/content/groups/public/org/apache/maven/maven-settings-builder/3.1.0/maven-settings-builder-3.1.0.pom
[INFO] Downloaded from localsmartbear: https://rapi.tools.ops.smartbear.io/nexus/content/groups/public/org/apache/maven/maven-settings-builder/3.1.0/maven-settings-builder-3.1.0.pom (2.3 kB at 22 kB/s)
[INFO] Downloading from localsmartbear: https://rapi.tools.ops.smartbear.io/nexus/content/groups/public/org/codehaus/plexus/plexus-interpolation/1.16/plexus-interpolation-1.16.pom
[INFO] Downloaded from localsmartbear: https://rapi.tools.ops.smartbear.io/nexus/content/groups/public/org/codehaus/plexus/plexus-interpolation/1.16/plexus-interpolation-1.16.pom (1.0 kB at 18 kB/s)
[INFO] Downloading from localsmartbear: https://rapi.tools.ops.smartbear.io/nexus/content/groups/public/org/codehaus/plexus/plexus-components/1.3/plexus-components-1.3.pom
[INFO] Downloaded from localsmartbear: https://rapi.tools.ops.smartbear.io/nexus/content/groups/public/org/codehaus/plexus/plexus-components/1.3/plexus-components-1.3.pom (3.1 kB at 54 kB/s)
[INFO] Downloading from localsmartbear: https://rapi.tools.ops.smartbear.io/nexus/content/groups/public/org/sonatype/plexus/plexus-sec-dispatcher/1.3/plexus-sec-dispatcher-1.3.pom
[INFO] Downloaded from localsmartbear: https://rapi.tools.ops.smartbear.io/nexus/content/groups/public/org/sonatype/plexus/plexus-sec-dispatcher/1.3/plexus-sec-dispatcher-1.3.pom (3.0 kB at 53 kB/s)
[INFO] Downloading from localsmartbear: https://rapi.tools.ops.smartbear.io/nexus/content/groups/public/org/sonatype/spice/spice-parent/12/spice-parent-12.pom
[INFO] Downloaded from localsmartbear: https://rapi.tools.ops.smartbear.io/nexus/content/groups/public/org/sonatype/spice/spice-parent/12/spice-parent-12.pom (6.8 kB at 115 kB/s)
[INFO] Downloading from localsmartbear: https://rapi.tools.ops.smartbear.io/nexus/content/groups/public/org/sonatype/forge/forge-parent/4/forge-parent-4.pom
[INFO] Downloaded from localsmartbear: https://rapi.tools.ops.smartbear.io/nexus/content/groups/public/org/sonatype/forge/forge-parent/4/forge-parent-4.pom (8.4 kB at 138 kB/s)
[INFO] Downloading from localsmartbear: https://rapi.tools.ops.smartbear.io/nexus/content/groups/public/org/codehaus/plexus/plexus-utils/1.5.5/plexus-utils-1.5.5.pom
[INFO] Downloaded from localsmartbear: https://rapi.tools.ops.smartbear.io/nexus/content/groups/public/org/codehaus/plexus/plexus-utils/1.5.5/plexus-utils-1.5.5.pom (5.1 kB at 92 kB/s)
[INFO] Downloading from localsmartbear: https://rapi.tools.ops.smartbear.io/nexus/content/groups/public/org/codehaus/plexus/plexus/1.0.11/plexus-1.0.11.pom
[INFO] Downloaded from localsmartbear: https://rapi.tools.ops.smartbear.io/nexus/content/groups/public/org/codehaus/plexus/plexus/1.0.11/plexus-1.0.11.pom (9.0 kB at 152 kB/s)
[INFO] Downloading from localsmartbear: https://rapi.tools.ops.smartbear.io/nexus/content/groups/public/org/sonatype/plexus/plexus-cipher/1.4/plexus-cipher-1.4.pom
[INFO] Downloaded from localsmartbear: https://rapi.tools.ops.smartbear.io/nexus/content/groups/public/org/sonatype/plexus/plexus-cipher/1.4/plexus-cipher-1.4.pom (2.1 kB at 36 kB/s)
[INFO] Downloading from localsmartbear: https://rapi.tools.ops.smartbear.io/nexus/content/groups/public/org/apache/maven/maven-repository-metadata/3.1.0/maven-repository-metadata-3.1.0.pom
[INFO] Downloaded from localsmartbear: https://rapi.tools.ops.smartbear.io/nexus/content/groups/public/org/apache/maven/maven-repository-metadata/3.1.0/maven-repository-metadata-3.1.0.pom (1.9 kB at 19 kB/s)
[INFO] Downloading from localsmartbear: https://rapi.tools.ops.smartbear.io/nexus/content/groups/public/org/apache/maven/maven-model-builder/3.1.0/maven-model-builder-3.1.0.pom
[INFO] Downloaded from localsmartbear: https://rapi.tools.ops.smartbear.io/nexus/content/groups/public/org/apache/maven/maven-model-builder/3.1.0/maven-model-builder-3.1.0.pom (2.5 kB at 24 kB/s)
[INFO] Downloading from localsmartbear: https://rapi.tools.ops.smartbear.io/nexus/content/groups/public/org/apache/maven/maven-aether-provider/3.1.0/maven-aether-provider-3.1.0.pom
[INFO] Downloaded from localsmartbear: https://rapi.tools.ops.smartbear.io/nexus/content/groups/public/org/apache/maven/maven-aether-provider/3.1.0/maven-aether-provider-3.1.0.pom (3.5 kB at 32 kB/s)
[INFO] Downloading from localsmartbear: https://rapi.tools.ops.smartbear.io/nexus/content/groups/public/org/eclipse/aether/aether-api/0.9.0.M2/aether-api-0.9.0.M2.pom
[INFO] Downloaded from localsmartbear: https://rapi.tools.ops.smartbear.io/nexus/content/groups/public/org/eclipse/aether/aether-api/0.9.0.M2/aether-api-0.9.0.M2.pom (1.7 kB at 12 kB/s)
[INFO] Downloading from localsmartbear: https://rapi.tools.ops.smartbear.io/nexus/content/groups/public/org/eclipse/aether/aether/0.9.0.M2/aether-0.9.0.M2.pom
[INFO] Downloaded from localsmartbear: https://rapi.tools.ops.smartbear.io/nexus/content/groups/public/org/eclipse/aether/aether/0.9.0.M2/aether-0.9.0.M2.pom (28 kB at 442 kB/s)
[INFO] Downloading from localsmartbear: https://rapi.tools.ops.smartbear.io/nexus/content/groups/public/org/eclipse/aether/aether-spi/0.9.0.M2/aether-spi-0.9.0.M2.pom
[INFO] Downloaded from localsmartbear: https://rapi.tools.ops.smartbear.io/nexus/content/groups/public/org/eclipse/aether/aether-spi/0.9.0.M2/aether-spi-0.9.0.M2.pom (1.8 kB at 18 kB/s)
[INFO] Downloading from localsmartbear: https://rapi.tools.ops.smartbear.io/nexus/content/groups/public/org/eclipse/aether/aether-util/0.9.0.M2/aether-util-0.9.0.M2.pom
[INFO] Downloaded from localsmartbear: https://rapi.tools.ops.smartbear.io/nexus/content/groups/public/org/eclipse/aether/aether-util/0.9.0.M2/aether-util-0.9.0.M2.pom (2.0 kB at 36 kB/s)
[INFO] Downloading from localsmartbear: https://rapi.tools.ops.smartbear.io/nexus/content/groups/public/org/eclipse/aether/aether-impl/0.9.0.M2/aether-impl-0.9.0.M2.pom
[INFO] Downloaded from localsmartbear: https://rapi.tools.ops.smartbear.io/nexus/content/groups/public/org/eclipse/aether/aether-impl/0.9.0.M2/aether-impl-0.9.0.M2.pom (3.3 kB at 31 kB/s)
[INFO] Downloading from localsmartbear: https://rapi.tools.ops.smartbear.io/nexus/content/groups/public/org/codehaus/plexus/plexus-classworlds/2.4.2/plexus-classworlds-2.4.2.pom
[INFO] Downloaded from localsmartbear: https://rapi.tools.ops.smartbear.io/nexus/content/groups/public/org/codehaus/plexus/plexus-classworlds/2.4.2/plexus-classworlds-2.4.2.pom (3.5 kB at 23 kB/s)
[INFO] Downloading from localsmartbear: https://rapi.tools.ops.smartbear.io/nexus/content/groups/public/org/codehaus/plexus/plexus/3.0.1/plexus-3.0.1.pom
[INFO] Downloaded from localsmartbear: https://rapi.tools.ops.smartbear.io/nexus/content/groups/public/org/codehaus/plexus/plexus/3.0.1/plexus-3.0.1.pom (19 kB at 321 kB/s)
[INFO] Downloading from localsmartbear: https://rapi.tools.ops.smartbear.io/nexus/content/groups/public/org/codehaus/plexus/plexus-interpolation/1.26/plexus-interpolation-1.26.pom
[INFO] Downloaded from localsmartbear: https://rapi.tools.ops.smartbear.io/nexus/content/groups/public/org/codehaus/plexus/plexus-interpolation/1.26/plexus-interpolation-1.26.pom (2.7 kB at 44 kB/s)
[INFO] Downloading from localsmartbear: https://rapi.tools.ops.smartbear.io/nexus/content/groups/public/org/apache/maven/shared/maven-filtering/3.2.0/maven-filtering-3.2.0.pom
[INFO] Downloaded from localsmartbear: https://rapi.tools.ops.smartbear.io/nexus/content/groups/public/org/apache/maven/shared/maven-filtering/3.2.0/maven-filtering-3.2.0.pom (6.8 kB at 47 kB/s)
[INFO] Downloading from localsmartbear: https://rapi.tools.ops.smartbear.io/nexus/content/groups/public/org/apache/maven/shared/maven-shared-components/34/maven-shared-components-34.pom
[INFO] Downloaded from localsmartbear: https://rapi.tools.ops.smartbear.io/nexus/content/groups/public/org/apache/maven/shared/maven-shared-components/34/maven-shared-components-34.pom (5.1 kB at 49 kB/s)
[INFO] Downloading from localsmartbear: https://rapi.tools.ops.smartbear.io/nexus/content/groups/public/org/apache/maven/shared/maven-shared-utils/3.3.3/maven-shared-utils-3.3.3.pom
[INFO] Downloaded from localsmartbear: https://rapi.tools.ops.smartbear.io/nexus/content/groups/public/org/apache/maven/shared/maven-shared-utils/3.3.3/maven-shared-utils-3.3.3.pom (5.8 kB at 92 kB/s)
[INFO] Downloading from localsmartbear: https://rapi.tools.ops.smartbear.io/nexus/content/groups/public/commons-io/commons-io/2.6/commons-io-2.6.pom
[INFO] Downloaded from localsmartbear: https://rapi.tools.ops.smartbear.io/nexus/content/groups/public/commons-io/commons-io/2.6/commons-io-2.6.pom (14 kB at 226 kB/s)
[INFO] Downloading from localsmartbear: https://rapi.tools.ops.smartbear.io/nexus/content/groups/public/org/apache/commons/commons-parent/42/commons-parent-42.pom
[INFO] Downloaded from localsmartbear: https://rapi.tools.ops.smartbear.io/nexus/content/groups/public/org/apache/commons/commons-parent/42/commons-parent-42.pom (68 kB at 1.0 MB/s)
[INFO] Downloading from localsmartbear: https://rapi.tools.ops.smartbear.io/nexus/content/groups/public/org/codehaus/plexus/plexus-utils/3.3.0/plexus-utils-3.3.0.pom
[INFO] Downloaded from localsmartbear: https://rapi.tools.ops.smartbear.io/nexus/content/groups/public/org/codehaus/plexus/plexus-utils/3.3.0/plexus-utils-3.3.0.pom (5.2 kB at 89 kB/s)
[INFO] Downloading from localsmartbear: https://rapi.tools.ops.smartbear.io/nexus/content/groups/public/org/sonatype/plexus/plexus-build-api/0.0.7/plexus-build-api-0.0.7.pom
[INFO] Downloaded from localsmartbear: https://rapi.tools.ops.smartbear.io/nexus/content/groups/public/org/sonatype/plexus/plexus-build-api/0.0.7/plexus-build-api-0.0.7.pom (3.2 kB at 49 kB/s)
[INFO] Downloading from localsmartbear: https://rapi.tools.ops.smartbear.io/nexus/content/groups/public/org/sonatype/spice/spice-parent/15/spice-parent-15.pom
[INFO] Downloaded from localsmartbear: https://rapi.tools.ops.smartbear.io/nexus/content/groups/public/org/sonatype/spice/spice-parent/15/spice-parent-15.pom (8.4 kB at 137 kB/s)
[INFO] Downloading from localsmartbear: https://rapi.tools.ops.smartbear.io/nexus/content/groups/public/org/codehaus/plexus/plexus-utils/1.5.8/plexus-utils-1.5.8.pom
[INFO] Downloaded from localsmartbear: https://rapi.tools.ops.smartbear.io/nexus/content/groups/public/org/codehaus/plexus/plexus-utils/1.5.8/plexus-utils-1.5.8.pom (8.1 kB at 130 kB/s)
[INFO] Downloading from localsmartbear: https://rapi.tools.ops.smartbear.io/nexus/content/groups/public/org/codehaus/plexus/plexus/2.0.2/plexus-2.0.2.pom
[INFO] Downloaded from localsmartbear: https://rapi.tools.ops.smartbear.io/nexus/content/groups/public/org/codehaus/plexus/plexus/2.0.2/plexus-2.0.2.pom (12 kB at 211 kB/s)
[INFO] Downloading from localsmartbear: https://rapi.tools.ops.smartbear.io/nexus/content/groups/public/org/apache/commons/commons-lang3/3.8.1/commons-lang3-3.8.1.pom
[INFO] Downloaded from localsmartbear: https://rapi.tools.ops.smartbear.io/nexus/content/groups/public/org/apache/commons/commons-lang3/3.8.1/commons-lang3-3.8.1.pom (28 kB at 465 kB/s)
[INFO] Downloading from localsmartbear: https://rapi.tools.ops.smartbear.io/nexus/content/groups/public/org/apache/commons/commons-parent/47/commons-parent-47.pom
[INFO] Downloaded from localsmartbear: https://rapi.tools.ops.smartbear.io/nexus/content/groups/public/org/apache/commons/commons-parent/47/commons-parent-47.pom (78 kB at 1.2 MB/s)
[INFO] Downloading from localsmartbear: https://rapi.tools.ops.smartbear.io/nexus/content/groups/public/org/apache/maven/maven-plugin-api/3.1.0/maven-plugin-api-3.1.0.jar
[INFO] Downloading from localsmartbear: https://rapi.tools.ops.smartbear.io/nexus/content/groups/public/org/apache/maven/maven-settings/3.1.0/maven-settings-3.1.0.jar
[INFO] Downloading from localsmartbear: https://rapi.tools.ops.smartbear.io/nexus/content/groups/public/org/apache/maven/maven-settings-builder/3.1.0/maven-settings-builder-3.1.0.jar
[INFO] Downloading from localsmartbear: https://rapi.tools.ops.smartbear.io/nexus/content/groups/public/org/apache/maven/maven-core/3.1.0/maven-core-3.1.0.jar
[INFO] Downloading from localsmartbear: https://rapi.tools.ops.smartbear.io/nexus/content/groups/public/org/apache/maven/maven-artifact/3.1.0/maven-artifact-3.1.0.jar
[INFO] Downloaded from localsmartbear: https://rapi.tools.ops.smartbear.io/nexus/content/groups/public/org/apache/maven/maven-plugin-api/3.1.0/maven-plugin-api-3.1.0.jar (50 kB at 766 kB/s)
[INFO] Downloading from localsmartbear: https://rapi.tools.ops.smartbear.io/nexus/content/groups/public/org/apache/maven/maven-repository-metadata/3.1.0/maven-repository-metadata-3.1.0.jar
[INFO] Downloaded from localsmartbear: https://rapi.tools.ops.smartbear.io/nexus/content/groups/public/org/apache/maven/maven-settings-builder/3.1.0/maven-settings-builder-3.1.0.jar (41 kB at 314 kB/s)
[INFO] Downloading from localsmartbear: https://rapi.tools.ops.smartbear.io/nexus/content/groups/public/org/apache/maven/maven-model-builder/3.1.0/maven-model-builder-3.1.0.jar
[INFO] Downloaded from localsmartbear: https://rapi.tools.ops.smartbear.io/nexus/content/groups/public/org/apache/maven/maven-settings/3.1.0/maven-settings-3.1.0.jar (47 kB at 254 kB/s)
[INFO] Downloading from localsmartbear: https://rapi.tools.ops.smartbear.io/nexus/content/groups/public/org/apache/maven/maven-aether-provider/3.1.0/maven-aether-provider-3.1.0.jar
[INFO] Downloaded from localsmartbear: https://rapi.tools.ops.smartbear.io/nexus/content/groups/public/org/apache/maven/maven-artifact/3.1.0/maven-artifact-3.1.0.jar (52 kB at 260 kB/s)
[INFO] Downloaded from localsmartbear: https://rapi.tools.ops.smartbear.io/nexus/content/groups/public/org/apache/maven/maven-repository-metadata/3.1.0/maven-repository-metadata-3.1.0.jar (30 kB at 150 kB/s)
[INFO] Downloading from localsmartbear: https://rapi.tools.ops.smartbear.io/nexus/content/groups/public/org/eclipse/aether/aether-spi/0.9.0.M2/aether-spi-0.9.0.M2.jar
[INFO] Downloading from localsmartbear: https://rapi.tools.ops.smartbear.io/nexus/content/groups/public/org/eclipse/aether/aether-impl/0.9.0.M2/aether-impl-0.9.0.M2.jar
[INFO] Downloaded from localsmartbear: https://rapi.tools.ops.smartbear.io/nexus/content/groups/public/org/apache/maven/maven-aether-provider/3.1.0/maven-aether-provider-3.1.0.jar (60 kB at 195 kB/s)
[INFO] Downloading from localsmartbear: https://rapi.tools.ops.smartbear.io/nexus/content/groups/public/org/eclipse/aether/aether-api/0.9.0.M2/aether-api-0.9.0.M2.jar
[INFO] Downloaded from localsmartbear: https://rapi.tools.ops.smartbear.io/nexus/content/groups/public/org/eclipse/aether/aether-impl/0.9.0.M2/aether-impl-0.9.0.M2.jar (145 kB at 450 kB/s)
[INFO] Downloaded from localsmartbear: https://rapi.tools.ops.smartbear.io/nexus/content/groups/public/org/eclipse/aether/aether-spi/0.9.0.M2/aether-spi-0.9.0.M2.jar (18 kB at 55 kB/s)
[INFO] Downloading from localsmartbear: https://rapi.tools.ops.smartbear.io/nexus/content/groups/public/org/eclipse/aether/aether-util/0.9.0.M2/aether-util-0.9.0.M2.jar
[INFO] Downloading from localsmartbear: https://rapi.tools.ops.smartbear.io/nexus/content/groups/public/org/codehaus/plexus/plexus-utils/3.0.10/plexus-utils-3.0.10.jar
[INFO] Downloaded from localsmartbear: https://rapi.tools.ops.smartbear.io/nexus/content/groups/public/org/apache/maven/maven-core/3.1.0/maven-core-3.1.0.jar (563 kB at 1.5 MB/s)
[INFO] Downloading from localsmartbear: https://rapi.tools.ops.smartbear.io/nexus/content/groups/public/org/codehaus/plexus/plexus-classworlds/2.4.2/plexus-classworlds-2.4.2.jar
[INFO] Downloaded from localsmartbear: https://rapi.tools.ops.smartbear.io/nexus/content/groups/public/org/apache/maven/maven-model-builder/3.1.0/maven-model-builder-3.1.0.jar (159 kB at 401 kB/s)
[INFO] Downloading from localsmartbear: https://rapi.tools.ops.smartbear.io/nexus/content/groups/public/org/sonatype/plexus/plexus-sec-dispatcher/1.3/plexus-sec-dispatcher-1.3.jar
[INFO] Downloaded from localsmartbear: https://rapi.tools.ops.smartbear.io/nexus/content/groups/public/org/eclipse/aether/aether-util/0.9.0.M2/aether-util-0.9.0.M2.jar (134 kB at 314 kB/s)
[INFO] Downloading from localsmartbear: https://rapi.tools.ops.smartbear.io/nexus/content/groups/public/org/sonatype/plexus/plexus-cipher/1.4/plexus-cipher-1.4.jar
[INFO] Downloaded from localsmartbear: https://rapi.tools.ops.smartbear.io/nexus/content/groups/public/org/sonatype/plexus/plexus-sec-dispatcher/1.3/plexus-sec-dispatcher-1.3.jar (29 kB at 58 kB/s)
[INFO] Downloading from localsmartbear: https://rapi.tools.ops.smartbear.io/nexus/content/groups/public/org/apache/maven/maven-model/3.1.0/maven-model-3.1.0.jar
[INFO] Downloaded from localsmartbear: https://rapi.tools.ops.smartbear.io/nexus/content/groups/public/org/sonatype/plexus/plexus-cipher/1.4/plexus-cipher-1.4.jar (13 kB at 27 kB/s)
[INFO] Downloading from localsmartbear: https://rapi.tools.ops.smartbear.io/nexus/content/groups/public/org/codehaus/plexus/plexus-component-annotations/2.0.0/plexus-component-annotations-2.0.0.jar
[INFO] Downloaded from localsmartbear: https://rapi.tools.ops.smartbear.io/nexus/content/groups/public/org/codehaus/plexus/plexus-utils/3.0.10/plexus-utils-3.0.10.jar (231 kB at 457 kB/s)
[INFO] Downloading from localsmartbear: https://rapi.tools.ops.smartbear.io/nexus/content/groups/public/org/codehaus/plexus/plexus-interpolation/1.26/plexus-interpolation-1.26.jar
[INFO] Downloaded from localsmartbear: https://rapi.tools.ops.smartbear.io/nexus/content/groups/public/org/eclipse/aether/aether-api/0.9.0.M2/aether-api-0.9.0.M2.jar (134 kB at 249 kB/s)
[INFO] Downloading from localsmartbear: https://rapi.tools.ops.smartbear.io/nexus/content/groups/public/org/eclipse/sisu/org.eclipse.sisu.plexus/0.0.0.M2a/org.eclipse.sisu.plexus-0.0.0.M2a.jar
[INFO] Downloaded from localsmartbear: https://rapi.tools.ops.smartbear.io/nexus/content/groups/public/org/codehaus/plexus/plexus-classworlds/2.4.2/plexus-classworlds-2.4.2.jar (47 kB at 87 kB/s)
[INFO] Downloading from localsmartbear: https://rapi.tools.ops.smartbear.io/nexus/content/groups/public/javax/enterprise/cdi-api/1.0/cdi-api-1.0.jar
[INFO] Downloaded from localsmartbear: https://rapi.tools.ops.smartbear.io/nexus/content/groups/public/javax/enterprise/cdi-api/1.0/cdi-api-1.0.jar (45 kB at 70 kB/s)
[INFO] Downloading from localsmartbear: https://rapi.tools.ops.smartbear.io/nexus/content/groups/public/javax/annotation/jsr250-api/1.0/jsr250-api-1.0.jar
[INFO] Downloaded from localsmartbear: https://rapi.tools.ops.smartbear.io/nexus/content/groups/public/org/apache/maven/maven-model/3.1.0/maven-model-3.1.0.jar (164 kB at 254 kB/s)
[INFO] Downloading from localsmartbear: https://rapi.tools.ops.smartbear.io/nexus/content/groups/public/javax/inject/javax.inject/1/javax.inject-1.jar
[INFO] Downloaded from localsmartbear: https://rapi.tools.ops.smartbear.io/nexus/content/groups/public/org/codehaus/plexus/plexus-component-annotations/2.0.0/plexus-component-annotations-2.0.0.jar (4.2 kB at 6.5 kB/s)
[INFO] Downloading from localsmartbear: https://rapi.tools.ops.smartbear.io/nexus/content/groups/public/com/google/guava/guava/10.0.1/guava-10.0.1.jar
[INFO] Downloaded from localsmartbear: https://rapi.tools.ops.smartbear.io/nexus/content/groups/public/javax/annotation/jsr250-api/1.0/jsr250-api-1.0.jar (5.8 kB at 8.3 kB/s)
[INFO] Downloaded from localsmartbear: https://rapi.tools.ops.smartbear.io/nexus/content/groups/public/org/codehaus/plexus/plexus-interpolation/1.26/plexus-interpolation-1.26.jar (85 kB at 121 kB/s)
[INFO] Downloaded from localsmartbear: https://rapi.tools.ops.smartbear.io/nexus/content/groups/public/javax/inject/javax.inject/1/javax.inject-1.jar (2.5 kB at 3.5 kB/s)
[INFO] Downloading from localsmartbear: https://rapi.tools.ops.smartbear.io/nexus/content/groups/public/org/sonatype/sisu/sisu-guice/3.1.0/sisu-guice-3.1.0-no_aop.jar
[INFO] Downloading from localsmartbear: https://rapi.tools.ops.smartbear.io/nexus/content/groups/public/com/google/code/findbugs/jsr305/1.3.9/jsr305-1.3.9.jar
[INFO] Downloading from localsmartbear: https://rapi.tools.ops.smartbear.io/nexus/content/groups/public/aopalliance/aopalliance/1.0/aopalliance-1.0.jar
[INFO] Downloaded from localsmartbear: https://rapi.tools.ops.smartbear.io/nexus/content/groups/public/org/eclipse/sisu/org.eclipse.sisu.plexus/0.0.0.M2a/org.eclipse.sisu.plexus-0.0.0.M2a.jar (202 kB at 275 kB/s)
[INFO] Downloading from localsmartbear: https://rapi.tools.ops.smartbear.io/nexus/content/groups/public/org/eclipse/sisu/org.eclipse.sisu.inject/0.0.0.M2a/org.eclipse.sisu.inject-0.0.0.M2a.jar
[INFO] Downloaded from localsmartbear: https://rapi.tools.ops.smartbear.io/nexus/content/groups/public/aopalliance/aopalliance/1.0/aopalliance-1.0.jar (4.5 kB at 5.7 kB/s)
[INFO] Downloading from localsmartbear: https://rapi.tools.ops.smartbear.io/nexus/content/groups/public/asm/asm/3.3.1/asm-3.3.1.jar
[INFO] Downloaded from localsmartbear: https://rapi.tools.ops.smartbear.io/nexus/content/groups/public/com/google/code/findbugs/jsr305/1.3.9/jsr305-1.3.9.jar (33 kB at 41 kB/s)
[INFO] Downloading from localsmartbear: https://rapi.tools.ops.smartbear.io/nexus/content/groups/public/org/apache/maven/shared/maven-filtering/3.2.0/maven-filtering-3.2.0.jar
[INFO] Downloaded from localsmartbear: https://rapi.tools.ops.smartbear.io/nexus/content/groups/public/asm/asm/3.3.1/asm-3.3.1.jar (44 kB at 47 kB/s)
[INFO] Downloading from localsmartbear: https://rapi.tools.ops.smartbear.io/nexus/content/groups/public/org/apache/maven/shared/maven-shared-utils/3.3.3/maven-shared-utils-3.3.3.jar
[INFO] Downloaded from localsmartbear: https://rapi.tools.ops.smartbear.io/nexus/content/groups/public/org/sonatype/sisu/sisu-guice/3.1.0/sisu-guice-3.1.0-no_aop.jar (357 kB at 386 kB/s)
[INFO] Downloading from localsmartbear: https://rapi.tools.ops.smartbear.io/nexus/content/groups/public/org/sonatype/plexus/plexus-build-api/0.0.7/plexus-build-api-0.0.7.jar
[INFO] Downloaded from localsmartbear: https://rapi.tools.ops.smartbear.io/nexus/content/groups/public/org/apache/maven/shared/maven-filtering/3.2.0/maven-filtering-3.2.0.jar (52 kB at 55 kB/s)
[INFO] Downloading from localsmartbear: https://rapi.tools.ops.smartbear.io/nexus/content/groups/public/commons-io/commons-io/2.6/commons-io-2.6.jar
[INFO] Downloaded from localsmartbear: https://rapi.tools.ops.smartbear.io/nexus/content/groups/public/org/eclipse/sisu/org.eclipse.sisu.inject/0.0.0.M2a/org.eclipse.sisu.inject-0.0.0.M2a.jar (202 kB at 194 kB/s)
[INFO] Downloading from localsmartbear: https://rapi.tools.ops.smartbear.io/nexus/content/groups/public/org/apache/commons/commons-lang3/3.8.1/commons-lang3-3.8.1.jar
[INFO] Downloaded from localsmartbear: https://rapi.tools.ops.smartbear.io/nexus/content/groups/public/org/sonatype/plexus/plexus-build-api/0.0.7/plexus-build-api-0.0.7.jar (8.5 kB at 8.0 kB/s)
[INFO] Downloaded from localsmartbear: https://rapi.tools.ops.smartbear.io/nexus/content/groups/public/org/apache/maven/shared/maven-shared-utils/3.3.3/maven-shared-utils-3.3.3.jar (154 kB at 139 kB/s)
[INFO] Downloaded from localsmartbear: https://rapi.tools.ops.smartbear.io/nexus/content/groups/public/commons-io/commons-io/2.6/commons-io-2.6.jar (215 kB at 192 kB/s)
[INFO] Downloaded from localsmartbear: https://rapi.tools.ops.smartbear.io/nexus/content/groups/public/com/google/guava/guava/10.0.1/guava-10.0.1.jar (1.5 MB at 1.3 MB/s)
[INFO] Downloaded from localsmartbear: https://rapi.tools.ops.smartbear.io/nexus/content/groups/public/org/apache/commons/commons-lang3/3.8.1/commons-lang3-3.8.1.jar (502 kB at 404 kB/s)
[INFO] Using 'UTF-8' encoding to copy filtered resources.
[INFO] Using 'UTF-8' encoding to copy filtered properties files.
[INFO] Copying 1 resource
[INFO] Copying 0 resource
[INFO] 
[INFO] --- maven-compiler-plugin:3.8.1:compile (default-compile) @ demo ---
[INFO] Downloading from localsmartbear: https://rapi.tools.ops.smartbear.io/nexus/content/groups/public/org/apache/maven/maven-core/3.0/maven-core-3.0.pom
[INFO] Downloaded from localsmartbear: https://rapi.tools.ops.smartbear.io/nexus/content/groups/public/org/apache/maven/maven-core/3.0/maven-core-3.0.pom (6.6 kB at 112 kB/s)
[INFO] Downloading from localsmartbear: https://rapi.tools.ops.smartbear.io/nexus/content/groups/public/org/apache/maven/maven-settings/3.0/maven-settings-3.0.pom
[INFO] Downloaded from localsmartbear: https://rapi.tools.ops.smartbear.io/nexus/content/groups/public/org/apache/maven/maven-settings/3.0/maven-settings-3.0.pom (1.9 kB at 28 kB/s)
[INFO] Downloading from localsmartbear: https://rapi.tools.ops.smartbear.io/nexus/content/groups/public/org/apache/maven/maven-settings-builder/3.0/maven-settings-builder-3.0.pom
[INFO] Downloaded from localsmartbear: https://rapi.tools.ops.smartbear.io/nexus/content/groups/public/org/apache/maven/maven-settings-builder/3.0/maven-settings-builder-3.0.pom (2.2 kB at 38 kB/s)
[INFO] Downloading from localsmartbear: https://rapi.tools.ops.smartbear.io/nexus/content/groups/public/org/codehaus/plexus/plexus-interpolation/1.14/plexus-interpolation-1.14.pom
[INFO] Downloaded from localsmartbear: https://rapi.tools.ops.smartbear.io/nexus/content/groups/public/org/codehaus/plexus/plexus-interpolation/1.14/plexus-interpolation-1.14.pom (910 B at 18 kB/s)
[INFO] Downloading from localsmartbear: https://rapi.tools.ops.smartbear.io/nexus/content/groups/public/org/codehaus/plexus/plexus-components/1.1.18/plexus-components-1.1.18.pom
[INFO] Downloaded from localsmartbear: https://rapi.tools.ops.smartbear.io/nexus/content/groups/public/org/codehaus/plexus/plexus-components/1.1.18/plexus-components-1.1.18.pom (5.4 kB at 99 kB/s)
[INFO] Downloading from localsmartbear: https://rapi.tools.ops.smartbear.io/nexus/content/groups/public/org/apache/maven/maven-repository-metadata/3.0/maven-repository-metadata-3.0.pom
[INFO] Downloaded from localsmartbear: https://rapi.tools.ops.smartbear.io/nexus/content/groups/public/org/apache/maven/maven-repository-metadata/3.0/maven-repository-metadata-3.0.pom (1.9 kB at 33 kB/s)
[INFO] Downloading from localsmartbear: https://rapi.tools.ops.smartbear.io/nexus/content/groups/public/org/apache/maven/maven-model-builder/3.0/maven-model-builder-3.0.pom
[INFO] Downloaded from localsmartbear: https://rapi.tools.ops.smartbear.io/nexus/content/groups/public/org/apache/maven/maven-model-builder/3.0/maven-model-builder-3.0.pom (2.2 kB at 38 kB/s)
[INFO] Downloading from localsmartbear: https://rapi.tools.ops.smartbear.io/nexus/content/groups/public/org/apache/maven/maven-aether-provider/3.0/maven-aether-provider-3.0.pom
[INFO] Downloaded from localsmartbear: https://rapi.tools.ops.smartbear.io/nexus/content/groups/public/org/apache/maven/maven-aether-provider/3.0/maven-aether-provider-3.0.pom (2.5 kB at 44 kB/s)
[INFO] Downloading from localsmartbear: https://rapi.tools.ops.smartbear.io/nexus/content/groups/public/org/sonatype/aether/aether-api/1.7/aether-api-1.7.pom
[INFO] Downloaded from localsmartbear: https://rapi.tools.ops.smartbear.io/nexus/content/groups/public/org/sonatype/aether/aether-api/1.7/aether-api-1.7.pom (1.7 kB at 30 kB/s)
[INFO] Downloading from localsmartbear: https://rapi.tools.ops.smartbear.io/nexus/content/groups/public/org/sonatype/aether/aether-parent/1.7/aether-parent-1.7.pom
[INFO] Downloaded from localsmartbear: https://rapi.tools.ops.smartbear.io/nexus/content/groups/public/org/sonatype/aether/aether-parent/1.7/aether-parent-1.7.pom (7.7 kB at 119 kB/s)
[INFO] Downloading from localsmartbear: https://rapi.tools.ops.smartbear.io/nexus/content/groups/public/org/sonatype/aether/aether-util/1.7/aether-util-1.7.pom
[INFO] Downloaded from localsmartbear: https://rapi.tools.ops.smartbear.io/nexus/content/groups/public/org/sonatype/aether/aether-util/1.7/aether-util-1.7.pom (2.1 kB at 37 kB/s)
[INFO] Downloading from localsmartbear: https://rapi.tools.ops.smartbear.io/nexus/content/groups/public/org/sonatype/aether/aether-impl/1.7/aether-impl-1.7.pom
[INFO] Downloaded from localsmartbear: https://rapi.tools.ops.smartbear.io/nexus/content/groups/public/org/sonatype/aether/aether-impl/1.7/aether-impl-1.7.pom (3.7 kB at 60 kB/s)
[INFO] Downloading from localsmartbear: https://rapi.tools.ops.smartbear.io/nexus/content/groups/public/org/sonatype/aether/aether-spi/1.7/aether-spi-1.7.pom
[INFO] Downloaded from localsmartbear: https://rapi.tools.ops.smartbear.io/nexus/content/groups/public/org/sonatype/aether/aether-spi/1.7/aether-spi-1.7.pom (1.7 kB at 28 kB/s)
[INFO] Downloading from localsmartbear: https://rapi.tools.ops.smartbear.io/nexus/content/groups/public/org/apache/maven/shared/maven-shared-incremental/1.1/maven-shared-incremental-1.1.pom
[INFO] Downloaded from localsmartbear: https://rapi.tools.ops.smartbear.io/nexus/content/groups/public/org/apache/maven/shared/maven-shared-incremental/1.1/maven-shared-incremental-1.1.pom (4.7 kB at 79 kB/s)
[INFO] Downloading from localsmartbear: https://rapi.tools.ops.smartbear.io/nexus/content/groups/public/org/apache/maven/shared/maven-shared-components/19/maven-shared-components-19.pom
[INFO] Downloaded from localsmartbear: https://rapi.tools.ops.smartbear.io/nexus/content/groups/public/org/apache/maven/shared/maven-shared-components/19/maven-shared-components-19.pom (6.4 kB at 114 kB/s)
[INFO] Downloading from localsmartbear: https://rapi.tools.ops.smartbear.io/nexus/content/groups/public/org/apache/maven/maven-plugin-api/2.2.1/maven-plugin-api-2.2.1.pom
[INFO] Downloaded from localsmartbear: https://rapi.tools.ops.smartbear.io/nexus/content/groups/public/org/apache/maven/maven-plugin-api/2.2.1/maven-plugin-api-2.2.1.pom (1.5 kB at 27 kB/s)
[INFO] Downloading from localsmartbear: https://rapi.tools.ops.smartbear.io/nexus/content/groups/public/org/apache/maven/maven/2.2.1/maven-2.2.1.pom
[INFO] Downloaded from localsmartbear: https://rapi.tools.ops.smartbear.io/nexus/content/groups/public/org/apache/maven/maven/2.2.1/maven-2.2.1.pom (22 kB at 373 kB/s)
[INFO] Downloading from localsmartbear: https://rapi.tools.ops.smartbear.io/nexus/content/groups/public/org/apache/maven/maven-parent/11/maven-parent-11.pom
[INFO] Downloaded from localsmartbear: https://rapi.tools.ops.smartbear.io/nexus/content/groups/public/org/apache/maven/maven-parent/11/maven-parent-11.pom (32 kB at 531 kB/s)
[INFO] Downloading from localsmartbear: https://rapi.tools.ops.smartbear.io/nexus/content/groups/public/org/apache/apache/5/apache-5.pom
[INFO] Downloaded from localsmartbear: https://rapi.tools.ops.smartbear.io/nexus/content/groups/public/org/apache/apache/5/apache-5.pom (4.1 kB at 73 kB/s)
[INFO] Downloading from localsmartbear: https://rapi.tools.ops.smartbear.io/nexus/content/groups/public/org/apache/maven/maven-core/2.2.1/maven-core-2.2.1.pom
[INFO] Downloaded from localsmartbear: https://rapi.tools.ops.smartbear.io/nexus/content/groups/public/org/apache/maven/maven-core/2.2.1/maven-core-2.2.1.pom (12 kB at 188 kB/s)
[INFO] Downloading from localsmartbear: https://rapi.tools.ops.smartbear.io/nexus/content/groups/public/org/apache/maven/maven-settings/2.2.1/maven-settings-2.2.1.pom
[INFO] Downloaded from localsmartbear: https://rapi.tools.ops.smartbear.io/nexus/content/groups/public/org/apache/maven/maven-settings/2.2.1/maven-settings-2.2.1.pom (2.2 kB at 38 kB/s)
[INFO] Downloading from localsmartbear: https://rapi.tools.ops.smartbear.io/nexus/content/groups/public/org/apache/maven/maven-model/2.2.1/maven-model-2.2.1.pom
[INFO] Downloaded from localsmartbear: https://rapi.tools.ops.smartbear.io/nexus/content/groups/public/org/apache/maven/maven-model/2.2.1/maven-model-2.2.1.pom (3.2 kB at 58 kB/s)
[INFO] Downloading from localsmartbear: https://rapi.tools.ops.smartbear.io/nexus/content/groups/public/org/codehaus/plexus/plexus-utils/1.5.15/plexus-utils-1.5.15.pom
[INFO] Downloaded from localsmartbear: https://rapi.tools.ops.smartbear.io/nexus/content/groups/public/org/codehaus/plexus/plexus-utils/1.5.15/plexus-utils-1.5.15.pom (6.8 kB at 116 kB/s)
[INFO] Downloading from localsmartbear: https://rapi.tools.ops.smartbear.io/nexus/content/groups/public/org/codehaus/plexus/plexus-interpolation/1.11/plexus-interpolation-1.11.pom
[INFO] Downloaded from localsmartbear: https://rapi.tools.ops.smartbear.io/nexus/content/groups/public/org/codehaus/plexus/plexus-interpolation/1.11/plexus-interpolation-1.11.pom (889 B at 16 kB/s)
[INFO] Downloading from localsmartbear: https://rapi.tools.ops.smartbear.io/nexus/content/groups/public/org/codehaus/plexus/plexus-components/1.1.14/plexus-components-1.1.14.pom
[INFO] Downloaded from localsmartbear: https://rapi.tools.ops.smartbear.io/nexus/content/groups/public/org/codehaus/plexus/plexus-components/1.1.14/plexus-components-1.1.14.pom (5.8 kB at 104 kB/s)
[INFO] Downloading from localsmartbear: https://rapi.tools.ops.smartbear.io/nexus/content/groups/public/org/apache/maven/maven-plugin-parameter-documenter/2.2.1/maven-plugin-parameter-documenter-2.2.1.pom
[INFO] Downloaded from localsmartbear: https://rapi.tools.ops.smartbear.io/nexus/content/groups/public/org/apache/maven/maven-plugin-parameter-documenter/2.2.1/maven-plugin-parameter-documenter-2.2.1.pom (2.0 kB at 31 kB/s)
[INFO] Downloading from localsmartbear: https://rapi.tools.ops.smartbear.io/nexus/content/groups/public/org/slf4j/slf4j-jdk14/1.5.6/slf4j-jdk14-1.5.6.pom
[INFO] Downloaded from localsmartbear: https://rapi.tools.ops.smartbear.io/nexus/content/groups/public/org/slf4j/slf4j-jdk14/1.5.6/slf4j-jdk14-1.5.6.pom (1.9 kB at 35 kB/s)
[INFO] Downloading from localsmartbear: https://rapi.tools.ops.smartbear.io/nexus/content/groups/public/org/slf4j/slf4j-parent/1.5.6/slf4j-parent-1.5.6.pom
[INFO] Downloaded from localsmartbear: https://rapi.tools.ops.smartbear.io/nexus/content/groups/public/org/slf4j/slf4j-parent/1.5.6/slf4j-parent-1.5.6.pom (7.9 kB at 126 kB/s)
[INFO] Downloading from localsmartbear: https://rapi.tools.ops.smartbear.io/nexus/content/groups/public/org/slf4j/slf4j-api/1.5.6/slf4j-api-1.5.6.pom
[INFO] Downloaded from localsmartbear: https://rapi.tools.ops.smartbear.io/nexus/content/groups/public/org/slf4j/slf4j-api/1.5.6/slf4j-api-1.5.6.pom (3.0 kB at 50 kB/s)
[INFO] Downloading from localsmartbear: https://rapi.tools.ops.smartbear.io/nexus/content/groups/public/org/slf4j/jcl-over-slf4j/1.5.6/jcl-over-slf4j-1.5.6.pom
[INFO] Downloaded from localsmartbear: https://rapi.tools.ops.smartbear.io/nexus/content/groups/public/org/slf4j/jcl-over-slf4j/1.5.6/jcl-over-slf4j-1.5.6.pom (2.2 kB at 40 kB/s)
[INFO] Downloading from localsmartbear: https://rapi.tools.ops.smartbear.io/nexus/content/groups/public/org/apache/maven/maven-profile/2.2.1/maven-profile-2.2.1.pom
[INFO] Downloaded from localsmartbear: https://rapi.tools.ops.smartbear.io/nexus/content/groups/public/org/apache/maven/maven-profile/2.2.1/maven-profile-2.2.1.pom (2.2 kB at 36 kB/s)
[INFO] Downloading from localsmartbear: https://rapi.tools.ops.smartbear.io/nexus/content/groups/public/org/apache/maven/maven-artifact/2.2.1/maven-artifact-2.2.1.pom
[INFO] Downloaded from localsmartbear: https://rapi.tools.ops.smartbear.io/nexus/content/groups/public/org/apache/maven/maven-artifact/2.2.1/maven-artifact-2.2.1.pom (1.6 kB at 27 kB/s)
[INFO] Downloading from localsmartbear: https://rapi.tools.ops.smartbear.io/nexus/content/groups/public/org/apache/maven/maven-repository-metadata/2.2.1/maven-repository-metadata-2.2.1.pom
[INFO] Downloaded from localsmartbear: https://rapi.tools.ops.smartbear.io/nexus/content/groups/public/org/apache/maven/maven-repository-metadata/2.2.1/maven-repository-metadata-2.2.1.pom (1.9 kB at 27 kB/s)
[INFO] Downloading from localsmartbear: https://rapi.tools.ops.smartbear.io/nexus/content/groups/public/org/apache/maven/maven-error-diagnostics/2.2.1/maven-error-diagnostics-2.2.1.pom
[INFO] Downloaded from localsmartbear: https://rapi.tools.ops.smartbear.io/nexus/content/groups/public/org/apache/maven/maven-error-diagnostics/2.2.1/maven-error-diagnostics-2.2.1.pom (1.7 kB at 30 kB/s)
[INFO] Downloading from localsmartbear: https://rapi.tools.ops.smartbear.io/nexus/content/groups/public/org/apache/maven/maven-project/2.2.1/maven-project-2.2.1.pom
[INFO] Downloaded from localsmartbear: https://rapi.tools.ops.smartbear.io/nexus/content/groups/public/org/apache/maven/maven-project/2.2.1/maven-project-2.2.1.pom (2.8 kB at 52 kB/s)
[INFO] Downloading from localsmartbear: https://rapi.tools.ops.smartbear.io/nexus/content/groups/public/org/apache/maven/maven-artifact-manager/2.2.1/maven-artifact-manager-2.2.1.pom
[INFO] Downloaded from localsmartbear: https://rapi.tools.ops.smartbear.io/nexus/content/groups/public/org/apache/maven/maven-artifact-manager/2.2.1/maven-artifact-manager-2.2.1.pom (3.1 kB at 53 kB/s)
[INFO] Downloading from localsmartbear: https://rapi.tools.ops.smartbear.io/nexus/content/groups/public/backport-util-concurrent/backport-util-concurrent/3.1/backport-util-concurrent-3.1.pom
[INFO] Downloaded from localsmartbear: https://rapi.tools.ops.smartbear.io/nexus/content/groups/public/backport-util-concurrent/backport-util-concurrent/3.1/backport-util-concurrent-3.1.pom (880 B at 15 kB/s)
[INFO] Downloading from localsmartbear: https://rapi.tools.ops.smartbear.io/nexus/content/groups/public/org/apache/maven/maven-plugin-registry/2.2.1/maven-plugin-registry-2.2.1.pom
[INFO] Downloaded from localsmartbear: https://rapi.tools.ops.smartbear.io/nexus/content/groups/public/org/apache/maven/maven-plugin-registry/2.2.1/maven-plugin-registry-2.2.1.pom (1.9 kB at 33 kB/s)
[INFO] Downloading from localsmartbear: https://rapi.tools.ops.smartbear.io/nexus/content/groups/public/org/apache/maven/maven-plugin-descriptor/2.2.1/maven-plugin-descriptor-2.2.1.pom
[INFO] Downloaded from localsmartbear: https://rapi.tools.ops.smartbear.io/nexus/content/groups/public/org/apache/maven/maven-plugin-descriptor/2.2.1/maven-plugin-descriptor-2.2.1.pom (2.1 kB at 36 kB/s)
[INFO] Downloading from localsmartbear: https://rapi.tools.ops.smartbear.io/nexus/content/groups/public/org/apache/maven/maven-monitor/2.2.1/maven-monitor-2.2.1.pom
[INFO] Downloaded from localsmartbear: https://rapi.tools.ops.smartbear.io/nexus/content/groups/public/org/apache/maven/maven-monitor/2.2.1/maven-monitor-2.2.1.pom (1.3 kB at 22 kB/s)
[INFO] Downloading from localsmartbear: https://rapi.tools.ops.smartbear.io/nexus/content/groups/public/org/apache/maven/shared/maven-shared-utils/0.1/maven-shared-utils-0.1.pom
[INFO] Downloaded from localsmartbear: https://rapi.tools.ops.smartbear.io/nexus/content/groups/public/org/apache/maven/shared/maven-shared-utils/0.1/maven-shared-utils-0.1.pom (4.0 kB at 71 kB/s)
[INFO] Downloading from localsmartbear: https://rapi.tools.ops.smartbear.io/nexus/content/groups/public/org/apache/maven/shared/maven-shared-components/18/maven-shared-components-18.pom
[INFO] Downloaded from localsmartbear: https://rapi.tools.ops.smartbear.io/nexus/content/groups/public/org/apache/maven/shared/maven-shared-components/18/maven-shared-components-18.pom (4.9 kB at 87 kB/s)
[INFO] Downloading from localsmartbear: https://rapi.tools.ops.smartbear.io/nexus/content/groups/public/org/apache/maven/maven-parent/22/maven-parent-22.pom
[INFO] Downloaded from localsmartbear: https://rapi.tools.ops.smartbear.io/nexus/content/groups/public/org/apache/maven/maven-parent/22/maven-parent-22.pom (30 kB at 496 kB/s)
[INFO] Downloading from localsmartbear: https://rapi.tools.ops.smartbear.io/nexus/content/groups/public/org/apache/apache/11/apache-11.pom
[INFO] Downloaded from localsmartbear: https://rapi.tools.ops.smartbear.io/nexus/content/groups/public/org/apache/apache/11/apache-11.pom (15 kB at 251 kB/s)
[INFO] Downloading from localsmartbear: https://rapi.tools.ops.smartbear.io/nexus/content/groups/public/com/google/code/findbugs/jsr305/2.0.1/jsr305-2.0.1.pom
[INFO] Downloaded from localsmartbear: https://rapi.tools.ops.smartbear.io/nexus/content/groups/public/com/google/code/findbugs/jsr305/2.0.1/jsr305-2.0.1.pom (965 B at 18 kB/s)
[INFO] Downloading from localsmartbear: https://rapi.tools.ops.smartbear.io/nexus/content/groups/public/org/codehaus/plexus/plexus-java/0.9.10/plexus-java-0.9.10.pom
[INFO] Downloaded from localsmartbear: https://rapi.tools.ops.smartbear.io/nexus/content/groups/public/org/codehaus/plexus/plexus-java/0.9.10/plexus-java-0.9.10.pom (5.1 kB at 87 kB/s)
[INFO] Downloading from localsmartbear: https://rapi.tools.ops.smartbear.io/nexus/content/groups/public/org/codehaus/plexus/plexus-languages/0.9.10/plexus-languages-0.9.10.pom
[INFO] Downloaded from localsmartbear: https://rapi.tools.ops.smartbear.io/nexus/content/groups/public/org/codehaus/plexus/plexus-languages/0.9.10/plexus-languages-0.9.10.pom (4.1 kB at 74 kB/s)
[INFO] Downloading from localsmartbear: https://rapi.tools.ops.smartbear.io/nexus/content/groups/public/org/ow2/asm/asm/6.2/asm-6.2.pom
[INFO] Downloaded from localsmartbear: https://rapi.tools.ops.smartbear.io/nexus/content/groups/public/org/ow2/asm/asm/6.2/asm-6.2.pom (2.9 kB at 52 kB/s)
[INFO] Downloading from localsmartbear: https://rapi.tools.ops.smartbear.io/nexus/content/groups/public/org/ow2/ow2/1.5/ow2-1.5.pom
[INFO] Downloaded from localsmartbear: https://rapi.tools.ops.smartbear.io/nexus/content/groups/public/org/ow2/ow2/1.5/ow2-1.5.pom (11 kB at 187 kB/s)
[INFO] Downloading from localsmartbear: https://rapi.tools.ops.smartbear.io/nexus/content/groups/public/com/thoughtworks/qdox/qdox/2.0-M9/qdox-2.0-M9.pom
[INFO] Downloaded from localsmartbear: https://rapi.tools.ops.smartbear.io/nexus/content/groups/public/com/thoughtworks/qdox/qdox/2.0-M9/qdox-2.0-M9.pom (16 kB at 260 kB/s)
[INFO] Downloading from localsmartbear: https://rapi.tools.ops.smartbear.io/nexus/content/groups/public/org/sonatype/oss/oss-parent/9/oss-parent-9.pom
[INFO] Downloaded from localsmartbear: https://rapi.tools.ops.smartbear.io/nexus/content/groups/public/org/sonatype/oss/oss-parent/9/oss-parent-9.pom (6.6 kB at 104 kB/s)
[INFO] Downloading from localsmartbear: https://rapi.tools.ops.smartbear.io/nexus/content/groups/public/org/codehaus/plexus/plexus-compiler-api/2.8.4/plexus-compiler-api-2.8.4.pom
[INFO] Downloaded from localsmartbear: https://rapi.tools.ops.smartbear.io/nexus/content/groups/public/org/codehaus/plexus/plexus-compiler-api/2.8.4/plexus-compiler-api-2.8.4.pom (867 B at 15 kB/s)
[INFO] Downloading from localsmartbear: https://rapi.tools.ops.smartbear.io/nexus/content/groups/public/org/codehaus/plexus/plexus-compiler/2.8.4/plexus-compiler-2.8.4.pom
[INFO] Downloaded from localsmartbear: https://rapi.tools.ops.smartbear.io/nexus/content/groups/public/org/codehaus/plexus/plexus-compiler/2.8.4/plexus-compiler-2.8.4.pom (6.0 kB at 114 kB/s)
[INFO] Downloading from localsmartbear: https://rapi.tools.ops.smartbear.io/nexus/content/groups/public/org/codehaus/plexus/plexus-components/4.0/plexus-components-4.0.pom
[INFO] Downloaded from localsmartbear: https://rapi.tools.ops.smartbear.io/nexus/content/groups/public/org/codehaus/plexus/plexus-components/4.0/plexus-components-4.0.pom (2.7 kB at 27 kB/s)
[INFO] Downloading from localsmartbear: https://rapi.tools.ops.smartbear.io/nexus/content/groups/public/org/codehaus/plexus/plexus-utils/3.0.22/plexus-utils-3.0.22.pom
[INFO] Downloaded from localsmartbear: https://rapi.tools.ops.smartbear.io/nexus/content/groups/public/org/codehaus/plexus/plexus-utils/3.0.22/plexus-utils-3.0.22.pom (3.8 kB at 68 kB/s)
[INFO] Downloading from localsmartbear: https://rapi.tools.ops.smartbear.io/nexus/content/groups/public/org/codehaus/plexus/plexus/3.3.1/plexus-3.3.1.pom
[INFO] Downloaded from localsmartbear: https://rapi.tools.ops.smartbear.io/nexus/content/groups/public/org/codehaus/plexus/plexus/3.3.1/plexus-3.3.1.pom (20 kB at 359 kB/s)
[INFO] Downloading from localsmartbear: https://rapi.tools.ops.smartbear.io/nexus/content/groups/public/org/codehaus/plexus/plexus-compiler-manager/2.8.4/plexus-compiler-manager-2.8.4.pom
[INFO] Downloaded from localsmartbear: https://rapi.tools.ops.smartbear.io/nexus/content/groups/public/org/codehaus/plexus/plexus-compiler-manager/2.8.4/plexus-compiler-manager-2.8.4.pom (692 B at 12 kB/s)
[INFO] Downloading from localsmartbear: https://rapi.tools.ops.smartbear.io/nexus/content/groups/public/org/codehaus/plexus/plexus-compiler-javac/2.8.4/plexus-compiler-javac-2.8.4.pom
[INFO] Downloaded from localsmartbear: https://rapi.tools.ops.smartbear.io/nexus/content/groups/public/org/codehaus/plexus/plexus-compiler-javac/2.8.4/plexus-compiler-javac-2.8.4.pom (771 B at 13 kB/s)
[INFO] Downloading from localsmartbear: https://rapi.tools.ops.smartbear.io/nexus/content/groups/public/org/codehaus/plexus/plexus-compilers/2.8.4/plexus-compilers-2.8.4.pom
[INFO] Downloaded from localsmartbear: https://rapi.tools.ops.smartbear.io/nexus/content/groups/public/org/codehaus/plexus/plexus-compilers/2.8.4/plexus-compilers-2.8.4.pom (1.3 kB at 24 kB/s)
[INFO] Downloading from localsmartbear: https://rapi.tools.ops.smartbear.io/nexus/content/groups/public/org/apache/maven/maven-core/3.0/maven-core-3.0.jar
[INFO] Downloading from localsmartbear: https://rapi.tools.ops.smartbear.io/nexus/content/groups/public/org/apache/maven/maven-model-builder/3.0/maven-model-builder-3.0.jar
[INFO] Downloading from localsmartbear: https://rapi.tools.ops.smartbear.io/nexus/content/groups/public/org/apache/maven/maven-settings/3.0/maven-settings-3.0.jar
[INFO] Downloading from localsmartbear: https://rapi.tools.ops.smartbear.io/nexus/content/groups/public/org/apache/maven/maven-settings-builder/3.0/maven-settings-builder-3.0.jar
[INFO] Downloading from localsmartbear: https://rapi.tools.ops.smartbear.io/nexus/content/groups/public/org/apache/maven/maven-repository-metadata/3.0/maven-repository-metadata-3.0.jar
[INFO] Downloaded from localsmartbear: https://rapi.tools.ops.smartbear.io/nexus/content/groups/public/org/apache/maven/maven-repository-metadata/3.0/maven-repository-metadata-3.0.jar (30 kB at 313 kB/s)
[INFO] Downloading from localsmartbear: https://rapi.tools.ops.smartbear.io/nexus/content/groups/public/org/apache/maven/maven-aether-provider/3.0/maven-aether-provider-3.0.jar
[INFO] Downloaded from localsmartbear: https://rapi.tools.ops.smartbear.io/nexus/content/groups/public/org/apache/maven/maven-settings-builder/3.0/maven-settings-builder-3.0.jar (38 kB at 389 kB/s)
[INFO] Downloading from localsmartbear: https://rapi.tools.ops.smartbear.io/nexus/content/groups/public/org/sonatype/aether/aether-impl/1.7/aether-impl-1.7.jar
[INFO] Downloaded from localsmartbear: https://rapi.tools.ops.smartbear.io/nexus/content/groups/public/org/apache/maven/maven-settings/3.0/maven-settings-3.0.jar (47 kB at 467 kB/s)
[INFO] Downloading from localsmartbear: https://rapi.tools.ops.smartbear.io/nexus/content/groups/public/org/sonatype/aether/aether-spi/1.7/aether-spi-1.7.jar
[INFO] Downloaded from localsmartbear: https://rapi.tools.ops.smartbear.io/nexus/content/groups/public/org/apache/maven/maven-model-builder/3.0/maven-model-builder-3.0.jar (148 kB at 908 kB/s)
[INFO] Downloading from localsmartbear: https://rapi.tools.ops.smartbear.io/nexus/content/groups/public/org/sonatype/aether/aether-api/1.7/aether-api-1.7.jar
[INFO] Downloaded from localsmartbear: https://rapi.tools.ops.smartbear.io/nexus/content/groups/public/org/apache/maven/maven-aether-provider/3.0/maven-aether-provider-3.0.jar (51 kB at 280 kB/s)
[INFO] Downloading from localsmartbear: https://rapi.tools.ops.smartbear.io/nexus/content/groups/public/org/sonatype/aether/aether-util/1.7/aether-util-1.7.jar
[INFO] Downloaded from localsmartbear: https://rapi.tools.ops.smartbear.io/nexus/content/groups/public/org/sonatype/aether/aether-spi/1.7/aether-spi-1.7.jar (14 kB at 66 kB/s)
[INFO] Downloading from localsmartbear: https://rapi.tools.ops.smartbear.io/nexus/content/groups/public/org/codehaus/plexus/plexus-interpolation/1.14/plexus-interpolation-1.14.jar
[INFO] Downloaded from localsmartbear: https://rapi.tools.ops.smartbear.io/nexus/content/groups/public/org/sonatype/aether/aether-impl/1.7/aether-impl-1.7.jar (106 kB at 513 kB/s)
[INFO] Downloading from localsmartbear: https://rapi.tools.ops.smartbear.io/nexus/content/groups/public/org/apache/maven/shared/maven-shared-incremental/1.1/maven-shared-incremental-1.1.jar
[INFO] Downloaded from localsmartbear: https://rapi.tools.ops.smartbear.io/nexus/content/groups/public/org/apache/maven/maven-core/3.0/maven-core-3.0.jar (527 kB at 2.3 MB/s)
[INFO] Downloading from localsmartbear: https://rapi.tools.ops.smartbear.io/nexus/content/groups/public/org/codehaus/plexus/plexus-java/0.9.10/plexus-java-0.9.10.jar
[INFO] Downloaded from localsmartbear: https://rapi.tools.ops.smartbear.io/nexus/content/groups/public/org/sonatype/aether/aether-api/1.7/aether-api-1.7.jar (74 kB at 283 kB/s)
[INFO] Downloading from localsmartbear: https://rapi.tools.ops.smartbear.io/nexus/content/groups/public/org/ow2/asm/asm/6.2/asm-6.2.jar
[INFO] Downloaded from localsmartbear: https://rapi.tools.ops.smartbear.io/nexus/content/groups/public/org/apache/maven/shared/maven-shared-incremental/1.1/maven-shared-incremental-1.1.jar (14 kB at 49 kB/s)
[INFO] Downloaded from localsmartbear: https://rapi.tools.ops.smartbear.io/nexus/content/groups/public/org/sonatype/aether/aether-util/1.7/aether-util-1.7.jar (108 kB at 391 kB/s)
[INFO] Downloading from localsmartbear: https://rapi.tools.ops.smartbear.io/nexus/content/groups/public/com/thoughtworks/qdox/qdox/2.0-M9/qdox-2.0-M9.jar
[INFO] Downloading from localsmartbear: https://rapi.tools.ops.smartbear.io/nexus/content/groups/public/org/codehaus/plexus/plexus-compiler-api/2.8.4/plexus-compiler-api-2.8.4.jar
[INFO] Downloaded from localsmartbear: https://rapi.tools.ops.smartbear.io/nexus/content/groups/public/org/codehaus/plexus/plexus-interpolation/1.14/plexus-interpolation-1.14.jar (61 kB at 216 kB/s)
[INFO] Downloading from localsmartbear: https://rapi.tools.ops.smartbear.io/nexus/content/groups/public/org/codehaus/plexus/plexus-compiler-manager/2.8.4/plexus-compiler-manager-2.8.4.jar
[INFO] Downloaded from localsmartbear: https://rapi.tools.ops.smartbear.io/nexus/content/groups/public/org/codehaus/plexus/plexus-java/0.9.10/plexus-java-0.9.10.jar (39 kB at 129 kB/s)
[INFO] Downloading from localsmartbear: https://rapi.tools.ops.smartbear.io/nexus/content/groups/public/org/codehaus/plexus/plexus-compiler-javac/2.8.4/plexus-compiler-javac-2.8.4.jar
[INFO] Downloaded from localsmartbear: https://rapi.tools.ops.smartbear.io/nexus/content/groups/public/org/ow2/asm/asm/6.2/asm-6.2.jar (111 kB at 312 kB/s)
[INFO] Downloaded from localsmartbear: https://rapi.tools.ops.smartbear.io/nexus/content/groups/public/org/codehaus/plexus/plexus-compiler-manager/2.8.4/plexus-compiler-manager-2.8.4.jar (4.7 kB at 13 kB/s)
[INFO] Downloaded from localsmartbear: https://rapi.tools.ops.smartbear.io/nexus/content/groups/public/org/codehaus/plexus/plexus-compiler-api/2.8.4/plexus-compiler-api-2.8.4.jar (27 kB at 74 kB/s)
[INFO] Downloaded from localsmartbear: https://rapi.tools.ops.smartbear.io/nexus/content/groups/public/org/codehaus/plexus/plexus-compiler-javac/2.8.4/plexus-compiler-javac-2.8.4.jar (21 kB at 56 kB/s)
[INFO] Downloaded from localsmartbear: https://rapi.tools.ops.smartbear.io/nexus/content/groups/public/com/thoughtworks/qdox/qdox/2.0-M9/qdox-2.0-M9.jar (317 kB at 754 kB/s)
[INFO] Changes detected - recompiling the module!
[INFO] Compiling 1 source file to c:\WS\repos\java\demo\target\classes
[INFO] 
[INFO] --- maven-resources-plugin:3.2.0:testResources (default-testResources) @ demo ---
[INFO] Using 'UTF-8' encoding to copy filtered resources.
[INFO] Using 'UTF-8' encoding to copy filtered properties files.
[INFO] skip non existing resourceDirectory c:\WS\repos\java\demo\src\test\resources
[INFO] 
[INFO] --- maven-compiler-plugin:3.8.1:testCompile (default-testCompile) @ demo ---
[INFO] Changes detected - recompiling the module!
[INFO] Compiling 1 source file to c:\WS\repos\java\demo\target\test-classes
[INFO] 
[INFO] --- maven-surefire-plugin:2.22.2:test (default-test) @ demo ---
[INFO] Downloading from localsmartbear: https://rapi.tools.ops.smartbear.io/nexus/content/groups/public/org/apache/maven/surefire/maven-surefire-common/2.22.2/maven-surefire-common-2.22.2.pom
[INFO] Downloaded from localsmartbear: https://rapi.tools.ops.smartbear.io/nexus/content/groups/public/org/apache/maven/surefire/maven-surefire-common/2.22.2/maven-surefire-common-2.22.2.pom (11 kB at 96 kB/s)
[INFO] Downloading from localsmartbear: https://rapi.tools.ops.smartbear.io/nexus/content/groups/public/org/apache/maven/plugin-tools/maven-plugin-annotations/3.5.2/maven-plugin-annotations-3.5.2.pom
[INFO] Downloaded from localsmartbear: https://rapi.tools.ops.smartbear.io/nexus/content/groups/public/org/apache/maven/plugin-tools/maven-plugin-annotations/3.5.2/maven-plugin-annotations-3.5.2.pom (1.6 kB at 28 kB/s)
[INFO] Downloading from localsmartbear: https://rapi.tools.ops.smartbear.io/nexus/content/groups/public/org/apache/maven/plugin-tools/maven-plugin-tools/3.5.2/maven-plugin-tools-3.5.2.pom
[INFO] Downloaded from localsmartbear: https://rapi.tools.ops.smartbear.io/nexus/content/groups/public/org/apache/maven/plugin-tools/maven-plugin-tools/3.5.2/maven-plugin-tools-3.5.2.pom (15 kB at 192 kB/s)
[INFO] Downloading from localsmartbear: https://rapi.tools.ops.smartbear.io/nexus/content/groups/public/org/apache/maven/surefire/surefire-api/2.22.2/surefire-api-2.22.2.pom
[INFO] Downloaded from localsmartbear: https://rapi.tools.ops.smartbear.io/nexus/content/groups/public/org/apache/maven/surefire/surefire-api/2.22.2/surefire-api-2.22.2.pom (3.5 kB at 63 kB/s)
[INFO] Downloading from localsmartbear: https://rapi.tools.ops.smartbear.io/nexus/content/groups/public/org/apache/maven/surefire/surefire-logger-api/2.22.2/surefire-logger-api-2.22.2.pom
[INFO] Downloaded from localsmartbear: https://rapi.tools.ops.smartbear.io/nexus/content/groups/public/org/apache/maven/surefire/surefire-logger-api/2.22.2/surefire-logger-api-2.22.2.pom (2.0 kB at 28 kB/s)
[INFO] Downloading from localsmartbear: https://rapi.tools.ops.smartbear.io/nexus/content/groups/public/org/apache/maven/surefire/surefire-booter/2.22.2/surefire-booter-2.22.2.pom
[INFO] Downloaded from localsmartbear: https://rapi.tools.ops.smartbear.io/nexus/content/groups/public/org/apache/maven/surefire/surefire-booter/2.22.2/surefire-booter-2.22.2.pom (7.5 kB at 133 kB/s)
[INFO] Downloading from localsmartbear: https://rapi.tools.ops.smartbear.io/nexus/content/groups/public/org/codehaus/plexus/plexus-container-default/1.0-alpha-9-stable-1/plexus-container-default-1.0-alpha-9-stable-1.pom
[INFO] Downloaded from localsmartbear: https://rapi.tools.ops.smartbear.io/nexus/content/groups/public/org/codehaus/plexus/plexus-container-default/1.0-alpha-9-stable-1/plexus-container-default-1.0-alpha-9-stable-1.pom (3.9 kB at 62 kB/s)
[INFO] Downloading from localsmartbear: https://rapi.tools.ops.smartbear.io/nexus/content/groups/public/org/codehaus/plexus/plexus-containers/1.0.3/plexus-containers-1.0.3.pom
[INFO] Downloaded from localsmartbear: https://rapi.tools.ops.smartbear.io/nexus/content/groups/public/org/codehaus/plexus/plexus-containers/1.0.3/plexus-containers-1.0.3.pom (492 B at 8.6 kB/s)
[INFO] Downloading from localsmartbear: https://rapi.tools.ops.smartbear.io/nexus/content/groups/public/org/codehaus/plexus/plexus/1.0.4/plexus-1.0.4.pom
[INFO] Downloaded from localsmartbear: https://rapi.tools.ops.smartbear.io/nexus/content/groups/public/org/codehaus/plexus/plexus/1.0.4/plexus-1.0.4.pom (5.7 kB at 96 kB/s)
[INFO] Downloading from localsmartbear: https://rapi.tools.ops.smartbear.io/nexus/content/groups/public/junit/junit/4.12/junit-4.12.pom
[INFO] Downloaded from localsmartbear: https://rapi.tools.ops.smartbear.io/nexus/content/groups/public/junit/junit/4.12/junit-4.12.pom (24 kB at 382 kB/s)
[INFO] Downloading from localsmartbear: https://rapi.tools.ops.smartbear.io/nexus/content/groups/public/org/hamcrest/hamcrest-core/1.3/hamcrest-core-1.3.pom
[INFO] Downloaded from localsmartbear: https://rapi.tools.ops.smartbear.io/nexus/content/groups/public/org/hamcrest/hamcrest-core/1.3/hamcrest-core-1.3.pom (766 B at 15 kB/s)
[INFO] Downloading from localsmartbear: https://rapi.tools.ops.smartbear.io/nexus/content/groups/public/org/hamcrest/hamcrest-parent/1.3/hamcrest-parent-1.3.pom
[INFO] Downloaded from localsmartbear: https://rapi.tools.ops.smartbear.io/nexus/content/groups/public/org/hamcrest/hamcrest-parent/1.3/hamcrest-parent-1.3.pom (2.0 kB at 35 kB/s)
[INFO] Downloading from localsmartbear: https://rapi.tools.ops.smartbear.io/nexus/content/groups/public/org/codehaus/plexus/plexus-utils/1.0.4/plexus-utils-1.0.4.pom
[INFO] Downloaded from localsmartbear: https://rapi.tools.ops.smartbear.io/nexus/content/groups/public/org/codehaus/plexus/plexus-utils/1.0.4/plexus-utils-1.0.4.pom (6.9 kB at 104 kB/s)
[INFO] Downloading from localsmartbear: https://rapi.tools.ops.smartbear.io/nexus/content/groups/public/classworlds/classworlds/1.1-alpha-2/classworlds-1.1-alpha-2.pom
[INFO] Downloaded from localsmartbear: https://rapi.tools.ops.smartbear.io/nexus/content/groups/public/classworlds/classworlds/1.1-alpha-2/classworlds-1.1-alpha-2.pom (3.1 kB at 54 kB/s)
[INFO] Downloading from localsmartbear: https://rapi.tools.ops.smartbear.io/nexus/content/groups/public/org/apache/maven/reporting/maven-reporting-api/3.0/maven-reporting-api-3.0.pom
[INFO] Downloaded from localsmartbear: https://rapi.tools.ops.smartbear.io/nexus/content/groups/public/org/apache/maven/reporting/maven-reporting-api/3.0/maven-reporting-api-3.0.pom (2.4 kB at 43 kB/s)
[INFO] Downloading from localsmartbear: https://rapi.tools.ops.smartbear.io/nexus/content/groups/public/org/apache/maven/shared/maven-shared-components/15/maven-shared-components-15.pom
[INFO] Downloaded from localsmartbear: https://rapi.tools.ops.smartbear.io/nexus/content/groups/public/org/apache/maven/shared/maven-shared-components/15/maven-shared-components-15.pom (9.3 kB at 176 kB/s)
[INFO] Downloading from localsmartbear: https://rapi.tools.ops.smartbear.io/nexus/content/groups/public/org/apache/maven/maven-parent/16/maven-parent-16.pom
[INFO] Downloaded from localsmartbear: https://rapi.tools.ops.smartbear.io/nexus/content/groups/public/org/apache/maven/maven-parent/16/maven-parent-16.pom (23 kB at 364 kB/s)
[INFO] Downloading from localsmartbear: https://rapi.tools.ops.smartbear.io/nexus/content/groups/public/org/apache/apache/7/apache-7.pom
[INFO] Downloaded from localsmartbear: https://rapi.tools.ops.smartbear.io/nexus/content/groups/public/org/apache/apache/7/apache-7.pom (14 kB at 245 kB/s)
[INFO] Downloading from localsmartbear: https://rapi.tools.ops.smartbear.io/nexus/content/groups/public/classworlds/classworlds/1.1/classworlds-1.1.pom
[INFO] Downloaded from localsmartbear: https://rapi.tools.ops.smartbear.io/nexus/content/groups/public/classworlds/classworlds/1.1/classworlds-1.1.pom (3.3 kB at 58 kB/s)
[INFO] Downloading from localsmartbear: https://rapi.tools.ops.smartbear.io/nexus/content/groups/public/org/apache/maven/maven-toolchain/2.2.1/maven-toolchain-2.2.1.pom
[INFO] Downloaded from localsmartbear: https://rapi.tools.ops.smartbear.io/nexus/content/groups/public/org/apache/maven/maven-toolchain/2.2.1/maven-toolchain-2.2.1.pom (3.3 kB at 55 kB/s)
[INFO] Downloading from localsmartbear: https://rapi.tools.ops.smartbear.io/nexus/content/groups/public/com/thoughtworks/qdox/qdox/2.0-M8/qdox-2.0-M8.pom
[INFO] Downloaded from localsmartbear: https://rapi.tools.ops.smartbear.io/nexus/content/groups/public/com/thoughtworks/qdox/qdox/2.0-M8/qdox-2.0-M8.pom (16 kB at 256 kB/s)
[INFO] Downloading from localsmartbear: https://rapi.tools.ops.smartbear.io/nexus/content/groups/public/org/apache/maven/surefire/maven-surefire-common/2.22.2/maven-surefire-common-2.22.2.jar
[INFO] Downloading from localsmartbear: https://rapi.tools.ops.smartbear.io/nexus/content/groups/public/org/apache/maven/surefire/surefire-logger-api/2.22.2/surefire-logger-api-2.22.2.jar
[INFO] Downloading from localsmartbear: https://rapi.tools.ops.smartbear.io/nexus/content/groups/public/org/apache/maven/maven-plugin-api/2.2.1/maven-plugin-api-2.2.1.jar
[INFO] Downloading from localsmartbear: https://rapi.tools.ops.smartbear.io/nexus/content/groups/public/org/apache/maven/surefire/surefire-api/2.22.2/surefire-api-2.22.2.jar
[INFO] Downloading from localsmartbear: https://rapi.tools.ops.smartbear.io/nexus/content/groups/public/org/apache/maven/plugin-tools/maven-plugin-annotations/3.5.2/maven-plugin-annotations-3.5.2.jar
[INFO] Downloaded from localsmartbear: https://rapi.tools.ops.smartbear.io/nexus/content/groups/public/org/apache/maven/plugin-tools/maven-plugin-annotations/3.5.2/maven-plugin-annotations-3.5.2.jar (14 kB at 101 kB/s)
[INFO] Downloaded from localsmartbear: https://rapi.tools.ops.smartbear.io/nexus/content/groups/public/org/apache/maven/maven-plugin-api/2.2.1/maven-plugin-api-2.2.1.jar (12 kB at 88 kB/s)
[INFO] Downloaded from localsmartbear: https://rapi.tools.ops.smartbear.io/nexus/content/groups/public/org/apache/maven/surefire/surefire-logger-api/2.22.2/surefire-logger-api-2.22.2.jar (13 kB at 95 kB/s)
[INFO] Downloading from localsmartbear: https://rapi.tools.ops.smartbear.io/nexus/content/groups/public/org/apache/maven/maven-artifact/2.2.1/maven-artifact-2.2.1.jar
[INFO] Downloading from localsmartbear: https://rapi.tools.ops.smartbear.io/nexus/content/groups/public/org/apache/maven/surefire/surefire-booter/2.22.2/surefire-booter-2.22.2.jar
[INFO] Downloading from localsmartbear: https://rapi.tools.ops.smartbear.io/nexus/content/groups/public/org/codehaus/plexus/plexus-utils/1.5.15/plexus-utils-1.5.15.jar
[INFO] Downloaded from localsmartbear: https://rapi.tools.ops.smartbear.io/nexus/content/groups/public/org/apache/maven/surefire/surefire-api/2.22.2/surefire-api-2.22.2.jar (186 kB at 740 kB/s)
[INFO] Downloading from localsmartbear: https://rapi.tools.ops.smartbear.io/nexus/content/groups/public/org/apache/maven/maven-plugin-descriptor/2.2.1/maven-plugin-descriptor-2.2.1.jar
[INFO] Downloaded from localsmartbear: https://rapi.tools.ops.smartbear.io/nexus/content/groups/public/org/apache/maven/maven-artifact/2.2.1/maven-artifact-2.2.1.jar (80 kB at 261 kB/s)
[INFO] Downloading from localsmartbear: https://rapi.tools.ops.smartbear.io/nexus/content/groups/public/org/codehaus/plexus/plexus-container-default/1.0-alpha-9-stable-1/plexus-container-default-1.0-alpha-9-stable-1.jar
[INFO] Downloaded from localsmartbear: https://rapi.tools.ops.smartbear.io/nexus/content/groups/public/org/apache/maven/surefire/maven-surefire-common/2.22.2/maven-surefire-common-2.22.2.jar (528 kB at 1.6 MB/s)
[INFO] Downloading from localsmartbear: https://rapi.tools.ops.smartbear.io/nexus/content/groups/public/junit/junit/4.12/junit-4.12.jar
[INFO] Downloaded from localsmartbear: https://rapi.tools.ops.smartbear.io/nexus/content/groups/public/org/apache/maven/surefire/surefire-booter/2.22.2/surefire-booter-2.22.2.jar (274 kB at 664 kB/s)
[INFO] Downloaded from localsmartbear: https://rapi.tools.ops.smartbear.io/nexus/content/groups/public/org/codehaus/plexus/plexus-utils/1.5.15/plexus-utils-1.5.15.jar (228 kB at 554 kB/s)
[INFO] Downloaded from localsmartbear: https://rapi.tools.ops.smartbear.io/nexus/content/groups/public/org/apache/maven/maven-plugin-descriptor/2.2.1/maven-plugin-descriptor-2.2.1.jar (39 kB at 95 kB/s)
[INFO] Downloading from localsmartbear: https://rapi.tools.ops.smartbear.io/nexus/content/groups/public/org/hamcrest/hamcrest-core/1.3/hamcrest-core-1.3.jar
[INFO] Downloading from localsmartbear: https://rapi.tools.ops.smartbear.io/nexus/content/groups/public/org/apache/maven/maven-settings/2.2.1/maven-settings-2.2.1.jar
[INFO] Downloading from localsmartbear: https://rapi.tools.ops.smartbear.io/nexus/content/groups/public/org/apache/maven/maven-project/2.2.1/maven-project-2.2.1.jar
[INFO] Downloaded from localsmartbear: https://rapi.tools.ops.smartbear.io/nexus/content/groups/public/org/apache/maven/maven-settings/2.2.1/maven-settings-2.2.1.jar (49 kB at 99 kB/s)
[INFO] Downloading from localsmartbear: https://rapi.tools.ops.smartbear.io/nexus/content/groups/public/org/apache/maven/maven-profile/2.2.1/maven-profile-2.2.1.jar
[INFO] Downloaded from localsmartbear: https://rapi.tools.ops.smartbear.io/nexus/content/groups/public/org/codehaus/plexus/plexus-container-default/1.0-alpha-9-stable-1/plexus-container-default-1.0-alpha-9-stable-1.jar (194 kB at 391 kB/s)
[INFO] Downloading from localsmartbear: https://rapi.tools.ops.smartbear.io/nexus/content/groups/public/org/apache/maven/maven-artifact-manager/2.2.1/maven-artifact-manager-2.2.1.jar
[INFO] Downloaded from localsmartbear: https://rapi.tools.ops.smartbear.io/nexus/content/groups/public/junit/junit/4.12/junit-4.12.jar (315 kB at 610 kB/s)
[INFO] Downloaded from localsmartbear: https://rapi.tools.ops.smartbear.io/nexus/content/groups/public/org/hamcrest/hamcrest-core/1.3/hamcrest-core-1.3.jar (45 kB at 87 kB/s)
[INFO] Downloading from localsmartbear: https://rapi.tools.ops.smartbear.io/nexus/content/groups/public/org/apache/maven/maven-plugin-registry/2.2.1/maven-plugin-registry-2.2.1.jar
[INFO] Downloading from localsmartbear: https://rapi.tools.ops.smartbear.io/nexus/content/groups/public/backport-util-concurrent/backport-util-concurrent/3.1/backport-util-concurrent-3.1.jar
[INFO] Downloaded from localsmartbear: https://rapi.tools.ops.smartbear.io/nexus/content/groups/public/org/apache/maven/maven-project/2.2.1/maven-project-2.2.1.jar (156 kB at 287 kB/s)
[INFO] Downloading from localsmartbear: https://rapi.tools.ops.smartbear.io/nexus/content/groups/public/org/codehaus/plexus/plexus-interpolation/1.11/plexus-interpolation-1.11.jar
[INFO] Downloaded from localsmartbear: https://rapi.tools.ops.smartbear.io/nexus/content/groups/public/org/apache/maven/maven-profile/2.2.1/maven-profile-2.2.1.jar (35 kB at 60 kB/s)
[INFO] Downloaded from localsmartbear: https://rapi.tools.ops.smartbear.io/nexus/content/groups/public/org/apache/maven/maven-artifact-manager/2.2.1/maven-artifact-manager-2.2.1.jar (68 kB at 115 kB/s)
[INFO] Downloading from localsmartbear: https://rapi.tools.ops.smartbear.io/nexus/content/groups/public/org/apache/maven/maven-model/2.2.1/maven-model-2.2.1.jar
[INFO] Downloading from localsmartbear: https://rapi.tools.ops.smartbear.io/nexus/content/groups/public/org/apache/maven/maven-core/2.2.1/maven-core-2.2.1.jar
[INFO] Downloaded from localsmartbear: https://rapi.tools.ops.smartbear.io/nexus/content/groups/public/org/apache/maven/maven-plugin-registry/2.2.1/maven-plugin-registry-2.2.1.jar (30 kB at 49 kB/s)
[INFO] Downloading from localsmartbear: https://rapi.tools.ops.smartbear.io/nexus/content/groups/public/org/apache/maven/maven-plugin-parameter-documenter/2.2.1/maven-plugin-parameter-documenter-2.2.1.jar
[INFO] Downloaded from localsmartbear: https://rapi.tools.ops.smartbear.io/nexus/content/groups/public/org/codehaus/plexus/plexus-interpolation/1.11/plexus-interpolation-1.11.jar (51 kB at 77 kB/s)
[INFO] Downloading from localsmartbear: https://rapi.tools.ops.smartbear.io/nexus/content/groups/public/org/slf4j/slf4j-jdk14/1.5.6/slf4j-jdk14-1.5.6.jar
[INFO] Downloaded from localsmartbear: https://rapi.tools.ops.smartbear.io/nexus/content/groups/public/backport-util-concurrent/backport-util-concurrent/3.1/backport-util-concurrent-3.1.jar (332 kB at 491 kB/s)
[INFO] Downloading from localsmartbear: https://rapi.tools.ops.smartbear.io/nexus/content/groups/public/org/slf4j/slf4j-api/1.5.6/slf4j-api-1.5.6.jar
[INFO] Downloaded from localsmartbear: https://rapi.tools.ops.smartbear.io/nexus/content/groups/public/org/apache/maven/maven-model/2.2.1/maven-model-2.2.1.jar (88 kB at 127 kB/s)
[INFO] Downloading from localsmartbear: https://rapi.tools.ops.smartbear.io/nexus/content/groups/public/org/slf4j/jcl-over-slf4j/1.5.6/jcl-over-slf4j-1.5.6.jar
[INFO] Downloaded from localsmartbear: https://rapi.tools.ops.smartbear.io/nexus/content/groups/public/org/apache/maven/maven-plugin-parameter-documenter/2.2.1/maven-plugin-parameter-documenter-2.2.1.jar (22 kB at 32 kB/s)
[INFO] Downloading from localsmartbear: https://rapi.tools.ops.smartbear.io/nexus/content/groups/public/org/apache/maven/reporting/maven-reporting-api/3.0/maven-reporting-api-3.0.jar
[INFO] Downloaded from localsmartbear: https://rapi.tools.ops.smartbear.io/nexus/content/groups/public/org/apache/maven/maven-core/2.2.1/maven-core-2.2.1.jar (178 kB at 251 kB/s)
[INFO] Downloading from localsmartbear: https://rapi.tools.ops.smartbear.io/nexus/content/groups/public/org/apache/maven/maven-repository-metadata/2.2.1/maven-repository-metadata-2.2.1.jar
[INFO] Downloaded from localsmartbear: https://rapi.tools.ops.smartbear.io/nexus/content/groups/public/org/slf4j/slf4j-jdk14/1.5.6/slf4j-jdk14-1.5.6.jar (8.8 kB at 12 kB/s)
[INFO] Downloading from localsmartbear: https://rapi.tools.ops.smartbear.io/nexus/content/groups/public/org/apache/maven/maven-error-diagnostics/2.2.1/maven-error-diagnostics-2.2.1.jar
[INFO] Downloaded from localsmartbear: https://rapi.tools.ops.smartbear.io/nexus/content/groups/public/org/slf4j/slf4j-api/1.5.6/slf4j-api-1.5.6.jar (22 kB at 30 kB/s)
[INFO] Downloading from localsmartbear: https://rapi.tools.ops.smartbear.io/nexus/content/groups/public/org/apache/maven/maven-monitor/2.2.1/maven-monitor-2.2.1.jar
[INFO] Downloaded from localsmartbear: https://rapi.tools.ops.smartbear.io/nexus/content/groups/public/org/apache/maven/reporting/maven-reporting-api/3.0/maven-reporting-api-3.0.jar (11 kB at 14 kB/s)
[INFO] Downloading from localsmartbear: https://rapi.tools.ops.smartbear.io/nexus/content/groups/public/classworlds/classworlds/1.1/classworlds-1.1.jar
[INFO] Downloaded from localsmartbear: https://rapi.tools.ops.smartbear.io/nexus/content/groups/public/org/slf4j/jcl-over-slf4j/1.5.6/jcl-over-slf4j-1.5.6.jar (17 kB at 22 kB/s)
[INFO] Downloading from localsmartbear: https://rapi.tools.ops.smartbear.io/nexus/content/groups/public/org/apache/maven/maven-toolchain/2.2.1/maven-toolchain-2.2.1.jar
[INFO] Downloaded from localsmartbear: https://rapi.tools.ops.smartbear.io/nexus/content/groups/public/org/apache/maven/maven-repository-metadata/2.2.1/maven-repository-metadata-2.2.1.jar (26 kB at 33 kB/s)
[INFO] Downloading from localsmartbear: https://rapi.tools.ops.smartbear.io/nexus/content/groups/public/com/thoughtworks/qdox/qdox/2.0-M8/qdox-2.0-M8.jar
[INFO] Downloaded from localsmartbear: https://rapi.tools.ops.smartbear.io/nexus/content/groups/public/org/apache/maven/maven-error-diagnostics/2.2.1/maven-error-diagnostics-2.2.1.jar (13 kB at 16 kB/s)
[INFO] Downloaded from localsmartbear: https://rapi.tools.ops.smartbear.io/nexus/content/groups/public/org/apache/maven/maven-monitor/2.2.1/maven-monitor-2.2.1.jar (10 kB at 13 kB/s)
[INFO] Downloaded from localsmartbear: https://rapi.tools.ops.smartbear.io/nexus/content/groups/public/classworlds/classworlds/1.1/classworlds-1.1.jar (38 kB at 45 kB/s)
[INFO] Downloaded from localsmartbear: https://rapi.tools.ops.smartbear.io/nexus/content/groups/public/org/apache/maven/maven-toolchain/2.2.1/maven-toolchain-2.2.1.jar (38 kB at 45 kB/s)
[INFO] Downloaded from localsmartbear: https://rapi.tools.ops.smartbear.io/nexus/content/groups/public/com/thoughtworks/qdox/qdox/2.0-M8/qdox-2.0-M8.jar (316 kB at 323 kB/s)
[INFO] Downloading from localsmartbear: https://rapi.tools.ops.smartbear.io/nexus/content/groups/public/org/apache/maven/surefire/surefire-junit-platform/2.22.2/surefire-junit-platform-2.22.2.pom
[INFO] Downloaded from localsmartbear: https://rapi.tools.ops.smartbear.io/nexus/content/groups/public/org/apache/maven/surefire/surefire-junit-platform/2.22.2/surefire-junit-platform-2.22.2.pom (7.0 kB at 47 kB/s)
[INFO] Downloading from localsmartbear: https://rapi.tools.ops.smartbear.io/nexus/content/groups/public/org/apache/maven/surefire/surefire-providers/2.22.2/surefire-providers-2.22.2.pom
[INFO] Downloaded from localsmartbear: https://rapi.tools.ops.smartbear.io/nexus/content/groups/public/org/apache/maven/surefire/surefire-providers/2.22.2/surefire-providers-2.22.2.pom (2.5 kB at 48 kB/s)
[INFO] Downloading from localsmartbear: https://rapi.tools.ops.smartbear.io/nexus/content/groups/public/org/junit/platform/junit-platform-launcher/1.3.1/junit-platform-launcher-1.3.1.pom
[INFO] Downloaded from localsmartbear: https://rapi.tools.ops.smartbear.io/nexus/content/groups/public/org/junit/platform/junit-platform-launcher/1.3.1/junit-platform-launcher-1.3.1.pom (2.2 kB at 22 kB/s)
[INFO] Downloading from localsmartbear: https://rapi.tools.ops.smartbear.io/nexus/content/groups/public/org/apiguardian/apiguardian-api/1.0.0/apiguardian-api-1.0.0.pom
[INFO] Downloaded from localsmartbear: https://rapi.tools.ops.smartbear.io/nexus/content/groups/public/org/apiguardian/apiguardian-api/1.0.0/apiguardian-api-1.0.0.pom (1.2 kB at 12 kB/s)
[INFO] Downloading from localsmartbear: https://rapi.tools.ops.smartbear.io/nexus/content/groups/public/org/junit/platform/junit-platform-engine/1.3.1/junit-platform-engine-1.3.1.pom
[INFO] Downloaded from localsmartbear: https://rapi.tools.ops.smartbear.io/nexus/content/groups/public/org/junit/platform/junit-platform-engine/1.3.1/junit-platform-engine-1.3.1.pom (2.4 kB at 24 kB/s)
[INFO] Downloading from localsmartbear: https://rapi.tools.ops.smartbear.io/nexus/content/groups/public/org/junit/platform/junit-platform-commons/1.3.1/junit-platform-commons-1.3.1.pom
[INFO] Downloaded from localsmartbear: https://rapi.tools.ops.smartbear.io/nexus/content/groups/public/org/junit/platform/junit-platform-commons/1.3.1/junit-platform-commons-1.3.1.pom (2.0 kB at 20 kB/s)
[INFO] Downloading from localsmartbear: https://rapi.tools.ops.smartbear.io/nexus/content/groups/public/org/opentest4j/opentest4j/1.1.1/opentest4j-1.1.1.pom
[INFO] Downloaded from localsmartbear: https://rapi.tools.ops.smartbear.io/nexus/content/groups/public/org/opentest4j/opentest4j/1.1.1/opentest4j-1.1.1.pom (1.7 kB at 28 kB/s)
[INFO] Downloading from localsmartbear: https://rapi.tools.ops.smartbear.io/nexus/content/groups/public/org/junit/platform/junit-platform-commons/1.3.1/junit-platform-commons-1.3.1.jar
[INFO] Downloading from localsmartbear: https://rapi.tools.ops.smartbear.io/nexus/content/groups/public/org/junit/platform/junit-platform-engine/1.3.1/junit-platform-engine-1.3.1.jar
[INFO] Downloading from localsmartbear: https://rapi.tools.ops.smartbear.io/nexus/content/groups/public/org/apache/maven/surefire/surefire-junit-platform/2.22.2/surefire-junit-platform-2.22.2.jar
[INFO] Downloading from localsmartbear: https://rapi.tools.ops.smartbear.io/nexus/content/groups/public/org/junit/platform/junit-platform-launcher/1.3.1/junit-platform-launcher-1.3.1.jar
[INFO] Downloading from localsmartbear: https://rapi.tools.ops.smartbear.io/nexus/content/groups/public/org/apiguardian/apiguardian-api/1.0.0/apiguardian-api-1.0.0.jar
[INFO] Downloaded from localsmartbear: https://rapi.tools.ops.smartbear.io/nexus/content/groups/public/org/apiguardian/apiguardian-api/1.0.0/apiguardian-api-1.0.0.jar (2.2 kB at 23 kB/s)
[INFO] Downloading from localsmartbear: https://rapi.tools.ops.smartbear.io/nexus/content/groups/public/org/opentest4j/opentest4j/1.1.1/opentest4j-1.1.1.jar
[INFO] Downloaded from localsmartbear: https://rapi.tools.ops.smartbear.io/nexus/content/groups/public/org/apache/maven/surefire/surefire-junit-platform/2.22.2/surefire-junit-platform-2.22.2.jar (66 kB at 461 kB/s)
[INFO] Downloaded from localsmartbear: https://rapi.tools.ops.smartbear.io/nexus/content/groups/public/org/junit/platform/junit-platform-launcher/1.3.1/junit-platform-launcher-1.3.1.jar (95 kB at 639 kB/s)
[INFO] Downloaded from localsmartbear: https://rapi.tools.ops.smartbear.io/nexus/content/groups/public/org/junit/platform/junit-platform-commons/1.3.1/junit-platform-commons-1.3.1.jar (78 kB at 481 kB/s)
[INFO] Downloaded from localsmartbear: https://rapi.tools.ops.smartbear.io/nexus/content/groups/public/org/junit/platform/junit-platform-engine/1.3.1/junit-platform-engine-1.3.1.jar (135 kB at 730 kB/s)
[INFO] Downloaded from localsmartbear: https://rapi.tools.ops.smartbear.io/nexus/content/groups/public/org/opentest4j/opentest4j/1.1.1/opentest4j-1.1.1.jar (7.1 kB at 38 kB/s)
[INFO] 
[INFO] -------------------------------------------------------
[INFO]  T E S T S
[INFO] -------------------------------------------------------
[INFO] Running com.example.demo.DemoApplicationTests
17:24:25.055 [main] DEBUG org.springframework.test.context.BootstrapUtils - Instantiating CacheAwareContextLoaderDelegate from class [org.springframework.test.context.cache.DefaultCacheAwareContextLoaderDelegate]
17:24:25.065 [main] DEBUG org.springframework.test.context.BootstrapUtils - Instantiating BootstrapContext using constructor [public org.springframework.test.context.support.DefaultBootstrapContext(java.lang.Class,org.springframework.test.context.CacheAwareContextLoaderDelegate)]
17:24:25.097 [main] DEBUG org.springframework.test.context.BootstrapUtils - Instantiating TestContextBootstrapper for test class [com.example.demo.DemoApplicationTests] from class [org.springframework.boot.test.context.SpringBootTestContextBootstrapper]
17:24:25.107 [main] INFO org.springframework.boot.test.context.SpringBootTestContextBootstrapper - Neither @ContextConfiguration nor @ContextHierarchy found for test class [com.example.demo.DemoApplicationTests], using SpringBootContextLoader
17:24:25.111 [main] DEBUG org.springframework.test.context.support.AbstractContextLoader - Did not detect default resource location for test class [com.example.demo.DemoApplicationTests]: class path resource [com/example/demo/DemoApplicationTests-context.xml] does not exist
17:24:25.112 [main] DEBUG org.springframework.test.context.support.AbstractContextLoader - Did not detect default resource location for test class [com.example.demo.DemoApplicationTests]: class path resource [com/example/demo/DemoApplicationTestsContext.groovy] does not exist
17:24:25.112 [main] INFO org.springframework.test.context.support.AbstractContextLoader - Could not detect default resource locations for test class [com.example.demo.DemoApplicationTests]: no resource found for suffixes {-context.xml, Context.groovy}.
17:24:25.112 [main] INFO org.springframework.test.context.support.AnnotationConfigContextLoaderUtils - Could not detect default configuration classes for test class [com.example.demo.DemoApplicationTests]: DemoApplicationTests does not declare any static, non-private, non-final, nested classes annotated with @Configuration.
17:24:25.151 [main] DEBUG org.springframework.test.context.support.ActiveProfilesUtils - Could not find an 'annotation declaring class' for annotation type [org.springframework.test.context.ActiveProfiles] and class [com.example.demo.DemoApplicationTests]
17:24:25.201 [main] DEBUG org.springframework.context.annotation.ClassPathScanningCandidateComponentProvider - Identified candidate component class: file [c:\WS\repos\java\demo\target\classes\com\example\demo\DemoApplication.class]
17:24:25.201 [main] INFO org.springframework.boot.test.context.SpringBootTestContextBootstrapper - Found @SpringBootConfiguration com.example.demo.DemoApplication for test class com.example.demo.DemoApplicationTests
17:24:25.286 [main] DEBUG org.springframework.boot.test.context.SpringBootTestContextBootstrapper - @TestExecutionListeners is not present for class [com.example.demo.DemoApplicationTests]: using defaults.
17:24:25.287 [main] INFO org.springframework.boot.test.context.SpringBootTestContextBootstrapper - Loaded default TestExecutionListener class names from location [META-INF/spring.factories]: [org.springframework.boot.test.mock.mockito.MockitoTestExecutionListener, org.springframework.boot.test.mock.mockito.ResetMocksTestExecutionListener, org.springframework.boot.test.autoconfigure.restdocs.RestDocsTestExecutionListener, org.springframework.boot.test.autoconfigure.web.client.MockRestServiceServerResetTestExecutionListener, org.springframework.boot.test.autoconfigure.web.servlet.MockMvcPrintOnlyOnFailureTestExecutionListener, org.springframework.boot.test.autoconfigure.web.servlet.WebDriverTestExecutionListener, org.springframework.boot.test.autoconfigure.webservices.client.MockWebServiceServerTestExecutionListener, org.springframework.test.context.web.ServletTestExecutionListener, org.springframework.test.context.support.DirtiesContextBeforeModesTestExecutionListener, org.springframework.test.context.event.ApplicationEventsTestExecutionListener, org.springframework.test.context.support.DependencyInjectionTestExecutionListener, org.springframework.test.context.support.DirtiesContextTestExecutionListener, org.springframework.test.context.transaction.TransactionalTestExecutionListener, org.springframework.test.context.jdbc.SqlScriptsTestExecutionListener, org.springframework.test.context.event.EventPublishingTestExecutionListener]
17:24:25.294 [main] DEBUG org.springframework.boot.test.context.SpringBootTestContextBootstrapper - Skipping candidate TestExecutionListener [org.springframework.test.context.web.ServletTestExecutionListener] due to a missing dependency. Specify custom listener classes or make the default listener classes and their required dependencies available. Offending class: [javax/servlet/ServletContext]
17:24:25.295 [main] DEBUG org.springframework.boot.test.context.SpringBootTestContextBootstrapper - Skipping candidate TestExecutionListener [org.springframework.test.context.transaction.TransactionalTestExecutionListener] due to a missing dependency. Specify custom listener classes or make the default listener classes and their required dependencies available. Offending class: [org/springframework/transaction/interceptor/TransactionAttributeSource]
17:24:25.296 [main] DEBUG org.springframework.boot.test.context.SpringBootTestContextBootstrapper - Skipping candidate TestExecutionListener [org.springframework.test.context.jdbc.SqlScriptsTestExecutionListener] due to a missing dependency. Specify custom listener classes or make the default listener classes and their required dependencies available. Offending class: [org/springframework/transaction/interceptor/TransactionAttribute]
17:24:25.296 [main] INFO org.springframework.boot.test.context.SpringBootTestContextBootstrapper - Using TestExecutionListeners: [org.springframework.test.context.support.DirtiesContextBeforeModesTestExecutionListener@42463763, org.springframework.test.context.event.ApplicationEventsTestExecutionListener@59f63e24, org.springframework.boot.test.mock.mockito.MockitoTestExecutionListener@61f05988, org.springframework.boot.test.autoconfigure.SpringBootDependencyInjectionTestExecutionListener@7ca33c24, org.springframework.test.context.support.DirtiesContextTestExecutionListener@fade1fc, org.springframework.test.context.event.EventPublishingTestExecutionListener@67c2e933, org.springframework.boot.test.mock.mockito.ResetMocksTestExecutionListener@41dd05a, org.springframework.boot.test.autoconfigure.restdocs.RestDocsTestExecutionListener@613a8ee1, org.springframework.boot.test.autoconfigure.web.client.MockRestServiceServerResetTestExecutionListener@178213b, org.springframework.boot.test.autoconfigure.web.servlet.MockMvcPrintOnlyOnFailureTestExecutionListener@7103cb56, org.springframework.boot.test.autoconfigure.web.servlet.WebDriverTestExecutionListener@1b765a2c, org.springframework.boot.test.autoconfigure.webservices.client.MockWebServiceServerTestExecutionListener@2e8e8225]
17:24:25.299 [main] DEBUG org.springframework.test.context.support.AbstractDirtiesContextTestExecutionListener - Before test class: context [DefaultTestContext@4af0df05 testClass = DemoApplicationTests, testInstance = [null], testMethod = [null], testException = [null], mergedContextConfiguration = [MergedContextConfiguration@57ea113a testClass = DemoApplicationTests, locations = '{}', classes = '{class com.example.demo.DemoApplication}', contextInitializerClasses = '[]', activeProfiles = '{}', propertySourceLocations = '{}', propertySourceProperties = '{org.springframework.boot.test.context.SpringBootTestContextBootstrapper=true}', contextCustomizers = set[org.springframework.boot.test.context.filter.ExcludeFilterContextCustomizer@7098b907, org.springframework.boot.test.json.DuplicateJsonObjectContextCustomizerFactory$DuplicateJsonObjectContextCustomizer@2235eaab, org.springframework.boot.test.mock.mockito.MockitoContextCustomizer@0, org.springframework.boot.test.web.client.TestRestTemplateContextCustomizer@28194a50, org.springframework.boot.test.autoconfigure.actuate.metrics.MetricsExportContextCustomizerFactory$DisableMetricExportContextCustomizer@3214ee6, org.springframework.boot.test.autoconfigure.properties.PropertyMappingContextCustomizer@0, org.springframework.boot.test.autoconfigure.web.servlet.WebDriverContextCustomizerFactory$Customizer@6c7a164b, org.springframework.boot.test.context.SpringBootTestArgs@1, org.springframework.boot.test.context.SpringBootTestWebEnvironment@7adda9cc], contextLoader = 'org.springframework.boot.test.context.SpringBootContextLoader', parent = [null]], attributes = map[[empty]]], class annotated with @DirtiesContext [false] with mode [null].
17:24:25.311 [main] DEBUG org.springframework.test.context.support.DependencyInjectionTestExecutionListener - Performing dependency injection for test context [[DefaultTestContext@4af0df05 testClass = DemoApplicationTests, testInstance = com.example.demo.DemoApplicationTests@77a7cf58, testMethod = [null], testException = [null], mergedContextConfiguration = [MergedContextConfiguration@57ea113a testClass = DemoApplicationTests, locations = '{}', classes = '{class com.example.demo.DemoApplication}', contextInitializerClasses = '[]', activeProfiles = '{}', propertySourceLocations = '{}', propertySourceProperties = '{org.springframework.boot.test.context.SpringBootTestContextBootstrapper=true}', contextCustomizers = set[org.springframework.boot.test.context.filter.ExcludeFilterContextCustomizer@7098b907, org.springframework.boot.test.json.DuplicateJsonObjectContextCustomizerFactory$DuplicateJsonObjectContextCustomizer@2235eaab, org.springframework.boot.test.mock.mockito.MockitoContextCustomizer@0, org.springframework.boot.test.web.client.TestRestTemplateContextCustomizer@28194a50, org.springframework.boot.test.autoconfigure.actuate.metrics.MetricsExportContextCustomizerFactory$DisableMetricExportContextCustomizer@3214ee6, org.springframework.boot.test.autoconfigure.properties.PropertyMappingContextCustomizer@0, org.springframework.boot.test.autoconfigure.web.servlet.WebDriverContextCustomizerFactory$Customizer@6c7a164b, org.springframework.boot.test.context.SpringBootTestArgs@1, org.springframework.boot.test.context.SpringBootTestWebEnvironment@7adda9cc], contextLoader = 'org.springframework.boot.test.context.SpringBootContextLoader', parent = [null]], attributes = map['org.springframework.test.context.event.ApplicationEventsTestExecutionListener.recordApplicationEvents' -> false]]].
17:24:25.331 [main] DEBUG org.springframework.test.context.support.TestPropertySourceUtils - Adding inlined properties to environment: {spring.jmx.enabled=false, org.springframework.boot.test.context.SpringBootTestContextBootstrapper=true}

  .   ____          _            __ _ _
 /\\ / ___'_ __ _ _(_)_ __  __ _ \ \ \ \
( ( )\___ | '_ | '_| | '_ \/ _` | \ \ \ \
 \\/  ___)| |_)| | | | | || (_| |  ) ) ) )
  '  |____| .__|_| |_|_| |_\__, | / / / /
 =========|_|==============|___/=/_/_/_/
 :: Spring Boot ::                (v2.4.4)

2021-04-01 17:24:25.597  INFO 10836 --- [           main] com.example.demo.DemoApplicationTests    : Starting DemoApplicationTests using Java 11.0.8 on DESKTOP-9D2PHR7 with PID 10836 (started by elizu in c:\WS\repos\java\demo)
2021-04-01 17:24:25.599  INFO 10836 --- [           main] com.example.demo.DemoApplicationTests    : No active profile set, falling back to default profiles: default
2021-04-01 17:24:26.028  INFO 10836 --- [           main] com.example.demo.DemoApplicationTests    : Started DemoApplicationTests in 0.695 seconds (JVM running for 1.522)
[INFO] Tests run: 1, Failures: 0, Errors: 0, Skipped: 0, Time elapsed: 1.352 s - in com.example.demo.DemoApplicationTests
[INFO] 
[INFO] Results:
[INFO] 
[INFO] Tests run: 1, Failures: 0, Errors: 0, Skipped: 0
[INFO] 
[INFO] 
[INFO] --- ready-api-maven-plugin:3.7.0:test (default) @ demo ---
[INFO] Downloading from localsmartbear: https://rapi.tools.ops.smartbear.io/nexus/content/groups/public/com/smartbear/ready-api-soapui-pro/3.7.0/ready-api-soapui-pro-3.7.0.pom
[INFO] Downloaded from localsmartbear: https://rapi.tools.ops.smartbear.io/nexus/content/groups/public/com/smartbear/ready-api-soapui-pro/3.7.0/ready-api-soapui-pro-3.7.0.pom (18 kB at 242 kB/s)
[INFO] Downloading from localsmartbear: https://rapi.tools.ops.smartbear.io/nexus/content/groups/public/org/apache/logging/log4j/log4j-api/2.11.0/log4j-api-2.11.0.pom
[INFO] Downloaded from localsmartbear: https://rapi.tools.ops.smartbear.io/nexus/content/groups/public/org/apache/logging/log4j/log4j-api/2.11.0/log4j-api-2.11.0.pom (14 kB at 222 kB/s)
[INFO] Downloading from localsmartbear: https://rapi.tools.ops.smartbear.io/nexus/content/groups/public/org/apache/logging/log4j/log4j/2.11.0/log4j-2.11.0.pom
[INFO] Downloaded from localsmartbear: https://rapi.tools.ops.smartbear.io/nexus/content/groups/public/org/apache/logging/log4j/log4j/2.11.0/log4j-2.11.0.pom (59 kB at 523 kB/s)
[INFO] Downloading from localsmartbear: https://rapi.tools.ops.smartbear.io/nexus/content/groups/public/org/eclipse/mylyn/github/org.eclipse.egit.github.core/2.1.5/org.eclipse.egit.github.core-2.1.5.pom
[INFO] Downloaded from localsmartbear: https://rapi.tools.ops.smartbear.io/nexus/content/groups/public/org/eclipse/mylyn/github/org.eclipse.egit.github.core/2.1.5/org.eclipse.egit.github.core-2.1.5.pom (4.9 kB at 35 kB/s)
[INFO] Downloading from localsmartbear: https://rapi.tools.ops.smartbear.io/nexus/content/groups/public/com/google/code/gson/gson/2.3.1/gson-2.3.1.pom
[INFO] Downloaded from localsmartbear: https://rapi.tools.ops.smartbear.io/nexus/content/groups/public/com/google/code/gson/gson/2.3.1/gson-2.3.1.pom (9.0 kB at 59 kB/s)
[INFO] Downloading from localsmartbear: https://rapi.tools.ops.smartbear.io/nexus/content/groups/public/com/smartbear/ready-api-soapui/3.7.0/ready-api-soapui-3.7.0.pom
[INFO] Downloaded from localsmartbear: https://rapi.tools.ops.smartbear.io/nexus/content/groups/public/com/smartbear/ready-api-soapui/3.7.0/ready-api-soapui-3.7.0.pom (27 kB at 477 kB/s)
[INFO] Downloading from localsmartbear: https://rapi.tools.ops.smartbear.io/nexus/content/groups/public/org/codehaus/groovy/groovy-dateutil/3.0.6/groovy-dateutil-3.0.6.pom
[INFO] Downloaded from localsmartbear: https://rapi.tools.ops.smartbear.io/nexus/content/groups/public/org/codehaus/groovy/groovy-dateutil/3.0.6/groovy-dateutil-3.0.6.pom (22 kB at 219 kB/s)
[INFO] Downloading from localsmartbear: https://rapi.tools.ops.smartbear.io/nexus/content/groups/public/org/codehaus/groovy/groovy/3.0.6/groovy-3.0.6.pom
[INFO] Downloaded from localsmartbear: https://rapi.tools.ops.smartbear.io/nexus/content/groups/public/org/codehaus/groovy/groovy/3.0.6/groovy-3.0.6.pom (24 kB at 156 kB/s)
[INFO] Downloading from localsmartbear: https://rapi.tools.ops.smartbear.io/nexus/content/groups/public/com/github/jiconfont/jiconfont-font_awesome/4.7.0.0/jiconfont-font_awesome-4.7.0.0.pom
[INFO] Downloaded from localsmartbear: https://rapi.tools.ops.smartbear.io/nexus/content/groups/public/com/github/jiconfont/jiconfont-font_awesome/4.7.0.0/jiconfont-font_awesome-4.7.0.0.pom (4.2 kB at 74 kB/s)
[INFO] Downloading from localsmartbear: https://rapi.tools.ops.smartbear.io/nexus/content/groups/public/com/github/jiconfont/jiconfont/1.0.0/jiconfont-1.0.0.pom
[INFO] Downloaded from localsmartbear: https://rapi.tools.ops.smartbear.io/nexus/content/groups/public/com/github/jiconfont/jiconfont/1.0.0/jiconfont-1.0.0.pom (4.0 kB at 39 kB/s)
[INFO] Downloading from localsmartbear: https://rapi.tools.ops.smartbear.io/nexus/content/groups/public/com/github/jiconfont/jiconfont-swing/1.0.1/jiconfont-swing-1.0.1.pom
[INFO] Downloaded from localsmartbear: https://rapi.tools.ops.smartbear.io/nexus/content/groups/public/com/github/jiconfont/jiconfont-swing/1.0.1/jiconfont-swing-1.0.1.pom (4.2 kB at 75 kB/s)
[INFO] Downloading from localsmartbear: https://rapi.tools.ops.smartbear.io/nexus/content/groups/public/com/smartbear/ready-api-core/3.7.0/ready-api-core-3.7.0.pom
[INFO] Downloaded from localsmartbear: https://rapi.tools.ops.smartbear.io/nexus/content/groups/public/com/smartbear/ready-api-core/3.7.0/ready-api-core-3.7.0.pom (19 kB at 337 kB/s)
[INFO] Downloading from localsmartbear: https://rapi.tools.ops.smartbear.io/nexus/content/groups/public/com/google/inject/guice/4.2.2/guice-4.2.2.pom
[INFO] Downloaded from localsmartbear: https://rapi.tools.ops.smartbear.io/nexus/content/groups/public/com/google/inject/guice/4.2.2/guice-4.2.2.pom (11 kB at 108 kB/s)
[INFO] Downloading from localsmartbear: https://rapi.tools.ops.smartbear.io/nexus/content/groups/public/com/google/inject/guice-parent/4.2.2/guice-parent-4.2.2.pom
[INFO] Downloaded from localsmartbear: https://rapi.tools.ops.smartbear.io/nexus/content/groups/public/com/google/inject/guice-parent/4.2.2/guice-parent-4.2.2.pom (16 kB at 273 kB/s)
[INFO] Downloading from localsmartbear: https://rapi.tools.ops.smartbear.io/nexus/content/groups/public/com/google/google/5/google-5.pom
[INFO] Downloaded from localsmartbear: https://rapi.tools.ops.smartbear.io/nexus/content/groups/public/com/google/google/5/google-5.pom (2.5 kB at 44 kB/s)
[INFO] Downloading from localsmartbear: https://rapi.tools.ops.smartbear.io/nexus/content/groups/public/com/google/guava/guava/28.0-jre/guava-28.0-jre.pom
[INFO] Downloaded from localsmartbear: https://rapi.tools.ops.smartbear.io/nexus/content/groups/public/com/google/guava/guava/28.0-jre/guava-28.0-jre.pom (8.7 kB at 158 kB/s)
[INFO] Downloading from localsmartbear: https://rapi.tools.ops.smartbear.io/nexus/content/groups/public/com/google/guava/guava-parent/28.0-jre/guava-parent-28.0-jre.pom
[INFO] Downloaded from localsmartbear: https://rapi.tools.ops.smartbear.io/nexus/content/groups/public/com/google/guava/guava-parent/28.0-jre/guava-parent-28.0-jre.pom (13 kB at 124 kB/s)
[INFO] Downloading from localsmartbear: https://rapi.tools.ops.smartbear.io/nexus/content/groups/public/com/google/guava/failureaccess/1.0.1/failureaccess-1.0.1.pom
[INFO] Downloaded from localsmartbear: https://rapi.tools.ops.smartbear.io/nexus/content/groups/public/com/google/guava/failureaccess/1.0.1/failureaccess-1.0.1.pom (2.4 kB at 46 kB/s)
[INFO] Downloading from localsmartbear: https://rapi.tools.ops.smartbear.io/nexus/content/groups/public/com/google/guava/guava-parent/26.0-android/guava-parent-26.0-android.pom
[INFO] Downloaded from localsmartbear: https://rapi.tools.ops.smartbear.io/nexus/content/groups/public/com/google/guava/guava-parent/26.0-android/guava-parent-26.0-android.pom (10 kB at 173 kB/s)
[INFO] Downloading from localsmartbear: https://rapi.tools.ops.smartbear.io/nexus/content/groups/public/com/google/guava/listenablefuture/9999.0-empty-to-avoid-conflict-with-guava/listenablefuture-9999.0-empty-to-avoid-conflict-with-guava.pom
[INFO] Downloaded from localsmartbear: https://rapi.tools.ops.smartbear.io/nexus/content/groups/public/com/google/guava/listenablefuture/9999.0-empty-to-avoid-conflict-with-guava/listenablefuture-9999.0-empty-to-avoid-conflict-with-guava.pom (2.3 kB at 36 kB/s)
[INFO] Downloading from localsmartbear: https://rapi.tools.ops.smartbear.io/nexus/content/groups/public/com/google/code/findbugs/jsr305/2.0.0/jsr305-2.0.0.pom
[INFO] Downloaded from localsmartbear: https://rapi.tools.ops.smartbear.io/nexus/content/groups/public/com/google/code/findbugs/jsr305/2.0.0/jsr305-2.0.0.pom (965 B at 6.7 kB/s)
[INFO] Downloading from localsmartbear: https://rapi.tools.ops.smartbear.io/nexus/content/groups/public/org/checkerframework/checker-qual/2.8.1/checker-qual-2.8.1.pom
[INFO] Downloaded from localsmartbear: https://rapi.tools.ops.smartbear.io/nexus/content/groups/public/org/checkerframework/checker-qual/2.8.1/checker-qual-2.8.1.pom (2.4 kB at 41 kB/s)
[INFO] Downloading from localsmartbear: https://rapi.tools.ops.smartbear.io/nexus/content/groups/public/com/google/errorprone/error_prone_annotations/2.3.2/error_prone_annotations-2.3.2.pom
[INFO] Downloaded from localsmartbear: https://rapi.tools.ops.smartbear.io/nexus/content/groups/public/com/google/errorprone/error_prone_annotations/2.3.2/error_prone_annotations-2.3.2.pom (1.8 kB at 30 kB/s)
[INFO] Downloading from localsmartbear: https://rapi.tools.ops.smartbear.io/nexus/content/groups/public/com/google/errorprone/error_prone_parent/2.3.2/error_prone_parent-2.3.2.pom
[INFO] Downloaded from localsmartbear: https://rapi.tools.ops.smartbear.io/nexus/content/groups/public/com/google/errorprone/error_prone_parent/2.3.2/error_prone_parent-2.3.2.pom (5.2 kB at 91 kB/s)
[INFO] Downloading from localsmartbear: https://rapi.tools.ops.smartbear.io/nexus/content/groups/public/com/google/j2objc/j2objc-annotations/1.3/j2objc-annotations-1.3.pom
[INFO] Downloaded from localsmartbear: https://rapi.tools.ops.smartbear.io/nexus/content/groups/public/com/google/j2objc/j2objc-annotations/1.3/j2objc-annotations-1.3.pom (2.8 kB at 45 kB/s)
[INFO] Downloading from localsmartbear: https://rapi.tools.ops.smartbear.io/nexus/content/groups/public/org/codehaus/mojo/animal-sniffer-annotations/1.17/animal-sniffer-annotations-1.17.pom
[INFO] Downloaded from localsmartbear: https://rapi.tools.ops.smartbear.io/nexus/content/groups/public/org/codehaus/mojo/animal-sniffer-annotations/1.17/animal-sniffer-annotations-1.17.pom (2.6 kB at 47 kB/s)
[INFO] Downloading from localsmartbear: https://rapi.tools.ops.smartbear.io/nexus/content/groups/public/org/codehaus/mojo/animal-sniffer-parent/1.17/animal-sniffer-parent-1.17.pom
[INFO] Downloaded from localsmartbear: https://rapi.tools.ops.smartbear.io/nexus/content/groups/public/org/codehaus/mojo/animal-sniffer-parent/1.17/animal-sniffer-parent-1.17.pom (8.6 kB at 143 kB/s)
[INFO] Downloading from localsmartbear: https://rapi.tools.ops.smartbear.io/nexus/content/groups/public/org/codehaus/mojo/mojo-parent/40/mojo-parent-40.pom
[INFO] Downloaded from localsmartbear: https://rapi.tools.ops.smartbear.io/nexus/content/groups/public/org/codehaus/mojo/mojo-parent/40/mojo-parent-40.pom (34 kB at 410 kB/s)
[INFO] Downloading from localsmartbear: https://rapi.tools.ops.smartbear.io/nexus/content/groups/public/org/codehaus/groovy/groovy-all/3.0.6/groovy-all-3.0.6.pom
[INFO] Downloaded from localsmartbear: https://rapi.tools.ops.smartbear.io/nexus/content/groups/public/org/codehaus/groovy/groovy-all/3.0.6/groovy-all-3.0.6.pom (25 kB at 167 kB/s)
[INFO] Downloading from localsmartbear: https://rapi.tools.ops.smartbear.io/nexus/content/groups/public/org/codehaus/groovy/groovy-ant/3.0.6/groovy-ant-3.0.6.pom
[INFO] Downloaded from localsmartbear: https://rapi.tools.ops.smartbear.io/nexus/content/groups/public/org/codehaus/groovy/groovy-ant/3.0.6/groovy-ant-3.0.6.pom (23 kB at 151 kB/s)
[INFO] Downloading from localsmartbear: https://rapi.tools.ops.smartbear.io/nexus/content/groups/public/org/apache/ant/ant/1.10.8/ant-1.10.8.pom
[INFO] Downloaded from localsmartbear: https://rapi.tools.ops.smartbear.io/nexus/content/groups/public/org/apache/ant/ant/1.10.8/ant-1.10.8.pom (16 kB at 244 kB/s)
[INFO] Downloading from localsmartbear: https://rapi.tools.ops.smartbear.io/nexus/content/groups/public/org/apache/ant/ant-parent/1.10.8/ant-parent-1.10.8.pom
[INFO] Downloaded from localsmartbear: https://rapi.tools.ops.smartbear.io/nexus/content/groups/public/org/apache/ant/ant-parent/1.10.8/ant-parent-1.10.8.pom (6.5 kB at 119 kB/s)
[INFO] Downloading from localsmartbear: https://rapi.tools.ops.smartbear.io/nexus/content/groups/public/org/apache/ant/ant-junit/1.10.8/ant-junit-1.10.8.pom
[INFO] Downloaded from localsmartbear: https://rapi.tools.ops.smartbear.io/nexus/content/groups/public/org/apache/ant/ant-junit/1.10.8/ant-junit-1.10.8.pom (7.5 kB at 134 kB/s)
[INFO] Downloading from localsmartbear: https://rapi.tools.ops.smartbear.io/nexus/content/groups/public/org/apache/ant/ant-launcher/1.10.8/ant-launcher-1.10.8.pom
[INFO] Downloaded from localsmartbear: https://rapi.tools.ops.smartbear.io/nexus/content/groups/public/org/apache/ant/ant-launcher/1.10.8/ant-launcher-1.10.8.pom (3.2 kB at 55 kB/s)
[INFO] Downloading from localsmartbear: https://rapi.tools.ops.smartbear.io/nexus/content/groups/public/org/apache/ant/ant-antlr/1.10.8/ant-antlr-1.10.8.pom
[INFO] Downloaded from localsmartbear: https://rapi.tools.ops.smartbear.io/nexus/content/groups/public/org/apache/ant/ant-antlr/1.10.8/ant-antlr-1.10.8.pom (4.4 kB at 44 kB/s)
[INFO] Downloading from localsmartbear: https://rapi.tools.ops.smartbear.io/nexus/content/groups/public/org/codehaus/groovy/groovy-groovydoc/3.0.6/groovy-groovydoc-3.0.6.pom
[INFO] Downloaded from localsmartbear: https://rapi.tools.ops.smartbear.io/nexus/content/groups/public/org/codehaus/groovy/groovy-groovydoc/3.0.6/groovy-groovydoc-3.0.6.pom (24 kB at 344 kB/s)
[INFO] Downloading from localsmartbear: https://rapi.tools.ops.smartbear.io/nexus/content/groups/public/org/codehaus/groovy/groovy-astbuilder/3.0.6/groovy-astbuilder-3.0.6.pom
[INFO] Downloaded from localsmartbear: https://rapi.tools.ops.smartbear.io/nexus/content/groups/public/org/codehaus/groovy/groovy-astbuilder/3.0.6/groovy-astbuilder-3.0.6.pom (22 kB at 148 kB/s)
[INFO] Downloading from localsmartbear: https://rapi.tools.ops.smartbear.io/nexus/content/groups/public/org/codehaus/groovy/groovy-cli-picocli/3.0.6/groovy-cli-picocli-3.0.6.pom
[INFO] Downloaded from localsmartbear: https://rapi.tools.ops.smartbear.io/nexus/content/groups/public/org/codehaus/groovy/groovy-cli-picocli/3.0.6/groovy-cli-picocli-3.0.6.pom (22 kB at 219 kB/s)
[INFO] Downloading from localsmartbear: https://rapi.tools.ops.smartbear.io/nexus/content/groups/public/info/picocli/picocli/4.5.1/picocli-4.5.1.pom
[INFO] Downloaded from localsmartbear: https://rapi.tools.ops.smartbear.io/nexus/content/groups/public/info/picocli/picocli/4.5.1/picocli-4.5.1.pom (1.4 kB at 9.5 kB/s)
[INFO] Downloading from localsmartbear: https://rapi.tools.ops.smartbear.io/nexus/content/groups/public/org/codehaus/groovy/groovy-console/3.0.6/groovy-console-3.0.6.pom
[INFO] Downloaded from localsmartbear: https://rapi.tools.ops.smartbear.io/nexus/content/groups/public/org/codehaus/groovy/groovy-console/3.0.6/groovy-console-3.0.6.pom (24 kB at 166 kB/s)
[INFO] Downloading from localsmartbear: https://rapi.tools.ops.smartbear.io/nexus/content/groups/public/org/codehaus/groovy/groovy-templates/3.0.6/groovy-templates-3.0.6.pom
[INFO] Downloaded from localsmartbear: https://rapi.tools.ops.smartbear.io/nexus/content/groups/public/org/codehaus/groovy/groovy-templates/3.0.6/groovy-templates-3.0.6.pom (22 kB at 145 kB/s)
[INFO] Downloading from localsmartbear: https://rapi.tools.ops.smartbear.io/nexus/content/groups/public/org/codehaus/groovy/groovy-xml/3.0.6/groovy-xml-3.0.6.pom
[INFO] Downloaded from localsmartbear: https://rapi.tools.ops.smartbear.io/nexus/content/groups/public/org/codehaus/groovy/groovy-xml/3.0.6/groovy-xml-3.0.6.pom (22 kB at 209 kB/s)
[INFO] Downloading from localsmartbear: https://rapi.tools.ops.smartbear.io/nexus/content/groups/public/org/codehaus/groovy/groovy-swing/3.0.6/groovy-swing-3.0.6.pom
[INFO] Downloaded from localsmartbear: https://rapi.tools.ops.smartbear.io/nexus/content/groups/public/org/codehaus/groovy/groovy-swing/3.0.6/groovy-swing-3.0.6.pom (22 kB at 155 kB/s)
[INFO] Downloading from localsmartbear: https://rapi.tools.ops.smartbear.io/nexus/content/groups/public/org/codehaus/groovy/groovy-datetime/3.0.6/groovy-datetime-3.0.6.pom
[INFO] Downloaded from localsmartbear: https://rapi.tools.ops.smartbear.io/nexus/content/groups/public/org/codehaus/groovy/groovy-datetime/3.0.6/groovy-datetime-3.0.6.pom (22 kB at 157 kB/s)
[INFO] Downloading from localsmartbear: https://rapi.tools.ops.smartbear.io/nexus/content/groups/public/org/codehaus/groovy/groovy-docgenerator/3.0.6/groovy-docgenerator-3.0.6.pom
[INFO] Downloaded from localsmartbear: https://rapi.tools.ops.smartbear.io/nexus/content/groups/public/org/codehaus/groovy/groovy-docgenerator/3.0.6/groovy-docgenerator-3.0.6.pom (24 kB at 214 kB/s)
[INFO] Downloading from localsmartbear: https://rapi.tools.ops.smartbear.io/nexus/content/groups/public/com/thoughtworks/qdox/qdox/1.12.1/qdox-1.12.1.pom
[INFO] Downloaded from localsmartbear: https://rapi.tools.ops.smartbear.io/nexus/content/groups/public/com/thoughtworks/qdox/qdox/1.12.1/qdox-1.12.1.pom (18 kB at 284 kB/s)
[INFO] Downloading from localsmartbear: https://rapi.tools.ops.smartbear.io/nexus/content/groups/public/org/codehaus/codehaus-parent/4/codehaus-parent-4.pom
[INFO] Downloaded from localsmartbear: https://rapi.tools.ops.smartbear.io/nexus/content/groups/public/org/codehaus/codehaus-parent/4/codehaus-parent-4.pom (4.8 kB at 86 kB/s)
[INFO] Downloading from localsmartbear: https://rapi.tools.ops.smartbear.io/nexus/content/groups/public/com/github/javaparser/javaparser-core/3.16.1/javaparser-core-3.16.1.pom
[INFO] Downloaded from localsmartbear: https://rapi.tools.ops.smartbear.io/nexus/content/groups/public/com/github/javaparser/javaparser-core/3.16.1/javaparser-core-3.16.1.pom (4.9 kB at 34 kB/s)
[INFO] Downloading from localsmartbear: https://rapi.tools.ops.smartbear.io/nexus/content/groups/public/com/github/javaparser/javaparser-parent/3.16.1/javaparser-parent-3.16.1.pom
[INFO] Downloaded from localsmartbear: https://rapi.tools.ops.smartbear.io/nexus/content/groups/public/com/github/javaparser/javaparser-parent/3.16.1/javaparser-parent-3.16.1.pom (15 kB at 140 kB/s)
[INFO] Downloading from localsmartbear: https://rapi.tools.ops.smartbear.io/nexus/content/groups/public/org/codehaus/groovy/groovy-groovysh/3.0.6/groovy-groovysh-3.0.6.pom
[INFO] Downloaded from localsmartbear: https://rapi.tools.ops.smartbear.io/nexus/content/groups/public/org/codehaus/groovy/groovy-groovysh/3.0.6/groovy-groovysh-3.0.6.pom (24 kB at 155 kB/s)
[INFO] Downloading from localsmartbear: https://rapi.tools.ops.smartbear.io/nexus/content/groups/public/jline/jline/2.14.6/jline-2.14.6.pom
[INFO] Downloaded from localsmartbear: https://rapi.tools.ops.smartbear.io/nexus/content/groups/public/jline/jline/2.14.6/jline-2.14.6.pom (20 kB at 326 kB/s)
[INFO] Downloading from localsmartbear: https://rapi.tools.ops.smartbear.io/nexus/content/groups/public/org/codehaus/groovy/groovy-jmx/3.0.6/groovy-jmx-3.0.6.pom
[INFO] Downloaded from localsmartbear: https://rapi.tools.ops.smartbear.io/nexus/content/groups/public/org/codehaus/groovy/groovy-jmx/3.0.6/groovy-jmx-3.0.6.pom (22 kB at 150 kB/s)
[INFO] Downloading from localsmartbear: https://rapi.tools.ops.smartbear.io/nexus/content/groups/public/org/codehaus/groovy/groovy-json/3.0.6/groovy-json-3.0.6.pom
[INFO] Downloaded from localsmartbear: https://rapi.tools.ops.smartbear.io/nexus/content/groups/public/org/codehaus/groovy/groovy-json/3.0.6/groovy-json-3.0.6.pom (22 kB at 148 kB/s)
[INFO] Downloading from localsmartbear: https://rapi.tools.ops.smartbear.io/nexus/content/groups/public/org/codehaus/groovy/groovy-jsr223/3.0.6/groovy-jsr223-3.0.6.pom
[INFO] Downloaded from localsmartbear: https://rapi.tools.ops.smartbear.io/nexus/content/groups/public/org/codehaus/groovy/groovy-jsr223/3.0.6/groovy-jsr223-3.0.6.pom (22 kB at 205 kB/s)
[INFO] Downloading from localsmartbear: https://rapi.tools.ops.smartbear.io/nexus/content/groups/public/org/codehaus/groovy/groovy-macro/3.0.6/groovy-macro-3.0.6.pom
[INFO] Downloaded from localsmartbear: https://rapi.tools.ops.smartbear.io/nexus/content/groups/public/org/codehaus/groovy/groovy-macro/3.0.6/groovy-macro-3.0.6.pom (22 kB at 211 kB/s)
[INFO] Downloading from localsmartbear: https://rapi.tools.ops.smartbear.io/nexus/content/groups/public/org/codehaus/groovy/groovy-nio/3.0.6/groovy-nio-3.0.6.pom
[INFO] Downloaded from localsmartbear: https://rapi.tools.ops.smartbear.io/nexus/content/groups/public/org/codehaus/groovy/groovy-nio/3.0.6/groovy-nio-3.0.6.pom (22 kB at 207 kB/s)
[INFO] Downloading from localsmartbear: https://rapi.tools.ops.smartbear.io/nexus/content/groups/public/org/codehaus/groovy/groovy-servlet/3.0.6/groovy-servlet-3.0.6.pom
[INFO] Downloaded from localsmartbear: https://rapi.tools.ops.smartbear.io/nexus/content/groups/public/org/codehaus/groovy/groovy-servlet/3.0.6/groovy-servlet-3.0.6.pom (24 kB at 231 kB/s)
[INFO] Downloading from localsmartbear: https://rapi.tools.ops.smartbear.io/nexus/content/groups/public/org/codehaus/groovy/groovy-sql/3.0.6/groovy-sql-3.0.6.pom
[INFO] Downloaded from localsmartbear: https://rapi.tools.ops.smartbear.io/nexus/content/groups/public/org/codehaus/groovy/groovy-sql/3.0.6/groovy-sql-3.0.6.pom (22 kB at 224 kB/s)
[INFO] Downloading from localsmartbear: https://rapi.tools.ops.smartbear.io/nexus/content/groups/public/org/codehaus/groovy/groovy-test/3.0.6/groovy-test-3.0.6.pom
[INFO] Downloaded from localsmartbear: https://rapi.tools.ops.smartbear.io/nexus/content/groups/public/org/codehaus/groovy/groovy-test/3.0.6/groovy-test-3.0.6.pom (22 kB at 153 kB/s)
[INFO] Downloading from localsmartbear: https://rapi.tools.ops.smartbear.io/nexus/content/groups/public/org/codehaus/groovy/groovy-test-junit5/3.0.6/groovy-test-junit5-3.0.6.pom
[INFO] Downloaded from localsmartbear: https://rapi.tools.ops.smartbear.io/nexus/content/groups/public/org/codehaus/groovy/groovy-test-junit5/3.0.6/groovy-test-junit5-3.0.6.pom (23 kB at 153 kB/s)
[INFO] Downloading from localsmartbear: https://rapi.tools.ops.smartbear.io/nexus/content/groups/public/org/junit/jupiter/junit-jupiter-api/5.7.0/junit-jupiter-api-5.7.0.pom
[INFO] Downloaded from localsmartbear: https://rapi.tools.ops.smartbear.io/nexus/content/groups/public/org/junit/jupiter/junit-jupiter-api/5.7.0/junit-jupiter-api-5.7.0.pom (3.2 kB at 32 kB/s)
[INFO] Downloading from localsmartbear: https://rapi.tools.ops.smartbear.io/nexus/content/groups/public/org/junit/junit-bom/5.7.0/junit-bom-5.7.0.pom
[INFO] Downloaded from localsmartbear: https://rapi.tools.ops.smartbear.io/nexus/content/groups/public/org/junit/junit-bom/5.7.0/junit-bom-5.7.0.pom (5.1 kB at 50 kB/s)
[INFO] Downloading from localsmartbear: https://rapi.tools.ops.smartbear.io/nexus/content/groups/public/org/junit/platform/junit-platform-launcher/1.7.0/junit-platform-launcher-1.7.0.pom
[INFO] Downloaded from localsmartbear: https://rapi.tools.ops.smartbear.io/nexus/content/groups/public/org/junit/platform/junit-platform-launcher/1.7.0/junit-platform-launcher-1.7.0.pom (3.0 kB at 30 kB/s)
[INFO] Downloading from localsmartbear: https://rapi.tools.ops.smartbear.io/nexus/content/groups/public/org/junit/platform/junit-platform-engine/1.7.0/junit-platform-engine-1.7.0.pom
[INFO] Downloaded from localsmartbear: https://rapi.tools.ops.smartbear.io/nexus/content/groups/public/org/junit/platform/junit-platform-engine/1.7.0/junit-platform-engine-1.7.0.pom (3.2 kB at 33 kB/s)
[INFO] Downloading from localsmartbear: https://rapi.tools.ops.smartbear.io/nexus/content/groups/public/org/junit/platform/junit-platform-commons/1.7.0/junit-platform-commons-1.7.0.pom
[INFO] Downloaded from localsmartbear: https://rapi.tools.ops.smartbear.io/nexus/content/groups/public/org/junit/platform/junit-platform-commons/1.7.0/junit-platform-commons-1.7.0.pom (2.8 kB at 28 kB/s)
[INFO] Downloading from localsmartbear: https://rapi.tools.ops.smartbear.io/nexus/content/groups/public/org/junit/jupiter/junit-jupiter-engine/5.7.0/junit-jupiter-engine-5.7.0.pom
[INFO] Downloaded from localsmartbear: https://rapi.tools.ops.smartbear.io/nexus/content/groups/public/org/junit/jupiter/junit-jupiter-engine/5.7.0/junit-jupiter-engine-5.7.0.pom (3.2 kB at 20 kB/s)
[INFO] Downloading from localsmartbear: https://rapi.tools.ops.smartbear.io/nexus/content/groups/public/org/codehaus/groovy/groovy-testng/3.0.6/groovy-testng-3.0.6.pom
[INFO] Downloaded from localsmartbear: https://rapi.tools.ops.smartbear.io/nexus/content/groups/public/org/codehaus/groovy/groovy-testng/3.0.6/groovy-testng-3.0.6.pom (23 kB at 154 kB/s)
[INFO] Downloading from localsmartbear: https://rapi.tools.ops.smartbear.io/nexus/content/groups/public/org/testng/testng/7.3.0/testng-7.3.0.pom
[INFO] Downloaded from localsmartbear: https://rapi.tools.ops.smartbear.io/nexus/content/groups/public/org/testng/testng/7.3.0/testng-7.3.0.pom (2.4 kB at 43 kB/s)
[INFO] Downloading from localsmartbear: https://rapi.tools.ops.smartbear.io/nexus/content/groups/public/com/beust/jcommander/1.78/jcommander-1.78.pom
[INFO] Downloaded from localsmartbear: https://rapi.tools.ops.smartbear.io/nexus/content/groups/public/com/beust/jcommander/1.78/jcommander-1.78.pom (1.2 kB at 21 kB/s)
[INFO] Downloading from localsmartbear: https://rapi.tools.ops.smartbear.io/nexus/content/groups/public/commons-collections/commons-collections/3.2.2/commons-collections-3.2.2.pom
[INFO] Downloaded from localsmartbear: https://rapi.tools.ops.smartbear.io/nexus/content/groups/public/commons-collections/commons-collections/3.2.2/commons-collections-3.2.2.pom (12 kB at 221 kB/s)
[INFO] Downloading from localsmartbear: https://rapi.tools.ops.smartbear.io/nexus/content/groups/public/commons-beanutils/commons-beanutils/1.9.4/commons-beanutils-1.9.4.pom
[INFO] Downloaded from localsmartbear: https://rapi.tools.ops.smartbear.io/nexus/content/groups/public/commons-beanutils/commons-beanutils/1.9.4/commons-beanutils-1.9.4.pom (18 kB at 327 kB/s)
[INFO] Downloading from localsmartbear: https://rapi.tools.ops.smartbear.io/nexus/content/groups/public/commons-logging/commons-logging/1.2/commons-logging-1.2.pom
[INFO] Downloaded from localsmartbear: https://rapi.tools.ops.smartbear.io/nexus/content/groups/public/commons-logging/commons-logging/1.2/commons-logging-1.2.pom (19 kB at 278 kB/s)
[INFO] Downloading from localsmartbear: https://rapi.tools.ops.smartbear.io/nexus/content/groups/public/org/apache/commons/commons-parent/34/commons-parent-34.pom
[INFO] Downloaded from localsmartbear: https://rapi.tools.ops.smartbear.io/nexus/content/groups/public/org/apache/commons/commons-parent/34/commons-parent-34.pom (56 kB at 766 kB/s)
[INFO] Downloading from localsmartbear: https://rapi.tools.ops.smartbear.io/nexus/content/groups/public/com/jayway/jsonpath/json-path/2.4.0-fixed/json-path-2.4.0-fixed.pom
[INFO] Downloaded from localsmartbear: https://rapi.tools.ops.smartbear.io/nexus/content/groups/public/com/jayway/jsonpath/json-path/2.4.0-fixed/json-path-2.4.0-fixed.pom (2.6 kB at 46 kB/s)
[INFO] Downloading from localsmartbear: https://rapi.tools.ops.smartbear.io/nexus/content/groups/public/org/apache/xmlbeans/xmlbeans/3.1.1-sb-fixed/xmlbeans-3.1.1-sb-fixed.pom
[INFO] Downloaded from localsmartbear: https://rapi.tools.ops.smartbear.io/nexus/content/groups/public/org/apache/xmlbeans/xmlbeans/3.1.1-sb-fixed/xmlbeans-3.1.1-sb-fixed.pom (472 B at 8.6 kB/s)
[INFO] Downloading from localsmartbear: https://rapi.tools.ops.smartbear.io/nexus/content/groups/public/saxon/saxon/9.1.0.8j/saxon-9.1.0.8j.pom
[INFO] Downloaded from localsmartbear: https://rapi.tools.ops.smartbear.io/nexus/content/groups/public/saxon/saxon/9.1.0.8j/saxon-9.1.0.8j.pom (153 B at 2.8 kB/s)
[INFO] Downloading from localsmartbear: https://rapi.tools.ops.smartbear.io/nexus/content/groups/public/saxon/saxon-dom/9.1.0.8j/saxon-dom-9.1.0.8j.pom
[INFO] Downloaded from localsmartbear: https://rapi.tools.ops.smartbear.io/nexus/content/groups/public/saxon/saxon-dom/9.1.0.8j/saxon-dom-9.1.0.8j.pom (157 B at 2.9 kB/s)
[INFO] Downloading from localsmartbear: https://rapi.tools.ops.smartbear.io/nexus/content/groups/public/net/engio/mbassador/1.1.10/mbassador-1.1.10.pom
[INFO] Downloaded from localsmartbear: https://rapi.tools.ops.smartbear.io/nexus/content/groups/public/net/engio/mbassador/1.1.10/mbassador-1.1.10.pom (9.6 kB at 69 kB/s)
[INFO] Downloading from localsmartbear: https://rapi.tools.ops.smartbear.io/nexus/content/groups/public/com/miglayout/miglayout-swing/5.2/miglayout-swing-5.2.pom
[INFO] Downloaded from localsmartbear: https://rapi.tools.ops.smartbear.io/nexus/content/groups/public/com/miglayout/miglayout-swing/5.2/miglayout-swing-5.2.pom (855 B at 5.9 kB/s)
[INFO] Downloading from localsmartbear: https://rapi.tools.ops.smartbear.io/nexus/content/groups/public/com/miglayout/miglayout-parent/5.2/miglayout-parent-5.2.pom
[INFO] Downloaded from localsmartbear: https://rapi.tools.ops.smartbear.io/nexus/content/groups/public/com/miglayout/miglayout-parent/5.2/miglayout-parent-5.2.pom (8.9 kB at 89 kB/s)
[INFO] Downloading from localsmartbear: https://rapi.tools.ops.smartbear.io/nexus/content/groups/public/com/miglayout/miglayout-core/5.2/miglayout-core-5.2.pom
[INFO] Downloaded from localsmartbear: https://rapi.tools.ops.smartbear.io/nexus/content/groups/public/com/miglayout/miglayout-core/5.2/miglayout-core-5.2.pom (633 B at 4.4 kB/s)
[INFO] Downloading from localsmartbear: https://rapi.tools.ops.smartbear.io/nexus/content/groups/public/commons-lang/commons-lang/2.6/commons-lang-2.6.pom
[INFO] Downloaded from localsmartbear: https://rapi.tools.ops.smartbear.io/nexus/content/groups/public/commons-lang/commons-lang/2.6/commons-lang-2.6.pom (17 kB at 302 kB/s)
[INFO] Downloading from localsmartbear: https://rapi.tools.ops.smartbear.io/nexus/content/groups/public/org/apache/commons/commons-parent/17/commons-parent-17.pom
[INFO] Downloaded from localsmartbear: https://rapi.tools.ops.smartbear.io/nexus/content/groups/public/org/apache/commons/commons-parent/17/commons-parent-17.pom (31 kB at 427 kB/s)
[INFO] Downloading from localsmartbear: https://rapi.tools.ops.smartbear.io/nexus/content/groups/public/org/apache/commons/commons-lang3/3.7/commons-lang3-3.7.pom
[INFO] Downloaded from localsmartbear: https://rapi.tools.ops.smartbear.io/nexus/content/groups/public/org/apache/commons/commons-lang3/3.7/commons-lang3-3.7.pom (28 kB at 328 kB/s)
[INFO] Downloading from localsmartbear: https://rapi.tools.ops.smartbear.io/nexus/content/groups/public/com/smartbear/utils/analytics/analytics-core/2.5.9/analytics-core-2.5.9.pom
[INFO] Downloaded from localsmartbear: https://rapi.tools.ops.smartbear.io/nexus/content/groups/public/com/smartbear/utils/analytics/analytics-core/2.5.9/analytics-core-2.5.9.pom (935 B at 13 kB/s)
[INFO] Downloading from localsmartbear: https://rapi.tools.ops.smartbear.io/nexus/content/groups/public/com/smartbear/utils/analytics/smartbear-analytics/2.5.9/smartbear-analytics-2.5.9.pom
[INFO] Downloaded from localsmartbear: https://rapi.tools.ops.smartbear.io/nexus/content/groups/public/com/smartbear/utils/analytics/smartbear-analytics/2.5.9/smartbear-analytics-2.5.9.pom (1.3 kB at 20 kB/s)
[INFO] Downloading from localsmartbear: https://rapi.tools.ops.smartbear.io/nexus/content/groups/public/org/apache/logging/log4j/log4j-slf4j-impl/2.11.0/log4j-slf4j-impl-2.11.0.pom
[INFO] Downloaded from localsmartbear: https://rapi.tools.ops.smartbear.io/nexus/content/groups/public/org/apache/logging/log4j/log4j-slf4j-impl/2.11.0/log4j-slf4j-impl-2.11.0.pom (7.7 kB at 115 kB/s)
[INFO] Downloading from localsmartbear: https://rapi.tools.ops.smartbear.io/nexus/content/groups/public/org/apache/logging/log4j/log4j-core/2.11.0/log4j-core-2.11.0.pom
[INFO] Downloaded from localsmartbear: https://rapi.tools.ops.smartbear.io/nexus/content/groups/public/org/apache/logging/log4j/log4j-core/2.11.0/log4j-core-2.11.0.pom (23 kB at 349 kB/s)
[INFO] Downloading from localsmartbear: https://rapi.tools.ops.smartbear.io/nexus/content/groups/public/com/mixpanel/mixpanel-java/1.4.4/mixpanel-java-1.4.4.pom
[INFO] Downloaded from localsmartbear: https://rapi.tools.ops.smartbear.io/nexus/content/groups/public/com/mixpanel/mixpanel-java/1.4.4/mixpanel-java-1.4.4.pom (4.0 kB at 64 kB/s)
[INFO] Downloading from localsmartbear: https://rapi.tools.ops.smartbear.io/nexus/content/groups/public/org/json/json/20090211/json-20090211.pom
[INFO] Downloaded from localsmartbear: https://rapi.tools.ops.smartbear.io/nexus/content/groups/public/org/json/json/20090211/json-20090211.pom (1.4 kB at 15 kB/s)
[INFO] Downloading from localsmartbear: https://rapi.tools.ops.smartbear.io/nexus/content/groups/public/com/veracode/annotation/VeracodeAnnotations/1.0.4/VeracodeAnnotations-1.0.4.pom
[INFO] Downloaded from localsmartbear: https://rapi.tools.ops.smartbear.io/nexus/content/groups/public/com/veracode/annotation/VeracodeAnnotations/1.0.4/VeracodeAnnotations-1.0.4.pom (3.1 kB at 53 kB/s)
[INFO] Downloading from localsmartbear: https://rapi.tools.ops.smartbear.io/nexus/content/groups/public/com/google/code/findbugs/annotations/2.0.0/annotations-2.0.0.pom
[INFO] Downloaded from localsmartbear: https://rapi.tools.ops.smartbear.io/nexus/content/groups/public/com/google/code/findbugs/annotations/2.0.0/annotations-2.0.0.pom (764 B at 8.0 kB/s)
[INFO] Downloading from localsmartbear: https://rapi.tools.ops.smartbear.io/nexus/content/groups/public/com/fasterxml/jackson/jaxrs/jackson-jaxrs-xml-provider/2.11.3/jackson-jaxrs-xml-provider-2.11.3.pom
[INFO] Downloaded from localsmartbear: https://rapi.tools.ops.smartbear.io/nexus/content/groups/public/com/fasterxml/jackson/jaxrs/jackson-jaxrs-xml-provider/2.11.3/jackson-jaxrs-xml-provider-2.11.3.pom (4.2 kB at 41 kB/s)
[INFO] Downloading from localsmartbear: https://rapi.tools.ops.smartbear.io/nexus/content/groups/public/com/fasterxml/jackson/jaxrs/jackson-jaxrs-providers/2.11.3/jackson-jaxrs-providers-2.11.3.pom
[INFO] Downloaded from localsmartbear: https://rapi.tools.ops.smartbear.io/nexus/content/groups/public/com/fasterxml/jackson/jaxrs/jackson-jaxrs-providers/2.11.3/jackson-jaxrs-providers-2.11.3.pom (4.8 kB at 31 kB/s)
[INFO] Downloading from localsmartbear: https://rapi.tools.ops.smartbear.io/nexus/content/groups/public/com/fasterxml/jackson/jackson-base/2.11.3/jackson-base-2.11.3.pom
[INFO] Downloaded from localsmartbear: https://rapi.tools.ops.smartbear.io/nexus/content/groups/public/com/fasterxml/jackson/jackson-base/2.11.3/jackson-base-2.11.3.pom (7.5 kB at 75 kB/s)
[INFO] Downloading from localsmartbear: https://rapi.tools.ops.smartbear.io/nexus/content/groups/public/com/fasterxml/jackson/jackson-bom/2.11.3/jackson-bom-2.11.3.pom
[INFO] Downloaded from localsmartbear: https://rapi.tools.ops.smartbear.io/nexus/content/groups/public/com/fasterxml/jackson/jackson-bom/2.11.3/jackson-bom-2.11.3.pom (14 kB at 135 kB/s)
[INFO] Downloading from localsmartbear: https://rapi.tools.ops.smartbear.io/nexus/content/groups/public/com/fasterxml/jackson/jaxrs/jackson-jaxrs-base/2.11.3/jackson-jaxrs-base-2.11.3.pom
[INFO] Downloaded from localsmartbear: https://rapi.tools.ops.smartbear.io/nexus/content/groups/public/com/fasterxml/jackson/jaxrs/jackson-jaxrs-base/2.11.3/jackson-jaxrs-base-2.11.3.pom (1.7 kB at 17 kB/s)
[INFO] Downloading from localsmartbear: https://rapi.tools.ops.smartbear.io/nexus/content/groups/public/com/fasterxml/jackson/core/jackson-core/2.11.3/jackson-core-2.11.3.pom
[INFO] Downloaded from localsmartbear: https://rapi.tools.ops.smartbear.io/nexus/content/groups/public/com/fasterxml/jackson/core/jackson-core/2.11.3/jackson-core-2.11.3.pom (4.9 kB at 49 kB/s)
[INFO] Downloading from localsmartbear: https://rapi.tools.ops.smartbear.io/nexus/content/groups/public/com/fasterxml/jackson/core/jackson-databind/2.11.3/jackson-databind-2.11.3.pom
[INFO] Downloaded from localsmartbear: https://rapi.tools.ops.smartbear.io/nexus/content/groups/public/com/fasterxml/jackson/core/jackson-databind/2.11.3/jackson-databind-2.11.3.pom (7.4 kB at 49 kB/s)
[INFO] Downloading from localsmartbear: https://rapi.tools.ops.smartbear.io/nexus/content/groups/public/com/fasterxml/jackson/core/jackson-annotations/2.11.3/jackson-annotations-2.11.3.pom
[INFO] Downloaded from localsmartbear: https://rapi.tools.ops.smartbear.io/nexus/content/groups/public/com/fasterxml/jackson/core/jackson-annotations/2.11.3/jackson-annotations-2.11.3.pom (3.8 kB at 38 kB/s)
[INFO] Downloading from localsmartbear: https://rapi.tools.ops.smartbear.io/nexus/content/groups/public/com/fasterxml/jackson/dataformat/jackson-dataformat-xml/2.11.3/jackson-dataformat-xml-2.11.3.pom
[INFO] Downloaded from localsmartbear: https://rapi.tools.ops.smartbear.io/nexus/content/groups/public/com/fasterxml/jackson/dataformat/jackson-dataformat-xml/2.11.3/jackson-dataformat-xml-2.11.3.pom (6.8 kB at 47 kB/s)
[INFO] Downloading from localsmartbear: https://rapi.tools.ops.smartbear.io/nexus/content/groups/public/com/fasterxml/jackson/module/jackson-module-jaxb-annotations/2.11.3/jackson-module-jaxb-annotations-2.11.3.pom
[INFO] Downloaded from localsmartbear: https://rapi.tools.ops.smartbear.io/nexus/content/groups/public/com/fasterxml/jackson/module/jackson-module-jaxb-annotations/2.11.3/jackson-module-jaxb-annotations-2.11.3.pom (3.5 kB at 34 kB/s)
[INFO] Downloading from localsmartbear: https://rapi.tools.ops.smartbear.io/nexus/content/groups/public/com/fasterxml/jackson/module/jackson-modules-base/2.11.3/jackson-modules-base-2.11.3.pom
[INFO] Downloaded from localsmartbear: https://rapi.tools.ops.smartbear.io/nexus/content/groups/public/com/fasterxml/jackson/module/jackson-modules-base/2.11.3/jackson-modules-base-2.11.3.pom (3.4 kB at 61 kB/s)
[INFO] Downloading from localsmartbear: https://rapi.tools.ops.smartbear.io/nexus/content/groups/public/jakarta/xml/bind/jakarta.xml.bind-api/2.3.2/jakarta.xml.bind-api-2.3.2.pom
[INFO] Downloaded from localsmartbear: https://rapi.tools.ops.smartbear.io/nexus/content/groups/public/jakarta/xml/bind/jakarta.xml.bind-api/2.3.2/jakarta.xml.bind-api-2.3.2.pom (16 kB at 242 kB/s)
[INFO] Downloading from localsmartbear: https://rapi.tools.ops.smartbear.io/nexus/content/groups/public/jakarta/xml/bind/jakarta.xml.bind-api-parent/2.3.2/jakarta.xml.bind-api-parent-2.3.2.pom
[INFO] Downloaded from localsmartbear: https://rapi.tools.ops.smartbear.io/nexus/content/groups/public/jakarta/xml/bind/jakarta.xml.bind-api-parent/2.3.2/jakarta.xml.bind-api-parent-2.3.2.pom (7.7 kB at 126 kB/s)
[INFO] Downloading from localsmartbear: https://rapi.tools.ops.smartbear.io/nexus/content/groups/public/jakarta/activation/jakarta.activation-api/1.2.1/jakarta.activation-api-1.2.1.pom
[INFO] Downloaded from localsmartbear: https://rapi.tools.ops.smartbear.io/nexus/content/groups/public/jakarta/activation/jakarta.activation-api/1.2.1/jakarta.activation-api-1.2.1.pom (4.6 kB at 77 kB/s)
[INFO] Downloading from localsmartbear: https://rapi.tools.ops.smartbear.io/nexus/content/groups/public/com/sun/activation/all/1.2.1/all-1.2.1.pom
[INFO] Downloaded from localsmartbear: https://rapi.tools.ops.smartbear.io/nexus/content/groups/public/com/sun/activation/all/1.2.1/all-1.2.1.pom (18 kB at 312 kB/s)
[INFO] Downloading from localsmartbear: https://rapi.tools.ops.smartbear.io/nexus/content/groups/public/org/eclipse/ee4j/project/1.0.2/project-1.0.2.pom
[INFO] Downloaded from localsmartbear: https://rapi.tools.ops.smartbear.io/nexus/content/groups/public/org/eclipse/ee4j/project/1.0.2/project-1.0.2.pom (12 kB at 207 kB/s)
[INFO] Downloading from localsmartbear: https://rapi.tools.ops.smartbear.io/nexus/content/groups/public/org/codehaus/woodstox/stax2-api/4.2.1/stax2-api-4.2.1.pom
[INFO] Downloaded from localsmartbear: https://rapi.tools.ops.smartbear.io/nexus/content/groups/public/org/codehaus/woodstox/stax2-api/4.2.1/stax2-api-4.2.1.pom (6.3 kB at 58 kB/s)
[INFO] Downloading from localsmartbear: https://rapi.tools.ops.smartbear.io/nexus/content/groups/public/com/fasterxml/woodstox/woodstox-core/6.2.1/woodstox-core-6.2.1.pom
[INFO] Downloaded from localsmartbear: https://rapi.tools.ops.smartbear.io/nexus/content/groups/public/com/fasterxml/woodstox/woodstox-core/6.2.1/woodstox-core-6.2.1.pom (8.3 kB at 58 kB/s)
[INFO] Downloading from localsmartbear: https://rapi.tools.ops.smartbear.io/nexus/content/groups/public/org/codehaus/woodstox/stax2-api/4.2/stax2-api-4.2.pom
[INFO] Downloaded from localsmartbear: https://rapi.tools.ops.smartbear.io/nexus/content/groups/public/org/codehaus/woodstox/stax2-api/4.2/stax2-api-4.2.pom (6.3 kB at 40 kB/s)
[INFO] Downloading from localsmartbear: https://rapi.tools.ops.smartbear.io/nexus/content/groups/public/com/fasterxml/oss-parent/35/oss-parent-35.pom
[INFO] Downloaded from localsmartbear: https://rapi.tools.ops.smartbear.io/nexus/content/groups/public/com/fasterxml/oss-parent/35/oss-parent-35.pom (23 kB at 202 kB/s)
[INFO] Downloading from localsmartbear: https://rapi.tools.ops.smartbear.io/nexus/content/groups/public/com/fasterxml/woodstox/woodstox-core/6.2.0/woodstox-core-6.2.0.pom
[INFO] Downloaded from localsmartbear: https://rapi.tools.ops.smartbear.io/nexus/content/groups/public/com/fasterxml/woodstox/woodstox-core/6.2.0/woodstox-core-6.2.0.pom (8.3 kB at 153 kB/s)
[INFO] Downloading from localsmartbear: https://rapi.tools.ops.smartbear.io/nexus/content/groups/public/org/apache/logging/log4j/log4j-jul/2.11.0/log4j-jul-2.11.0.pom
[INFO] Downloaded from localsmartbear: https://rapi.tools.ops.smartbear.io/nexus/content/groups/public/org/apache/logging/log4j/log4j-jul/2.11.0/log4j-jul-2.11.0.pom (7.7 kB at 77 kB/s)
[INFO] Downloading from localsmartbear: https://rapi.tools.ops.smartbear.io/nexus/content/groups/public/org/apache/logging/log4j/log4j-jcl/2.11.0/log4j-jcl-2.11.0.pom
[INFO] Downloaded from localsmartbear: https://rapi.tools.ops.smartbear.io/nexus/content/groups/public/org/apache/logging/log4j/log4j-jcl/2.11.0/log4j-jcl-2.11.0.pom (7.1 kB at 65 kB/s)
[INFO] Downloading from localsmartbear: https://rapi.tools.ops.smartbear.io/nexus/content/groups/public/org/apache/logging/log4j/log4j-1.2-api/2.11.0/log4j-1.2-api-2.11.0.pom
[INFO] Downloaded from localsmartbear: https://rapi.tools.ops.smartbear.io/nexus/content/groups/public/org/apache/logging/log4j/log4j-1.2-api/2.11.0/log4j-1.2-api-2.11.0.pom (7.9 kB at 78 kB/s)
[INFO] Downloading from localsmartbear: https://rapi.tools.ops.smartbear.io/nexus/content/groups/public/com/smartbear/readyapi-assertions-packaged/3.7.0/readyapi-assertions-packaged-3.7.0.pom
[INFO] Downloaded from localsmartbear: https://rapi.tools.ops.smartbear.io/nexus/content/groups/public/com/smartbear/readyapi-assertions-packaged/3.7.0/readyapi-assertions-packaged-3.7.0.pom (2.1 kB at 37 kB/s)
[INFO] Downloading from localsmartbear: https://rapi.tools.ops.smartbear.io/nexus/content/groups/public/net/java/dev/jna/jna/4.5.2/jna-4.5.2.pom
[INFO] Downloaded from localsmartbear: https://rapi.tools.ops.smartbear.io/nexus/content/groups/public/net/java/dev/jna/jna/4.5.2/jna-4.5.2.pom (1.6 kB at 15 kB/s)
[INFO] Downloading from localsmartbear: https://rapi.tools.ops.smartbear.io/nexus/content/groups/public/net/java/dev/jna/jna-platform/4.5.2/jna-platform-4.5.2.pom
[INFO] Downloaded from localsmartbear: https://rapi.tools.ops.smartbear.io/nexus/content/groups/public/net/java/dev/jna/jna-platform/4.5.2/jna-platform-4.5.2.pom (1.8 kB at 18 kB/s)
[INFO] Downloading from localsmartbear: https://rapi.tools.ops.smartbear.io/nexus/content/groups/public/javax/annotation/javax.annotation-api/1.3.2/javax.annotation-api-1.3.2.pom
[INFO] Downloaded from localsmartbear: https://rapi.tools.ops.smartbear.io/nexus/content/groups/public/javax/annotation/javax.annotation-api/1.3.2/javax.annotation-api-1.3.2.pom (14 kB at 245 kB/s)
[INFO] Downloading from localsmartbear: https://rapi.tools.ops.smartbear.io/nexus/content/groups/public/net/java/jvnet-parent/3/jvnet-parent-3.pom
[INFO] Downloaded from localsmartbear: https://rapi.tools.ops.smartbear.io/nexus/content/groups/public/net/java/jvnet-parent/3/jvnet-parent-3.pom (4.8 kB at 86 kB/s)
[INFO] Downloading from localsmartbear: https://rapi.tools.ops.smartbear.io/nexus/content/groups/public/org/openjfx/javafx-base/15/javafx-base-15.pom
[INFO] Downloaded from localsmartbear: https://rapi.tools.ops.smartbear.io/nexus/content/groups/public/org/openjfx/javafx-base/15/javafx-base-15.pom (736 B at 5.3 kB/s)
[INFO] Downloading from localsmartbear: https://rapi.tools.ops.smartbear.io/nexus/content/groups/public/org/openjfx/javafx/15/javafx-15.pom
[INFO] Downloaded from localsmartbear: https://rapi.tools.ops.smartbear.io/nexus/content/groups/public/org/openjfx/javafx/15/javafx-15.pom (2.8 kB at 28 kB/s)
[INFO] Downloading from localsmartbear: https://rapi.tools.ops.smartbear.io/nexus/content/groups/public/org/openjfx/javafx-controls/15/javafx-controls-15.pom
[INFO] Downloaded from localsmartbear: https://rapi.tools.ops.smartbear.io/nexus/content/groups/public/org/openjfx/javafx-controls/15/javafx-controls-15.pom (891 B at 17 kB/s)
[INFO] Downloading from localsmartbear: https://rapi.tools.ops.smartbear.io/nexus/content/groups/public/org/openjfx/javafx-graphics/15/javafx-graphics-15.pom
[INFO] Downloaded from localsmartbear: https://rapi.tools.ops.smartbear.io/nexus/content/groups/public/org/openjfx/javafx-graphics/15/javafx-graphics-15.pom (887 B at 6.2 kB/s)
[INFO] Downloading from localsmartbear: https://rapi.tools.ops.smartbear.io/nexus/content/groups/public/org/openjfx/javafx-media/15/javafx-media-15.pom
[INFO] Downloaded from localsmartbear: https://rapi.tools.ops.smartbear.io/nexus/content/groups/public/org/openjfx/javafx-media/15/javafx-media-15.pom (885 B at 6.4 kB/s)
[INFO] Downloading from localsmartbear: https://rapi.tools.ops.smartbear.io/nexus/content/groups/public/org/openjfx/javafx-web/15/javafx-web-15.pom
[INFO] Downloaded from localsmartbear: https://rapi.tools.ops.smartbear.io/nexus/content/groups/public/org/openjfx/javafx-web/15/javafx-web-15.pom (1.0 kB at 6.9 kB/s)
[INFO] Downloading from localsmartbear: https://rapi.tools.ops.smartbear.io/nexus/content/groups/public/org/openjfx/javafx-swing/15/javafx-swing-15.pom
[INFO] Downloaded from localsmartbear: https://rapi.tools.ops.smartbear.io/nexus/content/groups/public/org/openjfx/javafx-swing/15/javafx-swing-15.pom (885 B at 9.1 kB/s)
[INFO] Downloading from localsmartbear: https://rapi.tools.ops.smartbear.io/nexus/content/groups/public/com/smartbear/readyapi-js-libraries-packaged/3.7.0/readyapi-js-libraries-packaged-3.7.0.pom
[INFO] Downloaded from localsmartbear: https://rapi.tools.ops.smartbear.io/nexus/content/groups/public/com/smartbear/readyapi-js-libraries-packaged/3.7.0/readyapi-js-libraries-packaged-3.7.0.pom (2.7 kB at 48 kB/s)
[INFO] Downloading from localsmartbear: https://rapi.tools.ops.smartbear.io/nexus/content/groups/public/org/apache/kafka/kafka-clients/2.6.0/kafka-clients-2.6.0.pom
[INFO] Downloaded from localsmartbear: https://rapi.tools.ops.smartbear.io/nexus/content/groups/public/org/apache/kafka/kafka-clients/2.6.0/kafka-clients-2.6.0.pom (2.7 kB at 28 kB/s)
[INFO] Downloading from localsmartbear: https://rapi.tools.ops.smartbear.io/nexus/content/groups/public/com/github/luben/zstd-jni/1.4.4-7/zstd-jni-1.4.4-7.pom
[INFO] Downloaded from localsmartbear: https://rapi.tools.ops.smartbear.io/nexus/content/groups/public/com/github/luben/zstd-jni/1.4.4-7/zstd-jni-1.4.4-7.pom (1.9 kB at 19 kB/s)
[INFO] Downloading from localsmartbear: https://rapi.tools.ops.smartbear.io/nexus/content/groups/public/org/lz4/lz4-java/1.7.1/lz4-java-1.7.1.pom
[INFO] Downloaded from localsmartbear: https://rapi.tools.ops.smartbear.io/nexus/content/groups/public/org/lz4/lz4-java/1.7.1/lz4-java-1.7.1.pom (2.0 kB at 14 kB/s)
[INFO] Downloading from localsmartbear: https://rapi.tools.ops.smartbear.io/nexus/content/groups/public/org/xerial/snappy/snappy-java/1.1.7.3/snappy-java-1.1.7.3.pom
[INFO] Downloaded from localsmartbear: https://rapi.tools.ops.smartbear.io/nexus/content/groups/public/org/xerial/snappy/snappy-java/1.1.7.3/snappy-java-1.1.7.3.pom (4.0 kB at 38 kB/s)
[INFO] Downloading from localsmartbear: https://rapi.tools.ops.smartbear.io/nexus/content/groups/public/com/smartbear/utils/analytics/out-app-analytics-provider/2.5.9/out-app-analytics-provider-2.5.9.pom
[INFO] Downloaded from localsmartbear: https://rapi.tools.ops.smartbear.io/nexus/content/groups/public/com/smartbear/utils/analytics/out-app-analytics-provider/2.5.9/out-app-analytics-provider-2.5.9.pom (1.4 kB at 24 kB/s)
[INFO] Downloading from localsmartbear: https://rapi.tools.ops.smartbear.io/nexus/content/groups/public/com/jgoodies/forms/1.0.7/forms-1.0.7.pom
[INFO] Downloaded from localsmartbear: https://rapi.tools.ops.smartbear.io/nexus/content/groups/public/com/jgoodies/forms/1.0.7/forms-1.0.7.pom (615 B at 11 kB/s)
[INFO] Downloading from localsmartbear: https://rapi.tools.ops.smartbear.io/nexus/content/groups/public/com/jgoodies/looks/2.2.0/looks-2.2.0.pom
[INFO] Downloaded from localsmartbear: https://rapi.tools.ops.smartbear.io/nexus/content/groups/public/com/jgoodies/looks/2.2.0/looks-2.2.0.pom (3.9 kB at 76 kB/s)
[INFO] Downloading from localsmartbear: https://rapi.tools.ops.smartbear.io/nexus/content/groups/public/com/jgoodies/binding/2.0.1/binding-2.0.1.pom
[INFO] Downloaded from localsmartbear: https://rapi.tools.ops.smartbear.io/nexus/content/groups/public/com/jgoodies/binding/2.0.1/binding-2.0.1.pom (3.3 kB at 64 kB/s)
[INFO] Downloading from localsmartbear: https://rapi.tools.ops.smartbear.io/nexus/content/groups/public/com/fifesoft/rsyntaxtextarea/2.6.1/rsyntaxtextarea-2.6.1.pom
[INFO] Downloaded from localsmartbear: https://rapi.tools.ops.smartbear.io/nexus/content/groups/public/com/fifesoft/rsyntaxtextarea/2.6.1/rsyntaxtextarea-2.6.1.pom (2.5 kB at 24 kB/s)
[INFO] Downloading from localsmartbear: https://rapi.tools.ops.smartbear.io/nexus/content/groups/public/org/eclipse/jetty/jetty-server/9.4.35.v20201120/jetty-server-9.4.35.v20201120.pom
[INFO] Downloaded from localsmartbear: https://rapi.tools.ops.smartbear.io/nexus/content/groups/public/org/eclipse/jetty/jetty-server/9.4.35.v20201120/jetty-server-9.4.35.v20201120.pom (2.7 kB at 27 kB/s)
[INFO] Downloading from localsmartbear: https://rapi.tools.ops.smartbear.io/nexus/content/groups/public/org/eclipse/jetty/jetty-project/9.4.35.v20201120/jetty-project-9.4.35.v20201120.pom
[INFO] Downloaded from localsmartbear: https://rapi.tools.ops.smartbear.io/nexus/content/groups/public/org/eclipse/jetty/jetty-project/9.4.35.v20201120/jetty-project-9.4.35.v20201120.pom (67 kB at 363 kB/s)
[INFO] Downloading from localsmartbear: https://rapi.tools.ops.smartbear.io/nexus/content/groups/public/javax/servlet/javax.servlet-api/3.1.0/javax.servlet-api-3.1.0.pom
[INFO] Downloaded from localsmartbear: https://rapi.tools.ops.smartbear.io/nexus/content/groups/public/javax/servlet/javax.servlet-api/3.1.0/javax.servlet-api-3.1.0.pom (14 kB at 176 kB/s)
[INFO] Downloading from localsmartbear: https://rapi.tools.ops.smartbear.io/nexus/content/groups/public/org/eclipse/jetty/jetty-http/9.4.35.v20201120/jetty-http-9.4.35.v20201120.pom
[INFO] Downloaded from localsmartbear: https://rapi.tools.ops.smartbear.io/nexus/content/groups/public/org/eclipse/jetty/jetty-http/9.4.35.v20201120/jetty-http-9.4.35.v20201120.pom (4.2 kB at 43 kB/s)
[INFO] Downloading from localsmartbear: https://rapi.tools.ops.smartbear.io/nexus/content/groups/public/org/eclipse/jetty/jetty-util/9.4.35.v20201120/jetty-util-9.4.35.v20201120.pom
[INFO] Downloaded from localsmartbear: https://rapi.tools.ops.smartbear.io/nexus/content/groups/public/org/eclipse/jetty/jetty-util/9.4.35.v20201120/jetty-util-9.4.35.v20201120.pom (4.1 kB at 41 kB/s)
[INFO] Downloading from localsmartbear: https://rapi.tools.ops.smartbear.io/nexus/content/groups/public/org/eclipse/jetty/jetty-io/9.4.35.v20201120/jetty-io-9.4.35.v20201120.pom
[INFO] Downloaded from localsmartbear: https://rapi.tools.ops.smartbear.io/nexus/content/groups/public/org/eclipse/jetty/jetty-io/9.4.35.v20201120/jetty-io-9.4.35.v20201120.pom (1.3 kB at 12 kB/s)
[INFO] Downloading from localsmartbear: https://rapi.tools.ops.smartbear.io/nexus/content/groups/public/org/eclipse/jetty/jetty-servlet/9.4.35.v20201120/jetty-servlet-9.4.35.v20201120.pom
[INFO] Downloaded from localsmartbear: https://rapi.tools.ops.smartbear.io/nexus/content/groups/public/org/eclipse/jetty/jetty-servlet/9.4.35.v20201120/jetty-servlet-9.4.35.v20201120.pom (2.4 kB at 17 kB/s)
[INFO] Downloading from localsmartbear: https://rapi.tools.ops.smartbear.io/nexus/content/groups/public/org/eclipse/jetty/jetty-security/9.4.35.v20201120/jetty-security-9.4.35.v20201120.pom
[INFO] Downloaded from localsmartbear: https://rapi.tools.ops.smartbear.io/nexus/content/groups/public/org/eclipse/jetty/jetty-security/9.4.35.v20201120/jetty-security-9.4.35.v20201120.pom (2.3 kB at 16 kB/s)
[INFO] Downloading from localsmartbear: https://rapi.tools.ops.smartbear.io/nexus/content/groups/public/org/eclipse/jetty/jetty-util-ajax/9.4.35.v20201120/jetty-util-ajax-9.4.35.v20201120.pom
[INFO] Downloaded from localsmartbear: https://rapi.tools.ops.smartbear.io/nexus/content/groups/public/org/eclipse/jetty/jetty-util-ajax/9.4.35.v20201120/jetty-util-ajax-9.4.35.v20201120.pom (1.5 kB at 15 kB/s)
[INFO] Downloading from localsmartbear: https://rapi.tools.ops.smartbear.io/nexus/content/groups/public/org/apache/ws/security/wss4j/1.6.18/wss4j-1.6.18.pom
[INFO] Downloaded from localsmartbear: https://rapi.tools.ops.smartbear.io/nexus/content/groups/public/org/apache/ws/security/wss4j/1.6.18/wss4j-1.6.18.pom (24 kB at 217 kB/s)
[INFO] Downloading from localsmartbear: https://rapi.tools.ops.smartbear.io/nexus/content/groups/public/org/apache/apache/14/apache-14.pom
[INFO] Downloaded from localsmartbear: https://rapi.tools.ops.smartbear.io/nexus/content/groups/public/org/apache/apache/14/apache-14.pom (15 kB at 258 kB/s)
[INFO] Downloading from localsmartbear: https://rapi.tools.ops.smartbear.io/nexus/content/groups/public/commons-logging/commons-logging/1.1.1/commons-logging-1.1.1.pom
[INFO] Downloaded from localsmartbear: https://rapi.tools.ops.smartbear.io/nexus/content/groups/public/commons-logging/commons-logging/1.1.1/commons-logging-1.1.1.pom (18 kB at 301 kB/s)
[INFO] Downloading from localsmartbear: https://rapi.tools.ops.smartbear.io/nexus/content/groups/public/org/apache/commons/commons-parent/5/commons-parent-5.pom
[INFO] Downloaded from localsmartbear: https://rapi.tools.ops.smartbear.io/nexus/content/groups/public/org/apache/commons/commons-parent/5/commons-parent-5.pom (16 kB at 272 kB/s)
[INFO] Downloading from localsmartbear: https://rapi.tools.ops.smartbear.io/nexus/content/groups/public/org/apache/apache/4/apache-4.pom
[INFO] Downloaded from localsmartbear: https://rapi.tools.ops.smartbear.io/nexus/content/groups/public/org/apache/apache/4/apache-4.pom (4.5 kB at 80 kB/s)
[INFO] Downloading from localsmartbear: https://rapi.tools.ops.smartbear.io/nexus/content/groups/public/org/apache/santuario/xmlsec/1.5.8/xmlsec-1.5.8.pom
[INFO] Downloaded from localsmartbear: https://rapi.tools.ops.smartbear.io/nexus/content/groups/public/org/apache/santuario/xmlsec/1.5.8/xmlsec-1.5.8.pom (16 kB at 129 kB/s)
[INFO] Downloading from localsmartbear: https://rapi.tools.ops.smartbear.io/nexus/content/groups/public/org/opensaml/opensaml/2.5.1-1/opensaml-2.5.1-1.pom
[INFO] Downloaded from localsmartbear: https://rapi.tools.ops.smartbear.io/nexus/content/groups/public/org/opensaml/opensaml/2.5.1-1/opensaml-2.5.1-1.pom (21 kB at 344 kB/s)
[INFO] Downloading from localsmartbear: https://rapi.tools.ops.smartbear.io/nexus/content/groups/public/org/opensaml/openws/1.4.2-1/openws-1.4.2-1.pom
[INFO] Downloaded from localsmartbear: https://rapi.tools.ops.smartbear.io/nexus/content/groups/public/org/opensaml/openws/1.4.2-1/openws-1.4.2-1.pom (20 kB at 320 kB/s)
[INFO] Downloading from localsmartbear: https://rapi.tools.ops.smartbear.io/nexus/content/groups/public/org/opensaml/xmltooling/1.3.2-1/xmltooling-1.3.2-1.pom
[INFO] Downloaded from localsmartbear: https://rapi.tools.ops.smartbear.io/nexus/content/groups/public/org/opensaml/xmltooling/1.3.2-1/xmltooling-1.3.2-1.pom (18 kB at 289 kB/s)
[INFO] Downloading from localsmartbear: https://rapi.tools.ops.smartbear.io/nexus/content/groups/public/joda-time/joda-time/1.6.2/joda-time-1.6.2.pom
[INFO] Downloaded from localsmartbear: https://rapi.tools.ops.smartbear.io/nexus/content/groups/public/joda-time/joda-time/1.6.2/joda-time-1.6.2.pom (14 kB at 226 kB/s)
[INFO] Downloading from localsmartbear: https://rapi.tools.ops.smartbear.io/nexus/content/groups/public/org/apache/santuario/xmlsec/1.4.4/xmlsec-1.4.4.pom
[INFO] Downloaded from localsmartbear: https://rapi.tools.ops.smartbear.io/nexus/content/groups/public/org/apache/santuario/xmlsec/1.4.4/xmlsec-1.4.4.pom (13 kB at 221 kB/s)
[INFO] Downloading from localsmartbear: https://rapi.tools.ops.smartbear.io/nexus/content/groups/public/net/sourceforge/htmlunit/htmlunit/2.33-sb-fixed/htmlunit-2.33-sb-fixed.pom
[INFO] Downloaded from localsmartbear: https://rapi.tools.ops.smartbear.io/nexus/content/groups/public/net/sourceforge/htmlunit/htmlunit/2.33-sb-fixed/htmlunit-2.33-sb-fixed.pom (42 kB at 619 kB/s)
[INFO] Downloading from localsmartbear: https://rapi.tools.ops.smartbear.io/nexus/content/groups/public/xalan/xalan/2.7.2/xalan-2.7.2.pom
[INFO] Downloaded from localsmartbear: https://rapi.tools.ops.smartbear.io/nexus/content/groups/public/xalan/xalan/2.7.2/xalan-2.7.2.pom (1.3 kB at 23 kB/s)
[INFO] Downloading from localsmartbear: https://rapi.tools.ops.smartbear.io/nexus/content/groups/public/xalan/serializer/2.7.2/serializer-2.7.2.pom
[INFO] Downloaded from localsmartbear: https://rapi.tools.ops.smartbear.io/nexus/content/groups/public/xalan/serializer/2.7.2/serializer-2.7.2.pom (1.1 kB at 18 kB/s)
[INFO] Downloading from localsmartbear: https://rapi.tools.ops.smartbear.io/nexus/content/groups/public/org/apache/commons/commons-text/1.4/commons-text-1.4.pom
[INFO] Downloaded from localsmartbear: https://rapi.tools.ops.smartbear.io/nexus/content/groups/public/org/apache/commons/commons-text/1.4/commons-text-1.4.pom (16 kB at 150 kB/s)
[INFO] Downloading from localsmartbear: https://rapi.tools.ops.smartbear.io/nexus/content/groups/public/org/apache/commons/commons-parent/46/commons-parent-46.pom
[INFO] Downloaded from localsmartbear: https://rapi.tools.ops.smartbear.io/nexus/content/groups/public/org/apache/commons/commons-parent/46/commons-parent-46.pom (75 kB at 677 kB/s)
[INFO] Downloading from localsmartbear: https://rapi.tools.ops.smartbear.io/nexus/content/groups/public/org/apache/httpcomponents/httpmime/4.5.6/httpmime-4.5.6.pom
[INFO] Downloaded from localsmartbear: https://rapi.tools.ops.smartbear.io/nexus/content/groups/public/org/apache/httpcomponents/httpmime/4.5.6/httpmime-4.5.6.pom (5.2 kB at 53 kB/s)
[INFO] Downloading from localsmartbear: https://rapi.tools.ops.smartbear.io/nexus/content/groups/public/org/apache/httpcomponents/httpcomponents-client/4.5.6/httpcomponents-client-4.5.6.pom
[INFO] Downloaded from localsmartbear: https://rapi.tools.ops.smartbear.io/nexus/content/groups/public/org/apache/httpcomponents/httpcomponents-client/4.5.6/httpcomponents-client-4.5.6.pom (15 kB at 122 kB/s)
[INFO] Downloading from localsmartbear: https://rapi.tools.ops.smartbear.io/nexus/content/groups/public/org/apache/httpcomponents/httpcomponents-parent/10/httpcomponents-parent-10.pom
[INFO] Downloaded from localsmartbear: https://rapi.tools.ops.smartbear.io/nexus/content/groups/public/org/apache/httpcomponents/httpcomponents-parent/10/httpcomponents-parent-10.pom (34 kB at 518 kB/s)
[INFO] Downloading from localsmartbear: https://rapi.tools.ops.smartbear.io/nexus/content/groups/public/org/apache/httpcomponents/httpclient/4.5.2/httpclient-4.5.2.pom
[INFO] Downloaded from localsmartbear: https://rapi.tools.ops.smartbear.io/nexus/content/groups/public/org/apache/httpcomponents/httpclient/4.5.2/httpclient-4.5.2.pom (6.4 kB at 101 kB/s)
[INFO] Downloading from localsmartbear: https://rapi.tools.ops.smartbear.io/nexus/content/groups/public/org/apache/httpcomponents/httpcomponents-client/4.5.2/httpcomponents-client-4.5.2.pom
[INFO] Downloaded from localsmartbear: https://rapi.tools.ops.smartbear.io/nexus/content/groups/public/org/apache/httpcomponents/httpcomponents-client/4.5.2/httpcomponents-client-4.5.2.pom (16 kB at 253 kB/s)
[INFO] Downloading from localsmartbear: https://rapi.tools.ops.smartbear.io/nexus/content/groups/public/org/apache/httpcomponents/project/7/project-7.pom
[INFO] Downloaded from localsmartbear: https://rapi.tools.ops.smartbear.io/nexus/content/groups/public/org/apache/httpcomponents/project/7/project-7.pom (27 kB at 454 kB/s)
[INFO] Downloading from localsmartbear: https://rapi.tools.ops.smartbear.io/nexus/content/groups/public/org/apache/httpcomponents/httpcore/4.4.3/httpcore-4.4.3.pom
[INFO] Downloaded from localsmartbear: https://rapi.tools.ops.smartbear.io/nexus/content/groups/public/org/apache/httpcomponents/httpcore/4.4.3/httpcore-4.4.3.pom (5.5 kB at 94 kB/s)
[INFO] Downloading from localsmartbear: https://rapi.tools.ops.smartbear.io/nexus/content/groups/public/org/apache/httpcomponents/httpcomponents-core/4.4.3/httpcomponents-core-4.4.3.pom
[INFO] Downloaded from localsmartbear: https://rapi.tools.ops.smartbear.io/nexus/content/groups/public/org/apache/httpcomponents/httpcomponents-core/4.4.3/httpcomponents-core-4.4.3.pom (13 kB at 214 kB/s)
[INFO] Downloading from localsmartbear: https://rapi.tools.ops.smartbear.io/nexus/content/groups/public/commons-codec/commons-codec/1.6/commons-codec-1.6.pom
[INFO] Downloaded from localsmartbear: https://rapi.tools.ops.smartbear.io/nexus/content/groups/public/commons-codec/commons-codec/1.6/commons-codec-1.6.pom (11 kB at 196 kB/s)
[INFO] Downloading from localsmartbear: https://rapi.tools.ops.smartbear.io/nexus/content/groups/public/org/apache/commons/commons-parent/22/commons-parent-22.pom
[INFO] Downloaded from localsmartbear: https://rapi.tools.ops.smartbear.io/nexus/content/groups/public/org/apache/commons/commons-parent/22/commons-parent-22.pom (42 kB at 626 kB/s)
[INFO] Downloading from localsmartbear: https://rapi.tools.ops.smartbear.io/nexus/content/groups/public/org/apache/apache/9/apache-9.pom
[INFO] Downloaded from localsmartbear: https://rapi.tools.ops.smartbear.io/nexus/content/groups/public/org/apache/apache/9/apache-9.pom (15 kB at 249 kB/s)
[INFO] Downloading from localsmartbear: https://rapi.tools.ops.smartbear.io/nexus/content/groups/public/net/sourceforge/htmlunit/htmlunit-core-js/2.33/htmlunit-core-js-2.33.pom
[INFO] Downloaded from localsmartbear: https://rapi.tools.ops.smartbear.io/nexus/content/groups/public/net/sourceforge/htmlunit/htmlunit-core-js/2.33/htmlunit-core-js-2.33.pom (1.7 kB at 17 kB/s)
[INFO] Downloading from localsmartbear: https://rapi.tools.ops.smartbear.io/nexus/content/groups/public/net/sourceforge/htmlunit/neko-htmlunit/2.33/neko-htmlunit-2.33.pom
[INFO] Downloaded from localsmartbear: https://rapi.tools.ops.smartbear.io/nexus/content/groups/public/net/sourceforge/htmlunit/neko-htmlunit/2.33/neko-htmlunit-2.33.pom (6.0 kB at 59 kB/s)
[INFO] Downloading from localsmartbear: https://rapi.tools.ops.smartbear.io/nexus/content/groups/public/xerces/xercesImpl/2.12.0/xercesImpl-2.12.0.pom
[INFO] Downloaded from localsmartbear: https://rapi.tools.ops.smartbear.io/nexus/content/groups/public/xerces/xercesImpl/2.12.0/xercesImpl-2.12.0.pom (3.4 kB at 58 kB/s)
[INFO] Downloading from localsmartbear: https://rapi.tools.ops.smartbear.io/nexus/content/groups/public/net/sourceforge/htmlunit/htmlunit-cssparser/1.2.0/htmlunit-cssparser-1.2.0.pom
[INFO] Downloaded from localsmartbear: https://rapi.tools.ops.smartbear.io/nexus/content/groups/public/net/sourceforge/htmlunit/htmlunit-cssparser/1.2.0/htmlunit-cssparser-1.2.0.pom (14 kB at 96 kB/s)
[INFO] Downloading from localsmartbear: https://rapi.tools.ops.smartbear.io/nexus/content/groups/public/commons-net/commons-net/2.0/commons-net-2.0.pom
[INFO] Downloaded from localsmartbear: https://rapi.tools.ops.smartbear.io/nexus/content/groups/public/commons-net/commons-net/2.0/commons-net-2.0.pom (7.7 kB at 75 kB/s)
[INFO] Downloading from localsmartbear: https://rapi.tools.ops.smartbear.io/nexus/content/groups/public/org/apache/commons/commons-parent/11/commons-parent-11.pom
[INFO] Downloaded from localsmartbear: https://rapi.tools.ops.smartbear.io/nexus/content/groups/public/org/apache/commons/commons-parent/11/commons-parent-11.pom (25 kB at 333 kB/s)
[INFO] Downloading from localsmartbear: https://rapi.tools.ops.smartbear.io/nexus/content/groups/public/org/eclipse/jetty/websocket/websocket-client/9.4.12.v20180830/websocket-client-9.4.12.v20180830.pom
[INFO] Downloaded from localsmartbear: https://rapi.tools.ops.smartbear.io/nexus/content/groups/public/org/eclipse/jetty/websocket/websocket-client/9.4.12.v20180830/websocket-client-9.4.12.v20180830.pom (5.7 kB at 58 kB/s)
[INFO] Downloading from localsmartbear: https://rapi.tools.ops.smartbear.io/nexus/content/groups/public/org/eclipse/jetty/websocket/websocket-parent/9.4.12.v20180830/websocket-parent-9.4.12.v20180830.pom
[INFO] Downloaded from localsmartbear: https://rapi.tools.ops.smartbear.io/nexus/content/groups/public/org/eclipse/jetty/websocket/websocket-parent/9.4.12.v20180830/websocket-parent-9.4.12.v20180830.pom (1.8 kB at 30 kB/s)
[INFO] Downloading from localsmartbear: https://rapi.tools.ops.smartbear.io/nexus/content/groups/public/org/eclipse/jetty/jetty-project/9.4.12.v20180830/jetty-project-9.4.12.v20180830.pom
[INFO] Downloaded from localsmartbear: https://rapi.tools.ops.smartbear.io/nexus/content/groups/public/org/eclipse/jetty/jetty-project/9.4.12.v20180830/jetty-project-9.4.12.v20180830.pom (65 kB at 971 kB/s)
[INFO] Downloading from localsmartbear: https://rapi.tools.ops.smartbear.io/nexus/content/groups/public/org/eclipse/jetty/jetty-client/9.4.12.v20180830/jetty-client-9.4.12.v20180830.pom
[INFO] Downloaded from localsmartbear: https://rapi.tools.ops.smartbear.io/nexus/content/groups/public/org/eclipse/jetty/jetty-client/9.4.12.v20180830/jetty-client-9.4.12.v20180830.pom (4.6 kB at 30 kB/s)
[INFO] Downloading from localsmartbear: https://rapi.tools.ops.smartbear.io/nexus/content/groups/public/org/eclipse/jetty/jetty-http/9.4.12.v20180830/jetty-http-9.4.12.v20180830.pom
[INFO] Downloaded from localsmartbear: https://rapi.tools.ops.smartbear.io/nexus/content/groups/public/org/eclipse/jetty/jetty-http/9.4.12.v20180830/jetty-http-9.4.12.v20180830.pom (4.3 kB at 43 kB/s)
[INFO] Downloading from localsmartbear: https://rapi.tools.ops.smartbear.io/nexus/content/groups/public/org/eclipse/jetty/jetty-util/9.4.12.v20180830/jetty-util-9.4.12.v20180830.pom
[INFO] Downloaded from localsmartbear: https://rapi.tools.ops.smartbear.io/nexus/content/groups/public/org/eclipse/jetty/jetty-util/9.4.12.v20180830/jetty-util-9.4.12.v20180830.pom (3.8 kB at 69 kB/s)
[INFO] Downloading from localsmartbear: https://rapi.tools.ops.smartbear.io/nexus/content/groups/public/org/eclipse/jetty/jetty-io/9.4.12.v20180830/jetty-io-9.4.12.v20180830.pom
[INFO] Downloaded from localsmartbear: https://rapi.tools.ops.smartbear.io/nexus/content/groups/public/org/eclipse/jetty/jetty-io/9.4.12.v20180830/jetty-io-9.4.12.v20180830.pom (1.3 kB at 23 kB/s)
[INFO] Downloading from localsmartbear: https://rapi.tools.ops.smartbear.io/nexus/content/groups/public/org/eclipse/jetty/jetty-xml/9.4.12.v20180830/jetty-xml-9.4.12.v20180830.pom
[INFO] Downloaded from localsmartbear: https://rapi.tools.ops.smartbear.io/nexus/content/groups/public/org/eclipse/jetty/jetty-xml/9.4.12.v20180830/jetty-xml-9.4.12.v20180830.pom (1.9 kB at 35 kB/s)
[INFO] Downloading from localsmartbear: https://rapi.tools.ops.smartbear.io/nexus/content/groups/public/org/eclipse/jetty/websocket/websocket-common/9.4.12.v20180830/websocket-common-9.4.12.v20180830.pom
[INFO] Downloaded from localsmartbear: https://rapi.tools.ops.smartbear.io/nexus/content/groups/public/org/eclipse/jetty/websocket/websocket-common/9.4.12.v20180830/websocket-common-9.4.12.v20180830.pom (3.6 kB at 37 kB/s)
[INFO] Downloading from localsmartbear: https://rapi.tools.ops.smartbear.io/nexus/content/groups/public/org/eclipse/jetty/websocket/websocket-api/9.4.12.v20180830/websocket-api-9.4.12.v20180830.pom
[INFO] Downloaded from localsmartbear: https://rapi.tools.ops.smartbear.io/nexus/content/groups/public/org/eclipse/jetty/websocket/websocket-api/9.4.12.v20180830/websocket-api-9.4.12.v20180830.pom (2.8 kB at 28 kB/s)
[INFO] Downloading from localsmartbear: https://rapi.tools.ops.smartbear.io/nexus/content/groups/public/org/apache/oltu/oauth2/org.apache.oltu.oauth2.client/0.31/org.apache.oltu.oauth2.client-0.31.pom
[INFO] Downloaded from localsmartbear: https://rapi.tools.ops.smartbear.io/nexus/content/groups/public/org/apache/oltu/oauth2/org.apache.oltu.oauth2.client/0.31/org.apache.oltu.oauth2.client-0.31.pom (3.0 kB at 51 kB/s)
[INFO] Downloading from localsmartbear: https://rapi.tools.ops.smartbear.io/nexus/content/groups/public/org/apache/oltu/oauth2/org.apache.oltu.oauth2.parent/0.31/org.apache.oltu.oauth2.parent-0.31.pom
[INFO] Downloaded from localsmartbear: https://rapi.tools.ops.smartbear.io/nexus/content/groups/public/org/apache/oltu/oauth2/org.apache.oltu.oauth2.parent/0.31/org.apache.oltu.oauth2.parent-0.31.pom (4.6 kB at 48 kB/s)
[INFO] Downloading from localsmartbear: https://rapi.tools.ops.smartbear.io/nexus/content/groups/public/org/apache/oltu/org.apache.oltu.parent/1/org.apache.oltu.parent-1.pom
[INFO] Downloaded from localsmartbear: https://rapi.tools.ops.smartbear.io/nexus/content/groups/public/org/apache/oltu/org.apache.oltu.parent/1/org.apache.oltu.parent-1.pom (32 kB at 478 kB/s)
[INFO] Downloading from localsmartbear: https://rapi.tools.ops.smartbear.io/nexus/content/groups/public/org/apache/apache/10/apache-10.pom
[INFO] Downloaded from localsmartbear: https://rapi.tools.ops.smartbear.io/nexus/content/groups/public/org/apache/apache/10/apache-10.pom (15 kB at 251 kB/s)
[INFO] Downloading from localsmartbear: https://rapi.tools.ops.smartbear.io/nexus/content/groups/public/org/apache/oltu/oauth2/org.apache.oltu.oauth2.common/0.31/org.apache.oltu.oauth2.common-0.31.pom
[INFO] Downloaded from localsmartbear: https://rapi.tools.ops.smartbear.io/nexus/content/groups/public/org/apache/oltu/oauth2/org.apache.oltu.oauth2.common/0.31/org.apache.oltu.oauth2.common-0.31.pom (2.8 kB at 49 kB/s)
[INFO] Downloading from localsmartbear: https://rapi.tools.ops.smartbear.io/nexus/content/groups/public/org/codehaus/jettison/jettison/1.2/jettison-1.2.pom
[INFO] Downloaded from localsmartbear: https://rapi.tools.ops.smartbear.io/nexus/content/groups/public/org/codehaus/jettison/jettison/1.2/jettison-1.2.pom (4.0 kB at 67 kB/s)
[INFO] Downloading from localsmartbear: https://rapi.tools.ops.smartbear.io/nexus/content/groups/public/org/apache/oltu/oauth2/org.apache.oltu.oauth2.httpclient4/0.31/org.apache.oltu.oauth2.httpclient4-0.31.pom
[INFO] Downloaded from localsmartbear: https://rapi.tools.ops.smartbear.io/nexus/content/groups/public/org/apache/oltu/oauth2/org.apache.oltu.oauth2.httpclient4/0.31/org.apache.oltu.oauth2.httpclient4-0.31.pom (2.6 kB at 40 kB/s)
[INFO] Downloading from localsmartbear: https://rapi.tools.ops.smartbear.io/nexus/content/groups/public/org/apache/oltu/oauth2/org.apache.oltu.oauth2.jwt/1.0.1/org.apache.oltu.oauth2.jwt-1.0.1.pom
[INFO] Downloaded from localsmartbear: https://rapi.tools.ops.smartbear.io/nexus/content/groups/public/org/apache/oltu/oauth2/org.apache.oltu.oauth2.jwt/1.0.1/org.apache.oltu.oauth2.jwt-1.0.1.pom (2.5 kB at 24 kB/s)
[INFO] Downloading from localsmartbear: https://rapi.tools.ops.smartbear.io/nexus/content/groups/public/org/apache/oltu/oauth2/org.apache.oltu.oauth2.parent/1.0.1/org.apache.oltu.oauth2.parent-1.0.1.pom
[INFO] Downloaded from localsmartbear: https://rapi.tools.ops.smartbear.io/nexus/content/groups/public/org/apache/oltu/oauth2/org.apache.oltu.oauth2.parent/1.0.1/org.apache.oltu.oauth2.parent-1.0.1.pom (5.7 kB at 102 kB/s)
[INFO] Downloading from localsmartbear: https://rapi.tools.ops.smartbear.io/nexus/content/groups/public/org/apache/oltu/org.apache.oltu.parent/3/org.apache.oltu.parent-3.pom
[INFO] Downloaded from localsmartbear: https://rapi.tools.ops.smartbear.io/nexus/content/groups/public/org/apache/oltu/org.apache.oltu.parent/3/org.apache.oltu.parent-3.pom (30 kB at 290 kB/s)
[INFO] Downloading from localsmartbear: https://rapi.tools.ops.smartbear.io/nexus/content/groups/public/org/apache/oltu/commons/org.apache.oltu.commons.encodedtoken/1.0.0/org.apache.oltu.commons.encodedtoken-1.0.0.pom
[INFO] Downloaded from localsmartbear: https://rapi.tools.ops.smartbear.io/nexus/content/groups/public/org/apache/oltu/commons/org.apache.oltu.commons.encodedtoken/1.0.0/org.apache.oltu.commons.encodedtoken-1.0.0.pom (1.6 kB at 26 kB/s)
[INFO] Downloading from localsmartbear: https://rapi.tools.ops.smartbear.io/nexus/content/groups/public/org/apache/oltu/commons/org.apache.oltu.commons.parent/1/org.apache.oltu.commons.parent-1.pom
[INFO] Downloaded from localsmartbear: https://rapi.tools.ops.smartbear.io/nexus/content/groups/public/org/apache/oltu/commons/org.apache.oltu.commons.parent/1/org.apache.oltu.commons.parent-1.pom (2.0 kB at 19 kB/s)
[INFO] Downloading from localsmartbear: https://rapi.tools.ops.smartbear.io/nexus/content/groups/public/org/apache/oltu/org.apache.oltu.parent/2/org.apache.oltu.parent-2.pom
[INFO] Downloaded from localsmartbear: https://rapi.tools.ops.smartbear.io/nexus/content/groups/public/org/apache/oltu/org.apache.oltu.parent/2/org.apache.oltu.parent-2.pom (32 kB at 323 kB/s)
[INFO] Downloading from localsmartbear: https://rapi.tools.ops.smartbear.io/nexus/content/groups/public/org/apache/oltu/commons/org.apache.oltu.commons.json/1.0.0/org.apache.oltu.commons.json-1.0.0.pom
[INFO] Downloaded from localsmartbear: https://rapi.tools.ops.smartbear.io/nexus/content/groups/public/org/apache/oltu/commons/org.apache.oltu.commons.json/1.0.0/org.apache.oltu.commons.json-1.0.0.pom (1.6 kB at 28 kB/s)
[INFO] Downloading from localsmartbear: https://rapi.tools.ops.smartbear.io/nexus/content/groups/public/org/json/json/20131018/json-20131018.pom
[INFO] Downloaded from localsmartbear: https://rapi.tools.ops.smartbear.io/nexus/content/groups/public/org/json/json/20131018/json-20131018.pom (4.2 kB at 41 kB/s)
[INFO] Downloading from localsmartbear: https://rapi.tools.ops.smartbear.io/nexus/content/groups/public/org/apache/oltu/oauth2/org.apache.oltu.oauth2.authzserver/1.0.0/org.apache.oltu.oauth2.authzserver-1.0.0.pom
[INFO] Downloaded from localsmartbear: https://rapi.tools.ops.smartbear.io/nexus/content/groups/public/org/apache/oltu/oauth2/org.apache.oltu.oauth2.authzserver/1.0.0/org.apache.oltu.oauth2.authzserver-1.0.0.pom (3.0 kB at 49 kB/s)
[INFO] Downloading from localsmartbear: https://rapi.tools.ops.smartbear.io/nexus/content/groups/public/org/apache/oltu/oauth2/org.apache.oltu.oauth2.parent/1.0.0/org.apache.oltu.oauth2.parent-1.0.0.pom
[INFO] Downloaded from localsmartbear: https://rapi.tools.ops.smartbear.io/nexus/content/groups/public/org/apache/oltu/oauth2/org.apache.oltu.oauth2.parent/1.0.0/org.apache.oltu.oauth2.parent-1.0.0.pom (4.5 kB at 82 kB/s)
[INFO] Downloading from localsmartbear: https://rapi.tools.ops.smartbear.io/nexus/content/groups/public/org/apache/oltu/oauth2/org.apache.oltu.oauth2.common/1.0.0/org.apache.oltu.oauth2.common-1.0.0.pom
[INFO] Downloaded from localsmartbear: https://rapi.tools.ops.smartbear.io/nexus/content/groups/public/org/apache/oltu/oauth2/org.apache.oltu.oauth2.common/1.0.0/org.apache.oltu.oauth2.common-1.0.0.pom (2.8 kB at 50 kB/s)
[INFO] Downloading from localsmartbear: https://rapi.tools.ops.smartbear.io/nexus/content/groups/public/org/apache/oltu/oauth2/org.apache.oltu.oauth2.common/1.0.1/org.apache.oltu.oauth2.common-1.0.1.pom
[INFO] Downloaded from localsmartbear: https://rapi.tools.ops.smartbear.io/nexus/content/groups/public/org/apache/oltu/oauth2/org.apache.oltu.oauth2.common/1.0.1/org.apache.oltu.oauth2.common-1.0.1.pom (2.8 kB at 46 kB/s)
[INFO] Downloading from localsmartbear: https://rapi.tools.ops.smartbear.io/nexus/content/groups/public/org/json/json/20140107/json-20140107.pom
[INFO] Downloaded from localsmartbear: https://rapi.tools.ops.smartbear.io/nexus/content/groups/public/org/json/json/20140107/json-20140107.pom (4.2 kB at 69 kB/s)
[INFO] Downloading from localsmartbear: https://rapi.tools.ops.smartbear.io/nexus/content/groups/public/com/google/oauth-client/google-oauth-client/1.21.0/google-oauth-client-1.21.0.pom
[INFO] Downloaded from localsmartbear: https://rapi.tools.ops.smartbear.io/nexus/content/groups/public/com/google/oauth-client/google-oauth-client/1.21.0/google-oauth-client-1.21.0.pom (2.9 kB at 55 kB/s)
[INFO] Downloading from localsmartbear: https://rapi.tools.ops.smartbear.io/nexus/content/groups/public/com/google/oauth-client/google-oauth-client-parent/1.21.0/google-oauth-client-parent-1.21.0.pom
[INFO] Downloaded from localsmartbear: https://rapi.tools.ops.smartbear.io/nexus/content/groups/public/com/google/oauth-client/google-oauth-client-parent/1.21.0/google-oauth-client-parent-1.21.0.pom (19 kB at 323 kB/s)
[INFO] Downloading from localsmartbear: https://rapi.tools.ops.smartbear.io/nexus/content/groups/public/com/google/http-client/google-http-client/1.21.0/google-http-client-1.21.0.pom
[INFO] Downloaded from localsmartbear: https://rapi.tools.ops.smartbear.io/nexus/content/groups/public/com/google/http-client/google-http-client/1.21.0/google-http-client-1.21.0.pom (5.1 kB at 84 kB/s)
[INFO] Downloading from localsmartbear: https://rapi.tools.ops.smartbear.io/nexus/content/groups/public/com/google/http-client/google-http-client-parent/1.21.0/google-http-client-parent-1.21.0.pom
[INFO] Downloaded from localsmartbear: https://rapi.tools.ops.smartbear.io/nexus/content/groups/public/com/google/http-client/google-http-client-parent/1.21.0/google-http-client-parent-1.21.0.pom (23 kB at 391 kB/s)
[INFO] Downloading from localsmartbear: https://rapi.tools.ops.smartbear.io/nexus/content/groups/public/org/apache/oltu/jose/org.apache.oltu.jose.jws/1.0.1/org.apache.oltu.jose.jws-1.0.1.pom
[INFO] Downloaded from localsmartbear: https://rapi.tools.ops.smartbear.io/nexus/content/groups/public/org/apache/oltu/jose/org.apache.oltu.jose.jws/1.0.1/org.apache.oltu.jose.jws-1.0.1.pom (2.0 kB at 19 kB/s)
[INFO] Downloading from localsmartbear: https://rapi.tools.ops.smartbear.io/nexus/content/groups/public/org/apache/oltu/jose/org.apache.oltu.jose.parent/2/org.apache.oltu.jose.parent-2.pom
[INFO] Downloaded from localsmartbear: https://rapi.tools.ops.smartbear.io/nexus/content/groups/public/org/apache/oltu/jose/org.apache.oltu.jose.parent/2/org.apache.oltu.jose.parent-2.pom (3.4 kB at 50 kB/s)
[INFO] Downloading from localsmartbear: https://rapi.tools.ops.smartbear.io/nexus/content/groups/public/org/apache/oltu/org.apache.oltu.parent/4/org.apache.oltu.parent-4.pom
[INFO] Downloaded from localsmartbear: https://rapi.tools.ops.smartbear.io/nexus/content/groups/public/org/apache/oltu/org.apache.oltu.parent/4/org.apache.oltu.parent-4.pom (32 kB at 209 kB/s)
[INFO] Downloading from localsmartbear: https://rapi.tools.ops.smartbear.io/nexus/content/groups/public/org/apache/apache/17/apache-17.pom
[INFO] Downloaded from localsmartbear: https://rapi.tools.ops.smartbear.io/nexus/content/groups/public/org/apache/apache/17/apache-17.pom (16 kB at 236 kB/s)
[INFO] Downloading from localsmartbear: https://rapi.tools.ops.smartbear.io/nexus/content/groups/public/org/apache/oltu/commons/org.apache.oltu.commons.encodedtoken/1.0.1/org.apache.oltu.commons.encodedtoken-1.0.1.pom
[INFO] Downloaded from localsmartbear: https://rapi.tools.ops.smartbear.io/nexus/content/groups/public/org/apache/oltu/commons/org.apache.oltu.commons.encodedtoken/1.0.1/org.apache.oltu.commons.encodedtoken-1.0.1.pom (1.8 kB at 17 kB/s)
[INFO] Downloading from localsmartbear: https://rapi.tools.ops.smartbear.io/nexus/content/groups/public/org/apache/oltu/commons/org.apache.oltu.commons.parent/2/org.apache.oltu.commons.parent-2.pom
[INFO] Downloaded from localsmartbear: https://rapi.tools.ops.smartbear.io/nexus/content/groups/public/org/apache/oltu/commons/org.apache.oltu.commons.parent/2/org.apache.oltu.commons.parent-2.pom (3.4 kB at 35 kB/s)
[INFO] Downloading from localsmartbear: https://rapi.tools.ops.smartbear.io/nexus/content/groups/public/org/apache/oltu/commons/org.apache.oltu.commons.json/1.0.1/org.apache.oltu.commons.json-1.0.1.pom
[INFO] Downloaded from localsmartbear: https://rapi.tools.ops.smartbear.io/nexus/content/groups/public/org/apache/oltu/commons/org.apache.oltu.commons.json/1.0.1/org.apache.oltu.commons.json-1.0.1.pom (1.6 kB at 25 kB/s)
[INFO] Downloading from localsmartbear: https://rapi.tools.ops.smartbear.io/nexus/content/groups/public/org/json/json/20160212/json-20160212.pom
[INFO] Downloaded from localsmartbear: https://rapi.tools.ops.smartbear.io/nexus/content/groups/public/org/json/json/20160212/json-20160212.pom (5.7 kB at 93 kB/s)
[INFO] Downloading from localsmartbear: https://rapi.tools.ops.smartbear.io/nexus/content/groups/public/com/sun/mail/jakarta.mail/2.0.0/jakarta.mail-2.0.0.pom
[INFO] Downloaded from localsmartbear: https://rapi.tools.ops.smartbear.io/nexus/content/groups/public/com/sun/mail/jakarta.mail/2.0.0/jakarta.mail-2.0.0.pom (5.7 kB at 38 kB/s)
[INFO] Downloading from localsmartbear: https://rapi.tools.ops.smartbear.io/nexus/content/groups/public/com/sun/mail/all/2.0.0/all-2.0.0.pom
[INFO] Downloaded from localsmartbear: https://rapi.tools.ops.smartbear.io/nexus/content/groups/public/com/sun/mail/all/2.0.0/all-2.0.0.pom (22 kB at 181 kB/s)
[INFO] Downloading from localsmartbear: https://rapi.tools.ops.smartbear.io/nexus/content/groups/public/com/sun/activation/jakarta.activation/2.0.0/jakarta.activation-2.0.0.pom
[INFO] Downloaded from localsmartbear: https://rapi.tools.ops.smartbear.io/nexus/content/groups/public/com/sun/activation/jakarta.activation/2.0.0/jakarta.activation-2.0.0.pom (3.6 kB at 23 kB/s)
[INFO] Downloading from localsmartbear: https://rapi.tools.ops.smartbear.io/nexus/content/groups/public/com/sun/activation/all/2.0.0/all-2.0.0.pom
[INFO] Downloaded from localsmartbear: https://rapi.tools.ops.smartbear.io/nexus/content/groups/public/com/sun/activation/all/2.0.0/all-2.0.0.pom (17 kB at 174 kB/s)
[INFO] Downloading from localsmartbear: https://rapi.tools.ops.smartbear.io/nexus/content/groups/public/wsdl4j/wsdl4j/1.6.2-fixed/wsdl4j-1.6.2-fixed.pom
[INFO] Downloaded from localsmartbear: https://rapi.tools.ops.smartbear.io/nexus/content/groups/public/wsdl4j/wsdl4j/1.6.2-fixed/wsdl4j-1.6.2-fixed.pom (386 B at 6.8 kB/s)
[INFO] Downloading from localsmartbear: https://rapi.tools.ops.smartbear.io/nexus/content/groups/public/com/narupley/not-going-to-be-commons-ssl/0.3.20/not-going-to-be-commons-ssl-0.3.20.pom
[INFO] Downloaded from localsmartbear: https://rapi.tools.ops.smartbear.io/nexus/content/groups/public/com/narupley/not-going-to-be-commons-ssl/0.3.20/not-going-to-be-commons-ssl-0.3.20.pom (9.7 kB at 173 kB/s)
[INFO] Downloading from localsmartbear: https://rapi.tools.ops.smartbear.io/nexus/content/groups/public/commons-httpclient/commons-httpclient/3.1/commons-httpclient-3.1.pom
[INFO] Downloaded from localsmartbear: https://rapi.tools.ops.smartbear.io/nexus/content/groups/public/commons-httpclient/commons-httpclient/3.1/commons-httpclient-3.1.pom (7.8 kB at 146 kB/s)
[INFO] Downloading from localsmartbear: https://rapi.tools.ops.smartbear.io/nexus/content/groups/public/commons-logging/commons-logging/1.0.4/commons-logging-1.0.4.pom
[INFO] Downloaded from localsmartbear: https://rapi.tools.ops.smartbear.io/nexus/content/groups/public/commons-logging/commons-logging/1.0.4/commons-logging-1.0.4.pom (5.3 kB at 101 kB/s)
[INFO] Downloading from localsmartbear: https://rapi.tools.ops.smartbear.io/nexus/content/groups/public/commons-cli/commons-cli/1.4/commons-cli-1.4.pom
[INFO] Downloaded from localsmartbear: https://rapi.tools.ops.smartbear.io/nexus/content/groups/public/commons-cli/commons-cli/1.4/commons-cli-1.4.pom (11 kB at 185 kB/s)
[INFO] Downloading from localsmartbear: https://rapi.tools.ops.smartbear.io/nexus/content/groups/public/swingx/swingx/soapui/swingx-soapui.pom
[INFO] Downloaded from localsmartbear: https://rapi.tools.ops.smartbear.io/nexus/content/groups/public/swingx/swingx/soapui/swingx-soapui.pom (152 B at 2.8 kB/s)
[INFO] Downloading from localsmartbear: https://rapi.tools.ops.smartbear.io/nexus/content/groups/public/org/mozilla/rhino/1.7.10/rhino-1.7.10.pom
[INFO] Downloaded from localsmartbear: https://rapi.tools.ops.smartbear.io/nexus/content/groups/public/org/mozilla/rhino/1.7.10/rhino-1.7.10.pom (1.3 kB at 24 kB/s)
[INFO] Downloading from localsmartbear: https://rapi.tools.ops.smartbear.io/nexus/content/groups/public/xmlunit/xmlunit/1.2/xmlunit-1.2.pom
[INFO] Downloaded from localsmartbear: https://rapi.tools.ops.smartbear.io/nexus/content/groups/public/xmlunit/xmlunit/1.2/xmlunit-1.2.pom (2.7 kB at 47 kB/s)
[INFO] Downloading from localsmartbear: https://rapi.tools.ops.smartbear.io/nexus/content/groups/public/org/bouncycastle/bcprov-jdk15on/1.64/bcprov-jdk15on-1.64.pom
[INFO] Downloaded from localsmartbear: https://rapi.tools.ops.smartbear.io/nexus/content/groups/public/org/bouncycastle/bcprov-jdk15on/1.64/bcprov-jdk15on-1.64.pom (1.2 kB at 19 kB/s)
[INFO] Downloading from localsmartbear: https://rapi.tools.ops.smartbear.io/nexus/content/groups/public/jtidy/jtidy/r872-jdk15/jtidy-r872-jdk15.pom
[INFO] Downloaded from localsmartbear: https://rapi.tools.ops.smartbear.io/nexus/content/groups/public/jtidy/jtidy/r872-jdk15/jtidy-r872-jdk15.pom (156 B at 2.9 kB/s)
[INFO] Downloading from localsmartbear: https://rapi.tools.ops.smartbear.io/nexus/content/groups/public/javax/jms/jms/1.1/jms-1.1.pom
[INFO] Downloaded from localsmartbear: https://rapi.tools.ops.smartbear.io/nexus/content/groups/public/javax/jms/jms/1.1/jms-1.1.pom (677 B at 11 kB/s)
[INFO] Downloading from localsmartbear: https://rapi.tools.ops.smartbear.io/nexus/content/groups/public/hermesjms/hermes/1.14/hermes-1.14.pom
[INFO] Downloaded from localsmartbear: https://rapi.tools.ops.smartbear.io/nexus/content/groups/public/hermesjms/hermes/1.14/hermes-1.14.pom (187 B at 3.4 kB/s)
[INFO] Downloading from localsmartbear: https://rapi.tools.ops.smartbear.io/nexus/content/groups/public/amf/flex-messaging-common/1.0/flex-messaging-common-1.0.pom
[INFO] Downloaded from localsmartbear: https://rapi.tools.ops.smartbear.io/nexus/content/groups/public/amf/flex-messaging-common/1.0/flex-messaging-common-1.0.pom (195 B at 3.8 kB/s)
[INFO] Downloading from localsmartbear: https://rapi.tools.ops.smartbear.io/nexus/content/groups/public/amf/flex-messaging-core/1.0/flex-messaging-core-1.0.pom
[INFO] Downloaded from localsmartbear: https://rapi.tools.ops.smartbear.io/nexus/content/groups/public/amf/flex-messaging-core/1.0/flex-messaging-core-1.0.pom (193 B at 3.2 kB/s)
[INFO] Downloading from localsmartbear: https://rapi.tools.ops.smartbear.io/nexus/content/groups/public/com/thoughtworks/xstream/xstream/1.4.13/xstream-1.4.13.pom
[INFO] Downloaded from localsmartbear: https://rapi.tools.ops.smartbear.io/nexus/content/groups/public/com/thoughtworks/xstream/xstream/1.4.13/xstream-1.4.13.pom (20 kB at 339 kB/s)
[INFO] Downloading from localsmartbear: https://rapi.tools.ops.smartbear.io/nexus/content/groups/public/com/thoughtworks/xstream/xstream-parent/1.4.13/xstream-parent-1.4.13.pom
[INFO] Downloaded from localsmartbear: https://rapi.tools.ops.smartbear.io/nexus/content/groups/public/com/thoughtworks/xstream/xstream-parent/1.4.13/xstream-parent-1.4.13.pom (43 kB at 398 kB/s)
[INFO] Downloading from localsmartbear: https://rapi.tools.ops.smartbear.io/nexus/content/groups/public/xmlpull/xmlpull/1.1.3.1/xmlpull-1.1.3.1.pom
[INFO] Downloaded from localsmartbear: https://rapi.tools.ops.smartbear.io/nexus/content/groups/public/xmlpull/xmlpull/1.1.3.1/xmlpull-1.1.3.1.pom (386 B at 7.0 kB/s)
[INFO] Downloading from localsmartbear: https://rapi.tools.ops.smartbear.io/nexus/content/groups/public/xpp3/xpp3_min/1.1.4c/xpp3_min-1.1.4c.pom
[INFO] Downloaded from localsmartbear: https://rapi.tools.ops.smartbear.io/nexus/content/groups/public/xpp3/xpp3_min/1.1.4c/xpp3_min-1.1.4c.pom (1.6 kB at 29 kB/s)
[INFO] Downloading from localsmartbear: https://rapi.tools.ops.smartbear.io/nexus/content/groups/public/net/sourceforge/nekohtml/nekohtml/1.9.14/nekohtml-1.9.14.pom
[INFO] Downloaded from localsmartbear: https://rapi.tools.ops.smartbear.io/nexus/content/groups/public/net/sourceforge/nekohtml/nekohtml/1.9.14/nekohtml-1.9.14.pom (1.3 kB at 23 kB/s)
[INFO] Downloading from localsmartbear: https://rapi.tools.ops.smartbear.io/nexus/content/groups/public/l2fprod/l2fprod-common-fontchooser/7.3/l2fprod-common-fontchooser-7.3.pom
[INFO] Downloaded from localsmartbear: https://rapi.tools.ops.smartbear.io/nexus/content/groups/public/l2fprod/l2fprod-common-fontchooser/7.3/l2fprod-common-fontchooser-7.3.pom (171 B at 2.9 kB/s)
[INFO] Downloading from localsmartbear: https://rapi.tools.ops.smartbear.io/nexus/content/groups/public/org/apache/ws/commons/util/ws-commons-util/1.0.2/ws-commons-util-1.0.2.pom
[INFO] Downloaded from localsmartbear: https://rapi.tools.ops.smartbear.io/nexus/content/groups/public/org/apache/ws/commons/util/ws-commons-util/1.0.2/ws-commons-util-1.0.2.pom (8.1 kB at 144 kB/s)
[INFO] Downloading from localsmartbear: https://rapi.tools.ops.smartbear.io/nexus/content/groups/public/com/github/markusbernhardt/proxy-vole/1.0.4/proxy-vole-1.0.4.pom
[INFO] Downloaded from localsmartbear: https://rapi.tools.ops.smartbear.io/nexus/content/groups/public/com/github/markusbernhardt/proxy-vole/1.0.4/proxy-vole-1.0.4.pom (8.9 kB at 89 kB/s)
[INFO] Downloading from localsmartbear: https://rapi.tools.ops.smartbear.io/nexus/content/groups/public/org/ini4j/ini4j/0.5.4/ini4j-0.5.4.pom
[INFO] Downloaded from localsmartbear: https://rapi.tools.ops.smartbear.io/nexus/content/groups/public/org/ini4j/ini4j/0.5.4/ini4j-0.5.4.pom (35 kB at 326 kB/s)
[INFO] Downloading from localsmartbear: https://rapi.tools.ops.smartbear.io/nexus/content/groups/public/net/java/dev/jna/jna/4.2.2/jna-4.2.2.pom
[INFO] Downloaded from localsmartbear: https://rapi.tools.ops.smartbear.io/nexus/content/groups/public/net/java/dev/jna/jna/4.2.2/jna-4.2.2.pom (1.3 kB at 25 kB/s)
[INFO] Downloading from localsmartbear: https://rapi.tools.ops.smartbear.io/nexus/content/groups/public/org/javadelight/delight-rhino-sandbox/0.0.6/delight-rhino-sandbox-0.0.6.pom
[INFO] Downloaded from localsmartbear: https://rapi.tools.ops.smartbear.io/nexus/content/groups/public/org/javadelight/delight-rhino-sandbox/0.0.6/delight-rhino-sandbox-0.0.6.pom (9.9 kB at 67 kB/s)
[INFO] Downloading from localsmartbear: https://rapi.tools.ops.smartbear.io/nexus/content/groups/public/org/mozilla/rhino/1.7.7/rhino-1.7.7.pom
[INFO] Downloaded from localsmartbear: https://rapi.tools.ops.smartbear.io/nexus/content/groups/public/org/mozilla/rhino/1.7.7/rhino-1.7.7.pom (1.3 kB at 23 kB/s)
[INFO] Downloading from localsmartbear: https://rapi.tools.ops.smartbear.io/nexus/content/groups/public/org/eclipse/xtend/org.eclipse.xtend.lib/2.8.3/org.eclipse.xtend.lib-2.8.3.pom
[WARNING] Checksum validation failed, expected d67cc2a3fb9cc626a2f92b63462c124a40eed336 but is adadc85abd8c127d24527823f1f09a3b25c18e8a from localsmartbear for https://rapi.tools.ops.smartbear.io/nexus/content/groups/public/org/eclipse/xtend/org.eclipse.xtend.lib/2.8.3/org.eclipse.xtend.lib-2.8.3.pom
[WARNING] Could not validate integrity of download from https://rapi.tools.ops.smartbear.io/nexus/content/groups/public/org/eclipse/xtend/org.eclipse.xtend.lib/2.8.3/org.eclipse.xtend.lib-2.8.3.pom: Checksum validation failed, expected d67cc2a3fb9cc626a2f92b63462c124a40eed336 but is adadc85abd8c127d24527823f1f09a3b25c18e8a
[WARNING] Checksum validation failed, expected d67cc2a3fb9cc626a2f92b63462c124a40eed336 but is adadc85abd8c127d24527823f1f09a3b25c18e8a from localsmartbear for https://rapi.tools.ops.smartbear.io/nexus/content/groups/public/org/eclipse/xtend/org.eclipse.xtend.lib/2.8.3/org.eclipse.xtend.lib-2.8.3.pom
[INFO] Downloaded from localsmartbear: https://rapi.tools.ops.smartbear.io/nexus/content/groups/public/org/eclipse/xtend/org.eclipse.xtend.lib/2.8.3/org.eclipse.xtend.lib-2.8.3.pom (1.6 kB at 13 kB/s)
[INFO] Downloading from localsmartbear: https://rapi.tools.ops.smartbear.io/nexus/content/groups/public/org/eclipse/xtext/org.eclipse.xtext.parent/2.8.3/org.eclipse.xtext.parent-2.8.3.pom
[INFO] Downloaded from localsmartbear: https://rapi.tools.ops.smartbear.io/nexus/content/groups/public/org/eclipse/xtext/org.eclipse.xtext.parent/2.8.3/org.eclipse.xtext.parent-2.8.3.pom (12 kB at 104 kB/s)
[INFO] Downloading from localsmartbear: https://rapi.tools.ops.smartbear.io/nexus/content/groups/public/org/eclipse/xtext/org.eclipse.xtext.xbase.lib/2.8.3/org.eclipse.xtext.xbase.lib-2.8.3.pom
[INFO] Downloaded from localsmartbear: https://rapi.tools.ops.smartbear.io/nexus/content/groups/public/org/eclipse/xtext/org.eclipse.xtext.xbase.lib/2.8.3/org.eclipse.xtext.xbase.lib-2.8.3.pom (1.4 kB at 12 kB/s)
[INFO] Downloading from localsmartbear: https://rapi.tools.ops.smartbear.io/nexus/content/groups/public/org/eclipse/xtend/org.eclipse.xtend.lib.macro/2.8.3/org.eclipse.xtend.lib.macro-2.8.3.pom
[INFO] Downloaded from localsmartbear: https://rapi.tools.ops.smartbear.io/nexus/content/groups/public/org/eclipse/xtend/org.eclipse.xtend.lib.macro/2.8.3/org.eclipse.xtend.lib.macro-2.8.3.pom (1.6 kB at 14 kB/s)
[INFO] Downloading from localsmartbear: https://rapi.tools.ops.smartbear.io/nexus/content/groups/public/org/raml/raml-parser/0.8.40/raml-parser-0.8.40.pom
[INFO] Downloaded from localsmartbear: https://rapi.tools.ops.smartbear.io/nexus/content/groups/public/org/raml/raml-parser/0.8.40/raml-parser-0.8.40.pom (14 kB at 134 kB/s)
[INFO] Downloading from localsmartbear: https://rapi.tools.ops.smartbear.io/nexus/content/groups/public/org/yaml/snakeyaml/1.23/snakeyaml-1.23.pom
[INFO] Downloaded from localsmartbear: https://rapi.tools.ops.smartbear.io/nexus/content/groups/public/org/yaml/snakeyaml/1.23/snakeyaml-1.23.pom (38 kB at 363 kB/s)
[INFO] Downloading from localsmartbear: https://rapi.tools.ops.smartbear.io/nexus/content/groups/public/com/fasterxml/jackson/module/jackson-module-jsonSchema/2.10.0/jackson-module-jsonSchema-2.10.0.pom
[INFO] Downloaded from localsmartbear: https://rapi.tools.ops.smartbear.io/nexus/content/groups/public/com/fasterxml/jackson/module/jackson-module-jsonSchema/2.10.0/jackson-module-jsonSchema-2.10.0.pom (2.9 kB at 30 kB/s)
[INFO] Downloading from localsmartbear: https://rapi.tools.ops.smartbear.io/nexus/content/groups/public/com/fasterxml/jackson/jackson-base/2.10.0/jackson-base-2.10.0.pom
[INFO] Downloaded from localsmartbear: https://rapi.tools.ops.smartbear.io/nexus/content/groups/public/com/fasterxml/jackson/jackson-base/2.10.0/jackson-base-2.10.0.pom (6.6 kB at 41 kB/s)
[INFO] Downloading from localsmartbear: https://rapi.tools.ops.smartbear.io/nexus/content/groups/public/com/fasterxml/jackson/jackson-bom/2.10.0/jackson-bom-2.10.0.pom
[INFO] Downloaded from localsmartbear: https://rapi.tools.ops.smartbear.io/nexus/content/groups/public/com/fasterxml/jackson/jackson-bom/2.10.0/jackson-bom-2.10.0.pom (13 kB at 208 kB/s)
[INFO] Downloading from localsmartbear: https://rapi.tools.ops.smartbear.io/nexus/content/groups/public/com/fasterxml/jackson/jackson-parent/2.10/jackson-parent-2.10.pom
[INFO] Downloaded from localsmartbear: https://rapi.tools.ops.smartbear.io/nexus/content/groups/public/com/fasterxml/jackson/jackson-parent/2.10/jackson-parent-2.10.pom (8.3 kB at 150 kB/s)
[INFO] Downloading from localsmartbear: https://rapi.tools.ops.smartbear.io/nexus/content/groups/public/com/googlecode/juniversalchardet/juniversalchardet/1.0.3/juniversalchardet-1.0.3.pom
[INFO] Downloaded from localsmartbear: https://rapi.tools.ops.smartbear.io/nexus/content/groups/public/com/googlecode/juniversalchardet/juniversalchardet/1.0.3/juniversalchardet-1.0.3.pom (1.5 kB at 25 kB/s)
[INFO] Downloading from localsmartbear: https://rapi.tools.ops.smartbear.io/nexus/content/groups/public/javax/xml/bind/jaxb-api/2.3.1/jaxb-api-2.3.1.pom
[INFO] Downloaded from localsmartbear: https://rapi.tools.ops.smartbear.io/nexus/content/groups/public/javax/xml/bind/jaxb-api/2.3.1/jaxb-api-2.3.1.pom (20 kB at 325 kB/s)
[INFO] Downloading from localsmartbear: https://rapi.tools.ops.smartbear.io/nexus/content/groups/public/javax/xml/bind/jaxb-api-parent/2.3.1/jaxb-api-parent-2.3.1.pom
[INFO] Downloaded from localsmartbear: https://rapi.tools.ops.smartbear.io/nexus/content/groups/public/javax/xml/bind/jaxb-api-parent/2.3.1/jaxb-api-parent-2.3.1.pom (8.1 kB at 133 kB/s)
[INFO] Downloading from localsmartbear: https://rapi.tools.ops.smartbear.io/nexus/content/groups/public/net/java/jvnet-parent/5/jvnet-parent-5.pom
[INFO] Downloaded from localsmartbear: https://rapi.tools.ops.smartbear.io/nexus/content/groups/public/net/java/jvnet-parent/5/jvnet-parent-5.pom (8.9 kB at 155 kB/s)
[INFO] Downloading from localsmartbear: https://rapi.tools.ops.smartbear.io/nexus/content/groups/public/javax/activation/javax.activation-api/1.2.0/javax.activation-api-1.2.0.pom
[INFO] Downloaded from localsmartbear: https://rapi.tools.ops.smartbear.io/nexus/content/groups/public/javax/activation/javax.activation-api/1.2.0/javax.activation-api-1.2.0.pom (4.9 kB at 46 kB/s)
[INFO] Downloading from localsmartbear: https://rapi.tools.ops.smartbear.io/nexus/content/groups/public/com/sun/activation/all/1.2.0/all-1.2.0.pom
[INFO] Downloaded from localsmartbear: https://rapi.tools.ops.smartbear.io/nexus/content/groups/public/com/sun/activation/all/1.2.0/all-1.2.0.pom (18 kB at 294 kB/s)
[INFO] Downloading from localsmartbear: https://rapi.tools.ops.smartbear.io/nexus/content/groups/public/net/java/jvnet-parent/1/jvnet-parent-1.pom
[INFO] Downloaded from localsmartbear: https://rapi.tools.ops.smartbear.io/nexus/content/groups/public/net/java/jvnet-parent/1/jvnet-parent-1.pom (4.7 kB at 81 kB/s)
[INFO] Downloading from localsmartbear: https://rapi.tools.ops.smartbear.io/nexus/content/groups/public/com/sun/xml/bind/jaxb-core/2.3.0.1/jaxb-core-2.3.0.1.pom
[INFO] Downloaded from localsmartbear: https://rapi.tools.ops.smartbear.io/nexus/content/groups/public/com/sun/xml/bind/jaxb-core/2.3.0.1/jaxb-core-2.3.0.1.pom (16 kB at 146 kB/s)
[INFO] Downloading from localsmartbear: https://rapi.tools.ops.smartbear.io/nexus/content/groups/public/com/sun/xml/bind/mvn/jaxb-bundles/2.3.0.1/jaxb-bundles-2.3.0.1.pom
[INFO] Downloaded from localsmartbear: https://rapi.tools.ops.smartbear.io/nexus/content/groups/public/com/sun/xml/bind/mvn/jaxb-bundles/2.3.0.1/jaxb-bundles-2.3.0.1.pom (2.9 kB at 29 kB/s)
[INFO] Downloading from localsmartbear: https://rapi.tools.ops.smartbear.io/nexus/content/groups/public/com/sun/xml/bind/mvn/jaxb-parent/2.3.0.1/jaxb-parent-2.3.0.1.pom
[INFO] Downloaded from localsmartbear: https://rapi.tools.ops.smartbear.io/nexus/content/groups/public/com/sun/xml/bind/mvn/jaxb-parent/2.3.0.1/jaxb-parent-2.3.0.1.pom (43 kB at 402 kB/s)
[INFO] Downloading from localsmartbear: https://rapi.tools.ops.smartbear.io/nexus/content/groups/public/com/sun/xml/bind/jaxb-bom-ext/2.3.0.1/jaxb-bom-ext-2.3.0.1.pom
[INFO] Downloaded from localsmartbear: https://rapi.tools.ops.smartbear.io/nexus/content/groups/public/com/sun/xml/bind/jaxb-bom-ext/2.3.0.1/jaxb-bom-ext-2.3.0.1.pom (5.4 kB at 52 kB/s)
[INFO] Downloading from localsmartbear: https://rapi.tools.ops.smartbear.io/nexus/content/groups/public/org/glassfish/jaxb/jaxb-bom/2.3.0.1/jaxb-bom-2.3.0.1.pom
[INFO] Downloaded from localsmartbear: https://rapi.tools.ops.smartbear.io/nexus/content/groups/public/org/glassfish/jaxb/jaxb-bom/2.3.0.1/jaxb-bom-2.3.0.1.pom (11 kB at 181 kB/s)
[INFO] Downloading from localsmartbear: https://rapi.tools.ops.smartbear.io/nexus/content/groups/public/com/sun/xml/bind/jaxb-impl/2.3.1/jaxb-impl-2.3.1.pom
[INFO] Downloaded from localsmartbear: https://rapi.tools.ops.smartbear.io/nexus/content/groups/public/com/sun/xml/bind/jaxb-impl/2.3.1/jaxb-impl-2.3.1.pom (15 kB at 134 kB/s)
[INFO] Downloading from localsmartbear: https://rapi.tools.ops.smartbear.io/nexus/content/groups/public/com/sun/xml/bind/mvn/jaxb-bundles/2.3.1/jaxb-bundles-2.3.1.pom
[INFO] Downloaded from localsmartbear: https://rapi.tools.ops.smartbear.io/nexus/content/groups/public/com/sun/xml/bind/mvn/jaxb-bundles/2.3.1/jaxb-bundles-2.3.1.pom (2.9 kB at 47 kB/s)
[INFO] Downloading from localsmartbear: https://rapi.tools.ops.smartbear.io/nexus/content/groups/public/com/sun/xml/bind/mvn/jaxb-parent/2.3.1/jaxb-parent-2.3.1.pom
[INFO] Downloaded from localsmartbear: https://rapi.tools.ops.smartbear.io/nexus/content/groups/public/com/sun/xml/bind/mvn/jaxb-parent/2.3.1/jaxb-parent-2.3.1.pom (41 kB at 662 kB/s)
[INFO] Downloading from localsmartbear: https://rapi.tools.ops.smartbear.io/nexus/content/groups/public/com/sun/xml/bind/jaxb-bom-ext/2.3.1/jaxb-bom-ext-2.3.1.pom
[INFO] Downloaded from localsmartbear: https://rapi.tools.ops.smartbear.io/nexus/content/groups/public/com/sun/xml/bind/jaxb-bom-ext/2.3.1/jaxb-bom-ext-2.3.1.pom (5.0 kB at 91 kB/s)
[INFO] Downloading from localsmartbear: https://rapi.tools.ops.smartbear.io/nexus/content/groups/public/org/glassfish/jaxb/jaxb-bom/2.3.1/jaxb-bom-2.3.1.pom
[INFO] Downloaded from localsmartbear: https://rapi.tools.ops.smartbear.io/nexus/content/groups/public/org/glassfish/jaxb/jaxb-bom/2.3.1/jaxb-bom-2.3.1.pom (10 kB at 182 kB/s)
[INFO] Downloading from localsmartbear: https://rapi.tools.ops.smartbear.io/nexus/content/groups/public/net/sf/jacob-project/jacob/1.14.3/jacob-1.14.3.pom
[INFO] Downloaded from localsmartbear: https://rapi.tools.ops.smartbear.io/nexus/content/groups/public/net/sf/jacob-project/jacob/1.14.3/jacob-1.14.3.pom (875 B at 8.4 kB/s)
[INFO] Downloading from localsmartbear: https://rapi.tools.ops.smartbear.io/nexus/content/groups/public/com/smartbear/har-java/1.0.0/har-java-1.0.0.pom
[INFO] Downloaded from localsmartbear: https://rapi.tools.ops.smartbear.io/nexus/content/groups/public/com/smartbear/har-java/1.0.0/har-java-1.0.0.pom (8.7 kB at 83 kB/s)
[INFO] Downloading from localsmartbear: https://rapi.tools.ops.smartbear.io/nexus/content/groups/public/com/smartbear/swagger4j/1.0.0/swagger4j-1.0.0.pom
[INFO] Downloaded from localsmartbear: https://rapi.tools.ops.smartbear.io/nexus/content/groups/public/com/smartbear/swagger4j/1.0.0/swagger4j-1.0.0.pom (6.6 kB at 122 kB/s)
[INFO] Downloading from localsmartbear: https://rapi.tools.ops.smartbear.io/nexus/content/groups/public/org/glassfish/javax.json/1.0-b06/javax.json-1.0-b06.pom
[INFO] Downloaded from localsmartbear: https://rapi.tools.ops.smartbear.io/nexus/content/groups/public/org/glassfish/javax.json/1.0-b06/javax.json-1.0-b06.pom (8.1 kB at 82 kB/s)
[INFO] Downloading from localsmartbear: https://rapi.tools.ops.smartbear.io/nexus/content/groups/public/org/glassfish/json/1.0-b06/json-1.0-b06.pom
[INFO] Downloaded from localsmartbear: https://rapi.tools.ops.smartbear.io/nexus/content/groups/public/org/glassfish/json/1.0-b06/json-1.0-b06.pom (10 kB at 190 kB/s)
[INFO] Downloading from localsmartbear: https://rapi.tools.ops.smartbear.io/nexus/content/groups/public/javax/json/javax.json-api/1.0-b06/javax.json-api-1.0-b06.pom
[INFO] Downloaded from localsmartbear: https://rapi.tools.ops.smartbear.io/nexus/content/groups/public/javax/json/javax.json-api/1.0-b06/javax.json-api-1.0-b06.pom (5.5 kB at 54 kB/s)
[INFO] Downloading from localsmartbear: https://rapi.tools.ops.smartbear.io/nexus/content/groups/public/io/swagger/swagger-inflector/1.0.19/swagger-inflector-1.0.19.pom
[INFO] Downloaded from localsmartbear: https://rapi.tools.ops.smartbear.io/nexus/content/groups/public/io/swagger/swagger-inflector/1.0.19/swagger-inflector-1.0.19.pom (18 kB at 170 kB/s)
[INFO] Downloading from localsmartbear: https://rapi.tools.ops.smartbear.io/nexus/content/groups/public/org/sonatype/oss/oss-parent/5/oss-parent-5.pom
[INFO] Downloaded from localsmartbear: https://rapi.tools.ops.smartbear.io/nexus/content/groups/public/org/sonatype/oss/oss-parent/5/oss-parent-5.pom (4.1 kB at 76 kB/s)
[INFO] Downloading from localsmartbear: https://rapi.tools.ops.smartbear.io/nexus/content/groups/public/io/swagger/swagger-jersey2-jaxrs/1.6.1/swagger-jersey2-jaxrs-1.6.1.pom
[INFO] Downloaded from localsmartbear: https://rapi.tools.ops.smartbear.io/nexus/content/groups/public/io/swagger/swagger-jersey2-jaxrs/1.6.1/swagger-jersey2-jaxrs-1.6.1.pom (3.5 kB at 35 kB/s)
[INFO] Downloading from localsmartbear: https://rapi.tools.ops.smartbear.io/nexus/content/groups/public/io/swagger/swagger-project/1.6.1/swagger-project-1.6.1.pom
[INFO] Downloaded from localsmartbear: https://rapi.tools.ops.smartbear.io/nexus/content/groups/public/io/swagger/swagger-project/1.6.1/swagger-project-1.6.1.pom (26 kB at 261 kB/s)
[INFO] Downloading from localsmartbear: https://rapi.tools.ops.smartbear.io/nexus/content/groups/public/io/swagger/swagger-jaxrs/1.6.1/swagger-jaxrs-1.6.1.pom
[INFO] Downloaded from localsmartbear: https://rapi.tools.ops.smartbear.io/nexus/content/groups/public/io/swagger/swagger-jaxrs/1.6.1/swagger-jaxrs-1.6.1.pom (8.7 kB at 81 kB/s)
[INFO] Downloading from localsmartbear: https://rapi.tools.ops.smartbear.io/nexus/content/groups/public/io/swagger/swagger-core/1.6.1/swagger-core-1.6.1.pom
[INFO] Downloaded from localsmartbear: https://rapi.tools.ops.smartbear.io/nexus/content/groups/public/io/swagger/swagger-core/1.6.1/swagger-core-1.6.1.pom (5.7 kB at 54 kB/s)
[INFO] Downloading from localsmartbear: https://rapi.tools.ops.smartbear.io/nexus/content/groups/public/io/swagger/swagger-models/1.6.1/swagger-models-1.6.1.pom
[INFO] Downloaded from localsmartbear: https://rapi.tools.ops.smartbear.io/nexus/content/groups/public/io/swagger/swagger-models/1.6.1/swagger-models-1.6.1.pom (4.6 kB at 80 kB/s)
[INFO] Downloading from localsmartbear: https://rapi.tools.ops.smartbear.io/nexus/content/groups/public/io/swagger/swagger-annotations/1.6.1/swagger-annotations-1.6.1.pom
[INFO] Downloaded from localsmartbear: https://rapi.tools.ops.smartbear.io/nexus/content/groups/public/io/swagger/swagger-annotations/1.6.1/swagger-annotations-1.6.1.pom (6.2 kB at 93 kB/s)
[INFO] Downloading from localsmartbear: https://rapi.tools.ops.smartbear.io/nexus/content/groups/public/org/reflections/reflections/0.9.9/reflections-0.9.9.pom
[INFO] Downloaded from localsmartbear: https://rapi.tools.ops.smartbear.io/nexus/content/groups/public/org/reflections/reflections/0.9.9/reflections-0.9.9.pom (9.1 kB at 53 kB/s)
[INFO] Downloading from localsmartbear: https://rapi.tools.ops.smartbear.io/nexus/content/groups/public/org/javassist/javassist/3.19.0-GA/javassist-3.19.0-GA.pom
[INFO] Downloaded from localsmartbear: https://rapi.tools.ops.smartbear.io/nexus/content/groups/public/org/javassist/javassist/3.19.0-GA/javassist-3.19.0-GA.pom (9.6 kB at 162 kB/s)
[INFO] Downloading from localsmartbear: https://rapi.tools.ops.smartbear.io/nexus/content/groups/public/org/glassfish/jersey/containers/jersey-container-servlet-core/2.25.1/jersey-container-servlet-core-2.25.1.pom
[INFO] Downloaded from localsmartbear: https://rapi.tools.ops.smartbear.io/nexus/content/groups/public/org/glassfish/jersey/containers/jersey-container-servlet-core/2.25.1/jersey-container-servlet-core-2.25.1.pom (4.7 kB at 48 kB/s)
[INFO] Downloading from localsmartbear: https://rapi.tools.ops.smartbear.io/nexus/content/groups/public/org/glassfish/jersey/containers/project/2.25.1/project-2.25.1.pom
[INFO] Downloaded from localsmartbear: https://rapi.tools.ops.smartbear.io/nexus/content/groups/public/org/glassfish/jersey/containers/project/2.25.1/project-2.25.1.pom (3.8 kB at 36 kB/s)
[INFO] Downloading from localsmartbear: https://rapi.tools.ops.smartbear.io/nexus/content/groups/public/org/glassfish/jersey/project/2.25.1/project-2.25.1.pom
[INFO] Downloaded from localsmartbear: https://rapi.tools.ops.smartbear.io/nexus/content/groups/public/org/glassfish/jersey/project/2.25.1/project-2.25.1.pom (87 kB at 1.3 MB/s)
[INFO] Downloading from localsmartbear: https://rapi.tools.ops.smartbear.io/nexus/content/groups/public/net/java/jvnet-parent/4/jvnet-parent-4.pom
[INFO] Downloaded from localsmartbear: https://rapi.tools.ops.smartbear.io/nexus/content/groups/public/net/java/jvnet-parent/4/jvnet-parent-4.pom (7.8 kB at 114 kB/s)
[INFO] Downloading from localsmartbear: https://rapi.tools.ops.smartbear.io/nexus/content/groups/public/org/glassfish/hk2/hk2-bom/2.5.0-b32/hk2-bom-2.5.0-b32.pom
[INFO] Downloaded from localsmartbear: https://rapi.tools.ops.smartbear.io/nexus/content/groups/public/org/glassfish/hk2/hk2-bom/2.5.0-b32/hk2-bom-2.5.0-b32.pom (19 kB at 129 kB/s)
[INFO] Downloading from localsmartbear: https://rapi.tools.ops.smartbear.io/nexus/content/groups/public/org/glassfish/hk2/external/javax.inject/2.5.0-b32/javax.inject-2.5.0-b32.pom
[INFO] Downloaded from localsmartbear: https://rapi.tools.ops.smartbear.io/nexus/content/groups/public/org/glassfish/hk2/external/javax.inject/2.5.0-b32/javax.inject-2.5.0-b32.pom (6.5 kB at 67 kB/s)
[INFO] Downloading from localsmartbear: https://rapi.tools.ops.smartbear.io/nexus/content/groups/public/org/glassfish/hk2/external/2.5.0-b32/external-2.5.0-b32.pom
[INFO] Downloaded from localsmartbear: https://rapi.tools.ops.smartbear.io/nexus/content/groups/public/org/glassfish/hk2/external/2.5.0-b32/external-2.5.0-b32.pom (2.8 kB at 29 kB/s)
[INFO] Downloading from localsmartbear: https://rapi.tools.ops.smartbear.io/nexus/content/groups/public/org/glassfish/hk2/hk2-parent/2.5.0-b32/hk2-parent-2.5.0-b32.pom
[INFO] Downloaded from localsmartbear: https://rapi.tools.ops.smartbear.io/nexus/content/groups/public/org/glassfish/hk2/hk2-parent/2.5.0-b32/hk2-parent-2.5.0-b32.pom (51 kB at 350 kB/s)
[INFO] Downloading from localsmartbear: https://rapi.tools.ops.smartbear.io/nexus/content/groups/public/org/glassfish/jersey/core/jersey-common/2.25.1/jersey-common-2.25.1.pom
[INFO] Downloaded from localsmartbear: https://rapi.tools.ops.smartbear.io/nexus/content/groups/public/org/glassfish/jersey/core/jersey-common/2.25.1/jersey-common-2.25.1.pom (10 kB at 179 kB/s)
[INFO] Downloading from localsmartbear: https://rapi.tools.ops.smartbear.io/nexus/content/groups/public/javax/ws/rs/javax.ws.rs-api/2.0.1/javax.ws.rs-api-2.0.1.pom
[INFO] Downloaded from localsmartbear: https://rapi.tools.ops.smartbear.io/nexus/content/groups/public/javax/ws/rs/javax.ws.rs-api/2.0.1/javax.ws.rs-api-2.0.1.pom (21 kB at 212 kB/s)
[INFO] Downloading from localsmartbear: https://rapi.tools.ops.smartbear.io/nexus/content/groups/public/javax/annotation/javax.annotation-api/1.2/javax.annotation-api-1.2.pom
[INFO] Downloaded from localsmartbear: https://rapi.tools.ops.smartbear.io/nexus/content/groups/public/javax/annotation/javax.annotation-api/1.2/javax.annotation-api-1.2.pom (13 kB at 224 kB/s)
[INFO] Downloading from localsmartbear: https://rapi.tools.ops.smartbear.io/nexus/content/groups/public/org/glassfish/jersey/bundles/repackaged/jersey-guava/2.25.1/jersey-guava-2.25.1.pom
[INFO] Downloaded from localsmartbear: https://rapi.tools.ops.smartbear.io/nexus/content/groups/public/org/glassfish/jersey/bundles/repackaged/jersey-guava/2.25.1/jersey-guava-2.25.1.pom (13 kB at 208 kB/s)
[INFO] Downloading from localsmartbear: https://rapi.tools.ops.smartbear.io/nexus/content/groups/public/org/glassfish/jersey/bundles/repackaged/project/2.25.1/project-2.25.1.pom
[INFO] Downloaded from localsmartbear: https://rapi.tools.ops.smartbear.io/nexus/content/groups/public/org/glassfish/jersey/bundles/repackaged/project/2.25.1/project-2.25.1.pom (2.8 kB at 51 kB/s)
[INFO] Downloading from localsmartbear: https://rapi.tools.ops.smartbear.io/nexus/content/groups/public/org/glassfish/jersey/bundles/project/2.25.1/project-2.25.1.pom
[INFO] Downloaded from localsmartbear: https://rapi.tools.ops.smartbear.io/nexus/content/groups/public/org/glassfish/jersey/bundles/project/2.25.1/project-2.25.1.pom (3.1 kB at 31 kB/s)
[INFO] Downloading from localsmartbear: https://rapi.tools.ops.smartbear.io/nexus/content/groups/public/org/glassfish/hk2/hk2-api/2.5.0-b32/hk2-api-2.5.0-b32.pom
[INFO] Downloaded from localsmartbear: https://rapi.tools.ops.smartbear.io/nexus/content/groups/public/org/glassfish/hk2/hk2-api/2.5.0-b32/hk2-api-2.5.0-b32.pom (4.6 kB at 46 kB/s)
[INFO] Downloading from localsmartbear: https://rapi.tools.ops.smartbear.io/nexus/content/groups/public/org/glassfish/hk2/hk2-utils/2.5.0-b32/hk2-utils-2.5.0-b32.pom
[INFO] Downloaded from localsmartbear: https://rapi.tools.ops.smartbear.io/nexus/content/groups/public/org/glassfish/hk2/hk2-utils/2.5.0-b32/hk2-utils-2.5.0-b32.pom (5.8 kB at 90 kB/s)
[INFO] Downloading from localsmartbear: https://rapi.tools.ops.smartbear.io/nexus/content/groups/public/org/glassfish/hk2/external/aopalliance-repackaged/2.5.0-b32/aopalliance-repackaged-2.5.0-b32.pom
[INFO] Downloaded from localsmartbear: https://rapi.tools.ops.smartbear.io/nexus/content/groups/public/org/glassfish/hk2/external/aopalliance-repackaged/2.5.0-b32/aopalliance-repackaged-2.5.0-b32.pom (6.8 kB at 66 kB/s)
[INFO] Downloading from localsmartbear: https://rapi.tools.ops.smartbear.io/nexus/content/groups/public/org/glassfish/hk2/hk2-locator/2.5.0-b32/hk2-locator-2.5.0-b32.pom
[INFO] Downloaded from localsmartbear: https://rapi.tools.ops.smartbear.io/nexus/content/groups/public/org/glassfish/hk2/hk2-locator/2.5.0-b32/hk2-locator-2.5.0-b32.pom (7.5 kB at 49 kB/s)
[INFO] Downloading from localsmartbear: https://rapi.tools.ops.smartbear.io/nexus/content/groups/public/org/glassfish/hk2/osgi-resource-locator/1.0.1/osgi-resource-locator-1.0.1.pom
[INFO] Downloaded from localsmartbear: https://rapi.tools.ops.smartbear.io/nexus/content/groups/public/org/glassfish/hk2/osgi-resource-locator/1.0.1/osgi-resource-locator-1.0.1.pom (6.2 kB at 105 kB/s)
[INFO] Downloading from localsmartbear: https://rapi.tools.ops.smartbear.io/nexus/content/groups/public/org/glassfish/pom/8/pom-8.pom
[INFO] Downloaded from localsmartbear: https://rapi.tools.ops.smartbear.io/nexus/content/groups/public/org/glassfish/pom/8/pom-8.pom (11 kB at 176 kB/s)
[INFO] Downloading from localsmartbear: https://rapi.tools.ops.smartbear.io/nexus/content/groups/public/org/glassfish/jersey/core/jersey-server/2.25.1/jersey-server-2.25.1.pom
[INFO] Downloaded from localsmartbear: https://rapi.tools.ops.smartbear.io/nexus/content/groups/public/org/glassfish/jersey/core/jersey-server/2.25.1/jersey-server-2.25.1.pom (11 kB at 75 kB/s)
[INFO] Downloading from localsmartbear: https://rapi.tools.ops.smartbear.io/nexus/content/groups/public/org/glassfish/jersey/core/jersey-client/2.25.1/jersey-client-2.25.1.pom
[INFO] Downloaded from localsmartbear: https://rapi.tools.ops.smartbear.io/nexus/content/groups/public/org/glassfish/jersey/core/jersey-client/2.25.1/jersey-client-2.25.1.pom (7.6 kB at 68 kB/s)
[INFO] Downloading from localsmartbear: https://rapi.tools.ops.smartbear.io/nexus/content/groups/public/org/glassfish/jersey/media/jersey-media-jaxb/2.25.1/jersey-media-jaxb-2.25.1.pom
[INFO] Downloaded from localsmartbear: https://rapi.tools.ops.smartbear.io/nexus/content/groups/public/org/glassfish/jersey/media/jersey-media-jaxb/2.25.1/jersey-media-jaxb-2.25.1.pom (7.1 kB at 110 kB/s)
[INFO] Downloading from localsmartbear: https://rapi.tools.ops.smartbear.io/nexus/content/groups/public/org/glassfish/jersey/media/project/2.25.1/project-2.25.1.pom
[INFO] Downloaded from localsmartbear: https://rapi.tools.ops.smartbear.io/nexus/content/groups/public/org/glassfish/jersey/media/project/2.25.1/project-2.25.1.pom (3.0 kB at 30 kB/s)
[INFO] Downloading from localsmartbear: https://rapi.tools.ops.smartbear.io/nexus/content/groups/public/org/glassfish/jersey/media/jersey-media-multipart/2.25.1/jersey-media-multipart-2.25.1.pom
[INFO] Downloaded from localsmartbear: https://rapi.tools.ops.smartbear.io/nexus/content/groups/public/org/glassfish/jersey/media/jersey-media-multipart/2.25.1/jersey-media-multipart-2.25.1.pom (5.3 kB at 37 kB/s)
[INFO] Downloading from localsmartbear: https://rapi.tools.ops.smartbear.io/nexus/content/groups/public/org/jvnet/mimepull/mimepull/1.9.6/mimepull-1.9.6.pom
[INFO] Downloaded from localsmartbear: https://rapi.tools.ops.smartbear.io/nexus/content/groups/public/org/jvnet/mimepull/mimepull/1.9.6/mimepull-1.9.6.pom (14 kB at 217 kB/s)
[INFO] Downloading from localsmartbear: https://rapi.tools.ops.smartbear.io/nexus/content/groups/public/io/swagger/swagger-core/1.6.0/swagger-core-1.6.0.pom
[INFO] Downloaded from localsmartbear: https://rapi.tools.ops.smartbear.io/nexus/content/groups/public/io/swagger/swagger-core/1.6.0/swagger-core-1.6.0.pom (5.7 kB at 55 kB/s)
[INFO] Downloading from localsmartbear: https://rapi.tools.ops.smartbear.io/nexus/content/groups/public/io/swagger/swagger-project/1.6.0/swagger-project-1.6.0.pom
[INFO] Downloaded from localsmartbear: https://rapi.tools.ops.smartbear.io/nexus/content/groups/public/io/swagger/swagger-project/1.6.0/swagger-project-1.6.0.pom (26 kB at 249 kB/s)
[INFO] Downloading from localsmartbear: https://rapi.tools.ops.smartbear.io/nexus/content/groups/public/com/fasterxml/jackson/dataformat/jackson-dataformat-yaml/2.10.1/jackson-dataformat-yaml-2.10.1.pom
[INFO] Downloaded from localsmartbear: https://rapi.tools.ops.smartbear.io/nexus/content/groups/public/com/fasterxml/jackson/dataformat/jackson-dataformat-yaml/2.10.1/jackson-dataformat-yaml-2.10.1.pom (2.3 kB at 23 kB/s)
[INFO] Downloading from localsmartbear: https://rapi.tools.ops.smartbear.io/nexus/content/groups/public/com/fasterxml/jackson/dataformat/jackson-dataformats-text/2.10.1/jackson-dataformats-text-2.10.1.pom
[INFO] Downloaded from localsmartbear: https://rapi.tools.ops.smartbear.io/nexus/content/groups/public/com/fasterxml/jackson/dataformat/jackson-dataformats-text/2.10.1/jackson-dataformats-text-2.10.1.pom (3.0 kB at 25 kB/s)
[INFO] Downloading from localsmartbear: https://rapi.tools.ops.smartbear.io/nexus/content/groups/public/com/fasterxml/jackson/jackson-base/2.10.1/jackson-base-2.10.1.pom
[INFO] Downloaded from localsmartbear: https://rapi.tools.ops.smartbear.io/nexus/content/groups/public/com/fasterxml/jackson/jackson-base/2.10.1/jackson-base-2.10.1.pom (7.2 kB at 134 kB/s)
[INFO] Downloading from localsmartbear: https://rapi.tools.ops.smartbear.io/nexus/content/groups/public/com/fasterxml/jackson/jackson-bom/2.10.1/jackson-bom-2.10.1.pom
[INFO] Downloaded from localsmartbear: https://rapi.tools.ops.smartbear.io/nexus/content/groups/public/com/fasterxml/jackson/jackson-bom/2.10.1/jackson-bom-2.10.1.pom (13 kB at 219 kB/s)
[INFO] Downloading from localsmartbear: https://rapi.tools.ops.smartbear.io/nexus/content/groups/public/org/yaml/snakeyaml/1.24/snakeyaml-1.24.pom
[INFO] Downloaded from localsmartbear: https://rapi.tools.ops.smartbear.io/nexus/content/groups/public/org/yaml/snakeyaml/1.24/snakeyaml-1.24.pom (38 kB at 334 kB/s)
[INFO] Downloading from localsmartbear: https://rapi.tools.ops.smartbear.io/nexus/content/groups/public/io/swagger/swagger-models/1.6.0/swagger-models-1.6.0.pom
[INFO] Downloaded from localsmartbear: https://rapi.tools.ops.smartbear.io/nexus/content/groups/public/io/swagger/swagger-models/1.6.0/swagger-models-1.6.0.pom (4.6 kB at 30 kB/s)
[INFO] Downloading from localsmartbear: https://rapi.tools.ops.smartbear.io/nexus/content/groups/public/io/swagger/swagger-annotations/1.6.0/swagger-annotations-1.6.0.pom
[INFO] Downloaded from localsmartbear: https://rapi.tools.ops.smartbear.io/nexus/content/groups/public/io/swagger/swagger-annotations/1.6.0/swagger-annotations-1.6.0.pom (6.2 kB at 44 kB/s)
[INFO] Downloading from localsmartbear: https://rapi.tools.ops.smartbear.io/nexus/content/groups/public/javax/validation/validation-api/1.1.0.Final/validation-api-1.1.0.Final.pom
[INFO] Downloaded from localsmartbear: https://rapi.tools.ops.smartbear.io/nexus/content/groups/public/javax/validation/validation-api/1.1.0.Final/validation-api-1.1.0.Final.pom (7.9 kB at 136 kB/s)
[INFO] Downloading from localsmartbear: https://rapi.tools.ops.smartbear.io/nexus/content/groups/public/io/swagger/swagger-parser/1.0.48/swagger-parser-1.0.48.pom
[INFO] Downloaded from localsmartbear: https://rapi.tools.ops.smartbear.io/nexus/content/groups/public/io/swagger/swagger-parser/1.0.48/swagger-parser-1.0.48.pom (3.5 kB at 20 kB/s)
[INFO] Downloading from localsmartbear: https://rapi.tools.ops.smartbear.io/nexus/content/groups/public/io/swagger/swagger-parser-project/1.0.48/swagger-parser-project-1.0.48.pom
[INFO] Downloaded from localsmartbear: https://rapi.tools.ops.smartbear.io/nexus/content/groups/public/io/swagger/swagger-parser-project/1.0.48/swagger-parser-project-1.0.48.pom (11 kB at 178 kB/s)
[INFO] Downloading from localsmartbear: https://rapi.tools.ops.smartbear.io/nexus/content/groups/public/org/slf4j/slf4j-ext/1.7.30/slf4j-ext-1.7.30.pom
[INFO] Downloaded from localsmartbear: https://rapi.tools.ops.smartbear.io/nexus/content/groups/public/org/slf4j/slf4j-ext/1.7.30/slf4j-ext-1.7.30.pom (2.8 kB at 28 kB/s)
[INFO] Downloading from localsmartbear: https://rapi.tools.ops.smartbear.io/nexus/content/groups/public/org/glassfish/jersey/containers/jersey-container-servlet-core/2.29.1/jersey-container-servlet-core-2.29.1.pom
[INFO] Downloaded from localsmartbear: https://rapi.tools.ops.smartbear.io/nexus/content/groups/public/org/glassfish/jersey/containers/jersey-container-servlet-core/2.29.1/jersey-container-servlet-core-2.29.1.pom (3.4 kB at 62 kB/s)
[INFO] Downloading from localsmartbear: https://rapi.tools.ops.smartbear.io/nexus/content/groups/public/org/glassfish/jersey/containers/project/2.29.1/project-2.29.1.pom
[INFO] Downloaded from localsmartbear: https://rapi.tools.ops.smartbear.io/nexus/content/groups/public/org/glassfish/jersey/containers/project/2.29.1/project-2.29.1.pom (2.8 kB at 49 kB/s)
[INFO] Downloading from localsmartbear: https://rapi.tools.ops.smartbear.io/nexus/content/groups/public/org/glassfish/jersey/project/2.29.1/project-2.29.1.pom
[INFO] Downloaded from localsmartbear: https://rapi.tools.ops.smartbear.io/nexus/content/groups/public/org/glassfish/jersey/project/2.29.1/project-2.29.1.pom (97 kB at 977 kB/s)
[INFO] Downloading from localsmartbear: https://rapi.tools.ops.smartbear.io/nexus/content/groups/public/org/glassfish/hk2/external/jakarta.inject/2.6.1/jakarta.inject-2.6.1.pom
[INFO] Downloaded from localsmartbear: https://rapi.tools.ops.smartbear.io/nexus/content/groups/public/org/glassfish/hk2/external/jakarta.inject/2.6.1/jakarta.inject-2.6.1.pom (5.2 kB at 85 kB/s)
[INFO] Downloading from localsmartbear: https://rapi.tools.ops.smartbear.io/nexus/content/groups/public/org/glassfish/hk2/external/2.6.1/external-2.6.1.pom
[INFO] Downloaded from localsmartbear: https://rapi.tools.ops.smartbear.io/nexus/content/groups/public/org/glassfish/hk2/external/2.6.1/external-2.6.1.pom (1.5 kB at 24 kB/s)
[INFO] Downloading from localsmartbear: https://rapi.tools.ops.smartbear.io/nexus/content/groups/public/org/glassfish/hk2/hk2-parent/2.6.1/hk2-parent-2.6.1.pom
[INFO] Downloaded from localsmartbear: https://rapi.tools.ops.smartbear.io/nexus/content/groups/public/org/glassfish/hk2/hk2-parent/2.6.1/hk2-parent-2.6.1.pom (42 kB at 769 kB/s)
[INFO] Downloading from localsmartbear: https://rapi.tools.ops.smartbear.io/nexus/content/groups/public/org/glassfish/jersey/core/jersey-common/2.29.1/jersey-common-2.29.1.pom
[INFO] Downloaded from localsmartbear: https://rapi.tools.ops.smartbear.io/nexus/content/groups/public/org/glassfish/jersey/core/jersey-common/2.29.1/jersey-common-2.29.1.pom (34 kB at 318 kB/s)
[INFO] Downloading from localsmartbear: https://rapi.tools.ops.smartbear.io/nexus/content/groups/public/jakarta/ws/rs/jakarta.ws.rs-api/2.1.6/jakarta.ws.rs-api-2.1.6.pom
[INFO] Downloaded from localsmartbear: https://rapi.tools.ops.smartbear.io/nexus/content/groups/public/jakarta/ws/rs/jakarta.ws.rs-api/2.1.6/jakarta.ws.rs-api-2.1.6.pom (35 kB at 547 kB/s)
[INFO] Downloading from localsmartbear: https://rapi.tools.ops.smartbear.io/nexus/content/groups/public/org/glassfish/hk2/osgi-resource-locator/1.0.3/osgi-resource-locator-1.0.3.pom
[INFO] Downloaded from localsmartbear: https://rapi.tools.ops.smartbear.io/nexus/content/groups/public/org/glassfish/hk2/osgi-resource-locator/1.0.3/osgi-resource-locator-1.0.3.pom (7.4 kB at 127 kB/s)
[INFO] Downloading from localsmartbear: https://rapi.tools.ops.smartbear.io/nexus/content/groups/public/com/sun/activation/jakarta.activation/1.2.1/jakarta.activation-1.2.1.pom
[INFO] Downloaded from localsmartbear: https://rapi.tools.ops.smartbear.io/nexus/content/groups/public/com/sun/activation/jakarta.activation/1.2.1/jakarta.activation-1.2.1.pom (4.9 kB at 86 kB/s)
[INFO] Downloading from localsmartbear: https://rapi.tools.ops.smartbear.io/nexus/content/groups/public/org/glassfish/jersey/core/jersey-server/2.29.1/jersey-server-2.29.1.pom
[INFO] Downloaded from localsmartbear: https://rapi.tools.ops.smartbear.io/nexus/content/groups/public/org/glassfish/jersey/core/jersey-server/2.29.1/jersey-server-2.29.1.pom (12 kB at 164 kB/s)
[INFO] Downloading from localsmartbear: https://rapi.tools.ops.smartbear.io/nexus/content/groups/public/org/glassfish/jersey/core/jersey-client/2.29.1/jersey-client-2.29.1.pom
[INFO] Downloaded from localsmartbear: https://rapi.tools.ops.smartbear.io/nexus/content/groups/public/org/glassfish/jersey/core/jersey-client/2.29.1/jersey-client-2.29.1.pom (6.5 kB at 42 kB/s)
[INFO] Downloading from localsmartbear: https://rapi.tools.ops.smartbear.io/nexus/content/groups/public/org/glassfish/jersey/media/jersey-media-jaxb/2.29.1/jersey-media-jaxb-2.29.1.pom
[INFO] Downloaded from localsmartbear: https://rapi.tools.ops.smartbear.io/nexus/content/groups/public/org/glassfish/jersey/media/jersey-media-jaxb/2.29.1/jersey-media-jaxb-2.29.1.pom (6.0 kB at 60 kB/s)
[INFO] Downloading from localsmartbear: https://rapi.tools.ops.smartbear.io/nexus/content/groups/public/org/glassfish/jersey/media/project/2.29.1/project-2.29.1.pom
[INFO] Downloaded from localsmartbear: https://rapi.tools.ops.smartbear.io/nexus/content/groups/public/org/glassfish/jersey/media/project/2.29.1/project-2.29.1.pom (2.0 kB at 20 kB/s)
[INFO] Downloading from localsmartbear: https://rapi.tools.ops.smartbear.io/nexus/content/groups/public/jakarta/validation/jakarta.validation-api/2.0.2/jakarta.validation-api-2.0.2.pom
[INFO] Downloaded from localsmartbear: https://rapi.tools.ops.smartbear.io/nexus/content/groups/public/jakarta/validation/jakarta.validation-api/2.0.2/jakarta.validation-api-2.0.2.pom (11 kB at 103 kB/s)
[INFO] Downloading from localsmartbear: https://rapi.tools.ops.smartbear.io/nexus/content/groups/public/org/glassfish/jersey/media/jersey-media-multipart/2.29.1/jersey-media-multipart-2.29.1.pom
[INFO] Downloaded from localsmartbear: https://rapi.tools.ops.smartbear.io/nexus/content/groups/public/org/glassfish/jersey/media/jersey-media-multipart/2.29.1/jersey-media-multipart-2.29.1.pom (3.9 kB at 37 kB/s)
[INFO] Downloading from localsmartbear: https://rapi.tools.ops.smartbear.io/nexus/content/groups/public/org/jvnet/mimepull/mimepull/1.9.11/mimepull-1.9.11.pom
[INFO] Downloaded from localsmartbear: https://rapi.tools.ops.smartbear.io/nexus/content/groups/public/org/jvnet/mimepull/mimepull/1.9.11/mimepull-1.9.11.pom (15 kB at 149 kB/s)
[INFO] Downloading from localsmartbear: https://rapi.tools.ops.smartbear.io/nexus/content/groups/public/org/glassfish/jersey/inject/jersey-hk2/2.29.1/jersey-hk2-2.29.1.pom
[INFO] Downloaded from localsmartbear: https://rapi.tools.ops.smartbear.io/nexus/content/groups/public/org/glassfish/jersey/inject/jersey-hk2/2.29.1/jersey-hk2-2.29.1.pom (4.2 kB at 40 kB/s)
[INFO] Downloading from localsmartbear: https://rapi.tools.ops.smartbear.io/nexus/content/groups/public/org/glassfish/jersey/inject/project/2.29.1/project-2.29.1.pom
[INFO] Downloaded from localsmartbear: https://rapi.tools.ops.smartbear.io/nexus/content/groups/public/org/glassfish/jersey/inject/project/2.29.1/project-2.29.1.pom (1.5 kB at 9.8 kB/s)
[INFO] Downloading from localsmartbear: https://rapi.tools.ops.smartbear.io/nexus/content/groups/public/org/glassfish/hk2/hk2-locator/2.6.1/hk2-locator-2.6.1.pom
[INFO] Downloaded from localsmartbear: https://rapi.tools.ops.smartbear.io/nexus/content/groups/public/org/glassfish/hk2/hk2-locator/2.6.1/hk2-locator-2.6.1.pom (6.5 kB at 103 kB/s)
[INFO] Downloading from localsmartbear: https://rapi.tools.ops.smartbear.io/nexus/content/groups/public/org/glassfish/hk2/external/aopalliance-repackaged/2.6.1/aopalliance-repackaged-2.6.1.pom
[INFO] Downloaded from localsmartbear: https://rapi.tools.ops.smartbear.io/nexus/content/groups/public/org/glassfish/hk2/external/aopalliance-repackaged/2.6.1/aopalliance-repackaged-2.6.1.pom (5.5 kB at 84 kB/s)
[INFO] Downloading from localsmartbear: https://rapi.tools.ops.smartbear.io/nexus/content/groups/public/org/glassfish/hk2/hk2-api/2.6.1/hk2-api-2.6.1.pom
[INFO] Downloaded from localsmartbear: https://rapi.tools.ops.smartbear.io/nexus/content/groups/public/org/glassfish/hk2/hk2-api/2.6.1/hk2-api-2.6.1.pom (3.4 kB at 61 kB/s)
[INFO] Downloading from localsmartbear: https://rapi.tools.ops.smartbear.io/nexus/content/groups/public/org/glassfish/hk2/hk2-utils/2.6.1/hk2-utils-2.6.1.pom
[INFO] Downloaded from localsmartbear: https://rapi.tools.ops.smartbear.io/nexus/content/groups/public/org/glassfish/hk2/hk2-utils/2.6.1/hk2-utils-2.6.1.pom (4.9 kB at 86 kB/s)
[INFO] Downloading from localsmartbear: https://rapi.tools.ops.smartbear.io/nexus/content/groups/public/jakarta/annotation/jakarta.annotation-api/1.3.4/jakarta.annotation-api-1.3.4.pom
[INFO] Downloaded from localsmartbear: https://rapi.tools.ops.smartbear.io/nexus/content/groups/public/jakarta/annotation/jakarta.annotation-api/1.3.4/jakarta.annotation-api-1.3.4.pom (17 kB at 264 kB/s)
[INFO] Downloading from localsmartbear: https://rapi.tools.ops.smartbear.io/nexus/content/groups/public/org/eclipse/ee4j/project/1.0.4/project-1.0.4.pom
[INFO] Downloaded from localsmartbear: https://rapi.tools.ops.smartbear.io/nexus/content/groups/public/org/eclipse/ee4j/project/1.0.4/project-1.0.4.pom (12 kB at 114 kB/s)
[INFO] Downloading from localsmartbear: https://rapi.tools.ops.smartbear.io/nexus/content/groups/public/org/apache/commons/commons-csv/1.1/commons-csv-1.1.pom
[INFO] Downloaded from localsmartbear: https://rapi.tools.ops.smartbear.io/nexus/content/groups/public/org/apache/commons/commons-csv/1.1/commons-csv-1.1.pom (14 kB at 74 kB/s)
[INFO] Downloading from localsmartbear: https://rapi.tools.ops.smartbear.io/nexus/content/groups/public/org/apache/commons/commons-parent/35/commons-parent-35.pom
[INFO] Downloaded from localsmartbear: https://rapi.tools.ops.smartbear.io/nexus/content/groups/public/org/apache/commons/commons-parent/35/commons-parent-35.pom (58 kB at 903 kB/s)
[INFO] Downloading from localsmartbear: https://rapi.tools.ops.smartbear.io/nexus/content/groups/public/org/apache/apache/15/apache-15.pom
[INFO] Downloaded from localsmartbear: https://rapi.tools.ops.smartbear.io/nexus/content/groups/public/org/apache/apache/15/apache-15.pom (15 kB at 242 kB/s)
[INFO] Downloading from localsmartbear: https://rapi.tools.ops.smartbear.io/nexus/content/groups/public/com/fasterxml/jackson/jaxrs/jackson-jaxrs-json-provider/2.10.1/jackson-jaxrs-json-provider-2.10.1.pom
[INFO] Downloaded from localsmartbear: https://rapi.tools.ops.smartbear.io/nexus/content/groups/public/com/fasterxml/jackson/jaxrs/jackson-jaxrs-json-provider/2.10.1/jackson-jaxrs-json-provider-2.10.1.pom (4.0 kB at 63 kB/s)
[INFO] Downloading from localsmartbear: https://rapi.tools.ops.smartbear.io/nexus/content/groups/public/com/fasterxml/jackson/jaxrs/jackson-jaxrs-providers/2.10.1/jackson-jaxrs-providers-2.10.1.pom
[INFO] Downloaded from localsmartbear: https://rapi.tools.ops.smartbear.io/nexus/content/groups/public/com/fasterxml/jackson/jaxrs/jackson-jaxrs-providers/2.10.1/jackson-jaxrs-providers-2.10.1.pom (4.8 kB at 46 kB/s)
[INFO] Downloading from localsmartbear: https://rapi.tools.ops.smartbear.io/nexus/content/groups/public/com/fasterxml/jackson/module/jackson-module-jaxb-annotations/2.10.1/jackson-module-jaxb-annotations-2.10.1.pom
[INFO] Downloaded from localsmartbear: https://rapi.tools.ops.smartbear.io/nexus/content/groups/public/com/fasterxml/jackson/module/jackson-module-jaxb-annotations/2.10.1/jackson-module-jaxb-annotations-2.10.1.pom (3.5 kB at 59 kB/s)
[INFO] Downloading from localsmartbear: https://rapi.tools.ops.smartbear.io/nexus/content/groups/public/com/fasterxml/jackson/module/jackson-modules-base/2.10.1/jackson-modules-base-2.10.1.pom
[INFO] Downloaded from localsmartbear: https://rapi.tools.ops.smartbear.io/nexus/content/groups/public/com/fasterxml/jackson/module/jackson-modules-base/2.10.1/jackson-modules-base-2.10.1.pom (3.4 kB at 59 kB/s)
[INFO] Downloading from localsmartbear: https://rapi.tools.ops.smartbear.io/nexus/content/groups/public/com/fasterxml/jackson/datatype/jackson-datatype-joda/2.10.1/jackson-datatype-joda-2.10.1.pom
[INFO] Downloaded from localsmartbear: https://rapi.tools.ops.smartbear.io/nexus/content/groups/public/com/fasterxml/jackson/datatype/jackson-datatype-joda/2.10.1/jackson-datatype-joda-2.10.1.pom (3.5 kB at 57 kB/s)
[INFO] Downloading from localsmartbear: https://rapi.tools.ops.smartbear.io/nexus/content/groups/public/joda-time/joda-time/2.9.9/joda-time-2.9.9.pom
[INFO] Downloaded from localsmartbear: https://rapi.tools.ops.smartbear.io/nexus/content/groups/public/joda-time/joda-time/2.9.9/joda-time-2.9.9.pom (35 kB at 618 kB/s)
[INFO] Downloading from localsmartbear: https://rapi.tools.ops.smartbear.io/nexus/content/groups/public/com/github/java-json-tools/json-schema-validator/2.2.8/json-schema-validator-2.2.8.pom
[INFO] Downloaded from localsmartbear: https://rapi.tools.ops.smartbear.io/nexus/content/groups/public/com/github/java-json-tools/json-schema-validator/2.2.8/json-schema-validator-2.2.8.pom (3.5 kB at 24 kB/s)
[INFO] Downloading from localsmartbear: https://rapi.tools.ops.smartbear.io/nexus/content/groups/public/com/github/java-json-tools/json-schema-core/1.2.8/json-schema-core-1.2.8.pom
[INFO] Downloaded from localsmartbear: https://rapi.tools.ops.smartbear.io/nexus/content/groups/public/com/github/java-json-tools/json-schema-core/1.2.8/json-schema-core-1.2.8.pom (3.1 kB at 53 kB/s)
[INFO] Downloading from localsmartbear: https://rapi.tools.ops.smartbear.io/nexus/content/groups/public/org/mozilla/rhino/1.7R4/rhino-1.7R4.pom
[INFO] Downloaded from localsmartbear: https://rapi.tools.ops.smartbear.io/nexus/content/groups/public/org/mozilla/rhino/1.7R4/rhino-1.7R4.pom (1.3 kB at 22 kB/s)
[INFO] Downloading from localsmartbear: https://rapi.tools.ops.smartbear.io/nexus/content/groups/public/com/github/fge/jackson-coreutils/1.8/jackson-coreutils-1.8.pom
[INFO] Downloaded from localsmartbear: https://rapi.tools.ops.smartbear.io/nexus/content/groups/public/com/github/fge/jackson-coreutils/1.8/jackson-coreutils-1.8.pom (2.8 kB at 51 kB/s)
[INFO] Downloading from localsmartbear: https://rapi.tools.ops.smartbear.io/nexus/content/groups/public/com/github/fge/msg-simple/1.1/msg-simple-1.1.pom
[INFO] Downloaded from localsmartbear: https://rapi.tools.ops.smartbear.io/nexus/content/groups/public/com/github/fge/msg-simple/1.1/msg-simple-1.1.pom (2.4 kB at 39 kB/s)
[INFO] Downloading from localsmartbear: https://rapi.tools.ops.smartbear.io/nexus/content/groups/public/com/github/fge/btf/1.2/btf-1.2.pom
[INFO] Downloaded from localsmartbear: https://rapi.tools.ops.smartbear.io/nexus/content/groups/public/com/github/fge/btf/1.2/btf-1.2.pom (1.5 kB at 26 kB/s)
[INFO] Downloading from localsmartbear: https://rapi.tools.ops.smartbear.io/nexus/content/groups/public/com/github/fge/uri-template/0.9/uri-template-0.9.pom
[INFO] Downloaded from localsmartbear: https://rapi.tools.ops.smartbear.io/nexus/content/groups/public/com/github/fge/uri-template/0.9/uri-template-0.9.pom (2.8 kB at 44 kB/s)
[INFO] Downloading from localsmartbear: https://rapi.tools.ops.smartbear.io/nexus/content/groups/public/javax/mail/mailapi/1.4.3/mailapi-1.4.3.pom
[INFO] Downloaded from localsmartbear: https://rapi.tools.ops.smartbear.io/nexus/content/groups/public/javax/mail/mailapi/1.4.3/mailapi-1.4.3.pom (3.9 kB at 66 kB/s)
[INFO] Downloading from localsmartbear: https://rapi.tools.ops.smartbear.io/nexus/content/groups/public/com/sun/mail/all/1.4.3/all-1.4.3.pom
[INFO] Downloaded from localsmartbear: https://rapi.tools.ops.smartbear.io/nexus/content/groups/public/com/sun/mail/all/1.4.3/all-1.4.3.pom (13 kB at 195 kB/s)
[INFO] Downloading from localsmartbear: https://rapi.tools.ops.smartbear.io/nexus/content/groups/public/javax/activation/activation/1.1/activation-1.1.pom
[INFO] Downloaded from localsmartbear: https://rapi.tools.ops.smartbear.io/nexus/content/groups/public/javax/activation/activation/1.1/activation-1.1.pom (1.1 kB at 18 kB/s)
[INFO] Downloading from localsmartbear: https://rapi.tools.ops.smartbear.io/nexus/content/groups/public/joda-time/joda-time/2.9.7/joda-time-2.9.7.pom
[INFO] Downloaded from localsmartbear: https://rapi.tools.ops.smartbear.io/nexus/content/groups/public/joda-time/joda-time/2.9.7/joda-time-2.9.7.pom (33 kB at 540 kB/s)
[INFO] Downloading from localsmartbear: https://rapi.tools.ops.smartbear.io/nexus/content/groups/public/com/googlecode/libphonenumber/libphonenumber/8.0.0/libphonenumber-8.0.0.pom
[INFO] Downloaded from localsmartbear: https://rapi.tools.ops.smartbear.io/nexus/content/groups/public/com/googlecode/libphonenumber/libphonenumber/8.0.0/libphonenumber-8.0.0.pom (2.4 kB at 38 kB/s)
[INFO] Downloading from localsmartbear: https://rapi.tools.ops.smartbear.io/nexus/content/groups/public/com/googlecode/libphonenumber/libphonenumber-parent/8.0.0/libphonenumber-parent-8.0.0.pom
[INFO] Downloaded from localsmartbear: https://rapi.tools.ops.smartbear.io/nexus/content/groups/public/com/googlecode/libphonenumber/libphonenumber-parent/8.0.0/libphonenumber-parent-8.0.0.pom (5.6 kB at 94 kB/s)
[INFO] Downloading from localsmartbear: https://rapi.tools.ops.smartbear.io/nexus/content/groups/public/net/sf/jopt-simple/jopt-simple/5.0.3/jopt-simple-5.0.3.pom
[INFO] Downloaded from localsmartbear: https://rapi.tools.ops.smartbear.io/nexus/content/groups/public/net/sf/jopt-simple/jopt-simple/5.0.3/jopt-simple-5.0.3.pom (14 kB at 199 kB/s)
[INFO] Downloading from localsmartbear: https://rapi.tools.ops.smartbear.io/nexus/content/groups/public/commons-fileupload/commons-fileupload/1.4/commons-fileupload-1.4.pom
[INFO] Downloaded from localsmartbear: https://rapi.tools.ops.smartbear.io/nexus/content/groups/public/commons-fileupload/commons-fileupload/1.4/commons-fileupload-1.4.pom (16 kB at 149 kB/s)
[INFO] Downloading from localsmartbear: https://rapi.tools.ops.smartbear.io/nexus/content/groups/public/org/codehaus/woodstox/stax2-api/3.1.4/stax2-api-3.1.4.pom
[INFO] Downloaded from localsmartbear: https://rapi.tools.ops.smartbear.io/nexus/content/groups/public/org/codehaus/woodstox/stax2-api/3.1.4/stax2-api-3.1.4.pom (5.5 kB at 98 kB/s)
[INFO] Downloading from localsmartbear: https://rapi.tools.ops.smartbear.io/nexus/content/groups/public/io/swagger/core/v3/swagger-models/2.1.7/swagger-models-2.1.7.pom
[INFO] Downloaded from localsmartbear: https://rapi.tools.ops.smartbear.io/nexus/content/groups/public/io/swagger/core/v3/swagger-models/2.1.7/swagger-models-2.1.7.pom (4.1 kB at 26 kB/s)
[INFO] Downloading from localsmartbear: https://rapi.tools.ops.smartbear.io/nexus/content/groups/public/io/swagger/core/v3/swagger-project/2.1.7/swagger-project-2.1.7.pom
[INFO] Downloaded from localsmartbear: https://rapi.tools.ops.smartbear.io/nexus/content/groups/public/io/swagger/core/v3/swagger-project/2.1.7/swagger-project-2.1.7.pom (29 kB at 192 kB/s)
[INFO] Downloading from localsmartbear: https://rapi.tools.ops.smartbear.io/nexus/content/groups/public/io/swagger/parser/v3/swagger-parser/2.0.24/swagger-parser-2.0.24.pom
[INFO] Downloaded from localsmartbear: https://rapi.tools.ops.smartbear.io/nexus/content/groups/public/io/swagger/parser/v3/swagger-parser/2.0.24/swagger-parser-2.0.24.pom (3.4 kB at 34 kB/s)
[INFO] Downloading from localsmartbear: https://rapi.tools.ops.smartbear.io/nexus/content/groups/public/io/swagger/parser/v3/swagger-parser-project/2.0.24/swagger-parser-project-2.0.24.pom
[INFO] Downloaded from localsmartbear: https://rapi.tools.ops.smartbear.io/nexus/content/groups/public/io/swagger/parser/v3/swagger-parser-project/2.0.24/swagger-parser-project-2.0.24.pom (16 kB at 98 kB/s)
[INFO] Downloading from localsmartbear: https://rapi.tools.ops.smartbear.io/nexus/content/groups/public/io/swagger/parser/v3/swagger-parser-v2-converter/2.0.24/swagger-parser-v2-converter-2.0.24.pom
[INFO] Downloaded from localsmartbear: https://rapi.tools.ops.smartbear.io/nexus/content/groups/public/io/swagger/parser/v3/swagger-parser-v2-converter/2.0.24/swagger-parser-v2-converter-2.0.24.pom (3.3 kB at 22 kB/s)
[INFO] Downloading from localsmartbear: https://rapi.tools.ops.smartbear.io/nexus/content/groups/public/io/swagger/swagger-core/1.6.2/swagger-core-1.6.2.pom
[INFO] Downloaded from localsmartbear: https://rapi.tools.ops.smartbear.io/nexus/content/groups/public/io/swagger/swagger-core/1.6.2/swagger-core-1.6.2.pom (5.8 kB at 50 kB/s)
[INFO] Downloading from localsmartbear: https://rapi.tools.ops.smartbear.io/nexus/content/groups/public/io/swagger/swagger-project/1.6.2/swagger-project-1.6.2.pom
[INFO] Downloaded from localsmartbear: https://rapi.tools.ops.smartbear.io/nexus/content/groups/public/io/swagger/swagger-project/1.6.2/swagger-project-1.6.2.pom (26 kB at 251 kB/s)
[INFO] Downloading from localsmartbear: https://rapi.tools.ops.smartbear.io/nexus/content/groups/public/com/fasterxml/jackson/dataformat/jackson-dataformat-yaml/2.11.1/jackson-dataformat-yaml-2.11.1.pom
[INFO] Downloaded from localsmartbear: https://rapi.tools.ops.smartbear.io/nexus/content/groups/public/com/fasterxml/jackson/dataformat/jackson-dataformat-yaml/2.11.1/jackson-dataformat-yaml-2.11.1.pom (2.3 kB at 21 kB/s)
[INFO] Downloading from localsmartbear: https://rapi.tools.ops.smartbear.io/nexus/content/groups/public/com/fasterxml/jackson/dataformat/jackson-dataformats-text/2.11.1/jackson-dataformats-text-2.11.1.pom
[INFO] Downloaded from localsmartbear: https://rapi.tools.ops.smartbear.io/nexus/content/groups/public/com/fasterxml/jackson/dataformat/jackson-dataformats-text/2.11.1/jackson-dataformats-text-2.11.1.pom (3.0 kB at 31 kB/s)
[INFO] Downloading from localsmartbear: https://rapi.tools.ops.smartbear.io/nexus/content/groups/public/com/fasterxml/jackson/jackson-base/2.11.1/jackson-base-2.11.1.pom
[INFO] Downloaded from localsmartbear: https://rapi.tools.ops.smartbear.io/nexus/content/groups/public/com/fasterxml/jackson/jackson-base/2.11.1/jackson-base-2.11.1.pom (7.4 kB at 71 kB/s)
[INFO] Downloading from localsmartbear: https://rapi.tools.ops.smartbear.io/nexus/content/groups/public/com/fasterxml/jackson/jackson-bom/2.11.1/jackson-bom-2.11.1.pom
[INFO] Downloaded from localsmartbear: https://rapi.tools.ops.smartbear.io/nexus/content/groups/public/com/fasterxml/jackson/jackson-bom/2.11.1/jackson-bom-2.11.1.pom (13 kB at 199 kB/s)
[INFO] Downloading from localsmartbear: https://rapi.tools.ops.smartbear.io/nexus/content/groups/public/org/yaml/snakeyaml/1.26/snakeyaml-1.26.pom
[INFO] Downloaded from localsmartbear: https://rapi.tools.ops.smartbear.io/nexus/content/groups/public/org/yaml/snakeyaml/1.26/snakeyaml-1.26.pom (38 kB at 591 kB/s)
[INFO] Downloading from localsmartbear: https://rapi.tools.ops.smartbear.io/nexus/content/groups/public/io/swagger/swagger-models/1.6.2/swagger-models-1.6.2.pom
[INFO] Downloaded from localsmartbear: https://rapi.tools.ops.smartbear.io/nexus/content/groups/public/io/swagger/swagger-models/1.6.2/swagger-models-1.6.2.pom (4.6 kB at 43 kB/s)
[INFO] Downloading from localsmartbear: https://rapi.tools.ops.smartbear.io/nexus/content/groups/public/io/swagger/swagger-annotations/1.6.2/swagger-annotations-1.6.2.pom
[INFO] Downloaded from localsmartbear: https://rapi.tools.ops.smartbear.io/nexus/content/groups/public/io/swagger/swagger-annotations/1.6.2/swagger-annotations-1.6.2.pom (6.2 kB at 42 kB/s)
[INFO] Downloading from localsmartbear: https://rapi.tools.ops.smartbear.io/nexus/content/groups/public/io/swagger/swagger-parser/1.0.53/swagger-parser-1.0.53.pom
[INFO] Downloaded from localsmartbear: https://rapi.tools.ops.smartbear.io/nexus/content/groups/public/io/swagger/swagger-parser/1.0.53/swagger-parser-1.0.53.pom (3.5 kB at 35 kB/s)
[INFO] Downloading from localsmartbear: https://rapi.tools.ops.smartbear.io/nexus/content/groups/public/io/swagger/swagger-parser-project/1.0.53/swagger-parser-project-1.0.53.pom
[INFO] Downloaded from localsmartbear: https://rapi.tools.ops.smartbear.io/nexus/content/groups/public/io/swagger/swagger-parser-project/1.0.53/swagger-parser-project-1.0.53.pom (15 kB at 147 kB/s)
[INFO] Downloading from localsmartbear: https://rapi.tools.ops.smartbear.io/nexus/content/groups/public/io/swagger/swagger-compat-spec-parser/1.0.53/swagger-compat-spec-parser-1.0.53.pom
[INFO] Downloaded from localsmartbear: https://rapi.tools.ops.smartbear.io/nexus/content/groups/public/io/swagger/swagger-compat-spec-parser/1.0.53/swagger-compat-spec-parser-1.0.53.pom (2.8 kB at 18 kB/s)
[INFO] Downloading from localsmartbear: https://rapi.tools.ops.smartbear.io/nexus/content/groups/public/com/github/java-json-tools/json-schema-validator/2.2.14/json-schema-validator-2.2.14.pom
[INFO] Downloaded from localsmartbear: https://rapi.tools.ops.smartbear.io/nexus/content/groups/public/com/github/java-json-tools/json-schema-validator/2.2.14/json-schema-validator-2.2.14.pom (3.9 kB at 40 kB/s)
[INFO] Downloading from localsmartbear: https://rapi.tools.ops.smartbear.io/nexus/content/groups/public/com/github/java-json-tools/jackson-coreutils-equivalence/1.0/jackson-coreutils-equivalence-1.0.pom
[INFO] Downloaded from localsmartbear: https://rapi.tools.ops.smartbear.io/nexus/content/groups/public/com/github/java-json-tools/jackson-coreutils-equivalence/1.0/jackson-coreutils-equivalence-1.0.pom (2.7 kB at 18 kB/s)
[INFO] Downloading from localsmartbear: https://rapi.tools.ops.smartbear.io/nexus/content/groups/public/com/github/java-json-tools/jackson-coreutils/2.0/jackson-coreutils-2.0.pom
[INFO] Downloaded from localsmartbear: https://rapi.tools.ops.smartbear.io/nexus/content/groups/public/com/github/java-json-tools/jackson-coreutils/2.0/jackson-coreutils-2.0.pom (2.8 kB at 27 kB/s)
[INFO] Downloading from localsmartbear: https://rapi.tools.ops.smartbear.io/nexus/content/groups/public/com/github/java-json-tools/msg-simple/1.2/msg-simple-1.2.pom
[INFO] Downloaded from localsmartbear: https://rapi.tools.ops.smartbear.io/nexus/content/groups/public/com/github/java-json-tools/msg-simple/1.2/msg-simple-1.2.pom (2.6 kB at 42 kB/s)
[INFO] Downloading from localsmartbear: https://rapi.tools.ops.smartbear.io/nexus/content/groups/public/com/github/java-json-tools/btf/1.3/btf-1.3.pom
[INFO] Downloaded from localsmartbear: https://rapi.tools.ops.smartbear.io/nexus/content/groups/public/com/github/java-json-tools/btf/1.3/btf-1.3.pom (1.6 kB at 15 kB/s)
[INFO] Downloading from localsmartbear: https://rapi.tools.ops.smartbear.io/nexus/content/groups/public/com/github/java-json-tools/json-schema-core/1.2.14/json-schema-core-1.2.14.pom
[INFO] Downloaded from localsmartbear: https://rapi.tools.ops.smartbear.io/nexus/content/groups/public/com/github/java-json-tools/json-schema-core/1.2.14/json-schema-core-1.2.14.pom (3.7 kB at 33 kB/s)
[INFO] Downloading from localsmartbear: https://rapi.tools.ops.smartbear.io/nexus/content/groups/public/com/github/java-json-tools/uri-template/0.10/uri-template-0.10.pom
[INFO] Downloaded from localsmartbear: https://rapi.tools.ops.smartbear.io/nexus/content/groups/public/com/github/java-json-tools/uri-template/0.10/uri-template-0.10.pom (2.9 kB at 18 kB/s)
[INFO] Downloading from localsmartbear: https://rapi.tools.ops.smartbear.io/nexus/content/groups/public/org/mozilla/rhino/1.7.7.2/rhino-1.7.7.2.pom
[INFO] Downloaded from localsmartbear: https://rapi.tools.ops.smartbear.io/nexus/content/groups/public/org/mozilla/rhino/1.7.7.2/rhino-1.7.7.2.pom (1.3 kB at 8.6 kB/s)
[INFO] Downloading from localsmartbear: https://rapi.tools.ops.smartbear.io/nexus/content/groups/public/com/sun/mail/mailapi/1.6.2/mailapi-1.6.2.pom
[INFO] Downloaded from localsmartbear: https://rapi.tools.ops.smartbear.io/nexus/content/groups/public/com/sun/mail/mailapi/1.6.2/mailapi-1.6.2.pom (7.4 kB at 66 kB/s)
[INFO] Downloading from localsmartbear: https://rapi.tools.ops.smartbear.io/nexus/content/groups/public/com/sun/mail/all/1.6.2/all-1.6.2.pom
[INFO] Downloaded from localsmartbear: https://rapi.tools.ops.smartbear.io/nexus/content/groups/public/com/sun/mail/all/1.6.2/all-1.6.2.pom (23 kB at 230 kB/s)
[INFO] Downloading from localsmartbear: https://rapi.tools.ops.smartbear.io/nexus/content/groups/public/joda-time/joda-time/2.10.5/joda-time-2.10.5.pom
[INFO] Downloaded from localsmartbear: https://rapi.tools.ops.smartbear.io/nexus/content/groups/public/joda-time/joda-time/2.10.5/joda-time-2.10.5.pom (37 kB at 235 kB/s)
[INFO] Downloading from localsmartbear: https://rapi.tools.ops.smartbear.io/nexus/content/groups/public/com/googlecode/libphonenumber/libphonenumber/8.11.1/libphonenumber-8.11.1.pom
[INFO] Downloaded from localsmartbear: https://rapi.tools.ops.smartbear.io/nexus/content/groups/public/com/googlecode/libphonenumber/libphonenumber/8.11.1/libphonenumber-8.11.1.pom (3.1 kB at 59 kB/s)
[INFO] Downloading from localsmartbear: https://rapi.tools.ops.smartbear.io/nexus/content/groups/public/com/googlecode/libphonenumber/libphonenumber-parent/8.11.1/libphonenumber-parent-8.11.1.pom
[INFO] Downloaded from localsmartbear: https://rapi.tools.ops.smartbear.io/nexus/content/groups/public/com/googlecode/libphonenumber/libphonenumber-parent/8.11.1/libphonenumber-parent-8.11.1.pom (7.1 kB at 68 kB/s)
[INFO] Downloading from localsmartbear: https://rapi.tools.ops.smartbear.io/nexus/content/groups/public/net/sf/jopt-simple/jopt-simple/5.0.4/jopt-simple-5.0.4.pom
[INFO] Downloaded from localsmartbear: https://rapi.tools.ops.smartbear.io/nexus/content/groups/public/net/sf/jopt-simple/jopt-simple/5.0.4/jopt-simple-5.0.4.pom (14 kB at 90 kB/s)
[INFO] Downloading from localsmartbear: https://rapi.tools.ops.smartbear.io/nexus/content/groups/public/com/github/java-json-tools/json-patch/1.13/json-patch-1.13.pom
[INFO] Downloaded from localsmartbear: https://rapi.tools.ops.smartbear.io/nexus/content/groups/public/com/github/java-json-tools/json-patch/1.13/json-patch-1.13.pom (3.3 kB at 31 kB/s)
[INFO] Downloading from localsmartbear: https://rapi.tools.ops.smartbear.io/nexus/content/groups/public/io/swagger/core/v3/swagger-models/2.1.5/swagger-models-2.1.5.pom
[INFO] Downloaded from localsmartbear: https://rapi.tools.ops.smartbear.io/nexus/content/groups/public/io/swagger/core/v3/swagger-models/2.1.5/swagger-models-2.1.5.pom (3.8 kB at 36 kB/s)
[INFO] Downloading from localsmartbear: https://rapi.tools.ops.smartbear.io/nexus/content/groups/public/io/swagger/core/v3/swagger-project/2.1.5/swagger-project-2.1.5.pom
[INFO] Downloaded from localsmartbear: https://rapi.tools.ops.smartbear.io/nexus/content/groups/public/io/swagger/core/v3/swagger-project/2.1.5/swagger-project-2.1.5.pom (24 kB at 399 kB/s)
[INFO] Downloading from localsmartbear: https://rapi.tools.ops.smartbear.io/nexus/content/groups/public/io/swagger/parser/v3/swagger-parser-core/2.0.24/swagger-parser-core-2.0.24.pom
[INFO] Downloaded from localsmartbear: https://rapi.tools.ops.smartbear.io/nexus/content/groups/public/io/swagger/parser/v3/swagger-parser-core/2.0.24/swagger-parser-core-2.0.24.pom (1.1 kB at 11 kB/s)
[INFO] Downloading from localsmartbear: https://rapi.tools.ops.smartbear.io/nexus/content/groups/public/io/swagger/parser/v3/swagger-parser-v3/2.0.24/swagger-parser-v3-2.0.24.pom
[INFO] Downloaded from localsmartbear: https://rapi.tools.ops.smartbear.io/nexus/content/groups/public/io/swagger/parser/v3/swagger-parser-v3/2.0.24/swagger-parser-v3-2.0.24.pom (3.3 kB at 22 kB/s)
[INFO] Downloading from localsmartbear: https://rapi.tools.ops.smartbear.io/nexus/content/groups/public/io/swagger/core/v3/swagger-core/2.1.5/swagger-core-2.1.5.pom
[INFO] Downloaded from localsmartbear: https://rapi.tools.ops.smartbear.io/nexus/content/groups/public/io/swagger/core/v3/swagger-core/2.1.5/swagger-core-2.1.5.pom (5.9 kB at 38 kB/s)
[INFO] Downloading from localsmartbear: https://rapi.tools.ops.smartbear.io/nexus/content/groups/public/com/fasterxml/jackson/datatype/jackson-datatype-jsr310/2.11.1/jackson-datatype-jsr310-2.11.1.pom
[INFO] Downloaded from localsmartbear: https://rapi.tools.ops.smartbear.io/nexus/content/groups/public/com/fasterxml/jackson/datatype/jackson-datatype-jsr310/2.11.1/jackson-datatype-jsr310-2.11.1.pom (4.5 kB at 41 kB/s)
[INFO] Downloading from localsmartbear: https://rapi.tools.ops.smartbear.io/nexus/content/groups/public/com/fasterxml/jackson/module/jackson-modules-java8/2.11.1/jackson-modules-java8-2.11.1.pom
[INFO] Downloaded from localsmartbear: https://rapi.tools.ops.smartbear.io/nexus/content/groups/public/com/fasterxml/jackson/module/jackson-modules-java8/2.11.1/jackson-modules-java8-2.11.1.pom (3.2 kB at 30 kB/s)
[INFO] Downloading from localsmartbear: https://rapi.tools.ops.smartbear.io/nexus/content/groups/public/io/swagger/core/v3/swagger-annotations/2.1.5/swagger-annotations-2.1.5.pom
[INFO] Downloaded from localsmartbear: https://rapi.tools.ops.smartbear.io/nexus/content/groups/public/io/swagger/core/v3/swagger-annotations/2.1.5/swagger-annotations-2.1.5.pom (4.3 kB at 39 kB/s)
[INFO] Downloading from localsmartbear: https://rapi.tools.ops.smartbear.io/nexus/content/groups/public/io/swagger/swagger-inflector-new/2.0.5/swagger-inflector-new-2.0.5.pom
[INFO] Downloaded from localsmartbear: https://rapi.tools.ops.smartbear.io/nexus/content/groups/public/io/swagger/swagger-inflector-new/2.0.5/swagger-inflector-new-2.0.5.pom (19 kB at 281 kB/s)
[INFO] Downloading from localsmartbear: https://rapi.tools.ops.smartbear.io/nexus/content/groups/public/io/swagger/core/v3/swagger-jaxrs2/2.1.0/swagger-jaxrs2-2.1.0.pom
[INFO] Downloaded from localsmartbear: https://rapi.tools.ops.smartbear.io/nexus/content/groups/public/io/swagger/core/v3/swagger-jaxrs2/2.1.0/swagger-jaxrs2-2.1.0.pom (12 kB at 106 kB/s)
[INFO] Downloading from localsmartbear: https://rapi.tools.ops.smartbear.io/nexus/content/groups/public/io/swagger/core/v3/swagger-project/2.1.0/swagger-project-2.1.0.pom
[INFO] Downloaded from localsmartbear: https://rapi.tools.ops.smartbear.io/nexus/content/groups/public/io/swagger/core/v3/swagger-project/2.1.0/swagger-project-2.1.0.pom (22 kB at 388 kB/s)
[INFO] Downloading from localsmartbear: https://rapi.tools.ops.smartbear.io/nexus/content/groups/public/io/github/classgraph/classgraph/4.6.32/classgraph-4.6.32.pom
[INFO] Downloaded from localsmartbear: https://rapi.tools.ops.smartbear.io/nexus/content/groups/public/io/github/classgraph/classgraph/4.6.32/classgraph-4.6.32.pom (23 kB at 215 kB/s)
[INFO] Downloading from localsmartbear: https://rapi.tools.ops.smartbear.io/nexus/content/groups/public/io/swagger/core/v3/swagger-models/2.1.0/swagger-models-2.1.0.pom
[INFO] Downloaded from localsmartbear: https://rapi.tools.ops.smartbear.io/nexus/content/groups/public/io/swagger/core/v3/swagger-models/2.1.0/swagger-models-2.1.0.pom (3.8 kB at 67 kB/s)
[INFO] Downloading from localsmartbear: https://rapi.tools.ops.smartbear.io/nexus/content/groups/public/io/swagger/core/v3/swagger-annotations/2.1.0/swagger-annotations-2.1.0.pom
[INFO] Downloaded from localsmartbear: https://rapi.tools.ops.smartbear.io/nexus/content/groups/public/io/swagger/core/v3/swagger-annotations/2.1.0/swagger-annotations-2.1.0.pom (6.6 kB at 62 kB/s)
[INFO] Downloading from localsmartbear: https://rapi.tools.ops.smartbear.io/nexus/content/groups/public/io/swagger/core/v3/swagger-integration/2.1.0/swagger-integration-2.1.0.pom
[INFO] Downloaded from localsmartbear: https://rapi.tools.ops.smartbear.io/nexus/content/groups/public/io/swagger/core/v3/swagger-integration/2.1.0/swagger-integration-2.1.0.pom (1.8 kB at 17 kB/s)
[INFO] Downloading from localsmartbear: https://rapi.tools.ops.smartbear.io/nexus/content/groups/public/io/swagger/core/v3/swagger-core/2.1.0/swagger-core-2.1.0.pom
[INFO] Downloaded from localsmartbear: https://rapi.tools.ops.smartbear.io/nexus/content/groups/public/io/swagger/core/v3/swagger-core/2.1.0/swagger-core-2.1.0.pom (5.8 kB at 58 kB/s)
[INFO] Downloading from localsmartbear: https://rapi.tools.ops.smartbear.io/nexus/content/groups/public/javax/xml/bind/jaxb-api/2.3.0/jaxb-api-2.3.0.pom
[INFO] Downloaded from localsmartbear: https://rapi.tools.ops.smartbear.io/nexus/content/groups/public/javax/xml/bind/jaxb-api/2.3.0/jaxb-api-2.3.0.pom (23 kB at 359 kB/s)
[INFO] Downloading from localsmartbear: https://rapi.tools.ops.smartbear.io/nexus/content/groups/public/javax/xml/bind/jaxb-api-parent/2.3.0/jaxb-api-parent-2.3.0.pom
[INFO] Downloaded from localsmartbear: https://rapi.tools.ops.smartbear.io/nexus/content/groups/public/javax/xml/bind/jaxb-api-parent/2.3.0/jaxb-api-parent-2.3.0.pom (5.6 kB at 91 kB/s)
[INFO] Downloading from localsmartbear: https://rapi.tools.ops.smartbear.io/nexus/content/groups/public/com/fasterxml/jackson/datatype/jackson-datatype-jsr310/2.10.1/jackson-datatype-jsr310-2.10.1.pom
[INFO] Downloaded from localsmartbear: https://rapi.tools.ops.smartbear.io/nexus/content/groups/public/com/fasterxml/jackson/datatype/jackson-datatype-jsr310/2.10.1/jackson-datatype-jsr310-2.10.1.pom (4.5 kB at 70 kB/s)
[INFO] Downloading from localsmartbear: https://rapi.tools.ops.smartbear.io/nexus/content/groups/public/com/fasterxml/jackson/module/jackson-modules-java8/2.10.1/jackson-modules-java8-2.10.1.pom
[INFO] Downloaded from localsmartbear: https://rapi.tools.ops.smartbear.io/nexus/content/groups/public/com/fasterxml/jackson/module/jackson-modules-java8/2.10.1/jackson-modules-java8-2.10.1.pom (3.2 kB at 21 kB/s)
[INFO] Downloading from localsmartbear: https://rapi.tools.ops.smartbear.io/nexus/content/groups/public/io/swagger/parser/v3/swagger-parser/2.0.16/swagger-parser-2.0.16.pom
[INFO] Downloaded from localsmartbear: https://rapi.tools.ops.smartbear.io/nexus/content/groups/public/io/swagger/parser/v3/swagger-parser/2.0.16/swagger-parser-2.0.16.pom (3.7 kB at 64 kB/s)
[INFO] Downloading from localsmartbear: https://rapi.tools.ops.smartbear.io/nexus/content/groups/public/io/swagger/parser/v3/swagger-parser-project/2.0.16/swagger-parser-project-2.0.16.pom
[INFO] Downloaded from localsmartbear: https://rapi.tools.ops.smartbear.io/nexus/content/groups/public/io/swagger/parser/v3/swagger-parser-project/2.0.16/swagger-parser-project-2.0.16.pom (12 kB at 116 kB/s)
[INFO] Downloading from localsmartbear: https://rapi.tools.ops.smartbear.io/nexus/content/groups/public/io/swagger/parser/v3/swagger-parser-v2-converter/2.0.16/swagger-parser-v2-converter-2.0.16.pom
[INFO] Downloaded from localsmartbear: https://rapi.tools.ops.smartbear.io/nexus/content/groups/public/io/swagger/parser/v3/swagger-parser-v2-converter/2.0.16/swagger-parser-v2-converter-2.0.16.pom (3.1 kB at 21 kB/s)
[INFO] Downloading from localsmartbear: https://rapi.tools.ops.smartbear.io/nexus/content/groups/public/io/swagger/swagger-compat-spec-parser/1.0.48/swagger-compat-spec-parser-1.0.48.pom
[INFO] Downloaded from localsmartbear: https://rapi.tools.ops.smartbear.io/nexus/content/groups/public/io/swagger/swagger-compat-spec-parser/1.0.48/swagger-compat-spec-parser-1.0.48.pom (2.8 kB at 27 kB/s)
[INFO] Downloading from localsmartbear: https://rapi.tools.ops.smartbear.io/nexus/content/groups/public/com/github/fge/json-patch/1.6/json-patch-1.6.pom
[INFO] Downloaded from localsmartbear: https://rapi.tools.ops.smartbear.io/nexus/content/groups/public/com/github/fge/json-patch/1.6/json-patch-1.6.pom (2.4 kB at 44 kB/s)
[INFO] Downloading from localsmartbear: https://rapi.tools.ops.smartbear.io/nexus/content/groups/public/com/github/fge/jackson-coreutils/1.6/jackson-coreutils-1.6.pom
[INFO] Downloaded from localsmartbear: https://rapi.tools.ops.smartbear.io/nexus/content/groups/public/com/github/fge/jackson-coreutils/1.6/jackson-coreutils-1.6.pom (2.8 kB at 48 kB/s)
[INFO] Downloading from localsmartbear: https://rapi.tools.ops.smartbear.io/nexus/content/groups/public/io/swagger/parser/v3/swagger-parser-core/2.0.16/swagger-parser-core-2.0.16.pom
[INFO] Downloaded from localsmartbear: https://rapi.tools.ops.smartbear.io/nexus/content/groups/public/io/swagger/parser/v3/swagger-parser-core/2.0.16/swagger-parser-core-2.0.16.pom (1.1 kB at 19 kB/s)
[INFO] Downloading from localsmartbear: https://rapi.tools.ops.smartbear.io/nexus/content/groups/public/io/swagger/parser/v3/swagger-parser-v3/2.0.16/swagger-parser-v3-2.0.16.pom
[INFO] Downloaded from localsmartbear: https://rapi.tools.ops.smartbear.io/nexus/content/groups/public/io/swagger/parser/v3/swagger-parser-v3/2.0.16/swagger-parser-v3-2.0.16.pom (3.1 kB at 60 kB/s)
[INFO] Downloading from localsmartbear: https://rapi.tools.ops.smartbear.io/nexus/content/groups/public/org/glassfish/jersey/inject/jersey-hk2/2.26/jersey-hk2-2.26.pom
[INFO] Downloaded from localsmartbear: https://rapi.tools.ops.smartbear.io/nexus/content/groups/public/org/glassfish/jersey/inject/jersey-hk2/2.26/jersey-hk2-2.26.pom (5.2 kB at 90 kB/s)
[INFO] Downloading from localsmartbear: https://rapi.tools.ops.smartbear.io/nexus/content/groups/public/org/glassfish/jersey/inject/project/2.26/project-2.26.pom
[INFO] Downloaded from localsmartbear: https://rapi.tools.ops.smartbear.io/nexus/content/groups/public/org/glassfish/jersey/inject/project/2.26/project-2.26.pom (2.7 kB at 47 kB/s)
[INFO] Downloading from localsmartbear: https://rapi.tools.ops.smartbear.io/nexus/content/groups/public/org/glassfish/jersey/project/2.26/project-2.26.pom
[INFO] Downloaded from localsmartbear: https://rapi.tools.ops.smartbear.io/nexus/content/groups/public/org/glassfish/jersey/project/2.26/project-2.26.pom (86 kB at 1.3 MB/s)
[INFO] Downloading from localsmartbear: https://rapi.tools.ops.smartbear.io/nexus/content/groups/public/org/glassfish/hk2/hk2-bom/2.5.0-b42/hk2-bom-2.5.0-b42.pom
[INFO] Downloaded from localsmartbear: https://rapi.tools.ops.smartbear.io/nexus/content/groups/public/org/glassfish/hk2/hk2-bom/2.5.0-b42/hk2-bom-2.5.0-b42.pom (16 kB at 272 kB/s)
[INFO] Downloading from localsmartbear: https://rapi.tools.ops.smartbear.io/nexus/content/groups/public/org/glassfish/jersey/core/jersey-common/2.26/jersey-common-2.26.pom
[INFO] Downloaded from localsmartbear: https://rapi.tools.ops.smartbear.io/nexus/content/groups/public/org/glassfish/jersey/core/jersey-common/2.26/jersey-common-2.26.pom (9.8 kB at 182 kB/s)
[INFO] Downloading from localsmartbear: https://rapi.tools.ops.smartbear.io/nexus/content/groups/public/javax/ws/rs/javax.ws.rs-api/2.1/javax.ws.rs-api-2.1.pom
[INFO] Downloaded from localsmartbear: https://rapi.tools.ops.smartbear.io/nexus/content/groups/public/javax/ws/rs/javax.ws.rs-api/2.1/javax.ws.rs-api-2.1.pom (30 kB at 487 kB/s)
[INFO] Downloading from localsmartbear: https://rapi.tools.ops.smartbear.io/nexus/content/groups/public/org/glassfish/hk2/external/javax.inject/2.5.0-b42/javax.inject-2.5.0-b42.pom
[INFO] Downloaded from localsmartbear: https://rapi.tools.ops.smartbear.io/nexus/content/groups/public/org/glassfish/hk2/external/javax.inject/2.5.0-b42/javax.inject-2.5.0-b42.pom (6.5 kB at 114 kB/s)
[INFO] Downloading from localsmartbear: https://rapi.tools.ops.smartbear.io/nexus/content/groups/public/org/glassfish/hk2/external/2.5.0-b42/external-2.5.0-b42.pom
[INFO] Downloaded from localsmartbear: https://rapi.tools.ops.smartbear.io/nexus/content/groups/public/org/glassfish/hk2/external/2.5.0-b42/external-2.5.0-b42.pom (2.8 kB at 53 kB/s)
[INFO] Downloading from localsmartbear: https://rapi.tools.ops.smartbear.io/nexus/content/groups/public/org/glassfish/hk2/hk2-parent/2.5.0-b42/hk2-parent-2.5.0-b42.pom
[INFO] Downloaded from localsmartbear: https://rapi.tools.ops.smartbear.io/nexus/content/groups/public/org/glassfish/hk2/hk2-parent/2.5.0-b42/hk2-parent-2.5.0-b42.pom (42 kB at 643 kB/s)
[INFO] Downloading from localsmartbear: https://rapi.tools.ops.smartbear.io/nexus/content/groups/public/org/glassfish/hk2/hk2-locator/2.5.0-b42/hk2-locator-2.5.0-b42.pom
[INFO] Downloaded from localsmartbear: https://rapi.tools.ops.smartbear.io/nexus/content/groups/public/org/glassfish/hk2/hk2-locator/2.5.0-b42/hk2-locator-2.5.0-b42.pom (7.9 kB at 143 kB/s)
[INFO] Downloading from localsmartbear: https://rapi.tools.ops.smartbear.io/nexus/content/groups/public/org/glassfish/hk2/external/aopalliance-repackaged/2.5.0-b42/aopalliance-repackaged-2.5.0-b42.pom
[INFO] Downloaded from localsmartbear: https://rapi.tools.ops.smartbear.io/nexus/content/groups/public/org/glassfish/hk2/external/aopalliance-repackaged/2.5.0-b42/aopalliance-repackaged-2.5.0-b42.pom (6.8 kB at 117 kB/s)
[INFO] Downloading from localsmartbear: https://rapi.tools.ops.smartbear.io/nexus/content/groups/public/org/glassfish/hk2/hk2-api/2.5.0-b42/hk2-api-2.5.0-b42.pom
[INFO] Downloaded from localsmartbear: https://rapi.tools.ops.smartbear.io/nexus/content/groups/public/org/glassfish/hk2/hk2-api/2.5.0-b42/hk2-api-2.5.0-b42.pom (4.6 kB at 84 kB/s)
[INFO] Downloading from localsmartbear: https://rapi.tools.ops.smartbear.io/nexus/content/groups/public/org/glassfish/hk2/hk2-utils/2.5.0-b42/hk2-utils-2.5.0-b42.pom
[INFO] Downloaded from localsmartbear: https://rapi.tools.ops.smartbear.io/nexus/content/groups/public/org/glassfish/hk2/hk2-utils/2.5.0-b42/hk2-utils-2.5.0-b42.pom (6.9 kB at 121 kB/s)
[INFO] Downloading from localsmartbear: https://rapi.tools.ops.smartbear.io/nexus/content/groups/public/org/glassfish/jersey/containers/jersey-container-servlet-core/2.26/jersey-container-servlet-core-2.26.pom
[INFO] Downloaded from localsmartbear: https://rapi.tools.ops.smartbear.io/nexus/content/groups/public/org/glassfish/jersey/containers/jersey-container-servlet-core/2.26/jersey-container-servlet-core-2.26.pom (4.6 kB at 60 kB/s)
[INFO] Downloading from localsmartbear: https://rapi.tools.ops.smartbear.io/nexus/content/groups/public/org/glassfish/jersey/containers/project/2.26/project-2.26.pom
[INFO] Downloaded from localsmartbear: https://rapi.tools.ops.smartbear.io/nexus/content/groups/public/org/glassfish/jersey/containers/project/2.26/project-2.26.pom (4.0 kB at 28 kB/s)
[INFO] Downloading from localsmartbear: https://rapi.tools.ops.smartbear.io/nexus/content/groups/public/org/glassfish/jersey/media/jersey-media-multipart/2.26/jersey-media-multipart-2.26.pom
[INFO] Downloaded from localsmartbear: https://rapi.tools.ops.smartbear.io/nexus/content/groups/public/org/glassfish/jersey/media/jersey-media-multipart/2.26/jersey-media-multipart-2.26.pom (5.3 kB at 100 kB/s)
[INFO] Downloading from localsmartbear: https://rapi.tools.ops.smartbear.io/nexus/content/groups/public/org/glassfish/jersey/media/project/2.26/project-2.26.pom
[INFO] Downloaded from localsmartbear: https://rapi.tools.ops.smartbear.io/nexus/content/groups/public/org/glassfish/jersey/media/project/2.26/project-2.26.pom (3.3 kB at 59 kB/s)
[INFO] Downloading from localsmartbear: https://rapi.tools.ops.smartbear.io/nexus/content/groups/public/org/glassfish/jersey/core/jersey-client/2.26/jersey-client-2.26.pom
[INFO] Downloaded from localsmartbear: https://rapi.tools.ops.smartbear.io/nexus/content/groups/public/org/glassfish/jersey/core/jersey-client/2.26/jersey-client-2.26.pom (7.4 kB at 74 kB/s)
[INFO] Downloading from localsmartbear: https://rapi.tools.ops.smartbear.io/nexus/content/groups/public/com/fasterxml/jackson/jaxrs/jackson-jaxrs-yaml-provider/2.10.1/jackson-jaxrs-yaml-provider-2.10.1.pom
[INFO] Downloaded from localsmartbear: https://rapi.tools.ops.smartbear.io/nexus/content/groups/public/com/fasterxml/jackson/jaxrs/jackson-jaxrs-yaml-provider/2.10.1/jackson-jaxrs-yaml-provider-2.10.1.pom (3.9 kB at 41 kB/s)
[INFO] Downloading from localsmartbear: https://rapi.tools.ops.smartbear.io/nexus/content/groups/public/io/swagger/swagger-parser/1.0.54/swagger-parser-1.0.54.pom
[INFO] Downloaded from localsmartbear: https://rapi.tools.ops.smartbear.io/nexus/content/groups/public/io/swagger/swagger-parser/1.0.54/swagger-parser-1.0.54.pom (3.5 kB at 24 kB/s)
[INFO] Downloading from localsmartbear: https://rapi.tools.ops.smartbear.io/nexus/content/groups/public/io/swagger/swagger-parser-project/1.0.54/swagger-parser-project-1.0.54.pom
[INFO] Downloaded from localsmartbear: https://rapi.tools.ops.smartbear.io/nexus/content/groups/public/io/swagger/swagger-parser-project/1.0.54/swagger-parser-project-1.0.54.pom (15 kB at 145 kB/s)
[INFO] Downloading from localsmartbear: https://rapi.tools.ops.smartbear.io/nexus/content/groups/public/com/fasterxml/jackson/dataformat/jackson-dataformat-yaml/2.11.3/jackson-dataformat-yaml-2.11.3.pom
[INFO] Downloaded from localsmartbear: https://rapi.tools.ops.smartbear.io/nexus/content/groups/public/com/fasterxml/jackson/dataformat/jackson-dataformat-yaml/2.11.3/jackson-dataformat-yaml-2.11.3.pom (2.3 kB at 16 kB/s)
[INFO] Downloading from localsmartbear: https://rapi.tools.ops.smartbear.io/nexus/content/groups/public/com/fasterxml/jackson/dataformat/jackson-dataformats-text/2.11.3/jackson-dataformats-text-2.11.3.pom
[INFO] Downloaded from localsmartbear: https://rapi.tools.ops.smartbear.io/nexus/content/groups/public/com/fasterxml/jackson/dataformat/jackson-dataformats-text/2.11.3/jackson-dataformats-text-2.11.3.pom (3.0 kB at 21 kB/s)
[INFO] Downloading from localsmartbear: https://rapi.tools.ops.smartbear.io/nexus/content/groups/public/com/networknt/json-schema-validator/0.1.7/json-schema-validator-0.1.7.pom
[INFO] Downloaded from localsmartbear: https://rapi.tools.ops.smartbear.io/nexus/content/groups/public/com/networknt/json-schema-validator/0.1.7/json-schema-validator-0.1.7.pom (11 kB at 188 kB/s)
[INFO] Downloading from localsmartbear: https://rapi.tools.ops.smartbear.io/nexus/content/groups/public/com/fathzer/javaluator/3.0.0/javaluator-3.0.0.pom
[INFO] Downloaded from localsmartbear: https://rapi.tools.ops.smartbear.io/nexus/content/groups/public/com/fathzer/javaluator/3.0.0/javaluator-3.0.0.pom (803 B at 14 kB/s)
[INFO] Downloading from localsmartbear: https://rapi.tools.ops.smartbear.io/nexus/content/groups/public/com/fathzer/parent-pom/1.0.0/parent-pom-1.0.0.pom
[INFO] Downloaded from localsmartbear: https://rapi.tools.ops.smartbear.io/nexus/content/groups/public/com/fathzer/parent-pom/1.0.0/parent-pom-1.0.0.pom (3.4 kB at 33 kB/s)
[INFO] Downloading from localsmartbear: https://rapi.tools.ops.smartbear.io/nexus/content/groups/public/io/qameta/allure/allure-java-commons/2.13.3/allure-java-commons-2.13.3.pom
[INFO] Downloaded from localsmartbear: https://rapi.tools.ops.smartbear.io/nexus/content/groups/public/io/qameta/allure/allure-java-commons/2.13.3/allure-java-commons-2.13.3.pom (6.3 kB at 61 kB/s)
[INFO] Downloading from localsmartbear: https://rapi.tools.ops.smartbear.io/nexus/content/groups/public/org/junit/junit-bom/5.5.2/junit-bom-5.5.2.pom
[INFO] Downloaded from localsmartbear: https://rapi.tools.ops.smartbear.io/nexus/content/groups/public/org/junit/junit-bom/5.5.2/junit-bom-5.5.2.pom (4.4 kB at 14 kB/s)
[INFO] Downloading from localsmartbear: https://rapi.tools.ops.smartbear.io/nexus/content/groups/public/com/fasterxml/jackson/jackson-bom/2.9.8/jackson-bom-2.9.8.pom
[INFO] Downloaded from localsmartbear: https://rapi.tools.ops.smartbear.io/nexus/content/groups/public/com/fasterxml/jackson/jackson-bom/2.9.8/jackson-bom-2.9.8.pom (12 kB at 67 kB/s)
[INFO] Downloading from localsmartbear: https://rapi.tools.ops.smartbear.io/nexus/content/groups/public/com/fasterxml/jackson/jackson-parent/2.9.1.2/jackson-parent-2.9.1.2.pom
[INFO] Downloaded from localsmartbear: https://rapi.tools.ops.smartbear.io/nexus/content/groups/public/com/fasterxml/jackson/jackson-parent/2.9.1.2/jackson-parent-2.9.1.2.pom (7.9 kB at 136 kB/s)
[INFO] Downloading from localsmartbear: https://rapi.tools.ops.smartbear.io/nexus/content/groups/public/com/fasterxml/oss-parent/34/oss-parent-34.pom
[INFO] Downloaded from localsmartbear: https://rapi.tools.ops.smartbear.io/nexus/content/groups/public/com/fasterxml/oss-parent/34/oss-parent-34.pom (23 kB at 173 kB/s)
[INFO] Downloading from localsmartbear: https://rapi.tools.ops.smartbear.io/nexus/content/groups/public/io/qameta/allure/allure-model/2.13.3/allure-model-2.13.3.pom
[INFO] Downloaded from localsmartbear: https://rapi.tools.ops.smartbear.io/nexus/content/groups/public/io/qameta/allure/allure-model/2.13.3/allure-model-2.13.3.pom (5.7 kB at 105 kB/s)
[INFO] Downloading from localsmartbear: https://rapi.tools.ops.smartbear.io/nexus/content/groups/public/org/jooq/joor-java-8/0.9.10/joor-java-8-0.9.10.pom
[INFO] Downloaded from localsmartbear: https://rapi.tools.ops.smartbear.io/nexus/content/groups/public/org/jooq/joor-java-8/0.9.10/joor-java-8-0.9.10.pom (10 kB at 177 kB/s)
[INFO] Downloading from localsmartbear: https://rapi.tools.ops.smartbear.io/nexus/content/groups/public/org/apache/tika/tika-core/1.24.1/tika-core-1.24.1.pom
[INFO] Downloaded from localsmartbear: https://rapi.tools.ops.smartbear.io/nexus/content/groups/public/org/apache/tika/tika-core/1.24.1/tika-core-1.24.1.pom (6.8 kB at 68 kB/s)
[INFO] Downloading from localsmartbear: https://rapi.tools.ops.smartbear.io/nexus/content/groups/public/org/apache/tika/tika-parent/1.24.1/tika-parent-1.24.1.pom
[INFO] Downloaded from localsmartbear: https://rapi.tools.ops.smartbear.io/nexus/content/groups/public/org/apache/tika/tika-parent/1.24.1/tika-parent-1.24.1.pom (19 kB at 322 kB/s)
[INFO] Downloading from localsmartbear: https://rapi.tools.ops.smartbear.io/nexus/content/groups/public/com/graphql-java/graphql-java/13.0/graphql-java-13.0.pom
[INFO] Downloaded from localsmartbear: https://rapi.tools.ops.smartbear.io/nexus/content/groups/public/com/graphql-java/graphql-java/13.0/graphql-java-13.0.pom (1.8 kB at 13 kB/s)
[INFO] Downloading from localsmartbear: https://rapi.tools.ops.smartbear.io/nexus/content/groups/public/org/antlr/antlr4-runtime/4.7.2/antlr4-runtime-4.7.2.pom
[INFO] Downloaded from localsmartbear: https://rapi.tools.ops.smartbear.io/nexus/content/groups/public/org/antlr/antlr4-runtime/4.7.2/antlr4-runtime-4.7.2.pom (3.6 kB at 34 kB/s)
[INFO] Downloading from localsmartbear: https://rapi.tools.ops.smartbear.io/nexus/content/groups/public/org/antlr/antlr4-master/4.7.2/antlr4-master-4.7.2.pom
[INFO] Downloaded from localsmartbear: https://rapi.tools.ops.smartbear.io/nexus/content/groups/public/org/antlr/antlr4-master/4.7.2/antlr4-master-4.7.2.pom (4.4 kB at 42 kB/s)
[INFO] Downloading from localsmartbear: https://rapi.tools.ops.smartbear.io/nexus/content/groups/public/com/graphql-java/java-dataloader/2.1.1/java-dataloader-2.1.1.pom
[INFO] Downloaded from localsmartbear: https://rapi.tools.ops.smartbear.io/nexus/content/groups/public/com/graphql-java/java-dataloader/2.1.1/java-dataloader-2.1.1.pom (1.3 kB at 13 kB/s)
[INFO] Downloading from localsmartbear: https://rapi.tools.ops.smartbear.io/nexus/content/groups/public/org/reactivestreams/reactive-streams/1.0.2/reactive-streams-1.0.2.pom
[INFO] Downloaded from localsmartbear: https://rapi.tools.ops.smartbear.io/nexus/content/groups/public/org/reactivestreams/reactive-streams/1.0.2/reactive-streams-1.0.2.pom (1.2 kB at 22 kB/s)
[INFO] Downloading from localsmartbear: https://rapi.tools.ops.smartbear.io/nexus/content/groups/public/com/optimizely/ab/core-api/3.6.0/core-api-3.6.0.pom
[INFO] Downloaded from localsmartbear: https://rapi.tools.ops.smartbear.io/nexus/content/groups/public/com/optimizely/ab/core-api/3.6.0/core-api-3.6.0.pom (2.1 kB at 39 kB/s)
[INFO] Downloading from localsmartbear: https://rapi.tools.ops.smartbear.io/nexus/content/groups/public/com/optimizely/ab/core-httpclient-impl/3.6.0/core-httpclient-impl-3.6.0.pom
[INFO] Downloaded from localsmartbear: https://rapi.tools.ops.smartbear.io/nexus/content/groups/public/com/optimizely/ab/core-httpclient-impl/3.6.0/core-httpclient-impl-3.6.0.pom (1.8 kB at 31 kB/s)
[INFO] Downloading from localsmartbear: https://rapi.tools.ops.smartbear.io/nexus/content/groups/public/org/apache/xmlgraphics/batik-transcoder/1.13/batik-transcoder-1.13.pom
[INFO] Downloaded from localsmartbear: https://rapi.tools.ops.smartbear.io/nexus/content/groups/public/org/apache/xmlgraphics/batik-transcoder/1.13/batik-transcoder-1.13.pom (3.9 kB at 27 kB/s)
[INFO] Downloading from localsmartbear: https://rapi.tools.ops.smartbear.io/nexus/content/groups/public/org/apache/xmlgraphics/batik/1.13/batik-1.13.pom
[INFO] Downloaded from localsmartbear: https://rapi.tools.ops.smartbear.io/nexus/content/groups/public/org/apache/xmlgraphics/batik/1.13/batik-1.13.pom (7.3 kB at 73 kB/s)
[INFO] Downloading from localsmartbear: https://rapi.tools.ops.smartbear.io/nexus/content/groups/public/org/apache/xmlgraphics/batik-anim/1.13/batik-anim-1.13.pom
[INFO] Downloaded from localsmartbear: https://rapi.tools.ops.smartbear.io/nexus/content/groups/public/org/apache/xmlgraphics/batik-anim/1.13/batik-anim-1.13.pom (3.7 kB at 37 kB/s)
[INFO] Downloading from localsmartbear: https://rapi.tools.ops.smartbear.io/nexus/content/groups/public/org/apache/xmlgraphics/batik-awt-util/1.13/batik-awt-util-1.13.pom
[INFO] Downloaded from localsmartbear: https://rapi.tools.ops.smartbear.io/nexus/content/groups/public/org/apache/xmlgraphics/batik-awt-util/1.13/batik-awt-util-1.13.pom (2.8 kB at 19 kB/s)
[INFO] Downloading from localsmartbear: https://rapi.tools.ops.smartbear.io/nexus/content/groups/public/org/apache/xmlgraphics/batik-shared-resources/1.13/batik-shared-resources-1.13.pom
[INFO] Downloaded from localsmartbear: https://rapi.tools.ops.smartbear.io/nexus/content/groups/public/org/apache/xmlgraphics/batik-shared-resources/1.13/batik-shared-resources-1.13.pom (1.7 kB at 17 kB/s)
[INFO] Downloading from localsmartbear: https://rapi.tools.ops.smartbear.io/nexus/content/groups/public/org/apache/xmlgraphics/batik-util/1.13/batik-util-1.13.pom
[INFO] Downloaded from localsmartbear: https://rapi.tools.ops.smartbear.io/nexus/content/groups/public/org/apache/xmlgraphics/batik-util/1.13/batik-util-1.13.pom (3.9 kB at 26 kB/s)
[INFO] Downloading from localsmartbear: https://rapi.tools.ops.smartbear.io/nexus/content/groups/public/org/apache/xmlgraphics/batik-constants/1.13/batik-constants-1.13.pom
[INFO] Downloaded from localsmartbear: https://rapi.tools.ops.smartbear.io/nexus/content/groups/public/org/apache/xmlgraphics/batik-constants/1.13/batik-constants-1.13.pom (2.4 kB at 23 kB/s)
[INFO] Downloading from localsmartbear: https://rapi.tools.ops.smartbear.io/nexus/content/groups/public/org/apache/xmlgraphics/batik-i18n/1.13/batik-i18n-1.13.pom
[INFO] Downloaded from localsmartbear: https://rapi.tools.ops.smartbear.io/nexus/content/groups/public/org/apache/xmlgraphics/batik-i18n/1.13/batik-i18n-1.13.pom (2.4 kB at 16 kB/s)
[INFO] Downloading from localsmartbear: https://rapi.tools.ops.smartbear.io/nexus/content/groups/public/org/apache/xmlgraphics/xmlgraphics-commons/2.4/xmlgraphics-commons-2.4.pom
[INFO] Downloaded from localsmartbear: https://rapi.tools.ops.smartbear.io/nexus/content/groups/public/org/apache/xmlgraphics/xmlgraphics-commons/2.4/xmlgraphics-commons-2.4.pom (3.5 kB at 24 kB/s)
[INFO] Downloading from localsmartbear: https://rapi.tools.ops.smartbear.io/nexus/content/groups/public/org/apache/xmlgraphics/batik-css/1.13/batik-css-1.13.pom
[INFO] Downloaded from localsmartbear: https://rapi.tools.ops.smartbear.io/nexus/content/groups/public/org/apache/xmlgraphics/batik-css/1.13/batik-css-1.13.pom (2.9 kB at 21 kB/s)
[INFO] Downloading from localsmartbear: https://rapi.tools.ops.smartbear.io/nexus/content/groups/public/xml-apis/xml-apis-ext/1.3.04/xml-apis-ext-1.3.04.pom
[INFO] Downloaded from localsmartbear: https://rapi.tools.ops.smartbear.io/nexus/content/groups/public/xml-apis/xml-apis-ext/1.3.04/xml-apis-ext-1.3.04.pom (1.8 kB at 19 kB/s)
[INFO] Downloading from localsmartbear: https://rapi.tools.ops.smartbear.io/nexus/content/groups/public/org/apache/apache/3/apache-3.pom
[INFO] Downloaded from localsmartbear: https://rapi.tools.ops.smartbear.io/nexus/content/groups/public/org/apache/apache/3/apache-3.pom (3.4 kB at 59 kB/s)
[INFO] Downloading from localsmartbear: https://rapi.tools.ops.smartbear.io/nexus/content/groups/public/org/apache/xmlgraphics/batik-dom/1.13/batik-dom-1.13.pom
[INFO] Downloaded from localsmartbear: https://rapi.tools.ops.smartbear.io/nexus/content/groups/public/org/apache/xmlgraphics/batik-dom/1.13/batik-dom-1.13.pom (3.5 kB at 26 kB/s)
[INFO] Downloading from localsmartbear: https://rapi.tools.ops.smartbear.io/nexus/content/groups/public/org/apache/xmlgraphics/batik-ext/1.13/batik-ext-1.13.pom
[INFO] Downloaded from localsmartbear: https://rapi.tools.ops.smartbear.io/nexus/content/groups/public/org/apache/xmlgraphics/batik-ext/1.13/batik-ext-1.13.pom (2.4 kB at 16 kB/s)
[INFO] Downloading from localsmartbear: https://rapi.tools.ops.smartbear.io/nexus/content/groups/public/org/apache/xmlgraphics/batik-xml/1.13/batik-xml-1.13.pom
[INFO] Downloaded from localsmartbear: https://rapi.tools.ops.smartbear.io/nexus/content/groups/public/org/apache/xmlgraphics/batik-xml/1.13/batik-xml-1.13.pom (2.6 kB at 26 kB/s)
[INFO] Downloading from localsmartbear: https://rapi.tools.ops.smartbear.io/nexus/content/groups/public/org/apache/xmlgraphics/batik-parser/1.13/batik-parser-1.13.pom
[INFO] Downloaded from localsmartbear: https://rapi.tools.ops.smartbear.io/nexus/content/groups/public/org/apache/xmlgraphics/batik-parser/1.13/batik-parser-1.13.pom (3.1 kB at 21 kB/s)
[INFO] Downloading from localsmartbear: https://rapi.tools.ops.smartbear.io/nexus/content/groups/public/org/apache/xmlgraphics/batik-svg-dom/1.13/batik-svg-dom-1.13.pom
[INFO] Downloaded from localsmartbear: https://rapi.tools.ops.smartbear.io/nexus/content/groups/public/org/apache/xmlgraphics/batik-svg-dom/1.13/batik-svg-dom-1.13.pom (3.6 kB at 69 kB/s)
[INFO] Downloading from localsmartbear: https://rapi.tools.ops.smartbear.io/nexus/content/groups/public/org/apache/xmlgraphics/batik-bridge/1.13/batik-bridge-1.13.pom
[INFO] Downloaded from localsmartbear: https://rapi.tools.ops.smartbear.io/nexus/content/groups/public/org/apache/xmlgraphics/batik-bridge/1.13/batik-bridge-1.13.pom (4.6 kB at 47 kB/s)
[INFO] Downloading from localsmartbear: https://rapi.tools.ops.smartbear.io/nexus/content/groups/public/org/apache/xmlgraphics/batik-gvt/1.13/batik-gvt-1.13.pom
[INFO] Downloaded from localsmartbear: https://rapi.tools.ops.smartbear.io/nexus/content/groups/public/org/apache/xmlgraphics/batik-gvt/1.13/batik-gvt-1.13.pom (2.7 kB at 49 kB/s)
[INFO] Downloading from localsmartbear: https://rapi.tools.ops.smartbear.io/nexus/content/groups/public/org/apache/xmlgraphics/batik-script/1.13/batik-script-1.13.pom
[INFO] Downloaded from localsmartbear: https://rapi.tools.ops.smartbear.io/nexus/content/groups/public/org/apache/xmlgraphics/batik-script/1.13/batik-script-1.13.pom (3.4 kB at 35 kB/s)
[INFO] Downloading from localsmartbear: https://rapi.tools.ops.smartbear.io/nexus/content/groups/public/org/apache/xmlgraphics/batik-svggen/1.13/batik-svggen-1.13.pom
[INFO] Downloaded from localsmartbear: https://rapi.tools.ops.smartbear.io/nexus/content/groups/public/org/apache/xmlgraphics/batik-svggen/1.13/batik-svggen-1.13.pom (2.7 kB at 27 kB/s)
[INFO] Downloading from localsmartbear: https://rapi.tools.ops.smartbear.io/nexus/content/groups/public/com/teamdev/jxbrowser/jxbrowser-win64/7.12/jxbrowser-win64-7.12.pom
[INFO] Downloading from default: https://repo.maven.apache.org/maven2/com/teamdev/jxbrowser/jxbrowser-win64/7.12/jxbrowser-win64-7.12.pom
[WARNING] The POM for com.teamdev.jxbrowser:jxbrowser-win64:jar:7.12 is missing, no dependency information available
[INFO] Downloading from localsmartbear: https://rapi.tools.ops.smartbear.io/nexus/content/groups/public/com/teamdev/jxbrowser/jxbrowser-mac/7.12/jxbrowser-mac-7.12.pom
[INFO] Downloading from default: https://repo.maven.apache.org/maven2/com/teamdev/jxbrowser/jxbrowser-mac/7.12/jxbrowser-mac-7.12.pom
[WARNING] The POM for com.teamdev.jxbrowser:jxbrowser-mac:jar:7.12 is missing, no dependency information available
[INFO] Downloading from localsmartbear: https://rapi.tools.ops.smartbear.io/nexus/content/groups/public/com/teamdev/jxbrowser/jxbrowser-linux64/7.12/jxbrowser-linux64-7.12.pom
[INFO] Downloading from default: https://repo.maven.apache.org/maven2/com/teamdev/jxbrowser/jxbrowser-linux64/7.12/jxbrowser-linux64-7.12.pom
[WARNING] The POM for com.teamdev.jxbrowser:jxbrowser-linux64:jar:7.12 is missing, no dependency information available
[INFO] Downloading from localsmartbear: https://rapi.tools.ops.smartbear.io/nexus/content/groups/public/com/teamdev/jxbrowser/jxbrowser/7.12/jxbrowser-7.12.pom
[INFO] Downloading from default: https://repo.maven.apache.org/maven2/com/teamdev/jxbrowser/jxbrowser/7.12/jxbrowser-7.12.pom
[WARNING] The POM for com.teamdev.jxbrowser:jxbrowser:jar:7.12 is missing, no dependency information available
[INFO] Downloading from localsmartbear: https://rapi.tools.ops.smartbear.io/nexus/content/groups/public/com/teamdev/jxbrowser/jxbrowser-swing/7.12/jxbrowser-swing-7.12.pom
[INFO] Downloading from default: https://repo.maven.apache.org/maven2/com/teamdev/jxbrowser/jxbrowser-swing/7.12/jxbrowser-swing-7.12.pom
[WARNING] The POM for com.teamdev.jxbrowser:jxbrowser-swing:jar:7.12 is missing, no dependency information available
[INFO] Downloading from localsmartbear: https://rapi.tools.ops.smartbear.io/nexus/content/groups/public/com/smartbear/ready-api-db/3.7.0/ready-api-db-3.7.0.pom
[INFO] Downloaded from localsmartbear: https://rapi.tools.ops.smartbear.io/nexus/content/groups/public/com/smartbear/ready-api-db/3.7.0/ready-api-db-3.7.0.pom (3.8 kB at 19 kB/s)
[INFO] Downloading from localsmartbear: https://rapi.tools.ops.smartbear.io/nexus/content/groups/public/org/springframework/spring-jdbc/5.3.1/spring-jdbc-5.3.1.pom
[INFO] Downloaded from localsmartbear: https://rapi.tools.ops.smartbear.io/nexus/content/groups/public/org/springframework/spring-jdbc/5.3.1/spring-jdbc-5.3.1.pom (2.4 kB at 16 kB/s)
[INFO] Downloading from localsmartbear: https://rapi.tools.ops.smartbear.io/nexus/content/groups/public/org/springframework/spring-beans/5.3.1/spring-beans-5.3.1.pom
[INFO] Downloaded from localsmartbear: https://rapi.tools.ops.smartbear.io/nexus/content/groups/public/org/springframework/spring-beans/5.3.1/spring-beans-5.3.1.pom (2.0 kB at 14 kB/s)
[INFO] Downloading from localsmartbear: https://rapi.tools.ops.smartbear.io/nexus/content/groups/public/org/springframework/spring-core/5.3.1/spring-core-5.3.1.pom
[INFO] Downloaded from localsmartbear: https://rapi.tools.ops.smartbear.io/nexus/content/groups/public/org/springframework/spring-core/5.3.1/spring-core-5.3.1.pom (2.0 kB at 13 kB/s)
[INFO] Downloading from localsmartbear: https://rapi.tools.ops.smartbear.io/nexus/content/groups/public/org/springframework/spring-jcl/5.3.1/spring-jcl-5.3.1.pom
[INFO] Downloaded from localsmartbear: https://rapi.tools.ops.smartbear.io/nexus/content/groups/public/org/springframework/spring-jcl/5.3.1/spring-jcl-5.3.1.pom (1.8 kB at 18 kB/s)
[INFO] Downloading from localsmartbear: https://rapi.tools.ops.smartbear.io/nexus/content/groups/public/org/springframework/spring-tx/5.3.1/spring-tx-5.3.1.pom
[INFO] Downloaded from localsmartbear: https://rapi.tools.ops.smartbear.io/nexus/content/groups/public/org/springframework/spring-tx/5.3.1/spring-tx-5.3.1.pom (2.2 kB at 16 kB/s)
[INFO] Downloading from localsmartbear: https://rapi.tools.ops.smartbear.io/nexus/content/groups/public/com/h2database/h2/1.4.200/h2-1.4.200.pom
[INFO] Downloaded from localsmartbear: https://rapi.tools.ops.smartbear.io/nexus/content/groups/public/com/h2database/h2/1.4.200/h2-1.4.200.pom (958 B at 16 kB/s)
[INFO] Downloading from localsmartbear: https://rapi.tools.ops.smartbear.io/nexus/content/groups/public/org/liquibase/liquibase-core/3.6.2/liquibase-core-3.6.2.pom
[INFO] Downloaded from localsmartbear: https://rapi.tools.ops.smartbear.io/nexus/content/groups/public/org/liquibase/liquibase-core/3.6.2/liquibase-core-3.6.2.pom (11 kB at 115 kB/s)
[INFO] Downloading from localsmartbear: https://rapi.tools.ops.smartbear.io/nexus/content/groups/public/org/liquibase/liquibase-parent/3.6.2/liquibase-parent-3.6.2.pom
[INFO] Downloaded from localsmartbear: https://rapi.tools.ops.smartbear.io/nexus/content/groups/public/org/liquibase/liquibase-parent/3.6.2/liquibase-parent-3.6.2.pom (32 kB at 239 kB/s)
[INFO] Downloading from localsmartbear: https://rapi.tools.ops.smartbear.io/nexus/content/groups/public/org/yaml/snakeyaml/1.18/snakeyaml-1.18.pom
[INFO] Downloaded from localsmartbear: https://rapi.tools.ops.smartbear.io/nexus/content/groups/public/org/yaml/snakeyaml/1.18/snakeyaml-1.18.pom (31 kB at 270 kB/s)
[INFO] Downloading from localsmartbear: https://rapi.tools.ops.smartbear.io/nexus/content/groups/public/com/mattbertolini/liquibase-slf4j/2.0.0/liquibase-slf4j-2.0.0.pom
[INFO] Downloaded from localsmartbear: https://rapi.tools.ops.smartbear.io/nexus/content/groups/public/com/mattbertolini/liquibase-slf4j/2.0.0/liquibase-slf4j-2.0.0.pom (2.7 kB at 48 kB/s)
[INFO] Downloading from localsmartbear: https://rapi.tools.ops.smartbear.io/nexus/content/groups/public/com/smartbear/ready-api-license/3.7.0/ready-api-license-3.7.0.pom
[INFO] Downloaded from localsmartbear: https://rapi.tools.ops.smartbear.io/nexus/content/groups/public/com/smartbear/ready-api-license/3.7.0/ready-api-license-3.7.0.pom (9.5 kB at 164 kB/s)
[INFO] Downloading from localsmartbear: https://rapi.tools.ops.smartbear.io/nexus/content/groups/public/com/smartbear/jxbrowser-license/1.0.0/jxbrowser-license-1.0.0.pom
[INFO] Downloaded from localsmartbear: https://rapi.tools.ops.smartbear.io/nexus/content/groups/public/com/smartbear/jxbrowser-license/1.0.0/jxbrowser-license-1.0.0.pom (430 B at 8.0 kB/s)
[INFO] Downloading from localsmartbear: https://rapi.tools.ops.smartbear.io/nexus/content/groups/public/com/teamdev/jxbrowser/jxbrowser-win32/7.12/jxbrowser-win32-7.12.pom
[INFO] Downloading from default: https://repo.maven.apache.org/maven2/com/teamdev/jxbrowser/jxbrowser-win32/7.12/jxbrowser-win32-7.12.pom
[WARNING] The POM for com.teamdev.jxbrowser:jxbrowser-win32:jar:7.12 is missing, no dependency information available
[INFO] Downloading from localsmartbear: https://rapi.tools.ops.smartbear.io/nexus/content/groups/public/org/apache/axis/axis/1.4/axis-1.4.pom
[INFO] Downloaded from localsmartbear: https://rapi.tools.ops.smartbear.io/nexus/content/groups/public/org/apache/axis/axis/1.4/axis-1.4.pom (343 B at 2.3 kB/s)
[INFO] Downloading from localsmartbear: https://rapi.tools.ops.smartbear.io/nexus/content/groups/public/org/apache/axis/axis-ant/1.4/axis-ant-1.4.pom
[INFO] Downloaded from localsmartbear: https://rapi.tools.ops.smartbear.io/nexus/content/groups/public/org/apache/axis/axis-ant/1.4/axis-ant-1.4.pom (347 B at 3.7 kB/s)
[INFO] Downloading from localsmartbear: https://rapi.tools.ops.smartbear.io/nexus/content/groups/public/protection/jaxrpc/protection-jdk12/jaxrpc-protection-jdk12.pom
[INFO] Downloaded from localsmartbear: https://rapi.tools.ops.smartbear.io/nexus/content/groups/public/protection/jaxrpc/protection-jdk12/jaxrpc-protection-jdk12.pom (463 B at 9.1 kB/s)
[INFO] Downloading from localsmartbear: https://rapi.tools.ops.smartbear.io/nexus/content/groups/public/protection/jhall/protection/jhall-protection.pom
[INFO] Downloaded from localsmartbear: https://rapi.tools.ops.smartbear.io/nexus/content/groups/public/protection/jhall/protection/jhall-protection.pom (456 B at 8.3 kB/s)
[INFO] Downloading from localsmartbear: https://rapi.tools.ops.smartbear.io/nexus/content/groups/public/protection/jug/protection/jug-protection.pom
[INFO] Downloaded from localsmartbear: https://rapi.tools.ops.smartbear.io/nexus/content/groups/public/protection/jug/protection/jug-protection.pom (454 B at 8.6 kB/s)
[INFO] Downloading from localsmartbear: https://rapi.tools.ops.smartbear.io/nexus/content/groups/public/protection/Protection/5.1.5/Protection-5.1.5.pom
[INFO] Downloaded from localsmartbear: https://rapi.tools.ops.smartbear.io/nexus/content/groups/public/protection/Protection/5.1.5/Protection-5.1.5.pom (456 B at 8.9 kB/s)
[INFO] Downloading from localsmartbear: https://rapi.tools.ops.smartbear.io/nexus/content/groups/public/protection/ProtectionPriv/5.1.5/ProtectionPriv-5.1.5.pom
[INFO] Downloaded from localsmartbear: https://rapi.tools.ops.smartbear.io/nexus/content/groups/public/protection/ProtectionPriv/5.1.5/ProtectionPriv-5.1.5.pom (460 B at 8.5 kB/s)
[INFO] Downloading from localsmartbear: https://rapi.tools.ops.smartbear.io/nexus/content/groups/public/javax/xml/soap/javax.xml.soap-api/1.4.0/javax.xml.soap-api-1.4.0.pom
[INFO] Downloaded from localsmartbear: https://rapi.tools.ops.smartbear.io/nexus/content/groups/public/javax/xml/soap/javax.xml.soap-api/1.4.0/javax.xml.soap-api-1.4.0.pom (20 kB at 268 kB/s)
[INFO] Downloading from localsmartbear: https://rapi.tools.ops.smartbear.io/nexus/content/groups/public/com/netflix/governator/governator/1.17.10/governator-1.17.10.pom
[INFO] Downloaded from localsmartbear: https://rapi.tools.ops.smartbear.io/nexus/content/groups/public/com/netflix/governator/governator/1.17.10/governator-1.17.10.pom (3.3 kB at 34 kB/s)
[INFO] Downloading from localsmartbear: https://rapi.tools.ops.smartbear.io/nexus/content/groups/public/com/netflix/governator/governator-api/1.17.10/governator-api-1.17.10.pom
[INFO] Downloaded from localsmartbear: https://rapi.tools.ops.smartbear.io/nexus/content/groups/public/com/netflix/governator/governator-api/1.17.10/governator-api-1.17.10.pom (2.7 kB at 19 kB/s)
[INFO] Downloading from localsmartbear: https://rapi.tools.ops.smartbear.io/nexus/content/groups/public/com/netflix/governator/governator-core/1.17.10/governator-core-1.17.10.pom
[INFO] Downloaded from localsmartbear: https://rapi.tools.ops.smartbear.io/nexus/content/groups/public/com/netflix/governator/governator-core/1.17.10/governator-core-1.17.10.pom (3.9 kB at 64 kB/s)
[INFO] Downloading from localsmartbear: https://rapi.tools.ops.smartbear.io/nexus/content/groups/public/com/google/inject/extensions/guice-multibindings/4.2.2/guice-multibindings-4.2.2.pom
[INFO] Downloaded from localsmartbear: https://rapi.tools.ops.smartbear.io/nexus/content/groups/public/com/google/inject/extensions/guice-multibindings/4.2.2/guice-multibindings-4.2.2.pom (1.8 kB at 32 kB/s)
[INFO] Downloading from localsmartbear: https://rapi.tools.ops.smartbear.io/nexus/content/groups/public/com/google/inject/extensions/extensions-parent/4.2.2/extensions-parent-4.2.2.pom
[INFO] Downloaded from localsmartbear: https://rapi.tools.ops.smartbear.io/nexus/content/groups/public/com/google/inject/extensions/extensions-parent/4.2.2/extensions-parent-4.2.2.pom (3.4 kB at 29 kB/s)
[INFO] Downloading from localsmartbear: https://rapi.tools.ops.smartbear.io/nexus/content/groups/public/com/google/inject/extensions/guice-grapher/4.1.0/guice-grapher-4.1.0.pom
[INFO] Downloaded from localsmartbear: https://rapi.tools.ops.smartbear.io/nexus/content/groups/public/com/google/inject/extensions/guice-grapher/4.1.0/guice-grapher-4.1.0.pom (1.1 kB at 11 kB/s)
[INFO] Downloading from localsmartbear: https://rapi.tools.ops.smartbear.io/nexus/content/groups/public/com/google/inject/extensions/extensions-parent/4.1.0/extensions-parent-4.1.0.pom
[INFO] Downloaded from localsmartbear: https://rapi.tools.ops.smartbear.io/nexus/content/groups/public/com/google/inject/extensions/extensions-parent/4.1.0/extensions-parent-4.1.0.pom (3.4 kB at 23 kB/s)
[INFO] Downloading from localsmartbear: https://rapi.tools.ops.smartbear.io/nexus/content/groups/public/com/google/inject/guice-parent/4.1.0/guice-parent-4.1.0.pom
[INFO] Downloaded from localsmartbear: https://rapi.tools.ops.smartbear.io/nexus/content/groups/public/com/google/inject/guice-parent/4.1.0/guice-parent-4.1.0.pom (16 kB at 156 kB/s)
[INFO] Downloading from localsmartbear: https://rapi.tools.ops.smartbear.io/nexus/content/groups/public/com/google/inject/extensions/guice-assistedinject/4.2.2/guice-assistedinject-4.2.2.pom
[INFO] Downloaded from localsmartbear: https://rapi.tools.ops.smartbear.io/nexus/content/groups/public/com/google/inject/extensions/guice-assistedinject/4.2.2/guice-assistedinject-4.2.2.pom (938 B at 6.8 kB/s)
[INFO] Downloading from localsmartbear: https://rapi.tools.ops.smartbear.io/nexus/content/groups/public/commons-discovery/commons-discovery/0.2/commons-discovery-0.2.pom
[INFO] Downloaded from localsmartbear: https://rapi.tools.ops.smartbear.io/nexus/content/groups/public/commons-discovery/commons-discovery/0.2/commons-discovery-0.2.pom (2.0 kB at 35 kB/s)
[INFO] Downloading from localsmartbear: https://rapi.tools.ops.smartbear.io/nexus/content/groups/public/commons-logging/commons-logging/1.0.3/commons-logging-1.0.3.pom
[INFO] Downloaded from localsmartbear: https://rapi.tools.ops.smartbear.io/nexus/content/groups/public/commons-logging/commons-logging/1.0.3/commons-logging-1.0.3.pom (866 B at 14 kB/s)
[INFO] Downloading from localsmartbear: https://rapi.tools.ops.smartbear.io/nexus/content/groups/public/com/auth0/java-jwt/3.8.1/java-jwt-3.8.1.pom
[INFO] Downloaded from localsmartbear: https://rapi.tools.ops.smartbear.io/nexus/content/groups/public/com/auth0/java-jwt/3.8.1/java-jwt-3.8.1.pom (1.8 kB at 13 kB/s)
[INFO] Downloading from localsmartbear: https://rapi.tools.ops.smartbear.io/nexus/content/groups/public/com/auth0/jwks-rsa/0.8.2/jwks-rsa-0.8.2.pom
[INFO] Downloaded from localsmartbear: https://rapi.tools.ops.smartbear.io/nexus/content/groups/public/com/auth0/jwks-rsa/0.8.2/jwks-rsa-0.8.2.pom (2.2 kB at 40 kB/s)
[INFO] Downloading from localsmartbear: https://rapi.tools.ops.smartbear.io/nexus/content/groups/public/net/sf/opencsv/opencsv/2.3/opencsv-2.3.pom
[INFO] Downloaded from localsmartbear: https://rapi.tools.ops.smartbear.io/nexus/content/groups/public/net/sf/opencsv/opencsv/2.3/opencsv-2.3.pom (5.4 kB at 35 kB/s)
[INFO] Downloading from localsmartbear: https://rapi.tools.ops.smartbear.io/nexus/content/groups/public/net/sf/jasperreports/jasperreports/6.13.0-sb-fixed/jasperreports-6.13.0-sb-fixed.pom
[INFO] Downloaded from localsmartbear: https://rapi.tools.ops.smartbear.io/nexus/content/groups/public/net/sf/jasperreports/jasperreports/6.13.0-sb-fixed/jasperreports-6.13.0-sb-fixed.pom (20 kB at 320 kB/s)
[INFO] Downloading from localsmartbear: https://rapi.tools.ops.smartbear.io/nexus/content/groups/public/commons-digester/commons-digester/2.1/commons-digester-2.1.pom
[INFO] Downloaded from localsmartbear: https://rapi.tools.ops.smartbear.io/nexus/content/groups/public/commons-digester/commons-digester/2.1/commons-digester-2.1.pom (10 kB at 180 kB/s)
[INFO] Downloading from localsmartbear: https://rapi.tools.ops.smartbear.io/nexus/content/groups/public/org/apache/commons/commons-collections4/4.2/commons-collections4-4.2.pom
[INFO] Downloaded from localsmartbear: https://rapi.tools.ops.smartbear.io/nexus/content/groups/public/org/apache/commons/commons-collections4/4.2/commons-collections4-4.2.pom (23 kB at 373 kB/s)
[INFO] Downloading from localsmartbear: https://rapi.tools.ops.smartbear.io/nexus/content/groups/public/com/lowagie/itext/2.1.7/itext-2.1.7.pom
[INFO] Downloaded from localsmartbear: https://rapi.tools.ops.smartbear.io/nexus/content/groups/public/com/lowagie/itext/2.1.7/itext-2.1.7.pom (3.0 kB at 57 kB/s)
[INFO] Downloading from localsmartbear: https://rapi.tools.ops.smartbear.io/nexus/content/groups/public/bouncycastle/bctsp-jdk14/138/bctsp-jdk14-138.pom
[INFO] Downloaded from localsmartbear: https://rapi.tools.ops.smartbear.io/nexus/content/groups/public/bouncycastle/bctsp-jdk14/138/bctsp-jdk14-138.pom (363 B at 6.7 kB/s)
[INFO] Downloading from localsmartbear: https://rapi.tools.ops.smartbear.io/nexus/content/groups/public/org/bouncycastle/bctsp-jdk14/1.38/bctsp-jdk14-1.38.pom
[INFO] Downloaded from localsmartbear: https://rapi.tools.ops.smartbear.io/nexus/content/groups/public/org/bouncycastle/bctsp-jdk14/1.38/bctsp-jdk14-1.38.pom (1.3 kB at 23 kB/s)
[INFO] Downloading from localsmartbear: https://rapi.tools.ops.smartbear.io/nexus/content/groups/public/org/jfree/jcommon/1.0.23/jcommon-1.0.23.pom
[INFO] Downloaded from localsmartbear: https://rapi.tools.ops.smartbear.io/nexus/content/groups/public/org/jfree/jcommon/1.0.23/jcommon-1.0.23.pom (8.5 kB at 152 kB/s)
[INFO] Downloading from localsmartbear: https://rapi.tools.ops.smartbear.io/nexus/content/groups/public/org/jfree/jfreechart/1.0.19/jfreechart-1.0.19.pom
[INFO] Downloaded from localsmartbear: https://rapi.tools.ops.smartbear.io/nexus/content/groups/public/org/jfree/jfreechart/1.0.19/jfreechart-1.0.19.pom (9.6 kB at 96 kB/s)
[INFO] Downloading from localsmartbear: https://rapi.tools.ops.smartbear.io/nexus/content/groups/public/org/eclipse/jdt/ecj/3.21.0/ecj-3.21.0.pom
[INFO] Downloaded from localsmartbear: https://rapi.tools.ops.smartbear.io/nexus/content/groups/public/org/eclipse/jdt/ecj/3.21.0/ecj-3.21.0.pom (1.7 kB at 15 kB/s)
[INFO] Downloading from localsmartbear: https://rapi.tools.ops.smartbear.io/nexus/content/groups/public/org/codehaus/castor/castor-xml/1.4.1/castor-xml-1.4.1.pom
[INFO] Downloaded from localsmartbear: https://rapi.tools.ops.smartbear.io/nexus/content/groups/public/org/codehaus/castor/castor-xml/1.4.1/castor-xml-1.4.1.pom (6.4 kB at 63 kB/s)
[INFO] Downloading from localsmartbear: https://rapi.tools.ops.smartbear.io/nexus/content/groups/public/org/codehaus/castor/castor-parent/1.4.1/castor-parent-1.4.1.pom
[INFO] Downloaded from localsmartbear: https://rapi.tools.ops.smartbear.io/nexus/content/groups/public/org/codehaus/castor/castor-parent/1.4.1/castor-parent-1.4.1.pom (27 kB at 248 kB/s)
[INFO] Downloading from localsmartbear: https://rapi.tools.ops.smartbear.io/nexus/content/groups/public/org/codehaus/castor/castor-core/1.4.1/castor-core-1.4.1.pom
[INFO] Downloaded from localsmartbear: https://rapi.tools.ops.smartbear.io/nexus/content/groups/public/org/codehaus/castor/castor-core/1.4.1/castor-core-1.4.1.pom (1.3 kB at 9.8 kB/s)
[INFO] Downloading from localsmartbear: https://rapi.tools.ops.smartbear.io/nexus/content/groups/public/org/apache/commons/commons-collections4/4.1/commons-collections4-4.1.pom
[INFO] Downloaded from localsmartbear: https://rapi.tools.ops.smartbear.io/nexus/content/groups/public/org/apache/commons/commons-collections4/4.1/commons-collections4-4.1.pom (21 kB at 361 kB/s)
[INFO] Downloading from localsmartbear: https://rapi.tools.ops.smartbear.io/nexus/content/groups/public/org/apache/commons/commons-parent/38/commons-parent-38.pom
[INFO] Downloaded from localsmartbear: https://rapi.tools.ops.smartbear.io/nexus/content/groups/public/org/apache/commons/commons-parent/38/commons-parent-38.pom (62 kB at 829 kB/s)
[INFO] Downloading from localsmartbear: https://rapi.tools.ops.smartbear.io/nexus/content/groups/public/org/bouncycastle/bctsp-jdk15on/1.46/bctsp-jdk15on-1.46.pom
[INFO] Downloaded from localsmartbear: https://rapi.tools.ops.smartbear.io/nexus/content/groups/public/org/bouncycastle/bctsp-jdk15on/1.46/bctsp-jdk15on-1.46.pom (1.1 kB at 11 kB/s)
[INFO] Downloading from localsmartbear: https://rapi.tools.ops.smartbear.io/nexus/content/groups/public/org/bouncycastle/bcmail-jdk15on/1.64/bcmail-jdk15on-1.64.pom
[INFO] Downloaded from localsmartbear: https://rapi.tools.ops.smartbear.io/nexus/content/groups/public/org/bouncycastle/bcmail-jdk15on/1.64/bcmail-jdk15on-1.64.pom (2.6 kB at 25 kB/s)
[INFO] Downloading from localsmartbear: https://rapi.tools.ops.smartbear.io/nexus/content/groups/public/org/bouncycastle/bcpkix-jdk15on/1.64/bcpkix-jdk15on-1.64.pom
[INFO] Downloaded from localsmartbear: https://rapi.tools.ops.smartbear.io/nexus/content/groups/public/org/bouncycastle/bcpkix-jdk15on/1.64/bcpkix-jdk15on-1.64.pom (2.2 kB at 22 kB/s)
[INFO] Downloading from localsmartbear: https://rapi.tools.ops.smartbear.io/nexus/content/groups/public/org/apache/poi/poi/4.1.2/poi-4.1.2.pom
[INFO] Downloaded from localsmartbear: https://rapi.tools.ops.smartbear.io/nexus/content/groups/public/org/apache/poi/poi/4.1.2/poi-4.1.2.pom (3.6 kB at 60 kB/s)
[INFO] Downloading from localsmartbear: https://rapi.tools.ops.smartbear.io/nexus/content/groups/public/org/apache/commons/commons-collections4/4.4/commons-collections4-4.4.pom
[INFO] Downloaded from localsmartbear: https://rapi.tools.ops.smartbear.io/nexus/content/groups/public/org/apache/commons/commons-collections4/4.4/commons-collections4-4.4.pom (24 kB at 378 kB/s)
[INFO] Downloading from localsmartbear: https://rapi.tools.ops.smartbear.io/nexus/content/groups/public/org/apache/commons/commons-parent/48/commons-parent-48.pom
[INFO] Downloaded from localsmartbear: https://rapi.tools.ops.smartbear.io/nexus/content/groups/public/org/apache/commons/commons-parent/48/commons-parent-48.pom (72 kB at 1.0 MB/s)
[INFO] Downloading from localsmartbear: https://rapi.tools.ops.smartbear.io/nexus/content/groups/public/org/apache/commons/commons-math3/3.6.1/commons-math3-3.6.1.pom
[INFO] Downloaded from localsmartbear: https://rapi.tools.ops.smartbear.io/nexus/content/groups/public/org/apache/commons/commons-math3/3.6.1/commons-math3-3.6.1.pom (29 kB at 456 kB/s)
[INFO] Downloading from localsmartbear: https://rapi.tools.ops.smartbear.io/nexus/content/groups/public/com/zaxxer/SparseBitSet/1.2/SparseBitSet-1.2.pom
[INFO] Downloaded from localsmartbear: https://rapi.tools.ops.smartbear.io/nexus/content/groups/public/com/zaxxer/SparseBitSet/1.2/SparseBitSet-1.2.pom (4.2 kB at 68 kB/s)
[INFO] Downloading from localsmartbear: https://rapi.tools.ops.smartbear.io/nexus/content/groups/public/org/apache/poi/poi-ooxml/4.1.2/poi-ooxml-4.1.2.pom
[INFO] Downloaded from localsmartbear: https://rapi.tools.ops.smartbear.io/nexus/content/groups/public/org/apache/poi/poi-ooxml/4.1.2/poi-ooxml-4.1.2.pom (2.9 kB at 46 kB/s)
[INFO] Downloading from localsmartbear: https://rapi.tools.ops.smartbear.io/nexus/content/groups/public/org/apache/poi/poi-ooxml-schemas/4.1.2/poi-ooxml-schemas-4.1.2.pom
[INFO] Downloaded from localsmartbear: https://rapi.tools.ops.smartbear.io/nexus/content/groups/public/org/apache/poi/poi-ooxml-schemas/4.1.2/poi-ooxml-schemas-4.1.2.pom (2.7 kB at 46 kB/s)
[INFO] Downloading from localsmartbear: https://rapi.tools.ops.smartbear.io/nexus/content/groups/public/org/apache/commons/commons-compress/1.19/commons-compress-1.19.pom
[INFO] Downloaded from localsmartbear: https://rapi.tools.ops.smartbear.io/nexus/content/groups/public/org/apache/commons/commons-compress/1.19/commons-compress-1.19.pom (18 kB at 304 kB/s)
[INFO] Downloading from localsmartbear: https://rapi.tools.ops.smartbear.io/nexus/content/groups/public/com/github/virtuald/curvesapi/1.06/curvesapi-1.06.pom
[INFO] Downloaded from localsmartbear: https://rapi.tools.ops.smartbear.io/nexus/content/groups/public/com/github/virtuald/curvesapi/1.06/curvesapi-1.06.pom (4.0 kB at 66 kB/s)
[INFO] Downloading from localsmartbear: https://rapi.tools.ops.smartbear.io/nexus/content/groups/public/idw/idw/1.6.1/idw-1.6.1.pom
[INFO] Downloaded from localsmartbear: https://rapi.tools.ops.smartbear.io/nexus/content/groups/public/idw/idw/1.6.1/idw-1.6.1.pom (145 B at 2.4 kB/s)
[INFO] Downloading from localsmartbear: https://rapi.tools.ops.smartbear.io/nexus/content/groups/public/jcalendar/jcalendar/1.3.2/jcalendar-1.3.2.pom
[INFO] Downloaded from localsmartbear: https://rapi.tools.ops.smartbear.io/nexus/content/groups/public/jcalendar/jcalendar/1.3.2/jcalendar-1.3.2.pom (157 B at 2.8 kB/s)
[INFO] Downloading from localsmartbear: https://rapi.tools.ops.smartbear.io/nexus/content/groups/public/eviware/reports/1.0/reports-1.0.pom
[INFO] Downloaded from localsmartbear: https://rapi.tools.ops.smartbear.io/nexus/content/groups/public/eviware/reports/1.0/reports-1.0.pom (394 B at 6.9 kB/s)
[INFO] Downloading from localsmartbear: https://rapi.tools.ops.smartbear.io/nexus/content/groups/public/com/fifesoft/languagesupport/2.6.0-fixed/languagesupport-2.6.0-fixed.pom
[INFO] Downloaded from localsmartbear: https://rapi.tools.ops.smartbear.io/nexus/content/groups/public/com/fifesoft/languagesupport/2.6.0-fixed/languagesupport-2.6.0-fixed.pom (974 B at 18 kB/s)
[INFO] Downloading from localsmartbear: https://rapi.tools.ops.smartbear.io/nexus/content/groups/public/org/mozilla/rhino/1.7.9/rhino-1.7.9.pom
[INFO] Downloaded from localsmartbear: https://rapi.tools.ops.smartbear.io/nexus/content/groups/public/org/mozilla/rhino/1.7.9/rhino-1.7.9.pom (1.3 kB at 12 kB/s)
[INFO] Downloading from localsmartbear: https://rapi.tools.ops.smartbear.io/nexus/content/groups/public/com/fifesoft/autocomplete/2.6.0/autocomplete-2.6.0.pom
[INFO] Downloaded from localsmartbear: https://rapi.tools.ops.smartbear.io/nexus/content/groups/public/com/fifesoft/autocomplete/2.6.0/autocomplete-2.6.0.pom (3.0 kB at 53 kB/s)
[INFO] Downloading from localsmartbear: https://rapi.tools.ops.smartbear.io/nexus/content/groups/public/com/fifesoft/rsyntaxtextarea/2.6.0/rsyntaxtextarea-2.6.0.pom
[INFO] Downloaded from localsmartbear: https://rapi.tools.ops.smartbear.io/nexus/content/groups/public/com/fifesoft/rsyntaxtextarea/2.6.0/rsyntaxtextarea-2.6.0.pom (2.5 kB at 25 kB/s)
[INFO] Downloading from localsmartbear: https://rapi.tools.ops.smartbear.io/nexus/content/groups/public/edu/vt/middleware/vt-password/3.1.2/vt-password-3.1.2.pom
[INFO] Downloaded from localsmartbear: https://rapi.tools.ops.smartbear.io/nexus/content/groups/public/edu/vt/middleware/vt-password/3.1.2/vt-password-3.1.2.pom (11 kB at 105 kB/s)
[INFO] Downloading from localsmartbear: https://rapi.tools.ops.smartbear.io/nexus/content/groups/public/edu/vt/middleware/vt-dictionary/3.0/vt-dictionary-3.0.pom
[INFO] Downloaded from localsmartbear: https://rapi.tools.ops.smartbear.io/nexus/content/groups/public/edu/vt/middleware/vt-dictionary/3.0/vt-dictionary-3.0.pom (9.4 kB at 81 kB/s)
[INFO] Downloading from localsmartbear: https://rapi.tools.ops.smartbear.io/nexus/content/groups/public/edu/vt/middleware/vt-crypt/2.1.4/vt-crypt-2.1.4.pom
[INFO] Downloaded from localsmartbear: https://rapi.tools.ops.smartbear.io/nexus/content/groups/public/edu/vt/middleware/vt-crypt/2.1.4/vt-crypt-2.1.4.pom (10 kB at 90 kB/s)
[INFO] Downloading from localsmartbear: https://rapi.tools.ops.smartbear.io/nexus/content/groups/public/org/jdom/jdom/1.1.3/jdom-1.1.3.pom
[INFO] Downloaded from localsmartbear: https://rapi.tools.ops.smartbear.io/nexus/content/groups/public/org/jdom/jdom/1.1.3/jdom-1.1.3.pom (1.8 kB at 12 kB/s)
[INFO] Downloading from localsmartbear: https://rapi.tools.ops.smartbear.io/nexus/content/groups/public/jide/jide-common/3.6.6/jide-common-3.6.6.pom
[INFO] Downloaded from localsmartbear: https://rapi.tools.ops.smartbear.io/nexus/content/groups/public/jide/jide-common/3.6.6/jide-common-3.6.6.pom (451 B at 7.9 kB/s)
[INFO] Downloading from localsmartbear: https://rapi.tools.ops.smartbear.io/nexus/content/groups/public/org/japura/japura/1.18.3/japura-1.18.3.pom
[INFO] Downloaded from localsmartbear: https://rapi.tools.ops.smartbear.io/nexus/content/groups/public/org/japura/japura/1.18.3/japura-1.18.3.pom (3.5 kB at 33 kB/s)
[INFO] Downloading from localsmartbear: https://rapi.tools.ops.smartbear.io/nexus/content/groups/public/com/monitorjbl/xlsx-streamer/0.2.10-fixed/xlsx-streamer-0.2.10-fixed.pom
[INFO] Downloaded from localsmartbear: https://rapi.tools.ops.smartbear.io/nexus/content/groups/public/com/monitorjbl/xlsx-streamer/0.2.10-fixed/xlsx-streamer-0.2.10-fixed.pom (4.3 kB at 74 kB/s)
[INFO] Downloading from localsmartbear: https://rapi.tools.ops.smartbear.io/nexus/content/groups/public/org/apache/poi/poi-ooxml/3.13/poi-ooxml-3.13.pom
[INFO] Downloaded from localsmartbear: https://rapi.tools.ops.smartbear.io/nexus/content/groups/public/org/apache/poi/poi-ooxml/3.13/poi-ooxml-3.13.pom (2.6 kB at 27 kB/s)
[INFO] Downloading from localsmartbear: https://rapi.tools.ops.smartbear.io/nexus/content/groups/public/org/apache/poi/poi/3.13/poi-3.13.pom
[INFO] Downloaded from localsmartbear: https://rapi.tools.ops.smartbear.io/nexus/content/groups/public/org/apache/poi/poi/3.13/poi-3.13.pom (3.2 kB at 32 kB/s)
[INFO] Downloading from localsmartbear: https://rapi.tools.ops.smartbear.io/nexus/content/groups/public/org/apache/poi/poi-ooxml-schemas/3.13/poi-ooxml-schemas-3.13.pom
[INFO] Downloaded from localsmartbear: https://rapi.tools.ops.smartbear.io/nexus/content/groups/public/org/apache/poi/poi-ooxml-schemas/3.13/poi-ooxml-schemas-3.13.pom (2.4 kB at 43 kB/s)
[INFO] Downloading from localsmartbear: https://rapi.tools.ops.smartbear.io/nexus/content/groups/public/org/xhtmlrenderer/flying-saucer-pdf/9.0.7/flying-saucer-pdf-9.0.7.pom
[INFO] Downloaded from localsmartbear: https://rapi.tools.ops.smartbear.io/nexus/content/groups/public/org/xhtmlrenderer/flying-saucer-pdf/9.0.7/flying-saucer-pdf-9.0.7.pom (1.0 kB at 10 kB/s)
[INFO] Downloading from localsmartbear: https://rapi.tools.ops.smartbear.io/nexus/content/groups/public/org/xhtmlrenderer/flying-saucer-parent/9.0.7/flying-saucer-parent-9.0.7.pom
[INFO] Downloaded from localsmartbear: https://rapi.tools.ops.smartbear.io/nexus/content/groups/public/org/xhtmlrenderer/flying-saucer-parent/9.0.7/flying-saucer-parent-9.0.7.pom (2.9 kB at 30 kB/s)
[INFO] Downloading from localsmartbear: https://rapi.tools.ops.smartbear.io/nexus/content/groups/public/org/xhtmlrenderer/flying-saucer-core/9.0.7/flying-saucer-core-9.0.7.pom
[INFO] Downloaded from localsmartbear: https://rapi.tools.ops.smartbear.io/nexus/content/groups/public/org/xhtmlrenderer/flying-saucer-core/9.0.7/flying-saucer-core-9.0.7.pom (909 B at 17 kB/s)
[INFO] Downloading from localsmartbear: https://rapi.tools.ops.smartbear.io/nexus/content/groups/public/org/pcap4j/pcap4j-core/1.7.2/pcap4j-core-1.7.2.pom
[INFO] Downloaded from localsmartbear: https://rapi.tools.ops.smartbear.io/nexus/content/groups/public/org/pcap4j/pcap4j-core/1.7.2/pcap4j-core-1.7.2.pom (5.1 kB at 50 kB/s)
[INFO] Downloading from localsmartbear: https://rapi.tools.ops.smartbear.io/nexus/content/groups/public/org/pcap4j/pcap4j/1.7.2/pcap4j-1.7.2.pom
[INFO] Downloaded from localsmartbear: https://rapi.tools.ops.smartbear.io/nexus/content/groups/public/org/pcap4j/pcap4j/1.7.2/pcap4j-1.7.2.pom (14 kB at 91 kB/s)
[INFO] Downloading from localsmartbear: https://rapi.tools.ops.smartbear.io/nexus/content/groups/public/net/java/dev/jna/jna/4.2.1/jna-4.2.1.pom
[INFO] Downloaded from localsmartbear: https://rapi.tools.ops.smartbear.io/nexus/content/groups/public/net/java/dev/jna/jna/4.2.1/jna-4.2.1.pom (1.3 kB at 9.0 kB/s)
[INFO] Downloading from localsmartbear: https://rapi.tools.ops.smartbear.io/nexus/content/groups/public/org/pcap4j/pcap4j-packetfactory-static/1.7.2/pcap4j-packetfactory-static-1.7.2.pom
[INFO] Downloaded from localsmartbear: https://rapi.tools.ops.smartbear.io/nexus/content/groups/public/org/pcap4j/pcap4j-packetfactory-static/1.7.2/pcap4j-packetfactory-static-1.7.2.pom (3.9 kB at 39 kB/s)
[INFO] Downloading from localsmartbear: https://rapi.tools.ops.smartbear.io/nexus/content/groups/public/org/eclipse/jgit/org.eclipse.jgit/5.1.1.201809181055-r/org.eclipse.jgit-5.1.1.201809181055-r.pom
[INFO] Downloaded from localsmartbear: https://rapi.tools.ops.smartbear.io/nexus/content/groups/public/org/eclipse/jgit/org.eclipse.jgit/5.1.1.201809181055-r/org.eclipse.jgit-5.1.1.201809181055-r.pom (9.3 kB at 63 kB/s)
[INFO] Downloading from localsmartbear: https://rapi.tools.ops.smartbear.io/nexus/content/groups/public/org/eclipse/jgit/org.eclipse.jgit-parent/5.1.1.201809181055-r/org.eclipse.jgit-parent-5.1.1.201809181055-r.pom
[INFO] Downloaded from localsmartbear: https://rapi.tools.ops.smartbear.io/nexus/content/groups/public/org/eclipse/jgit/org.eclipse.jgit-parent/5.1.1.201809181055-r/org.eclipse.jgit-parent-5.1.1.201809181055-r.pom (32 kB at 208 kB/s)
[INFO] Downloading from localsmartbear: https://rapi.tools.ops.smartbear.io/nexus/content/groups/public/com/jcraft/jsch/0.1.54/jsch-0.1.54.pom
[INFO] Downloaded from localsmartbear: https://rapi.tools.ops.smartbear.io/nexus/content/groups/public/com/jcraft/jsch/0.1.54/jsch-0.1.54.pom (3.2 kB at 23 kB/s)
[INFO] Downloading from localsmartbear: https://rapi.tools.ops.smartbear.io/nexus/content/groups/public/org/sonatype/oss/oss-parent/6/oss-parent-6.pom
[INFO] Downloaded from localsmartbear: https://rapi.tools.ops.smartbear.io/nexus/content/groups/public/org/sonatype/oss/oss-parent/6/oss-parent-6.pom (4.8 kB at 85 kB/s)
[INFO] Downloading from localsmartbear: https://rapi.tools.ops.smartbear.io/nexus/content/groups/public/com/jcraft/jzlib/1.1.1/jzlib-1.1.1.pom
[INFO] Downloaded from localsmartbear: https://rapi.tools.ops.smartbear.io/nexus/content/groups/public/com/jcraft/jzlib/1.1.1/jzlib-1.1.1.pom (3.1 kB at 21 kB/s)
[INFO] Downloading from localsmartbear: https://rapi.tools.ops.smartbear.io/nexus/content/groups/public/com/googlecode/javaewah/JavaEWAH/1.1.6/JavaEWAH-1.1.6.pom
[INFO] Downloaded from localsmartbear: https://rapi.tools.ops.smartbear.io/nexus/content/groups/public/com/googlecode/javaewah/JavaEWAH/1.1.6/JavaEWAH-1.1.6.pom (6.0 kB at 56 kB/s)
[INFO] Downloading from localsmartbear: https://rapi.tools.ops.smartbear.io/nexus/content/groups/public/io/confluent/kafka-avro-serializer/6.1.0/kafka-avro-serializer-6.1.0.pom
[INFO] Downloaded from localsmartbear: https://rapi.tools.ops.smartbear.io/nexus/content/groups/public/io/confluent/kafka-avro-serializer/6.1.0/kafka-avro-serializer-6.1.0.pom (3.3 kB at 57 kB/s)
[INFO] Downloading from localsmartbear: https://rapi.tools.ops.smartbear.io/nexus/content/groups/public/io/confluent/kafka-schema-registry-parent/6.1.0/kafka-schema-registry-parent-6.1.0.pom
[INFO] Downloaded from localsmartbear: https://rapi.tools.ops.smartbear.io/nexus/content/groups/public/io/confluent/kafka-schema-registry-parent/6.1.0/kafka-schema-registry-parent-6.1.0.pom (18 kB at 296 kB/s)
[INFO] Downloading from localsmartbear: https://rapi.tools.ops.smartbear.io/nexus/content/groups/public/io/confluent/rest-utils-parent/6.1.0/rest-utils-parent-6.1.0.pom
[INFO] Downloaded from localsmartbear: https://rapi.tools.ops.smartbear.io/nexus/content/groups/public/io/confluent/rest-utils-parent/6.1.0/rest-utils-parent-6.1.0.pom (8.4 kB at 141 kB/s)
[INFO] Downloading from localsmartbear: https://rapi.tools.ops.smartbear.io/nexus/content/groups/public/io/confluent/common/6.1.0/common-6.1.0.pom
[INFO] Downloaded from localsmartbear: https://rapi.tools.ops.smartbear.io/nexus/content/groups/public/io/confluent/common/6.1.0/common-6.1.0.pom (1.4 kB at 26 kB/s)
[INFO] Downloading from localsmartbear: https://rapi.tools.ops.smartbear.io/nexus/content/groups/public/io/confluent/common-parent/6.1.0/common-parent-6.1.0.pom
[INFO] Downloaded from localsmartbear: https://rapi.tools.ops.smartbear.io/nexus/content/groups/public/io/confluent/common-parent/6.1.0/common-parent-6.1.0.pom (60 kB at 884 kB/s)
[INFO] Downloading from localsmartbear: https://rapi.tools.ops.smartbear.io/nexus/content/groups/public/org/glassfish/jersey/jersey-bom/2.31/jersey-bom-2.31.pom
[INFO] Downloaded from localsmartbear: https://rapi.tools.ops.smartbear.io/nexus/content/groups/public/org/glassfish/jersey/jersey-bom/2.31/jersey-bom-2.31.pom (19 kB at 181 kB/s)
[INFO] Downloading from localsmartbear: https://rapi.tools.ops.smartbear.io/nexus/content/groups/public/com/fasterxml/jackson/jackson-bom/2.10.5.20201202/jackson-bom-2.10.5.20201202.pom
[INFO] Downloaded from localsmartbear: https://rapi.tools.ops.smartbear.io/nexus/content/groups/public/com/fasterxml/jackson/jackson-bom/2.10.5.20201202/jackson-bom-2.10.5.20201202.pom (13 kB at 124 kB/s)
[INFO] Downloading from localsmartbear: https://rapi.tools.ops.smartbear.io/nexus/content/groups/public/org/apache/avro/avro/1.9.2/avro-1.9.2.pom
[INFO] Downloaded from localsmartbear: https://rapi.tools.ops.smartbear.io/nexus/content/groups/public/org/apache/avro/avro/1.9.2/avro-1.9.2.pom (8.2 kB at 83 kB/s)
[INFO] Downloading from localsmartbear: https://rapi.tools.ops.smartbear.io/nexus/content/groups/public/org/apache/avro/avro-parent/1.9.2/avro-parent-1.9.2.pom
[INFO] Downloaded from localsmartbear: https://rapi.tools.ops.smartbear.io/nexus/content/groups/public/org/apache/avro/avro-parent/1.9.2/avro-parent-1.9.2.pom (24 kB at 168 kB/s)
[INFO] Downloading from localsmartbear: https://rapi.tools.ops.smartbear.io/nexus/content/groups/public/org/apache/avro/avro-toplevel/1.9.2/avro-toplevel-1.9.2.pom
[INFO] Downloaded from localsmartbear: https://rapi.tools.ops.smartbear.io/nexus/content/groups/public/org/apache/avro/avro-toplevel/1.9.2/avro-toplevel-1.9.2.pom (22 kB at 155 kB/s)
[INFO] Downloading from localsmartbear: https://rapi.tools.ops.smartbear.io/nexus/content/groups/public/org/apache/apache/22/apache-22.pom
[INFO] Downloaded from localsmartbear: https://rapi.tools.ops.smartbear.io/nexus/content/groups/public/org/apache/apache/22/apache-22.pom (18 kB at 177 kB/s)
[INFO] Downloading from localsmartbear: https://rapi.tools.ops.smartbear.io/nexus/content/groups/public/io/confluent/kafka-schema-serializer/6.1.0/kafka-schema-serializer-6.1.0.pom
[INFO] Downloaded from localsmartbear: https://rapi.tools.ops.smartbear.io/nexus/content/groups/public/io/confluent/kafka-schema-serializer/6.1.0/kafka-schema-serializer-6.1.0.pom (1.4 kB at 25 kB/s)
[INFO] Downloading from localsmartbear: https://rapi.tools.ops.smartbear.io/nexus/content/groups/public/io/confluent/kafka-schema-registry-client/6.1.0/kafka-schema-registry-client-6.1.0.pom
[INFO] Downloaded from localsmartbear: https://rapi.tools.ops.smartbear.io/nexus/content/groups/public/io/confluent/kafka-schema-registry-client/6.1.0/kafka-schema-registry-client-6.1.0.pom (2.6 kB at 46 kB/s)
[INFO] Downloading from localsmartbear: https://rapi.tools.ops.smartbear.io/nexus/content/groups/public/org/apache/kafka/kafka-clients/6.1.0-ccs/kafka-clients-6.1.0-ccs.pom
[INFO] Downloading from default: https://repo.maven.apache.org/maven2/org/apache/kafka/kafka-clients/6.1.0-ccs/kafka-clients-6.1.0-ccs.pom
[WARNING] The POM for org.apache.kafka:kafka-clients:jar:6.1.0-ccs is missing, no dependency information available
[INFO] Downloading from localsmartbear: https://rapi.tools.ops.smartbear.io/nexus/content/groups/public/org/glassfish/jersey/core/jersey-common/2.31/jersey-common-2.31.pom
[INFO] Downloaded from localsmartbear: https://rapi.tools.ops.smartbear.io/nexus/content/groups/public/org/glassfish/jersey/core/jersey-common/2.31/jersey-common-2.31.pom (34 kB at 157 kB/s)
[INFO] Downloading from localsmartbear: https://rapi.tools.ops.smartbear.io/nexus/content/groups/public/org/glassfish/jersey/project/2.31/project-2.31.pom
[INFO] Downloaded from localsmartbear: https://rapi.tools.ops.smartbear.io/nexus/content/groups/public/org/glassfish/jersey/project/2.31/project-2.31.pom (98 kB at 1.1 MB/s)
[INFO] Downloading from localsmartbear: https://rapi.tools.ops.smartbear.io/nexus/content/groups/public/com/sun/activation/jakarta.activation/1.2.2/jakarta.activation-1.2.2.pom
[INFO] Downloaded from localsmartbear: https://rapi.tools.ops.smartbear.io/nexus/content/groups/public/com/sun/activation/jakarta.activation/1.2.2/jakarta.activation-1.2.2.pom (4.6 kB at 78 kB/s)
[INFO] Downloading from localsmartbear: https://rapi.tools.ops.smartbear.io/nexus/content/groups/public/io/confluent/common-utils/6.1.0/common-utils-6.1.0.pom
[INFO] Downloaded from localsmartbear: https://rapi.tools.ops.smartbear.io/nexus/content/groups/public/io/confluent/common-utils/6.1.0/common-utils-6.1.0.pom (1.4 kB at 22 kB/s)
[INFO] Downloading from localsmartbear: https://rapi.tools.ops.smartbear.io/nexus/content/groups/public/com/smartbear/ready-api-runners/3.7.0/ready-api-runners-3.7.0.pom
[INFO] Downloaded from localsmartbear: https://rapi.tools.ops.smartbear.io/nexus/content/groups/public/com/smartbear/ready-api-runners/3.7.0/ready-api-runners-3.7.0.pom (5.6 kB at 103 kB/s)
[INFO] Downloading from localsmartbear: https://rapi.tools.ops.smartbear.io/nexus/content/groups/public/com/smartbear/common-ui/3.7.0/common-ui-3.7.0.pom
[INFO] Downloaded from localsmartbear: https://rapi.tools.ops.smartbear.io/nexus/content/groups/public/com/smartbear/common-ui/3.7.0/common-ui-3.7.0.pom (1.4 kB at 25 kB/s)
[INFO] Downloading from localsmartbear: https://rapi.tools.ops.smartbear.io/nexus/content/groups/public/com/smartbear/ready-api-projects/3.7.0/ready-api-projects-3.7.0.pom
[INFO] Downloaded from localsmartbear: https://rapi.tools.ops.smartbear.io/nexus/content/groups/public/com/smartbear/ready-api-projects/3.7.0/ready-api-projects-3.7.0.pom (4.0 kB at 66 kB/s)
[INFO] Downloading from localsmartbear: https://rapi.tools.ops.smartbear.io/nexus/content/groups/public/activeQueryBuilder/activeQueryBuilder/activeQueryBuilder/activeQueryBuilder-activeQueryBuilder.pom
[INFO] Downloaded from localsmartbear: https://rapi.tools.ops.smartbear.io/nexus/content/groups/public/activeQueryBuilder/activeQueryBuilder/activeQueryBuilder/activeQueryBuilder-activeQueryBuilder.pom (485 B at 9.3 kB/s)
[INFO] Downloading from localsmartbear: https://rapi.tools.ops.smartbear.io/nexus/content/groups/public/com/smartbear/ready-api-service-v/3.7.0/ready-api-service-v-3.7.0.pom
[INFO] Downloaded from localsmartbear: https://rapi.tools.ops.smartbear.io/nexus/content/groups/public/com/smartbear/ready-api-service-v/3.7.0/ready-api-service-v-3.7.0.pom (8.2 kB at 158 kB/s)
[INFO] Downloading from localsmartbear: https://rapi.tools.ops.smartbear.io/nexus/content/groups/public/com/smartbear/ready-api-service-v-core/3.7.0/ready-api-service-v-core-3.7.0.pom
[INFO] Downloaded from localsmartbear: https://rapi.tools.ops.smartbear.io/nexus/content/groups/public/com/smartbear/ready-api-service-v-core/3.7.0/ready-api-service-v-core-3.7.0.pom (5.5 kB at 93 kB/s)
[INFO] Downloading from localsmartbear: https://rapi.tools.ops.smartbear.io/nexus/content/groups/public/com/smartbear/ready-api-jdbc-virts/3.7.0/ready-api-jdbc-virts-3.7.0.pom
[INFO] Downloaded from localsmartbear: https://rapi.tools.ops.smartbear.io/nexus/content/groups/public/com/smartbear/ready-api-jdbc-virts/3.7.0/ready-api-jdbc-virts-3.7.0.pom (2.3 kB at 42 kB/s)
[INFO] Downloading from localsmartbear: https://rapi.tools.ops.smartbear.io/nexus/content/groups/public/org/apache/mina/mina-core/2.0.9/mina-core-2.0.9.pom
[INFO] Downloaded from localsmartbear: https://rapi.tools.ops.smartbear.io/nexus/content/groups/public/org/apache/mina/mina-core/2.0.9/mina-core-2.0.9.pom (6.3 kB at 46 kB/s)
[INFO] Downloading from localsmartbear: https://rapi.tools.ops.smartbear.io/nexus/content/groups/public/org/apache/mina/mina-parent/2.0.9/mina-parent-2.0.9.pom
[INFO] Downloaded from localsmartbear: https://rapi.tools.ops.smartbear.io/nexus/content/groups/public/org/apache/mina/mina-parent/2.0.9/mina-parent-2.0.9.pom (34 kB at 324 kB/s)
[INFO] Downloading from localsmartbear: https://rapi.tools.ops.smartbear.io/nexus/content/groups/public/org/exbin/deltahex/deltahex-swing/0.1.2/deltahex-swing-0.1.2.pom
[INFO] Downloaded from localsmartbear: https://rapi.tools.ops.smartbear.io/nexus/content/groups/public/org/exbin/deltahex/deltahex-swing/0.1.2/deltahex-swing-0.1.2.pom (2.0 kB at 20 kB/s)
[INFO] Downloading from localsmartbear: https://rapi.tools.ops.smartbear.io/nexus/content/groups/public/org/exbin/deltahex/deltahex-core/0.1.2/deltahex-core-0.1.2.pom
[INFO] Downloaded from localsmartbear: https://rapi.tools.ops.smartbear.io/nexus/content/groups/public/org/exbin/deltahex/deltahex-core/0.1.2/deltahex-core-0.1.2.pom (1.6 kB at 11 kB/s)
[INFO] Downloading from localsmartbear: https://rapi.tools.ops.smartbear.io/nexus/content/groups/public/org/exbin/utils/exbin-binary_data/0.1.2/exbin-binary_data-0.1.2.pom
[INFO] Downloaded from localsmartbear: https://rapi.tools.ops.smartbear.io/nexus/content/groups/public/org/exbin/utils/exbin-binary_data/0.1.2/exbin-binary_data-0.1.2.pom (1.4 kB at 9.2 kB/s)
[INFO] Downloading from localsmartbear: https://rapi.tools.ops.smartbear.io/nexus/content/groups/public/org/exbin/deltahex/deltahex-operation-swing/0.1.2/deltahex-operation-swing-0.1.2.pom
[INFO] Downloaded from localsmartbear: https://rapi.tools.ops.smartbear.io/nexus/content/groups/public/org/exbin/deltahex/deltahex-operation-swing/0.1.2/deltahex-operation-swing-0.1.2.pom (2.0 kB at 20 kB/s)
[INFO] Downloading from localsmartbear: https://rapi.tools.ops.smartbear.io/nexus/content/groups/public/org/exbin/deltahex/deltahex-operation/0.1.2/deltahex-operation-0.1.2.pom
[INFO] Downloaded from localsmartbear: https://rapi.tools.ops.smartbear.io/nexus/content/groups/public/org/exbin/deltahex/deltahex-operation/0.1.2/deltahex-operation-0.1.2.pom (1.6 kB at 12 kB/s)
[INFO] Downloading from localsmartbear: https://rapi.tools.ops.smartbear.io/nexus/content/groups/public/org/glassfish/jersey/core/jersey-client/2.30.1/jersey-client-2.30.1.pom
[INFO] Downloaded from localsmartbear: https://rapi.tools.ops.smartbear.io/nexus/content/groups/public/org/glassfish/jersey/core/jersey-client/2.30.1/jersey-client-2.30.1.pom (6.5 kB at 125 kB/s)
[INFO] Downloading from localsmartbear: https://rapi.tools.ops.smartbear.io/nexus/content/groups/public/org/glassfish/jersey/project/2.30.1/project-2.30.1.pom
[INFO] Downloaded from localsmartbear: https://rapi.tools.ops.smartbear.io/nexus/content/groups/public/org/glassfish/jersey/project/2.30.1/project-2.30.1.pom (98 kB at 1.2 MB/s)
[INFO] Downloading from localsmartbear: https://rapi.tools.ops.smartbear.io/nexus/content/groups/public/org/glassfish/jersey/core/jersey-common/2.30.1/jersey-common-2.30.1.pom
[INFO] Downloaded from localsmartbear: https://rapi.tools.ops.smartbear.io/nexus/content/groups/public/org/glassfish/jersey/core/jersey-common/2.30.1/jersey-common-2.30.1.pom (34 kB at 321 kB/s)
[INFO] Downloading from localsmartbear: https://rapi.tools.ops.smartbear.io/nexus/content/groups/public/org/glassfish/jersey/media/jersey-media-json-jackson/2.30.1/jersey-media-json-jackson-2.30.1.pom
[INFO] Downloaded from localsmartbear: https://rapi.tools.ops.smartbear.io/nexus/content/groups/public/org/glassfish/jersey/media/jersey-media-json-jackson/2.30.1/jersey-media-json-jackson-2.30.1.pom (5.1 kB at 52 kB/s)
[INFO] Downloading from localsmartbear: https://rapi.tools.ops.smartbear.io/nexus/content/groups/public/org/glassfish/jersey/media/project/2.30.1/project-2.30.1.pom
[INFO] Downloaded from localsmartbear: https://rapi.tools.ops.smartbear.io/nexus/content/groups/public/org/glassfish/jersey/media/project/2.30.1/project-2.30.1.pom (2.0 kB at 37 kB/s)
[INFO] Downloading from localsmartbear: https://rapi.tools.ops.smartbear.io/nexus/content/groups/public/org/glassfish/jersey/ext/jersey-entity-filtering/2.30.1/jersey-entity-filtering-2.30.1.pom
[INFO] Downloaded from localsmartbear: https://rapi.tools.ops.smartbear.io/nexus/content/groups/public/org/glassfish/jersey/ext/jersey-entity-filtering/2.30.1/jersey-entity-filtering-2.30.1.pom (3.3 kB at 23 kB/s)
[INFO] Downloading from localsmartbear: https://rapi.tools.ops.smartbear.io/nexus/content/groups/public/org/glassfish/jersey/ext/project/2.30.1/project-2.30.1.pom
[INFO] Downloaded from localsmartbear: https://rapi.tools.ops.smartbear.io/nexus/content/groups/public/org/glassfish/jersey/ext/project/2.30.1/project-2.30.1.pom (2.8 kB at 51 kB/s)
[INFO] Downloading from localsmartbear: https://rapi.tools.ops.smartbear.io/nexus/content/groups/public/com/fasterxml/jackson/datatype/jackson-datatype-jsr310/2.11.3/jackson-datatype-jsr310-2.11.3.pom
[INFO] Downloaded from localsmartbear: https://rapi.tools.ops.smartbear.io/nexus/content/groups/public/com/fasterxml/jackson/datatype/jackson-datatype-jsr310/2.11.3/jackson-datatype-jsr310-2.11.3.pom (4.5 kB at 45 kB/s)
[INFO] Downloading from localsmartbear: https://rapi.tools.ops.smartbear.io/nexus/content/groups/public/com/fasterxml/jackson/module/jackson-modules-java8/2.11.3/jackson-modules-java8-2.11.3.pom
[INFO] Downloaded from localsmartbear: https://rapi.tools.ops.smartbear.io/nexus/content/groups/public/com/fasterxml/jackson/module/jackson-modules-java8/2.11.3/jackson-modules-java8-2.11.3.pom (3.2 kB at 22 kB/s)
[INFO] Downloading from localsmartbear: https://rapi.tools.ops.smartbear.io/nexus/content/groups/public/org/codehaus/jackson/jackson-mapper-asl/1.9.13/jackson-mapper-asl-1.9.13.pom
[INFO] Downloaded from localsmartbear: https://rapi.tools.ops.smartbear.io/nexus/content/groups/public/org/codehaus/jackson/jackson-mapper-asl/1.9.13/jackson-mapper-asl-1.9.13.pom (1.5 kB at 15 kB/s)
[INFO] Downloading from localsmartbear: https://rapi.tools.ops.smartbear.io/nexus/content/groups/public/org/codehaus/jackson/jackson-core-asl/1.9.13/jackson-core-asl-1.9.13.pom
[INFO] Downloaded from localsmartbear: https://rapi.tools.ops.smartbear.io/nexus/content/groups/public/org/codehaus/jackson/jackson-core-asl/1.9.13/jackson-core-asl-1.9.13.pom (1.3 kB at 14 kB/s)
[INFO] Downloading from localsmartbear: https://rapi.tools.ops.smartbear.io/nexus/content/groups/public/com/smartbear/loadui-cmd-base/3.7.0/loadui-cmd-base-3.7.0.pom
[INFO] Downloaded from localsmartbear: https://rapi.tools.ops.smartbear.io/nexus/content/groups/public/com/smartbear/loadui-cmd-base/3.7.0/loadui-cmd-base-3.7.0.pom (4.7 kB at 86 kB/s)
[INFO] Downloading from localsmartbear: https://rapi.tools.ops.smartbear.io/nexus/content/groups/public/com/smartbear/ready-api-load/3.7.0/ready-api-load-3.7.0.pom
[INFO] Downloaded from localsmartbear: https://rapi.tools.ops.smartbear.io/nexus/content/groups/public/com/smartbear/ready-api-load/3.7.0/ready-api-load-3.7.0.pom (2.0 kB at 31 kB/s)
[INFO] Downloading from localsmartbear: https://rapi.tools.ops.smartbear.io/nexus/content/groups/public/com/smartbear/loadui-api/3.7.0/loadui-api-3.7.0.pom
[INFO] Downloaded from localsmartbear: https://rapi.tools.ops.smartbear.io/nexus/content/groups/public/com/smartbear/loadui-api/3.7.0/loadui-api-3.7.0.pom (1.0 kB at 16 kB/s)
[INFO] Downloading from localsmartbear: https://rapi.tools.ops.smartbear.io/nexus/content/groups/public/com/smartbear/loadui-base/3.7.0/loadui-base-3.7.0.pom
[INFO] Downloaded from localsmartbear: https://rapi.tools.ops.smartbear.io/nexus/content/groups/public/com/smartbear/loadui-base/3.7.0/loadui-base-3.7.0.pom (2.8 kB at 50 kB/s)
[INFO] Downloading from localsmartbear: https://rapi.tools.ops.smartbear.io/nexus/content/groups/public/com/smartbear/loadui-utils/3.7.0/loadui-utils-3.7.0.pom
[INFO] Downloaded from localsmartbear: https://rapi.tools.ops.smartbear.io/nexus/content/groups/public/com/smartbear/loadui-utils/3.7.0/loadui-utils-3.7.0.pom (5.0 kB at 87 kB/s)
[INFO] Downloading from localsmartbear: https://rapi.tools.ops.smartbear.io/nexus/content/groups/public/commons-math/commons-math/1.2/commons-math-1.2.pom
[INFO] Downloaded from localsmartbear: https://rapi.tools.ops.smartbear.io/nexus/content/groups/public/commons-math/commons-math/1.2/commons-math-1.2.pom (13 kB at 130 kB/s)
[INFO] Downloading from localsmartbear: https://rapi.tools.ops.smartbear.io/nexus/content/groups/public/org/apache/commons/commons-parent/7/commons-parent-7.pom
[INFO] Downloaded from localsmartbear: https://rapi.tools.ops.smartbear.io/nexus/content/groups/public/org/apache/commons/commons-parent/7/commons-parent-7.pom (17 kB at 257 kB/s)
[INFO] Downloading from localsmartbear: https://rapi.tools.ops.smartbear.io/nexus/content/groups/public/org/jsoup/jsoup/1.6.1/jsoup-1.6.1.pom
[INFO] Downloaded from localsmartbear: https://rapi.tools.ops.smartbear.io/nexus/content/groups/public/org/jsoup/jsoup/1.6.1/jsoup-1.6.1.pom (5.1 kB at 35 kB/s)
[INFO] Downloading from localsmartbear: https://rapi.tools.ops.smartbear.io/nexus/content/groups/public/com/amazonaws/aws-java-sdk-core/1.11.136/aws-java-sdk-core-1.11.136.pom
[INFO] Downloaded from localsmartbear: https://rapi.tools.ops.smartbear.io/nexus/content/groups/public/com/amazonaws/aws-java-sdk-core/1.11.136/aws-java-sdk-core-1.11.136.pom (4.3 kB at 30 kB/s)
[INFO] Downloading from localsmartbear: https://rapi.tools.ops.smartbear.io/nexus/content/groups/public/com/amazonaws/aws-java-sdk-pom/1.11.136/aws-java-sdk-pom-1.11.136.pom
[INFO] Downloaded from localsmartbear: https://rapi.tools.ops.smartbear.io/nexus/content/groups/public/com/amazonaws/aws-java-sdk-pom/1.11.136/aws-java-sdk-pom-1.11.136.pom (11 kB at 182 kB/s)
[INFO] Downloading from localsmartbear: https://rapi.tools.ops.smartbear.io/nexus/content/groups/public/commons-logging/commons-logging/1.1.3/commons-logging-1.1.3.pom
[INFO] Downloaded from localsmartbear: https://rapi.tools.ops.smartbear.io/nexus/content/groups/public/commons-logging/commons-logging/1.1.3/commons-logging-1.1.3.pom (18 kB at 291 kB/s)
[INFO] Downloading from localsmartbear: https://rapi.tools.ops.smartbear.io/nexus/content/groups/public/org/apache/commons/commons-parent/28/commons-parent-28.pom
[INFO] Downloaded from localsmartbear: https://rapi.tools.ops.smartbear.io/nexus/content/groups/public/org/apache/commons/commons-parent/28/commons-parent-28.pom (50 kB at 796 kB/s)
[INFO] Downloading from localsmartbear: https://rapi.tools.ops.smartbear.io/nexus/content/groups/public/software/amazon/ion/ion-java/1.0.2/ion-java-1.0.2.pom
[INFO] Downloaded from localsmartbear: https://rapi.tools.ops.smartbear.io/nexus/content/groups/public/software/amazon/ion/ion-java/1.0.2/ion-java-1.0.2.pom (8.8 kB at 61 kB/s)
[INFO] Downloading from localsmartbear: https://rapi.tools.ops.smartbear.io/nexus/content/groups/public/com/fasterxml/jackson/dataformat/jackson-dataformat-cbor/2.6.6/jackson-dataformat-cbor-2.6.6.pom
[INFO] Downloaded from localsmartbear: https://rapi.tools.ops.smartbear.io/nexus/content/groups/public/com/fasterxml/jackson/dataformat/jackson-dataformat-cbor/2.6.6/jackson-dataformat-cbor-2.6.6.pom (2.9 kB at 21 kB/s)
[INFO] Downloading from localsmartbear: https://rapi.tools.ops.smartbear.io/nexus/content/groups/public/com/fasterxml/jackson/jackson-parent/2.6.2/jackson-parent-2.6.2.pom
[INFO] Downloaded from localsmartbear: https://rapi.tools.ops.smartbear.io/nexus/content/groups/public/com/fasterxml/jackson/jackson-parent/2.6.2/jackson-parent-2.6.2.pom (7.8 kB at 78 kB/s)
[INFO] Downloading from localsmartbear: https://rapi.tools.ops.smartbear.io/nexus/content/groups/public/com/fasterxml/oss-parent/24/oss-parent-24.pom
[INFO] Downloaded from localsmartbear: https://rapi.tools.ops.smartbear.io/nexus/content/groups/public/com/fasterxml/oss-parent/24/oss-parent-24.pom (19 kB at 329 kB/s)
[INFO] Downloading from localsmartbear: https://rapi.tools.ops.smartbear.io/nexus/content/groups/public/joda-time/joda-time/2.8.1/joda-time-2.8.1.pom
[INFO] Downloaded from localsmartbear: https://rapi.tools.ops.smartbear.io/nexus/content/groups/public/joda-time/joda-time/2.8.1/joda-time-2.8.1.pom (29 kB at 194 kB/s)
[INFO] Downloading from localsmartbear: https://rapi.tools.ops.smartbear.io/nexus/content/groups/public/com/amazonaws/aws-java-sdk-ec2/1.11.136/aws-java-sdk-ec2-1.11.136.pom
[INFO] Downloaded from localsmartbear: https://rapi.tools.ops.smartbear.io/nexus/content/groups/public/com/amazonaws/aws-java-sdk-ec2/1.11.136/aws-java-sdk-ec2-1.11.136.pom (3.5 kB at 64 kB/s)
[INFO] Downloading from localsmartbear: https://rapi.tools.ops.smartbear.io/nexus/content/groups/public/com/amazonaws/jmespath-java/1.11.136/jmespath-java-1.11.136.pom
[INFO] Downloaded from localsmartbear: https://rapi.tools.ops.smartbear.io/nexus/content/groups/public/com/amazonaws/jmespath-java/1.11.136/jmespath-java-1.11.136.pom (3.4 kB at 34 kB/s)
[INFO] Downloading from localsmartbear: https://rapi.tools.ops.smartbear.io/nexus/content/groups/public/jide/jide-charts/3.6.6/jide-charts-3.6.6.pom
[INFO] Downloaded from localsmartbear: https://rapi.tools.ops.smartbear.io/nexus/content/groups/public/jide/jide-charts/3.6.6/jide-charts-3.6.6.pom (451 B at 8.2 kB/s)
[INFO] Downloading from localsmartbear: https://rapi.tools.ops.smartbear.io/nexus/content/groups/public/com/smartbear/loadui-test-utils/3.7.0/loadui-test-utils-3.7.0.pom
[INFO] Downloaded from localsmartbear: https://rapi.tools.ops.smartbear.io/nexus/content/groups/public/com/smartbear/loadui-test-utils/3.7.0/loadui-test-utils-3.7.0.pom (4.5 kB at 73 kB/s)
[INFO] Downloading from localsmartbear: https://rapi.tools.ops.smartbear.io/nexus/content/groups/public/org/hamcrest/hamcrest-all/1.3/hamcrest-all-1.3.pom
[INFO] Downloaded from localsmartbear: https://rapi.tools.ops.smartbear.io/nexus/content/groups/public/org/hamcrest/hamcrest-all/1.3/hamcrest-all-1.3.pom (650 B at 11 kB/s)
[INFO] Downloading from localsmartbear: https://rapi.tools.ops.smartbear.io/nexus/content/groups/public/org/mockito/mockito-all/1.9.5/mockito-all-1.9.5.pom
[INFO] Downloaded from localsmartbear: https://rapi.tools.ops.smartbear.io/nexus/content/groups/public/org/mockito/mockito-all/1.9.5/mockito-all-1.9.5.pom (1.0 kB at 11 kB/s)
[INFO] Downloading from localsmartbear: https://rapi.tools.ops.smartbear.io/nexus/content/groups/public/org/apache/httpcomponents/httpasyncclient/4.1/httpasyncclient-4.1.pom
[INFO] Downloaded from localsmartbear: https://rapi.tools.ops.smartbear.io/nexus/content/groups/public/org/apache/httpcomponents/httpasyncclient/4.1/httpasyncclient-4.1.pom (5.3 kB at 51 kB/s)
[INFO] Downloading from localsmartbear: https://rapi.tools.ops.smartbear.io/nexus/content/groups/public/org/apache/httpcomponents/httpcomponents-asyncclient/4.1/httpcomponents-asyncclient-4.1.pom
[INFO] Downloaded from localsmartbear: https://rapi.tools.ops.smartbear.io/nexus/content/groups/public/org/apache/httpcomponents/httpcomponents-asyncclient/4.1/httpcomponents-asyncclient-4.1.pom (11 kB at 117 kB/s)
[INFO] Downloading from localsmartbear: https://rapi.tools.ops.smartbear.io/nexus/content/groups/public/org/apache/httpcomponents/httpcore-nio/4.4.1/httpcore-nio-4.4.1.pom
[INFO] Downloaded from localsmartbear: https://rapi.tools.ops.smartbear.io/nexus/content/groups/public/org/apache/httpcomponents/httpcore-nio/4.4.1/httpcore-nio-4.4.1.pom (4.9 kB at 52 kB/s)
[INFO] Downloading from localsmartbear: https://rapi.tools.ops.smartbear.io/nexus/content/groups/public/org/apache/httpcomponents/httpcomponents-core/4.4.1/httpcomponents-core-4.4.1.pom
[INFO] Downloaded from localsmartbear: https://rapi.tools.ops.smartbear.io/nexus/content/groups/public/org/apache/httpcomponents/httpcomponents-core/4.4.1/httpcomponents-core-4.4.1.pom (13 kB at 211 kB/s)
[INFO] Downloading from localsmartbear: https://rapi.tools.ops.smartbear.io/nexus/content/groups/public/org/springframework/spring-context/5.3.1/spring-context-5.3.1.pom
[INFO] Downloaded from localsmartbear: https://rapi.tools.ops.smartbear.io/nexus/content/groups/public/org/springframework/spring-context/5.3.1/spring-context-5.3.1.pom (2.6 kB at 18 kB/s)
[INFO] Downloading from localsmartbear: https://rapi.tools.ops.smartbear.io/nexus/content/groups/public/org/springframework/spring-aop/5.3.1/spring-aop-5.3.1.pom
[INFO] Downloaded from localsmartbear: https://rapi.tools.ops.smartbear.io/nexus/content/groups/public/org/springframework/spring-aop/5.3.1/spring-aop-5.3.1.pom (2.2 kB at 16 kB/s)
[INFO] Downloading from localsmartbear: https://rapi.tools.ops.smartbear.io/nexus/content/groups/public/org/springframework/spring-expression/5.3.1/spring-expression-5.3.1.pom
[INFO] Downloaded from localsmartbear: https://rapi.tools.ops.smartbear.io/nexus/content/groups/public/org/springframework/spring-expression/5.3.1/spring-expression-5.3.1.pom (2.1 kB at 14 kB/s)
[INFO] Downloading from localsmartbear: https://rapi.tools.ops.smartbear.io/nexus/content/groups/public/com/smartbear/loadui-store-h2/3.7.0/loadui-store-h2-3.7.0.pom
[INFO] Downloaded from localsmartbear: https://rapi.tools.ops.smartbear.io/nexus/content/groups/public/com/smartbear/loadui-store-h2/3.7.0/loadui-store-h2-3.7.0.pom (4.0 kB at 72 kB/s)
[INFO] Downloading from localsmartbear: https://rapi.tools.ops.smartbear.io/nexus/content/groups/public/com/smartbear/loadui-controller-base/3.7.0/loadui-controller-base-3.7.0.pom
[INFO] Downloaded from localsmartbear: https://rapi.tools.ops.smartbear.io/nexus/content/groups/public/com/smartbear/loadui-controller-base/3.7.0/loadui-controller-base-3.7.0.pom (4.1 kB at 67 kB/s)
[INFO] Downloading from localsmartbear: https://rapi.tools.ops.smartbear.io/nexus/content/groups/public/com/smartbear/loadui-reporting/3.7.0/loadui-reporting-3.7.0.pom
[INFO] Downloaded from localsmartbear: https://rapi.tools.ops.smartbear.io/nexus/content/groups/public/com/smartbear/loadui-reporting/3.7.0/loadui-reporting-3.7.0.pom (5.3 kB at 92 kB/s)
[INFO] Downloading from localsmartbear: https://rapi.tools.ops.smartbear.io/nexus/content/groups/public/org/apache/commons/commons-math3/3.2/commons-math3-3.2.pom
[INFO] Downloaded from localsmartbear: https://rapi.tools.ops.smartbear.io/nexus/content/groups/public/org/apache/commons/commons-math3/3.2/commons-math3-3.2.pom (17 kB at 168 kB/s)
[INFO] Downloading from localsmartbear: https://rapi.tools.ops.smartbear.io/nexus/content/groups/public/eclipse/jdtcore/3.2.0.v_658/jdtcore-3.2.0.v_658.pom
[INFO] Downloaded from localsmartbear: https://rapi.tools.ops.smartbear.io/nexus/content/groups/public/eclipse/jdtcore/3.2.0.v_658/jdtcore-3.2.0.v_658.pom (172 B at 3.3 kB/s)
[INFO] Downloading from localsmartbear: https://rapi.tools.ops.smartbear.io/nexus/content/groups/public/net/sourceforge/jexcelapi/jxl/2.6.12/jxl-2.6.12.pom
[INFO] Downloaded from localsmartbear: https://rapi.tools.ops.smartbear.io/nexus/content/groups/public/net/sourceforge/jexcelapi/jxl/2.6.12/jxl-2.6.12.pom (1.6 kB at 29 kB/s)
[INFO] Downloading from localsmartbear: https://rapi.tools.ops.smartbear.io/nexus/content/groups/public/com/smartbear/loadui-pro-agent-base/3.7.0/loadui-pro-agent-base-3.7.0.pom
[INFO] Downloaded from localsmartbear: https://rapi.tools.ops.smartbear.io/nexus/content/groups/public/com/smartbear/loadui-pro-agent-base/3.7.0/loadui-pro-agent-base-3.7.0.pom (3.4 kB at 58 kB/s)
[INFO] Downloading from localsmartbear: https://rapi.tools.ops.smartbear.io/nexus/content/groups/public/com/smartbear/loadui-pro-socket-client/3.7.0/loadui-pro-socket-client-3.7.0.pom
[INFO] Downloaded from localsmartbear: https://rapi.tools.ops.smartbear.io/nexus/content/groups/public/com/smartbear/loadui-pro-socket-client/3.7.0/loadui-pro-socket-client-3.7.0.pom (3.9 kB at 69 kB/s)
[INFO] Downloading from localsmartbear: https://rapi.tools.ops.smartbear.io/nexus/content/groups/public/com/smartbear/loadui-soapui-runner/3.7.0/loadui-soapui-runner-3.7.0.pom
[INFO] Downloaded from localsmartbear: https://rapi.tools.ops.smartbear.io/nexus/content/groups/public/com/smartbear/loadui-soapui-runner/3.7.0/loadui-soapui-runner-3.7.0.pom (4.9 kB at 89 kB/s)
[INFO] Downloading from localsmartbear: https://rapi.tools.ops.smartbear.io/nexus/content/groups/public/com/smartbear/loadui-component/3.7.0/loadui-component-3.7.0.pom
[INFO] Downloaded from localsmartbear: https://rapi.tools.ops.smartbear.io/nexus/content/groups/public/com/smartbear/loadui-component/3.7.0/loadui-component-3.7.0.pom (5.2 kB at 89 kB/s)
[INFO] Downloading from localsmartbear: https://rapi.tools.ops.smartbear.io/nexus/content/groups/public/com/smartbear/loadui-pro-base/3.7.0/loadui-pro-base-3.7.0.pom
[INFO] Downloaded from localsmartbear: https://rapi.tools.ops.smartbear.io/nexus/content/groups/public/com/smartbear/loadui-pro-base/3.7.0/loadui-pro-base-3.7.0.pom (3.8 kB at 67 kB/s)
[INFO] Downloading from localsmartbear: https://rapi.tools.ops.smartbear.io/nexus/content/groups/public/org/snmp4j/snmp4j-agent/1.3.1/snmp4j-agent-1.3.1.pom
[INFO] Downloaded from localsmartbear: https://rapi.tools.ops.smartbear.io/nexus/content/groups/public/org/snmp4j/snmp4j-agent/1.3.1/snmp4j-agent-1.3.1.pom (741 B at 7.8 kB/s)
[INFO] Downloading from localsmartbear: https://rapi.tools.ops.smartbear.io/nexus/content/groups/public/org/snmp4j/snmp4j/1.10.1/snmp4j-1.10.1.pom
[INFO] Downloaded from localsmartbear: https://rapi.tools.ops.smartbear.io/nexus/content/groups/public/org/snmp4j/snmp4j/1.10.1/snmp4j-1.10.1.pom (723 B at 13 kB/s)
[INFO] Downloading from localsmartbear: https://rapi.tools.ops.smartbear.io/nexus/content/groups/public/org/mongodb/mongo-java-driver/3.4.2/mongo-java-driver-3.4.2.pom
[INFO] Downloaded from localsmartbear: https://rapi.tools.ops.smartbear.io/nexus/content/groups/public/org/mongodb/mongo-java-driver/3.4.2/mongo-java-driver-3.4.2.pom (2.1 kB at 14 kB/s)
[INFO] Downloading from localsmartbear: https://rapi.tools.ops.smartbear.io/nexus/content/groups/public/com/smartbear/ready-api-testserver-api/3.7.0/ready-api-testserver-api-3.7.0.pom
[INFO] Downloaded from localsmartbear: https://rapi.tools.ops.smartbear.io/nexus/content/groups/public/com/smartbear/ready-api-testserver-api/3.7.0/ready-api-testserver-api-3.7.0.pom (3.7 kB at 65 kB/s)
[INFO] Downloading from localsmartbear: https://rapi.tools.ops.smartbear.io/nexus/content/groups/public/org/apache/maven/maven-plugin-api/2.0/maven-plugin-api-2.0.pom
[INFO] Downloaded from localsmartbear: https://rapi.tools.ops.smartbear.io/nexus/content/groups/public/org/apache/maven/maven-plugin-api/2.0/maven-plugin-api-2.0.pom (601 B at 11 kB/s)
[INFO] Downloading from localsmartbear: https://rapi.tools.ops.smartbear.io/nexus/content/groups/public/org/apache/maven/maven/2.0/maven-2.0.pom
[INFO] Downloaded from localsmartbear: https://rapi.tools.ops.smartbear.io/nexus/content/groups/public/org/apache/maven/maven/2.0/maven-2.0.pom (8.8 kB at 139 kB/s)
[INFO] Downloading from localsmartbear: https://rapi.tools.ops.smartbear.io/nexus/content/groups/public/com/smartbear/ready-api-soapui-pro/3.7.0/ready-api-soapui-pro-3.7.0.jar
[INFO] Downloading from localsmartbear: https://rapi.tools.ops.smartbear.io/nexus/content/groups/public/com/google/code/gson/gson/2.3.1/gson-2.3.1.jar
[INFO] Downloading from localsmartbear: https://rapi.tools.ops.smartbear.io/nexus/content/groups/public/com/smartbear/ready-api-db/3.7.0/ready-api-db-3.7.0.jar
[INFO] Downloading from localsmartbear: https://rapi.tools.ops.smartbear.io/nexus/content/groups/public/org/eclipse/mylyn/github/org.eclipse.egit.github.core/2.1.5/org.eclipse.egit.github.core-2.1.5.jar
[INFO] Downloading from localsmartbear: https://rapi.tools.ops.smartbear.io/nexus/content/groups/public/org/apache/logging/log4j/log4j-api/2.11.0/log4j-api-2.11.0.jar
[INFO] Downloaded from localsmartbear: https://rapi.tools.ops.smartbear.io/nexus/content/groups/public/com/smartbear/ready-api-db/3.7.0/ready-api-db-3.7.0.jar (292 kB at 722 kB/s)
[INFO] Downloading from localsmartbear: https://rapi.tools.ops.smartbear.io/nexus/content/groups/public/org/springframework/spring-jdbc/5.3.1/spring-jdbc-5.3.1.jar
[INFO] Downloaded from localsmartbear: https://rapi.tools.ops.smartbear.io/nexus/content/groups/public/org/eclipse/mylyn/github/org.eclipse.egit.github.core/2.1.5/org.eclipse.egit.github.core-2.1.5.jar (204 kB at 419 kB/s)
[INFO] Downloading from localsmartbear: https://rapi.tools.ops.smartbear.io/nexus/content/groups/public/org/springframework/spring-beans/5.3.1/spring-beans-5.3.1.jar
[INFO] Downloaded from localsmartbear: https://rapi.tools.ops.smartbear.io/nexus/content/groups/public/org/apache/logging/log4j/log4j-api/2.11.0/log4j-api-2.11.0.jar (263 kB at 509 kB/s)
[INFO] Downloading from localsmartbear: https://rapi.tools.ops.smartbear.io/nexus/content/groups/public/org/springframework/spring-core/5.3.1/spring-core-5.3.1.jar
[INFO] Downloaded from localsmartbear: https://rapi.tools.ops.smartbear.io/nexus/content/groups/public/com/google/code/gson/gson/2.3.1/gson-2.3.1.jar (211 kB at 404 kB/s)
[INFO] Downloading from localsmartbear: https://rapi.tools.ops.smartbear.io/nexus/content/groups/public/org/springframework/spring-jcl/5.3.1/spring-jcl-5.3.1.jar
[INFO] Downloaded from localsmartbear: https://rapi.tools.ops.smartbear.io/nexus/content/groups/public/org/springframework/spring-jcl/5.3.1/spring-jcl-5.3.1.jar (24 kB at 30 kB/s)
[INFO] Downloading from localsmartbear: https://rapi.tools.ops.smartbear.io/nexus/content/groups/public/org/springframework/spring-tx/5.3.1/spring-tx-5.3.1.jar
[INFO] Downloaded from localsmartbear: https://rapi.tools.ops.smartbear.io/nexus/content/groups/public/org/springframework/spring-jdbc/5.3.1/spring-jdbc-5.3.1.jar (417 kB at 520 kB/s)
[INFO] Downloading from localsmartbear: https://rapi.tools.ops.smartbear.io/nexus/content/groups/public/com/h2database/h2/1.4.200/h2-1.4.200.jar
[INFO] Downloaded from localsmartbear: https://rapi.tools.ops.smartbear.io/nexus/content/groups/public/org/springframework/spring-beans/5.3.1/spring-beans-5.3.1.jar (696 kB at 670 kB/s)
[INFO] Downloading from localsmartbear: https://rapi.tools.ops.smartbear.io/nexus/content/groups/public/org/liquibase/liquibase-core/3.6.2/liquibase-core-3.6.2.jar
[INFO] Downloaded from localsmartbear: https://rapi.tools.ops.smartbear.io/nexus/content/groups/public/org/springframework/spring-tx/5.3.1/spring-tx-5.3.1.jar (328 kB at 270 kB/s)
[INFO] Downloading from localsmartbear: https://rapi.tools.ops.smartbear.io/nexus/content/groups/public/com/mattbertolini/liquibase-slf4j/2.0.0/liquibase-slf4j-2.0.0.jar
[INFO] Downloaded from localsmartbear: https://rapi.tools.ops.smartbear.io/nexus/content/groups/public/com/mattbertolini/liquibase-slf4j/2.0.0/liquibase-slf4j-2.0.0.jar (1.9 kB at 1.3 kB/s)
[INFO] Downloading from localsmartbear: https://rapi.tools.ops.smartbear.io/nexus/content/groups/public/com/smartbear/ready-api-license/3.7.0/ready-api-license-3.7.0.jar
[INFO] Downloaded from localsmartbear: https://rapi.tools.ops.smartbear.io/nexus/content/groups/public/org/springframework/spring-core/5.3.1/spring-core-5.3.1.jar (1.5 MB at 972 kB/s)
[INFO] Downloading from localsmartbear: https://rapi.tools.ops.smartbear.io/nexus/content/groups/public/com/smartbear/jxbrowser-license/1.0.0/jxbrowser-license-1.0.0.jar
[INFO] Downloaded from localsmartbear: https://rapi.tools.ops.smartbear.io/nexus/content/groups/public/com/smartbear/jxbrowser-license/1.0.0/jxbrowser-license-1.0.0.jar (563 B at 332 B/s)
[INFO] Downloading from localsmartbear: https://rapi.tools.ops.smartbear.io/nexus/content/groups/public/com/teamdev/jxbrowser/jxbrowser-win32/7.12/jxbrowser-win32-7.12.jar
[INFO] Downloading from localsmartbear: https://rapi.tools.ops.smartbear.io/nexus/content/groups/public/org/apache/axis/axis/1.4/axis-1.4.jar
[INFO] Downloaded from localsmartbear: https://rapi.tools.ops.smartbear.io/nexus/content/groups/public/com/smartbear/ready-api-license/3.7.0/ready-api-license-3.7.0.jar (795 kB at 413 kB/s)
[INFO] Downloading from localsmartbear: https://rapi.tools.ops.smartbear.io/nexus/content/groups/public/org/apache/axis/axis-ant/1.4/axis-ant-1.4.jar
[INFO] Downloaded from localsmartbear: https://rapi.tools.ops.smartbear.io/nexus/content/groups/public/com/h2database/h2/1.4.200/h2-1.4.200.jar (2.3 MB at 1.1 MB/s)
[INFO] Downloading from localsmartbear: https://rapi.tools.ops.smartbear.io/nexus/content/groups/public/protection/jaxrpc/protection-jdk12/jaxrpc-protection-jdk12.jar
[INFO] Downloaded from localsmartbear: https://rapi.tools.ops.smartbear.io/nexus/content/groups/public/org/apache/axis/axis-ant/1.4/axis-ant-1.4.jar (33 kB at 16 kB/s)
[INFO] Downloading from localsmartbear: https://rapi.tools.ops.smartbear.io/nexus/content/groups/public/protection/jhall/protection/jhall-protection.jar
[INFO] Downloaded from localsmartbear: https://rapi.tools.ops.smartbear.io/nexus/content/groups/public/protection/jaxrpc/protection-jdk12/jaxrpc-protection-jdk12.jar (30 kB at 13 kB/s)
[INFO] Downloading from localsmartbear: https://rapi.tools.ops.smartbear.io/nexus/content/groups/public/protection/jug/protection/jug-protection.jar
[INFO] Downloaded from localsmartbear: https://rapi.tools.ops.smartbear.io/nexus/content/groups/public/protection/jug/protection/jug-protection.jar (38 kB at 15 kB/s)
[INFO] Downloading from localsmartbear: https://rapi.tools.ops.smartbear.io/nexus/content/groups/public/protection/Protection/5.1.5/Protection-5.1.5.jar
[INFO] Downloaded from localsmartbear: https://rapi.tools.ops.smartbear.io/nexus/content/groups/public/protection/jhall/protection/jhall-protection.jar (558 kB at 213 kB/s)
[INFO] Downloading from localsmartbear: https://rapi.tools.ops.smartbear.io/nexus/content/groups/public/protection/ProtectionPriv/5.1.5/ProtectionPriv-5.1.5.jar
[INFO] Downloaded from localsmartbear: https://rapi.tools.ops.smartbear.io/nexus/content/groups/public/org/liquibase/liquibase-core/3.6.2/liquibase-core-3.6.2.jar (2.2 MB at 825 kB/s)
[INFO] Downloading from localsmartbear: https://rapi.tools.ops.smartbear.io/nexus/content/groups/public/javax/xml/soap/javax.xml.soap-api/1.4.0/javax.xml.soap-api-1.4.0.jar
[INFO] Downloaded from localsmartbear: https://rapi.tools.ops.smartbear.io/nexus/content/groups/public/protection/ProtectionPriv/5.1.5/ProtectionPriv-5.1.5.jar (217 kB at 73 kB/s)
[INFO] Downloading from localsmartbear: https://rapi.tools.ops.smartbear.io/nexus/content/groups/public/com/google/inject/extensions/guice-assistedinject/4.2.2/guice-assistedinject-4.2.2.jar
[INFO] Downloaded from localsmartbear: https://rapi.tools.ops.smartbear.io/nexus/content/groups/public/javax/xml/soap/javax.xml.soap-api/1.4.0/javax.xml.soap-api-1.4.0.jar (46 kB at 15 kB/s)
[INFO] Downloading from localsmartbear: https://rapi.tools.ops.smartbear.io/nexus/content/groups/public/com/auth0/java-jwt/3.8.1/java-jwt-3.8.1.jar
[INFO] Downloaded from localsmartbear: https://rapi.tools.ops.smartbear.io/nexus/content/groups/public/protection/Protection/5.1.5/Protection-5.1.5.jar (1.2 MB at 373 kB/s)
[INFO] Downloading from localsmartbear: https://rapi.tools.ops.smartbear.io/nexus/content/groups/public/com/auth0/jwks-rsa/0.8.2/jwks-rsa-0.8.2.jar
[INFO] Downloaded from localsmartbear: https://rapi.tools.ops.smartbear.io/nexus/content/groups/public/com/google/inject/extensions/guice-assistedinject/4.2.2/guice-assistedinject-4.2.2.jar (44 kB at 14 kB/s)
[INFO] Downloading from localsmartbear: https://rapi.tools.ops.smartbear.io/nexus/content/groups/public/com/google/inject/extensions/guice-multibindings/4.2.2/guice-multibindings-4.2.2.jar
[INFO] Downloaded from localsmartbear: https://rapi.tools.ops.smartbear.io/nexus/content/groups/public/com/auth0/java-jwt/3.8.1/java-jwt-3.8.1.jar (52 kB at 16 kB/s)
[INFO] Downloading from localsmartbear: https://rapi.tools.ops.smartbear.io/nexus/content/groups/public/net/sf/opencsv/opencsv/2.3/opencsv-2.3.jar
[INFO] Downloaded from localsmartbear: https://rapi.tools.ops.smartbear.io/nexus/content/groups/public/com/smartbear/ready-api-soapui-pro/3.7.0/ready-api-soapui-pro-3.7.0.jar (7.2 MB at 2.2 MB/s)
[INFO] Downloading from localsmartbear: https://rapi.tools.ops.smartbear.io/nexus/content/groups/public/org/apache/commons/commons-csv/1.1/commons-csv-1.1.jar
[INFO] Downloaded from localsmartbear: https://rapi.tools.ops.smartbear.io/nexus/content/groups/public/org/apache/axis/axis/1.4/axis-1.4.jar (1.6 MB at 489 kB/s)
[INFO] Downloading from localsmartbear: https://rapi.tools.ops.smartbear.io/nexus/content/groups/public/com/google/inject/guice/4.2.2/guice-4.2.2.jar
[INFO] Downloaded from localsmartbear: https://rapi.tools.ops.smartbear.io/nexus/content/groups/public/net/sf/opencsv/opencsv/2.3/opencsv-2.3.jar (20 kB at 6.0 kB/s)
[INFO] Downloaded from localsmartbear: https://rapi.tools.ops.smartbear.io/nexus/content/groups/public/com/auth0/jwks-rsa/0.8.2/jwks-rsa-0.8.2.jar (16 kB at 4.8 kB/s)
[INFO] Downloading from localsmartbear: https://rapi.tools.ops.smartbear.io/nexus/content/groups/public/net/sf/jasperreports/jasperreports/6.13.0-sb-fixed/jasperreports-6.13.0-sb-fixed.jar
[INFO] Downloading from localsmartbear: https://rapi.tools.ops.smartbear.io/nexus/content/groups/public/commons-digester/commons-digester/2.1/commons-digester-2.1.jar
[INFO] Downloaded from localsmartbear: https://rapi.tools.ops.smartbear.io/nexus/content/groups/public/org/apache/commons/commons-csv/1.1/commons-csv-1.1.jar (37 kB at 11 kB/s)
[INFO] Downloading from localsmartbear: https://rapi.tools.ops.smartbear.io/nexus/content/groups/public/commons-logging/commons-logging/1.1.1/commons-logging-1.1.1.jar
[INFO] Downloaded from localsmartbear: https://rapi.tools.ops.smartbear.io/nexus/content/groups/public/com/google/inject/extensions/guice-multibindings/4.2.2/guice-multibindings-4.2.2.jar (6.1 kB at 1.8 kB/s)
[INFO] Downloading from localsmartbear: https://rapi.tools.ops.smartbear.io/nexus/content/groups/public/org/apache/commons/commons-collections4/4.2/commons-collections4-4.2.jar
[INFO] Downloaded from localsmartbear: https://rapi.tools.ops.smartbear.io/nexus/content/groups/public/commons-logging/commons-logging/1.1.1/commons-logging-1.1.1.jar (61 kB at 17 kB/s)
[INFO] Downloading from localsmartbear: https://rapi.tools.ops.smartbear.io/nexus/content/groups/public/com/lowagie/itext/2.1.7/itext-2.1.7.jar
[INFO] Downloaded from localsmartbear: https://rapi.tools.ops.smartbear.io/nexus/content/groups/public/commons-digester/commons-digester/2.1/commons-digester-2.1.jar (197 kB at 54 kB/s)
[INFO] Downloading from localsmartbear: https://rapi.tools.ops.smartbear.io/nexus/content/groups/public/org/jfree/jcommon/1.0.23/jcommon-1.0.23.jar
[INFO] Downloaded from localsmartbear: https://rapi.tools.ops.smartbear.io/nexus/content/groups/public/com/google/inject/guice/4.2.2/guice-4.2.2.jar (847 kB at 214 kB/s)
[INFO] Downloaded from localsmartbear: https://rapi.tools.ops.smartbear.io/nexus/content/groups/public/org/apache/commons/commons-collections4/4.2/commons-collections4-4.2.jar (753 kB at 190 kB/s)
[INFO] Downloading from localsmartbear: https://rapi.tools.ops.smartbear.io/nexus/content/groups/public/org/jfree/jfreechart/1.0.19/jfreechart-1.0.19.jar
[INFO] Downloading from localsmartbear: https://rapi.tools.ops.smartbear.io/nexus/content/groups/public/org/eclipse/jdt/ecj/3.21.0/ecj-3.21.0.jar
[INFO] Downloaded from localsmartbear: https://rapi.tools.ops.smartbear.io/nexus/content/groups/public/org/jfree/jcommon/1.0.23/jcommon-1.0.23.jar (330 kB at 78 kB/s)
[INFO] Downloading from localsmartbear: https://rapi.tools.ops.smartbear.io/nexus/content/groups/public/org/codehaus/castor/castor-xml/1.4.1/castor-xml-1.4.1.jar
[INFO] Downloaded from localsmartbear: https://rapi.tools.ops.smartbear.io/nexus/content/groups/public/com/lowagie/itext/2.1.7/itext-2.1.7.jar (1.1 MB at 236 kB/s)
[INFO] Downloaded from localsmartbear: https://rapi.tools.ops.smartbear.io/nexus/content/groups/public/org/jfree/jfreechart/1.0.19/jfreechart-1.0.19.jar (1.6 MB at 327 kB/s)
[INFO] Downloading from localsmartbear: https://rapi.tools.ops.smartbear.io/nexus/content/groups/public/org/codehaus/castor/castor-core/1.4.1/castor-core-1.4.1.jar
[INFO] Downloading from localsmartbear: https://rapi.tools.ops.smartbear.io/nexus/content/groups/public/com/fasterxml/jackson/core/jackson-core/2.11.3/jackson-core-2.11.3.jar
[INFO] Downloaded from localsmartbear: https://rapi.tools.ops.smartbear.io/nexus/content/groups/public/org/codehaus/castor/castor-xml/1.4.1/castor-xml-1.4.1.jar (911 kB at 188 kB/s)
[INFO] Downloading from localsmartbear: https://rapi.tools.ops.smartbear.io/nexus/content/groups/public/com/fasterxml/jackson/core/jackson-databind/2.11.3/jackson-databind-2.11.3.jar
[INFO] Downloaded from localsmartbear: https://rapi.tools.ops.smartbear.io/nexus/content/groups/public/org/codehaus/castor/castor-core/1.4.1/castor-core-1.4.1.jar (48 kB at 9.7 kB/s)
[INFO] Downloading from localsmartbear: https://rapi.tools.ops.smartbear.io/nexus/content/groups/public/org/bouncycastle/bctsp-jdk15on/1.46/bctsp-jdk15on-1.46.jar
[INFO] Downloaded from localsmartbear: https://rapi.tools.ops.smartbear.io/nexus/content/groups/public/com/fasterxml/jackson/core/jackson-core/2.11.3/jackson-core-2.11.3.jar (351 kB at 69 kB/s)
[INFO] Downloading from localsmartbear: https://rapi.tools.ops.smartbear.io/nexus/content/groups/public/org/bouncycastle/bcmail-jdk15on/1.64/bcmail-jdk15on-1.64.jar
[INFO] Downloaded from localsmartbear: https://rapi.tools.ops.smartbear.io/nexus/content/groups/public/org/bouncycastle/bctsp-jdk15on/1.46/bctsp-jdk15on-1.46.jar (40 kB at 7.7 kB/s)
[INFO] Downloading from localsmartbear: https://rapi.tools.ops.smartbear.io/nexus/content/groups/public/org/bouncycastle/bcpkix-jdk15on/1.64/bcpkix-jdk15on-1.64.jar
[INFO] Downloaded from localsmartbear: https://rapi.tools.ops.smartbear.io/nexus/content/groups/public/org/bouncycastle/bcmail-jdk15on/1.64/bcmail-jdk15on-1.64.jar (110 kB at 20 kB/s)
[INFO] Downloading from localsmartbear: https://rapi.tools.ops.smartbear.io/nexus/content/groups/public/org/apache/poi/poi/4.1.2/poi-4.1.2.jar
[INFO] Downloaded from localsmartbear: https://rapi.tools.ops.smartbear.io/nexus/content/groups/public/com/fasterxml/jackson/core/jackson-databind/2.11.3/jackson-databind-2.11.3.jar (1.4 MB at 252 kB/s)
[INFO] Downloading from localsmartbear: https://rapi.tools.ops.smartbear.io/nexus/content/groups/public/org/apache/commons/commons-math3/3.6.1/commons-math3-3.6.1.jar
[INFO] Downloaded from localsmartbear: https://rapi.tools.ops.smartbear.io/nexus/content/groups/public/org/bouncycastle/bcpkix-jdk15on/1.64/bcpkix-jdk15on-1.64.jar (878 kB at 149 kB/s)
[INFO] Downloading from localsmartbear: https://rapi.tools.ops.smartbear.io/nexus/content/groups/public/com/zaxxer/SparseBitSet/1.2/SparseBitSet-1.2.jar
[INFO] Downloaded from localsmartbear: https://rapi.tools.ops.smartbear.io/nexus/content/groups/public/org/eclipse/jdt/ecj/3.21.0/ecj-3.21.0.jar (3.0 MB at 493 kB/s)
[INFO] Downloaded from localsmartbear: https://rapi.tools.ops.smartbear.io/nexus/content/groups/public/com/zaxxer/SparseBitSet/1.2/SparseBitSet-1.2.jar (25 kB at 4.0 kB/s)
[INFO] Downloading from localsmartbear: https://rapi.tools.ops.smartbear.io/nexus/content/groups/public/org/apache/poi/poi-ooxml/4.1.2/poi-ooxml-4.1.2.jar
[INFO] Downloading from localsmartbear: https://rapi.tools.ops.smartbear.io/nexus/content/groups/public/org/apache/poi/poi-ooxml-schemas/4.1.2/poi-ooxml-schemas-4.1.2.jar
[INFO] Downloaded from localsmartbear: https://rapi.tools.ops.smartbear.io/nexus/content/groups/public/org/apache/commons/commons-math3/3.6.1/commons-math3-3.6.1.jar (2.2 MB at 313 kB/s)
[INFO] Downloaded from localsmartbear: https://rapi.tools.ops.smartbear.io/nexus/content/groups/public/org/apache/poi/poi-ooxml/4.1.2/poi-ooxml-4.1.2.jar (1.9 MB at 267 kB/s)
[INFO] Downloading from localsmartbear: https://rapi.tools.ops.smartbear.io/nexus/content/groups/public/org/apache/commons/commons-compress/1.19/commons-compress-1.19.jar
[INFO] Downloading from localsmartbear: https://rapi.tools.ops.smartbear.io/nexus/content/groups/public/com/github/virtuald/curvesapi/1.06/curvesapi-1.06.jar
[INFO] Downloaded from localsmartbear: https://rapi.tools.ops.smartbear.io/nexus/content/groups/public/net/sf/jasperreports/jasperreports/6.13.0-sb-fixed/jasperreports-6.13.0-sb-fixed.jar (5.6 MB at 772 kB/s)
[INFO] Downloading from localsmartbear: https://rapi.tools.ops.smartbear.io/nexus/content/groups/public/commons-discovery/commons-discovery/0.2/commons-discovery-0.2.jar
[INFO] Downloaded from localsmartbear: https://rapi.tools.ops.smartbear.io/nexus/content/groups/public/com/github/virtuald/curvesapi/1.06/curvesapi-1.06.jar (112 kB at 15 kB/s)
[INFO] Downloading from localsmartbear: https://rapi.tools.ops.smartbear.io/nexus/content/groups/public/idw/idw/1.6.1/idw-1.6.1.jar
[INFO] Downloaded from localsmartbear: https://rapi.tools.ops.smartbear.io/nexus/content/groups/public/commons-discovery/commons-discovery/0.2/commons-discovery-0.2.jar (71 kB at 9.5 kB/s)
[INFO] Downloading from localsmartbear: https://rapi.tools.ops.smartbear.io/nexus/content/groups/public/jcalendar/jcalendar/1.3.2/jcalendar-1.3.2.jar
[INFO] Downloaded from localsmartbear: https://rapi.tools.ops.smartbear.io/nexus/content/groups/public/org/apache/commons/commons-compress/1.19/commons-compress-1.19.jar (615 kB at 81 kB/s)
[INFO] Downloading from localsmartbear: https://rapi.tools.ops.smartbear.io/nexus/content/groups/public/eviware/reports/1.0/reports-1.0.jar
[INFO] Downloaded from localsmartbear: https://rapi.tools.ops.smartbear.io/nexus/content/groups/public/idw/idw/1.6.1/idw-1.6.1.jar (729 kB at 95 kB/s)
[INFO] Downloading from localsmartbear: https://rapi.tools.ops.smartbear.io/nexus/content/groups/public/org/reflections/reflections/0.9.9/reflections-0.9.9.jar
[INFO] Downloaded from localsmartbear: https://rapi.tools.ops.smartbear.io/nexus/content/groups/public/jcalendar/jcalendar/1.3.2/jcalendar-1.3.2.jar (127 kB at 16 kB/s)
[INFO] Downloading from localsmartbear: https://rapi.tools.ops.smartbear.io/nexus/content/groups/public/org/javassist/javassist/3.19.0-GA/javassist-3.19.0-GA.jar
[INFO] Downloaded from localsmartbear: https://rapi.tools.ops.smartbear.io/nexus/content/groups/public/eviware/reports/1.0/reports-1.0.jar (53 kB at 6.8 kB/s)
[INFO] Downloading from localsmartbear: https://rapi.tools.ops.smartbear.io/nexus/content/groups/public/com/fifesoft/languagesupport/2.6.0-fixed/languagesupport-2.6.0-fixed.jar
[INFO] Downloaded from localsmartbear: https://rapi.tools.ops.smartbear.io/nexus/content/groups/public/org/apache/poi/poi/4.1.2/poi-4.1.2.jar (2.9 MB at 370 kB/s)
[INFO] Downloading from localsmartbear: https://rapi.tools.ops.smartbear.io/nexus/content/groups/public/com/fifesoft/autocomplete/2.6.0/autocomplete-2.6.0.jar
[INFO] Downloaded from localsmartbear: https://rapi.tools.ops.smartbear.io/nexus/content/groups/public/org/reflections/reflections/0.9.9/reflections-0.9.9.jar (142 kB at 18 kB/s)
[INFO] Downloading from localsmartbear: https://rapi.tools.ops.smartbear.io/nexus/content/groups/public/edu/vt/middleware/vt-password/3.1.2/vt-password-3.1.2.jar
[INFO] Downloaded from localsmartbear: https://rapi.tools.ops.smartbear.io/nexus/content/groups/public/org/javassist/javassist/3.19.0-GA/javassist-3.19.0-GA.jar (749 kB at 92 kB/s)
[INFO] Downloading from localsmartbear: https://rapi.tools.ops.smartbear.io/nexus/content/groups/public/edu/vt/middleware/vt-dictionary/3.0/vt-dictionary-3.0.jar
[INFO] Downloaded from localsmartbear: https://rapi.tools.ops.smartbear.io/nexus/content/groups/public/com/fifesoft/autocomplete/2.6.0/autocomplete-2.6.0.jar (151 kB at 19 kB/s)
[INFO] Downloading from localsmartbear: https://rapi.tools.ops.smartbear.io/nexus/content/groups/public/edu/vt/middleware/vt-crypt/2.1.4/vt-crypt-2.1.4.jar
[INFO] Downloaded from localsmartbear: https://rapi.tools.ops.smartbear.io/nexus/content/groups/public/edu/vt/middleware/vt-password/3.1.2/vt-password-3.1.2.jar (48 kB at 5.9 kB/s)
[INFO] Downloading from localsmartbear: https://rapi.tools.ops.smartbear.io/nexus/content/groups/public/org/jdom/jdom/1.1.3/jdom-1.1.3.jar
[INFO] Downloaded from localsmartbear: https://rapi.tools.ops.smartbear.io/nexus/content/groups/public/edu/vt/middleware/vt-dictionary/3.0/vt-dictionary-3.0.jar (31 kB at 3.7 kB/s)
[INFO] Downloading from localsmartbear: https://rapi.tools.ops.smartbear.io/nexus/content/groups/public/xalan/xalan/2.7.2/xalan-2.7.2.jar
[INFO] Downloaded from localsmartbear: https://rapi.tools.ops.smartbear.io/nexus/content/groups/public/edu/vt/middleware/vt-crypt/2.1.4/vt-crypt-2.1.4.jar (178 kB at 21 kB/s)
[INFO] Downloading from localsmartbear: https://rapi.tools.ops.smartbear.io/nexus/content/groups/public/xalan/serializer/2.7.2/serializer-2.7.2.jar
[INFO] Downloaded from localsmartbear: https://rapi.tools.ops.smartbear.io/nexus/content/groups/public/org/apache/poi/poi-ooxml-schemas/4.1.2/poi-ooxml-schemas-4.1.2.jar (7.9 MB at 940 kB/s)
[INFO] Downloading from localsmartbear: https://rapi.tools.ops.smartbear.io/nexus/content/groups/public/com/google/code/findbugs/annotations/2.0.0/annotations-2.0.0.jar
[INFO] Downloaded from localsmartbear: https://rapi.tools.ops.smartbear.io/nexus/content/groups/public/org/jdom/jdom/1.1.3/jdom-1.1.3.jar (151 kB at 18 kB/s)
[INFO] Downloading from localsmartbear: https://rapi.tools.ops.smartbear.io/nexus/content/groups/public/com/google/code/findbugs/jsr305/2.0.0/jsr305-2.0.0.jar
[INFO] Downloaded from localsmartbear: https://rapi.tools.ops.smartbear.io/nexus/content/groups/public/com/fifesoft/languagesupport/2.6.0-fixed/languagesupport-2.6.0-fixed.jar (1.1 MB at 132 kB/s)
[INFO] Downloading from localsmartbear: https://rapi.tools.ops.smartbear.io/nexus/content/groups/public/net/java/dev/jna/jna/4.5.2/jna-4.5.2.jar
[INFO] Downloaded from localsmartbear: https://rapi.tools.ops.smartbear.io/nexus/content/groups/public/com/google/code/findbugs/annotations/2.0.0/annotations-2.0.0.jar (74 kB at 8.6 kB/s)
[INFO] Downloaded from localsmartbear: https://rapi.tools.ops.smartbear.io/nexus/content/groups/public/com/google/code/findbugs/jsr305/2.0.0/jsr305-2.0.0.jar (32 kB at 3.7 kB/s)
[INFO] Downloading from localsmartbear: https://rapi.tools.ops.smartbear.io/nexus/content/groups/public/jide/jide-common/3.6.6/jide-common-3.6.6.jar
[INFO] Downloading from localsmartbear: https://rapi.tools.ops.smartbear.io/nexus/content/groups/public/org/japura/japura/1.18.3/japura-1.18.3.jar
[INFO] Downloaded from localsmartbear: https://rapi.tools.ops.smartbear.io/nexus/content/groups/public/xalan/serializer/2.7.2/serializer-2.7.2.jar (276 kB at 32 kB/s)
[INFO] Downloading from localsmartbear: https://rapi.tools.ops.smartbear.io/nexus/content/groups/public/com/monitorjbl/xlsx-streamer/0.2.10-fixed/xlsx-streamer-0.2.10-fixed.jar
[INFO] Downloaded from localsmartbear: https://rapi.tools.ops.smartbear.io/nexus/content/groups/public/com/monitorjbl/xlsx-streamer/0.2.10-fixed/xlsx-streamer-0.2.10-fixed.jar (21 kB at 2.3 kB/s)
[INFO] Downloading from localsmartbear: https://rapi.tools.ops.smartbear.io/nexus/content/groups/public/org/xhtmlrenderer/flying-saucer-pdf/9.0.7/flying-saucer-pdf-9.0.7.jar
[INFO] Downloaded from localsmartbear: https://rapi.tools.ops.smartbear.io/nexus/content/groups/public/org/japura/japura/1.18.3/japura-1.18.3.jar (426 kB at 47 kB/s)
[INFO] Downloading from localsmartbear: https://rapi.tools.ops.smartbear.io/nexus/content/groups/public/org/xhtmlrenderer/flying-saucer-core/9.0.7/flying-saucer-core-9.0.7.jar
[INFO] Downloaded from localsmartbear: https://rapi.tools.ops.smartbear.io/nexus/content/groups/public/org/xhtmlrenderer/flying-saucer-pdf/9.0.7/flying-saucer-pdf-9.0.7.jar (106 kB at 12 kB/s)
[INFO] Downloading from localsmartbear: https://rapi.tools.ops.smartbear.io/nexus/content/groups/public/org/pcap4j/pcap4j-core/1.7.2/pcap4j-core-1.7.2.jar
[INFO] Downloaded from localsmartbear: https://rapi.tools.ops.smartbear.io/nexus/content/groups/public/xalan/xalan/2.7.2/xalan-2.7.2.jar (3.2 MB at 343 kB/s)
[INFO] Downloading from localsmartbear: https://rapi.tools.ops.smartbear.io/nexus/content/groups/public/org/pcap4j/pcap4j-packetfactory-static/1.7.2/pcap4j-packetfactory-static-1.7.2.jar
[INFO] Downloaded from localsmartbear: https://rapi.tools.ops.smartbear.io/nexus/content/groups/public/net/java/dev/jna/jna/4.5.2/jna-4.5.2.jar (1.5 MB at 159 kB/s)
[INFO] Downloading from localsmartbear: https://rapi.tools.ops.smartbear.io/nexus/content/groups/public/org/eclipse/jgit/org.eclipse.jgit/5.1.1.201809181055-r/org.eclipse.jgit-5.1.1.201809181055-r.jar
[INFO] Downloaded from localsmartbear: https://rapi.tools.ops.smartbear.io/nexus/content/groups/public/org/pcap4j/pcap4j-packetfactory-static/1.7.2/pcap4j-packetfactory-static-1.7.2.jar (146 kB at 15 kB/s)
[INFO] Downloading from localsmartbear: https://rapi.tools.ops.smartbear.io/nexus/content/groups/public/com/jcraft/jsch/0.1.54/jsch-0.1.54.jar
[INFO] Downloaded from localsmartbear: https://rapi.tools.ops.smartbear.io/nexus/content/groups/public/com/jcraft/jsch/0.1.54/jsch-0.1.54.jar (281 kB at 29 kB/s)
[INFO] Downloading from localsmartbear: https://rapi.tools.ops.smartbear.io/nexus/content/groups/public/com/jcraft/jzlib/1.1.1/jzlib-1.1.1.jar
[INFO] Downloaded from localsmartbear: https://rapi.tools.ops.smartbear.io/nexus/content/groups/public/com/jcraft/jzlib/1.1.1/jzlib-1.1.1.jar (70 kB at 7.0 kB/s)
[INFO] Downloaded from localsmartbear: https://rapi.tools.ops.smartbear.io/nexus/content/groups/public/jide/jide-common/3.6.6/jide-common-3.6.6.jar (1.6 MB at 161 kB/s)
[INFO] Downloading from localsmartbear: https://rapi.tools.ops.smartbear.io/nexus/content/groups/public/com/googlecode/javaewah/JavaEWAH/1.1.6/JavaEWAH-1.1.6.jar
[INFO] Downloading from localsmartbear: https://rapi.tools.ops.smartbear.io/nexus/content/groups/public/io/confluent/kafka-avro-serializer/6.1.0/kafka-avro-serializer-6.1.0.jar
[INFO] Downloaded from localsmartbear: https://rapi.tools.ops.smartbear.io/nexus/content/groups/public/org/xhtmlrenderer/flying-saucer-core/9.0.7/flying-saucer-core-9.0.7.jar (1.1 MB at 112 kB/s)
[INFO] Downloading from localsmartbear: https://rapi.tools.ops.smartbear.io/nexus/content/groups/public/org/apache/avro/avro/1.9.2/avro-1.9.2.jar
[INFO] Downloaded from localsmartbear: https://rapi.tools.ops.smartbear.io/nexus/content/groups/public/io/confluent/kafka-avro-serializer/6.1.0/kafka-avro-serializer-6.1.0.jar (28 kB at 2.8 kB/s)
[INFO] Downloading from localsmartbear: https://rapi.tools.ops.smartbear.io/nexus/content/groups/public/io/confluent/kafka-schema-serializer/6.1.0/kafka-schema-serializer-6.1.0.jar
[INFO] Downloaded from localsmartbear: https://rapi.tools.ops.smartbear.io/nexus/content/groups/public/org/pcap4j/pcap4j-core/1.7.2/pcap4j-core-1.7.2.jar (1.2 MB at 124 kB/s)
[INFO] Downloading from localsmartbear: https://rapi.tools.ops.smartbear.io/nexus/content/groups/public/io/confluent/kafka-schema-registry-client/6.1.0/kafka-schema-registry-client-6.1.0.jar
[INFO] Downloaded from localsmartbear: https://rapi.tools.ops.smartbear.io/nexus/content/groups/public/com/googlecode/javaewah/JavaEWAH/1.1.6/JavaEWAH-1.1.6.jar (166 kB at 16 kB/s)
[INFO] Downloading from localsmartbear: https://rapi.tools.ops.smartbear.io/nexus/content/groups/public/jakarta/ws/rs/jakarta.ws.rs-api/2.1.6/jakarta.ws.rs-api-2.1.6.jar
[INFO] Downloaded from localsmartbear: https://rapi.tools.ops.smartbear.io/nexus/content/groups/public/io/confluent/kafka-schema-serializer/6.1.0/kafka-schema-serializer-6.1.0.jar (30 kB at 2.9 kB/s)
[INFO] Downloading from localsmartbear: https://rapi.tools.ops.smartbear.io/nexus/content/groups/public/org/glassfish/jersey/core/jersey-common/2.31/jersey-common-2.31.jar
[INFO] Downloaded from localsmartbear: https://rapi.tools.ops.smartbear.io/nexus/content/groups/public/io/confluent/kafka-schema-registry-client/6.1.0/kafka-schema-registry-client-6.1.0.jar (114 kB at 11 kB/s)
[INFO] Downloading from localsmartbear: https://rapi.tools.ops.smartbear.io/nexus/content/groups/public/org/glassfish/hk2/osgi-resource-locator/1.0.3/osgi-resource-locator-1.0.3.jar
[INFO] Downloaded from localsmartbear: https://rapi.tools.ops.smartbear.io/nexus/content/groups/public/jakarta/ws/rs/jakarta.ws.rs-api/2.1.6/jakarta.ws.rs-api-2.1.6.jar (140 kB at 14 kB/s)
[INFO] Downloading from localsmartbear: https://rapi.tools.ops.smartbear.io/nexus/content/groups/public/io/confluent/common-utils/6.1.0/common-utils-6.1.0.jar
[INFO] Downloaded from localsmartbear: https://rapi.tools.ops.smartbear.io/nexus/content/groups/public/org/eclipse/jgit/org.eclipse.jgit/5.1.1.201809181055-r/org.eclipse.jgit-5.1.1.201809181055-r.jar (2.7 MB at 260 kB/s)
[INFO] Downloading from localsmartbear: https://rapi.tools.ops.smartbear.io/nexus/content/groups/public/com/smartbear/ready-api-core/3.7.0/ready-api-core-3.7.0.jar
[INFO] Downloaded from localsmartbear: https://rapi.tools.ops.smartbear.io/nexus/content/groups/public/org/glassfish/hk2/osgi-resource-locator/1.0.3/osgi-resource-locator-1.0.3.jar (19 kB at 1.9 kB/s)
[INFO] Downloading from localsmartbear: https://rapi.tools.ops.smartbear.io/nexus/content/groups/public/org/codehaus/groovy/groovy/3.0.6/groovy-3.0.6.jar
[INFO] Downloaded from localsmartbear: https://rapi.tools.ops.smartbear.io/nexus/content/groups/public/io/confluent/common-utils/6.1.0/common-utils-6.1.0.jar (17 kB at 1.7 kB/s)
[INFO] Downloading from localsmartbear: https://rapi.tools.ops.smartbear.io/nexus/content/groups/public/org/codehaus/groovy/groovy-ant/3.0.6/groovy-ant-3.0.6.jar
[INFO] Downloaded from localsmartbear: https://rapi.tools.ops.smartbear.io/nexus/content/groups/public/org/apache/avro/avro/1.9.2/avro-1.9.2.jar (588 kB at 56 kB/s)
[INFO] Downloading from localsmartbear: https://rapi.tools.ops.smartbear.io/nexus/content/groups/public/org/apache/ant/ant/1.10.8/ant-1.10.8.jar
[INFO] Downloaded from localsmartbear: https://rapi.tools.ops.smartbear.io/nexus/content/groups/public/org/codehaus/groovy/groovy-ant/3.0.6/groovy-ant-3.0.6.jar (87 kB at 8.3 kB/s)
[INFO] Downloading from localsmartbear: https://rapi.tools.ops.smartbear.io/nexus/content/groups/public/org/apache/ant/ant-junit/1.10.8/ant-junit-1.10.8.jar
[INFO] Downloaded from localsmartbear: https://rapi.tools.ops.smartbear.io/nexus/content/groups/public/org/apache/ant/ant-junit/1.10.8/ant-junit-1.10.8.jar (142 kB at 13 kB/s)
[INFO] Downloading from localsmartbear: https://rapi.tools.ops.smartbear.io/nexus/content/groups/public/org/apache/ant/ant-launcher/1.10.8/ant-launcher-1.10.8.jar
[INFO] Downloaded from localsmartbear: https://rapi.tools.ops.smartbear.io/nexus/content/groups/public/com/smartbear/ready-api-core/3.7.0/ready-api-core-3.7.0.jar (1.3 MB at 122 kB/s)
[INFO] Downloading from localsmartbear: https://rapi.tools.ops.smartbear.io/nexus/content/groups/public/org/apache/ant/ant-antlr/1.10.8/ant-antlr-1.10.8.jar
[INFO] Downloaded from localsmartbear: https://rapi.tools.ops.smartbear.io/nexus/content/groups/public/org/glassfish/jersey/core/jersey-common/2.31/jersey-common-2.31.jar (1.2 MB at 107 kB/s)
[INFO] Downloading from localsmartbear: https://rapi.tools.ops.smartbear.io/nexus/content/groups/public/org/codehaus/groovy/groovy-astbuilder/3.0.6/groovy-astbuilder-3.0.6.jar
[INFO] Downloaded from localsmartbear: https://rapi.tools.ops.smartbear.io/nexus/content/groups/public/org/apache/ant/ant-launcher/1.10.8/ant-launcher-1.10.8.jar (19 kB at 1.7 kB/s)
[INFO] Downloading from localsmartbear: https://rapi.tools.ops.smartbear.io/nexus/content/groups/public/org/codehaus/groovy/groovy-cli-picocli/3.0.6/groovy-cli-picocli-3.0.6.jar
[INFO] Downloaded from localsmartbear: https://rapi.tools.ops.smartbear.io/nexus/content/groups/public/org/apache/ant/ant-antlr/1.10.8/ant-antlr-1.10.8.jar (12 kB at 1.1 kB/s)
[INFO] Downloading from localsmartbear: https://rapi.tools.ops.smartbear.io/nexus/content/groups/public/info/picocli/picocli/4.5.1/picocli-4.5.1.jar
[INFO] Downloaded from localsmartbear: https://rapi.tools.ops.smartbear.io/nexus/content/groups/public/org/codehaus/groovy/groovy-astbuilder/3.0.6/groovy-astbuilder-3.0.6.jar (10 kB at 949 B/s)
[INFO] Downloading from localsmartbear: https://rapi.tools.ops.smartbear.io/nexus/content/groups/public/org/codehaus/groovy/groovy-console/3.0.6/groovy-console-3.0.6.jar
[INFO] Downloaded from localsmartbear: https://rapi.tools.ops.smartbear.io/nexus/content/groups/public/org/codehaus/groovy/groovy-cli-picocli/3.0.6/groovy-cli-picocli-3.0.6.jar (64 kB at 5.8 kB/s)
[INFO] Downloading from localsmartbear: https://rapi.tools.ops.smartbear.io/nexus/content/groups/public/org/codehaus/groovy/groovy-datetime/3.0.6/groovy-datetime-3.0.6.jar
[INFO] Downloaded from localsmartbear: https://rapi.tools.ops.smartbear.io/nexus/content/groups/public/info/picocli/picocli/4.5.1/picocli-4.5.1.jar (390 kB at 34 kB/s)
[INFO] Downloading from localsmartbear: https://rapi.tools.ops.smartbear.io/nexus/content/groups/public/org/codehaus/groovy/groovy-docgenerator/3.0.6/groovy-docgenerator-3.0.6.jar
[INFO] Downloaded from localsmartbear: https://rapi.tools.ops.smartbear.io/nexus/content/groups/public/org/codehaus/groovy/groovy-datetime/3.0.6/groovy-datetime-3.0.6.jar (19 kB at 1.7 kB/s)
[INFO] Downloading from localsmartbear: https://rapi.tools.ops.smartbear.io/nexus/content/groups/public/com/thoughtworks/qdox/qdox/1.12.1/qdox-1.12.1.jar
[INFO] Downloaded from localsmartbear: https://rapi.tools.ops.smartbear.io/nexus/content/groups/public/org/codehaus/groovy/groovy-docgenerator/3.0.6/groovy-docgenerator-3.0.6.jar (126 kB at 11 kB/s)
[INFO] Downloading from localsmartbear: https://rapi.tools.ops.smartbear.io/nexus/content/groups/public/org/codehaus/groovy/groovy-groovydoc/3.0.6/groovy-groovydoc-3.0.6.jar
[INFO] Downloaded from localsmartbear: https://rapi.tools.ops.smartbear.io/nexus/content/groups/public/org/codehaus/groovy/groovy-console/3.0.6/groovy-console-3.0.6.jar (1.5 MB at 132 kB/s)
[INFO] Downloading from localsmartbear: https://rapi.tools.ops.smartbear.io/nexus/content/groups/public/com/github/javaparser/javaparser-core/3.16.1/javaparser-core-3.16.1.jar
[INFO] Downloaded from localsmartbear: https://rapi.tools.ops.smartbear.io/nexus/content/groups/public/com/thoughtworks/qdox/qdox/1.12.1/qdox-1.12.1.jar (180 kB at 15 kB/s)
[INFO] Downloading from localsmartbear: https://rapi.tools.ops.smartbear.io/nexus/content/groups/public/org/codehaus/groovy/groovy-groovysh/3.0.6/groovy-groovysh-3.0.6.jar
[INFO] Downloaded from localsmartbear: https://rapi.tools.ops.smartbear.io/nexus/content/groups/public/org/codehaus/groovy/groovy-groovydoc/3.0.6/groovy-groovydoc-3.0.6.jar (165 kB at 14 kB/s)
[INFO] Downloading from localsmartbear: https://rapi.tools.ops.smartbear.io/nexus/content/groups/public/jline/jline/2.14.6/jline-2.14.6.jar
[INFO] Downloaded from localsmartbear: https://rapi.tools.ops.smartbear.io/nexus/content/groups/public/jline/jline/2.14.6/jline-2.14.6.jar (269 kB at 22 kB/s)
[INFO] Downloading from localsmartbear: https://rapi.tools.ops.smartbear.io/nexus/content/groups/public/org/codehaus/groovy/groovy-jmx/3.0.6/groovy-jmx-3.0.6.jar
[INFO] Downloaded from localsmartbear: https://rapi.tools.ops.smartbear.io/nexus/content/groups/public/org/apache/ant/ant/1.10.8/ant-1.10.8.jar (2.3 MB at 189 kB/s)
[INFO] Downloading from localsmartbear: https://rapi.tools.ops.smartbear.io/nexus/content/groups/public/org/codehaus/groovy/groovy-json/3.0.6/groovy-json-3.0.6.jar
[INFO] Downloaded from localsmartbear: https://rapi.tools.ops.smartbear.io/nexus/content/groups/public/com/github/javaparser/javaparser-core/3.16.1/javaparser-core-3.16.1.jar (1.2 MB at 99 kB/s)
[INFO] Downloading from localsmartbear: https://rapi.tools.ops.smartbear.io/nexus/content/groups/public/org/codehaus/groovy/groovy-jsr223/3.0.6/groovy-jsr223-3.0.6.jar
[INFO] Downloaded from localsmartbear: https://rapi.tools.ops.smartbear.io/nexus/content/groups/public/org/codehaus/groovy/groovy-json/3.0.6/groovy-json-3.0.6.jar (133 kB at 11 kB/s)
[INFO] Downloading from localsmartbear: https://rapi.tools.ops.smartbear.io/nexus/content/groups/public/org/codehaus/groovy/groovy-macro/3.0.6/groovy-macro-3.0.6.jar
[INFO] Downloaded from localsmartbear: https://rapi.tools.ops.smartbear.io/nexus/content/groups/public/org/codehaus/groovy/groovy-jsr223/3.0.6/groovy-jsr223-3.0.6.jar (21 kB at 1.7 kB/s)
[INFO] Downloading from localsmartbear: https://rapi.tools.ops.smartbear.io/nexus/content/groups/public/org/codehaus/groovy/groovy-nio/3.0.6/groovy-nio-3.0.6.jar
[INFO] Downloaded from localsmartbear: https://rapi.tools.ops.smartbear.io/nexus/content/groups/public/org/codehaus/groovy/groovy-jmx/3.0.6/groovy-jmx-3.0.6.jar (138 kB at 11 kB/s)
[INFO] Downloading from localsmartbear: https://rapi.tools.ops.smartbear.io/nexus/content/groups/public/org/codehaus/groovy/groovy-servlet/3.0.6/groovy-servlet-3.0.6.jar
[INFO] Downloaded from localsmartbear: https://rapi.tools.ops.smartbear.io/nexus/content/groups/public/org/codehaus/groovy/groovy-groovysh/3.0.6/groovy-groovysh-3.0.6.jar (1.0 MB at 82 kB/s)
[INFO] Downloading from localsmartbear: https://rapi.tools.ops.smartbear.io/nexus/content/groups/public/org/codehaus/groovy/groovy-sql/3.0.6/groovy-sql-3.0.6.jar
[INFO] Downloaded from localsmartbear: https://rapi.tools.ops.smartbear.io/nexus/content/groups/public/org/codehaus/groovy/groovy-nio/3.0.6/groovy-nio-3.0.6.jar (34 kB at 2.7 kB/s)
[INFO] Downloading from localsmartbear: https://rapi.tools.ops.smartbear.io/nexus/content/groups/public/org/codehaus/groovy/groovy-swing/3.0.6/groovy-swing-3.0.6.jar
[INFO] Downloaded from localsmartbear: https://rapi.tools.ops.smartbear.io/nexus/content/groups/public/org/codehaus/groovy/groovy-servlet/3.0.6/groovy-servlet-3.0.6.jar (27 kB at 2.2 kB/s)
[INFO] Downloading from localsmartbear: https://rapi.tools.ops.smartbear.io/nexus/content/groups/public/org/codehaus/groovy/groovy-templates/3.0.6/groovy-templates-3.0.6.jar
[INFO] Downloaded from localsmartbear: https://rapi.tools.ops.smartbear.io/nexus/content/groups/public/org/codehaus/groovy/groovy-sql/3.0.6/groovy-sql-3.0.6.jar (83 kB at 6.7 kB/s)
[INFO] Downloading from localsmartbear: https://rapi.tools.ops.smartbear.io/nexus/content/groups/public/org/codehaus/groovy/groovy-test/3.0.6/groovy-test-3.0.6.jar
[INFO] Downloaded from localsmartbear: https://rapi.tools.ops.smartbear.io/nexus/content/groups/public/org/codehaus/groovy/groovy-macro/3.0.6/groovy-macro-3.0.6.jar (235 kB at 19 kB/s)
[INFO] Downloading from localsmartbear: https://rapi.tools.ops.smartbear.io/nexus/content/groups/public/org/codehaus/groovy/groovy-test-junit5/3.0.6/groovy-test-junit5-3.0.6.jar
[INFO] Downloaded from localsmartbear: https://rapi.tools.ops.smartbear.io/nexus/content/groups/public/org/codehaus/groovy/groovy-templates/3.0.6/groovy-templates-3.0.6.jar (97 kB at 7.7 kB/s)
[INFO] Downloaded from localsmartbear: https://rapi.tools.ops.smartbear.io/nexus/content/groups/public/org/codehaus/groovy/groovy-swing/3.0.6/groovy-swing-3.0.6.jar (432 kB at 34 kB/s)
[INFO] Downloading from localsmartbear: https://rapi.tools.ops.smartbear.io/nexus/content/groups/public/org/junit/jupiter/junit-jupiter-api/5.7.0/junit-jupiter-api-5.7.0.jar
[INFO] Downloading from localsmartbear: https://rapi.tools.ops.smartbear.io/nexus/content/groups/public/org/junit/platform/junit-platform-launcher/1.7.0/junit-platform-launcher-1.7.0.jar
[INFO] Downloaded from localsmartbear: https://rapi.tools.ops.smartbear.io/nexus/content/groups/public/org/codehaus/groovy/groovy-test/3.0.6/groovy-test-3.0.6.jar (123 kB at 9.7 kB/s)
[INFO] Downloaded from localsmartbear: https://rapi.tools.ops.smartbear.io/nexus/content/groups/public/org/codehaus/groovy/groovy-test-junit5/3.0.6/groovy-test-junit5-3.0.6.jar (13 kB at 1.1 kB/s)
[INFO] Downloading from localsmartbear: https://rapi.tools.ops.smartbear.io/nexus/content/groups/public/org/junit/platform/junit-platform-engine/1.7.0/junit-platform-engine-1.7.0.jar
[INFO] Downloading from localsmartbear: https://rapi.tools.ops.smartbear.io/nexus/content/groups/public/org/junit/platform/junit-platform-commons/1.7.0/junit-platform-commons-1.7.0.jar
[INFO] Downloaded from localsmartbear: https://rapi.tools.ops.smartbear.io/nexus/content/groups/public/org/junit/platform/junit-platform-launcher/1.7.0/junit-platform-launcher-1.7.0.jar (137 kB at 11 kB/s)
[INFO] Downloading from localsmartbear: https://rapi.tools.ops.smartbear.io/nexus/content/groups/public/org/junit/jupiter/junit-jupiter-engine/5.7.0/junit-jupiter-engine-5.7.0.jar
[INFO] Downloaded from localsmartbear: https://rapi.tools.ops.smartbear.io/nexus/content/groups/public/org/junit/platform/junit-platform-engine/1.7.0/junit-platform-engine-1.7.0.jar (181 kB at 14 kB/s)
[INFO] Downloading from localsmartbear: https://rapi.tools.ops.smartbear.io/nexus/content/groups/public/org/codehaus/groovy/groovy-testng/3.0.6/groovy-testng-3.0.6.jar
[INFO] Downloaded from localsmartbear: https://rapi.tools.ops.smartbear.io/nexus/content/groups/public/org/junit/jupiter/junit-jupiter-api/5.7.0/junit-jupiter-api-5.7.0.jar (175 kB at 14 kB/s)
[INFO] Downloading from localsmartbear: https://rapi.tools.ops.smartbear.io/nexus/content/groups/public/org/testng/testng/7.3.0/testng-7.3.0.jar
[INFO] Downloaded from localsmartbear: https://rapi.tools.ops.smartbear.io/nexus/content/groups/public/org/junit/platform/junit-platform-commons/1.7.0/junit-platform-commons-1.7.0.jar (100 kB at 7.7 kB/s)
[INFO] Downloading from localsmartbear: https://rapi.tools.ops.smartbear.io/nexus/content/groups/public/com/beust/jcommander/1.78/jcommander-1.78.jar
[INFO] Downloaded from localsmartbear: https://rapi.tools.ops.smartbear.io/nexus/content/groups/public/org/codehaus/groovy/groovy-testng/3.0.6/groovy-testng-3.0.6.jar (9.8 kB at 750 B/s)
[INFO] Downloading from localsmartbear: https://rapi.tools.ops.smartbear.io/nexus/content/groups/public/org/codehaus/groovy/groovy-xml/3.0.6/groovy-xml-3.0.6.jar
[INFO] Downloaded from localsmartbear: https://rapi.tools.ops.smartbear.io/nexus/content/groups/public/com/beust/jcommander/1.78/jcommander-1.78.jar (84 kB at 6.4 kB/s)
[INFO] Downloading from localsmartbear: https://rapi.tools.ops.smartbear.io/nexus/content/groups/public/commons-collections/commons-collections/3.2.2/commons-collections-3.2.2.jar
[INFO] Downloaded from localsmartbear: https://rapi.tools.ops.smartbear.io/nexus/content/groups/public/org/junit/jupiter/junit-jupiter-engine/5.7.0/junit-jupiter-engine-5.7.0.jar (212 kB at 16 kB/s)
[INFO] Downloading from localsmartbear: https://rapi.tools.ops.smartbear.io/nexus/content/groups/public/commons-beanutils/commons-beanutils/1.9.4/commons-beanutils-1.9.4.jar
[INFO] Downloaded from localsmartbear: https://rapi.tools.ops.smartbear.io/nexus/content/groups/public/org/codehaus/groovy/groovy/3.0.6/groovy-3.0.6.jar (8.0 MB at 602 kB/s)
[INFO] Downloading from localsmartbear: https://rapi.tools.ops.smartbear.io/nexus/content/groups/public/com/jayway/jsonpath/json-path/2.4.0-fixed/json-path-2.4.0-fixed.jar
[INFO] Downloaded from localsmartbear: https://rapi.tools.ops.smartbear.io/nexus/content/groups/public/org/codehaus/groovy/groovy-xml/3.0.6/groovy-xml-3.0.6.jar (292 kB at 22 kB/s)
[INFO] Downloading from localsmartbear: https://rapi.tools.ops.smartbear.io/nexus/content/groups/public/org/apache/xmlbeans/xmlbeans/3.1.1-sb-fixed/xmlbeans-3.1.1-sb-fixed.jar
[INFO] Downloaded from localsmartbear: https://rapi.tools.ops.smartbear.io/nexus/content/groups/public/org/testng/testng/7.3.0/testng-7.3.0.jar (922 kB at 69 kB/s)
[INFO] Downloaded from localsmartbear: https://rapi.tools.ops.smartbear.io/nexus/content/groups/public/commons-beanutils/commons-beanutils/1.9.4/commons-beanutils-1.9.4.jar (247 kB at 19 kB/s)
[INFO] Downloading from localsmartbear: https://rapi.tools.ops.smartbear.io/nexus/content/groups/public/saxon/saxon/9.1.0.8j/saxon-9.1.0.8j.jar
[INFO] Downloading from localsmartbear: https://rapi.tools.ops.smartbear.io/nexus/content/groups/public/saxon/saxon-dom/9.1.0.8j/saxon-dom-9.1.0.8j.jar
[INFO] Downloaded from localsmartbear: https://rapi.tools.ops.smartbear.io/nexus/content/groups/public/com/jayway/jsonpath/json-path/2.4.0-fixed/json-path-2.4.0-fixed.jar (225 kB at 17 kB/s)
[INFO] Downloading from localsmartbear: https://rapi.tools.ops.smartbear.io/nexus/content/groups/public/net/engio/mbassador/1.1.10/mbassador-1.1.10.jar
[INFO] Downloaded from localsmartbear: https://rapi.tools.ops.smartbear.io/nexus/content/groups/public/commons-collections/commons-collections/3.2.2/commons-collections-3.2.2.jar (588 kB at 44 kB/s)
[INFO] Downloading from localsmartbear: https://rapi.tools.ops.smartbear.io/nexus/content/groups/public/com/miglayout/miglayout-swing/5.2/miglayout-swing-5.2.jar
[INFO] Downloaded from localsmartbear: https://rapi.tools.ops.smartbear.io/nexus/content/groups/public/saxon/saxon-dom/9.1.0.8j/saxon-dom-9.1.0.8j.jar (129 kB at 9.6 kB/s)
[INFO] Downloading from localsmartbear: https://rapi.tools.ops.smartbear.io/nexus/content/groups/public/com/miglayout/miglayout-core/5.2/miglayout-core-5.2.jar
[INFO] Downloaded from localsmartbear: https://rapi.tools.ops.smartbear.io/nexus/content/groups/public/net/engio/mbassador/1.1.10/mbassador-1.1.10.jar (83 kB at 6.1 kB/s)
[INFO] Downloading from localsmartbear: https://rapi.tools.ops.smartbear.io/nexus/content/groups/public/commons-lang/commons-lang/2.6/commons-lang-2.6.jar
[INFO] Downloaded from localsmartbear: https://rapi.tools.ops.smartbear.io/nexus/content/groups/public/com/miglayout/miglayout-core/5.2/miglayout-core-5.2.jar (107 kB at 7.9 kB/s)
[INFO] Downloading from localsmartbear: https://rapi.tools.ops.smartbear.io/nexus/content/groups/public/org/apache/commons/commons-lang3/3.7/commons-lang3-3.7.jar
[INFO] Downloaded from localsmartbear: https://rapi.tools.ops.smartbear.io/nexus/content/groups/public/com/miglayout/miglayout-swing/5.2/miglayout-swing-5.2.jar (22 kB at 1.6 kB/s)
[INFO] Downloading from localsmartbear: https://rapi.tools.ops.smartbear.io/nexus/content/groups/public/com/smartbear/utils/analytics/analytics-core/2.5.9/analytics-core-2.5.9.jar
[INFO] Downloaded from localsmartbear: https://rapi.tools.ops.smartbear.io/nexus/content/groups/public/commons-lang/commons-lang/2.6/commons-lang-2.6.jar (284 kB at 21 kB/s)
[INFO] Downloading from localsmartbear: https://rapi.tools.ops.smartbear.io/nexus/content/groups/public/com/mixpanel/mixpanel-java/1.4.4/mixpanel-java-1.4.4.jar
[INFO] Downloaded from localsmartbear: https://rapi.tools.ops.smartbear.io/nexus/content/groups/public/org/apache/commons/commons-lang3/3.7/commons-lang3-3.7.jar (500 kB at 36 kB/s)
[INFO] Downloading from localsmartbear: https://rapi.tools.ops.smartbear.io/nexus/content/groups/public/org/json/json/20090211/json-20090211.jar
[INFO] Downloaded from localsmartbear: https://rapi.tools.ops.smartbear.io/nexus/content/groups/public/com/smartbear/utils/analytics/analytics-core/2.5.9/analytics-core-2.5.9.jar (257 kB at 18 kB/s)
[INFO] Downloading from localsmartbear: https://rapi.tools.ops.smartbear.io/nexus/content/groups/public/com/veracode/annotation/VeracodeAnnotations/1.0.4/VeracodeAnnotations-1.0.4.jar
[INFO] Downloaded from localsmartbear: https://rapi.tools.ops.smartbear.io/nexus/content/groups/public/com/mixpanel/mixpanel-java/1.4.4/mixpanel-java-1.4.4.jar (14 kB at 973 B/s)
[INFO] Downloading from localsmartbear: https://rapi.tools.ops.smartbear.io/nexus/content/groups/public/com/fasterxml/jackson/jaxrs/jackson-jaxrs-xml-provider/2.11.3/jackson-jaxrs-xml-provider-2.11.3.jar
[INFO] Downloaded from localsmartbear: https://rapi.tools.ops.smartbear.io/nexus/content/groups/public/org/json/json/20090211/json-20090211.jar (46 kB at 3.3 kB/s)
[INFO] Downloading from localsmartbear: https://rapi.tools.ops.smartbear.io/nexus/content/groups/public/com/fasterxml/jackson/jaxrs/jackson-jaxrs-base/2.11.3/jackson-jaxrs-base-2.11.3.jar
[INFO] Downloaded from localsmartbear: https://rapi.tools.ops.smartbear.io/nexus/content/groups/public/com/veracode/annotation/VeracodeAnnotations/1.0.4/VeracodeAnnotations-1.0.4.jar (5.0 kB at 349 B/s)
[INFO] Downloading from localsmartbear: https://rapi.tools.ops.smartbear.io/nexus/content/groups/public/com/fasterxml/jackson/dataformat/jackson-dataformat-xml/2.11.3/jackson-dataformat-xml-2.11.3.jar
[INFO] Downloaded from localsmartbear: https://rapi.tools.ops.smartbear.io/nexus/content/groups/public/com/fasterxml/jackson/jaxrs/jackson-jaxrs-xml-provider/2.11.3/jackson-jaxrs-xml-provider-2.11.3.jar (14 kB at 972 B/s)
[INFO] Downloading from localsmartbear: https://rapi.tools.ops.smartbear.io/nexus/content/groups/public/com/fasterxml/jackson/module/jackson-module-jaxb-annotations/2.11.3/jackson-module-jaxb-annotations-2.11.3.jar
[INFO] Downloaded from localsmartbear: https://rapi.tools.ops.smartbear.io/nexus/content/groups/public/com/fasterxml/jackson/jaxrs/jackson-jaxrs-base/2.11.3/jackson-jaxrs-base-2.11.3.jar (35 kB at 2.4 kB/s)
[INFO] Downloading from localsmartbear: https://rapi.tools.ops.smartbear.io/nexus/content/groups/public/jakarta/xml/bind/jakarta.xml.bind-api/2.3.2/jakarta.xml.bind-api-2.3.2.jar
[INFO] Downloaded from localsmartbear: https://rapi.tools.ops.smartbear.io/nexus/content/groups/public/com/fasterxml/jackson/module/jackson-module-jaxb-annotations/2.11.3/jackson-module-jaxb-annotations-2.11.3.jar (35 kB at 2.4 kB/s)
[INFO] Downloading from localsmartbear: https://rapi.tools.ops.smartbear.io/nexus/content/groups/public/jakarta/activation/jakarta.activation-api/1.2.1/jakarta.activation-api-1.2.1.jar
[INFO] Downloaded from localsmartbear: https://rapi.tools.ops.smartbear.io/nexus/content/groups/public/com/fasterxml/jackson/dataformat/jackson-dataformat-xml/2.11.3/jackson-dataformat-xml-2.11.3.jar (110 kB at 7.6 kB/s)
[INFO] Downloading from localsmartbear: https://rapi.tools.ops.smartbear.io/nexus/content/groups/public/org/codehaus/woodstox/stax2-api/4.2/stax2-api-4.2.jar
[INFO] Downloaded from localsmartbear: https://rapi.tools.ops.smartbear.io/nexus/content/groups/public/jakarta/xml/bind/jakarta.xml.bind-api/2.3.2/jakarta.xml.bind-api-2.3.2.jar (115 kB at 8.0 kB/s)
[INFO] Downloading from localsmartbear: https://rapi.tools.ops.smartbear.io/nexus/content/groups/public/com/fasterxml/woodstox/woodstox-core/6.2.0/woodstox-core-6.2.0.jar
[INFO] Downloaded from localsmartbear: https://rapi.tools.ops.smartbear.io/nexus/content/groups/public/jakarta/activation/jakarta.activation-api/1.2.1/jakarta.activation-api-1.2.1.jar (44 kB at 3.1 kB/s)
[INFO] Downloading from localsmartbear: https://rapi.tools.ops.smartbear.io/nexus/content/groups/public/org/apache/logging/log4j/log4j-core/2.11.0/log4j-core-2.11.0.jar
[INFO] Downloaded from localsmartbear: https://rapi.tools.ops.smartbear.io/nexus/content/groups/public/org/apache/xmlbeans/xmlbeans/3.1.1-sb-fixed/xmlbeans-3.1.1-sb-fixed.jar (2.6 MB at 177 kB/s)
[INFO] Downloading from localsmartbear: https://rapi.tools.ops.smartbear.io/nexus/content/groups/public/org/apache/logging/log4j/log4j-slf4j-impl/2.11.0/log4j-slf4j-impl-2.11.0.jar
[INFO] Downloaded from localsmartbear: https://rapi.tools.ops.smartbear.io/nexus/content/groups/public/org/codehaus/woodstox/stax2-api/4.2/stax2-api-4.2.jar (196 kB at 13 kB/s)
[INFO] Downloading from localsmartbear: https://rapi.tools.ops.smartbear.io/nexus/content/groups/public/org/apache/logging/log4j/log4j-jul/2.11.0/log4j-jul-2.11.0.jar
[INFO] Downloaded from localsmartbear: https://rapi.tools.ops.smartbear.io/nexus/content/groups/public/saxon/saxon/9.1.0.8j/saxon-9.1.0.8j.jar (5.0 MB at 340 kB/s)
[INFO] Downloading from localsmartbear: https://rapi.tools.ops.smartbear.io/nexus/content/groups/public/org/apache/logging/log4j/log4j-jcl/2.11.0/log4j-jcl-2.11.0.jar
[INFO] Downloaded from localsmartbear: https://rapi.tools.ops.smartbear.io/nexus/content/groups/public/org/apache/logging/log4j/log4j-slf4j-impl/2.11.0/log4j-slf4j-impl-2.11.0.jar (24 kB at 1.6 kB/s)
[INFO] Downloading from localsmartbear: https://rapi.tools.ops.smartbear.io/nexus/content/groups/public/org/apache/logging/log4j/log4j-1.2-api/2.11.0/log4j-1.2-api-2.11.0.jar
[INFO] Downloaded from localsmartbear: https://rapi.tools.ops.smartbear.io/nexus/content/groups/public/org/apache/logging/log4j/log4j-jul/2.11.0/log4j-jul-2.11.0.jar (24 kB at 1.6 kB/s)
[INFO] Downloading from localsmartbear: https://rapi.tools.ops.smartbear.io/nexus/content/groups/public/com/smartbear/readyapi-assertions-packaged/3.7.0/readyapi-assertions-packaged-3.7.0.jar
[INFO] Downloaded from localsmartbear: https://rapi.tools.ops.smartbear.io/nexus/content/groups/public/com/fasterxml/woodstox/woodstox-core/6.2.0/woodstox-core-6.2.0.jar (1.6 MB at 106 kB/s)
[INFO] Downloading from localsmartbear: https://rapi.tools.ops.smartbear.io/nexus/content/groups/public/net/java/dev/jna/jna-platform/4.5.2/jna-platform-4.5.2.jar
[INFO] Downloaded from localsmartbear: https://rapi.tools.ops.smartbear.io/nexus/content/groups/public/org/apache/logging/log4j/log4j-jcl/2.11.0/log4j-jcl-2.11.0.jar (13 kB at 845 B/s)
[INFO] Downloading from localsmartbear: https://rapi.tools.ops.smartbear.io/nexus/content/groups/public/javax/annotation/javax.annotation-api/1.3.2/javax.annotation-api-1.3.2.jar
[INFO] Downloaded from localsmartbear: https://rapi.tools.ops.smartbear.io/nexus/content/groups/public/org/apache/logging/log4j/log4j-1.2-api/2.11.0/log4j-1.2-api-2.11.0.jar (64 kB at 4.2 kB/s)
[INFO] Downloading from localsmartbear: https://rapi.tools.ops.smartbear.io/nexus/content/groups/public/org/openjfx/javafx-base/15/javafx-base-15-win.jar
[INFO] Downloaded from localsmartbear: https://rapi.tools.ops.smartbear.io/nexus/content/groups/public/javax/annotation/javax.annotation-api/1.3.2/javax.annotation-api-1.3.2.jar (27 kB at 1.8 kB/s)
[INFO] Downloading from localsmartbear: https://rapi.tools.ops.smartbear.io/nexus/content/groups/public/org/openjfx/javafx-base/15/javafx-base-15-linux.jar
[INFO] Downloaded from localsmartbear: https://rapi.tools.ops.smartbear.io/nexus/content/groups/public/com/smartbear/readyapi-assertions-packaged/3.7.0/readyapi-assertions-packaged-3.7.0.jar (581 kB at 38 kB/s)
[INFO] Downloading from localsmartbear: https://rapi.tools.ops.smartbear.io/nexus/content/groups/public/org/openjfx/javafx-base/15/javafx-base-15-mac.jar
[INFO] Downloaded from localsmartbear: https://rapi.tools.ops.smartbear.io/nexus/content/groups/public/org/apache/logging/log4j/log4j-core/2.11.0/log4j-core-2.11.0.jar (1.6 MB at 105 kB/s)
[INFO] Downloading from localsmartbear: https://rapi.tools.ops.smartbear.io/nexus/content/groups/public/org/openjfx/javafx-controls/15/javafx-controls-15-win.jar
[INFO] Downloaded from localsmartbear: https://rapi.tools.ops.smartbear.io/nexus/content/groups/public/org/openjfx/javafx-base/15/javafx-base-15-win.jar (746 kB at 48 kB/s)
[INFO] Downloading from localsmartbear: https://rapi.tools.ops.smartbear.io/nexus/content/groups/public/org/openjfx/javafx-graphics/15/javafx-graphics-15.jar
[INFO] Downloaded from localsmartbear: https://rapi.tools.ops.smartbear.io/nexus/content/groups/public/org/openjfx/javafx-graphics/15/javafx-graphics-15.jar (306 B at 19 B/s)
[INFO] Downloading from localsmartbear: https://rapi.tools.ops.smartbear.io/nexus/content/groups/public/org/openjfx/javafx-controls/15/javafx-controls-15-linux.jar
[INFO] Downloaded from localsmartbear: https://rapi.tools.ops.smartbear.io/nexus/content/groups/public/org/openjfx/javafx-base/15/javafx-base-15-linux.jar (746 kB at 47 kB/s)
[INFO] Downloading from localsmartbear: https://rapi.tools.ops.smartbear.io/nexus/content/groups/public/org/openjfx/javafx-controls/15/javafx-controls-15-mac.jar
[INFO] Downloaded from localsmartbear: https://rapi.tools.ops.smartbear.io/nexus/content/groups/public/org/openjfx/javafx-base/15/javafx-base-15-mac.jar (745 kB at 47 kB/s)
[INFO] Downloading from localsmartbear: https://rapi.tools.ops.smartbear.io/nexus/content/groups/public/org/openjfx/javafx-graphics/15/javafx-graphics-15-win.jar
[INFO] Downloaded from localsmartbear: https://rapi.tools.ops.smartbear.io/nexus/content/groups/public/net/java/dev/jna/jna-platform/4.5.2/jna-platform-4.5.2.jar (2.3 MB at 147 kB/s)
[INFO] Downloading from localsmartbear: https://rapi.tools.ops.smartbear.io/nexus/content/groups/public/org/openjfx/javafx-base/15/javafx-base-15.jar
[INFO] Downloaded from localsmartbear: https://rapi.tools.ops.smartbear.io/nexus/content/groups/public/org/openjfx/javafx-base/15/javafx-base-15.jar (302 B at 18 B/s)
[INFO] Downloading from localsmartbear: https://rapi.tools.ops.smartbear.io/nexus/content/groups/public/org/openjfx/javafx-graphics/15/javafx-graphics-15-linux.jar
[INFO] Downloaded from localsmartbear: https://rapi.tools.ops.smartbear.io/nexus/content/groups/public/org/openjfx/javafx-controls/15/javafx-controls-15-linux.jar (2.5 MB at 154 kB/s)
[INFO] Downloading from localsmartbear: https://rapi.tools.ops.smartbear.io/nexus/content/groups/public/org/openjfx/javafx-graphics/15/javafx-graphics-15-mac.jar
[INFO] Downloaded from localsmartbear: https://rapi.tools.ops.smartbear.io/nexus/content/groups/public/org/openjfx/javafx-controls/15/javafx-controls-15-win.jar (2.5 MB at 154 kB/s)
[INFO] Downloading from localsmartbear: https://rapi.tools.ops.smartbear.io/nexus/content/groups/public/org/openjfx/javafx-media/15/javafx-media-15-win.jar
[INFO] Downloaded from localsmartbear: https://rapi.tools.ops.smartbear.io/nexus/content/groups/public/org/openjfx/javafx-controls/15/javafx-controls-15-mac.jar (2.5 MB at 150 kB/s)
[INFO] Downloading from localsmartbear: https://rapi.tools.ops.smartbear.io/nexus/content/groups/public/org/openjfx/javafx-media/15/javafx-media-15-linux.jar
[INFO] Downloaded from localsmartbear: https://rapi.tools.ops.smartbear.io/nexus/content/groups/public/org/openjfx/javafx-media/15/javafx-media-15-win.jar (1.1 MB at 63 kB/s)
[INFO] Downloading from localsmartbear: https://rapi.tools.ops.smartbear.io/nexus/content/groups/public/org/openjfx/javafx-media/15/javafx-media-15-mac.jar
[INFO] Downloaded from localsmartbear: https://rapi.tools.ops.smartbear.io/nexus/content/groups/public/org/openjfx/javafx-media/15/javafx-media-15-linux.jar (1.4 MB at 81 kB/s)
[INFO] Downloading from localsmartbear: https://rapi.tools.ops.smartbear.io/nexus/content/groups/public/org/openjfx/javafx-web/15/javafx-web-15-win.jar
[INFO] Downloaded from localsmartbear: https://rapi.tools.ops.smartbear.io/nexus/content/groups/public/org/openjfx/javafx-media/15/javafx-media-15-mac.jar (1.6 MB at 90 kB/s)
[INFO] Downloading from localsmartbear: https://rapi.tools.ops.smartbear.io/nexus/content/groups/public/org/openjfx/javafx-controls/15/javafx-controls-15.jar
[INFO] Downloaded from localsmartbear: https://rapi.tools.ops.smartbear.io/nexus/content/groups/public/org/openjfx/javafx-controls/15/javafx-controls-15.jar (306 B at 16 B/s)
[INFO] Downloading from localsmartbear: https://rapi.tools.ops.smartbear.io/nexus/content/groups/public/org/openjfx/javafx-media/15/javafx-media-15.jar
[INFO] Downloaded from localsmartbear: https://rapi.tools.ops.smartbear.io/nexus/content/groups/public/org/openjfx/javafx-media/15/javafx-media-15.jar (303 B at 16 B/s)
[INFO] Downloading from localsmartbear: https://rapi.tools.ops.smartbear.io/nexus/content/groups/public/org/openjfx/javafx-web/15/javafx-web-15-linux.jar
[INFO] Downloaded from localsmartbear: https://rapi.tools.ops.smartbear.io/nexus/content/groups/public/org/openjfx/javafx-graphics/15/javafx-graphics-15-mac.jar (4.9 MB at 263 kB/s)
[INFO] Downloading from localsmartbear: https://rapi.tools.ops.smartbear.io/nexus/content/groups/public/org/openjfx/javafx-web/15/javafx-web-15-mac.jar
[INFO] Downloaded from localsmartbear: https://rapi.tools.ops.smartbear.io/nexus/content/groups/public/org/openjfx/javafx-graphics/15/javafx-graphics-15-linux.jar (5.0 MB at 260 kB/s)
[INFO] Downloading from localsmartbear: https://rapi.tools.ops.smartbear.io/nexus/content/groups/public/org/openjfx/javafx-swing/15/javafx-swing-15-win.jar
[INFO] Downloaded from localsmartbear: https://rapi.tools.ops.smartbear.io/nexus/content/groups/public/org/openjfx/javafx-swing/15/javafx-swing-15-win.jar (89 kB at 4.6 kB/s)
[INFO] Downloading from localsmartbear: https://rapi.tools.ops.smartbear.io/nexus/content/groups/public/org/openjfx/javafx-swing/15/javafx-swing-15-linux.jar
[INFO] Downloaded from localsmartbear: https://rapi.tools.ops.smartbear.io/nexus/content/groups/public/org/openjfx/javafx-swing/15/javafx-swing-15-linux.jar (89 kB at 4.5 kB/s)
[INFO] Downloading from localsmartbear: https://rapi.tools.ops.smartbear.io/nexus/content/groups/public/org/openjfx/javafx-swing/15/javafx-swing-15-mac.jar
[INFO] Downloaded from localsmartbear: https://rapi.tools.ops.smartbear.io/nexus/content/groups/public/org/openjfx/javafx-swing/15/javafx-swing-15-mac.jar (89 kB at 4.4 kB/s)
[INFO] Downloading from localsmartbear: https://rapi.tools.ops.smartbear.io/nexus/content/groups/public/com/smartbear/ready-api-soapui/3.7.0/ready-api-soapui-3.7.0.jar
[INFO] Downloaded from localsmartbear: https://rapi.tools.ops.smartbear.io/nexus/content/groups/public/org/openjfx/javafx-graphics/15/javafx-graphics-15-win.jar (5.9 MB at 294 kB/s)
[INFO] Downloading from localsmartbear: https://rapi.tools.ops.smartbear.io/nexus/content/groups/public/org/codehaus/groovy/groovy-dateutil/3.0.6/groovy-dateutil-3.0.6.jar
[INFO] Downloaded from localsmartbear: https://rapi.tools.ops.smartbear.io/nexus/content/groups/public/org/codehaus/groovy/groovy-dateutil/3.0.6/groovy-dateutil-3.0.6.jar (12 kB at 571 B/s)
[INFO] Downloading from localsmartbear: https://rapi.tools.ops.smartbear.io/nexus/content/groups/public/com/github/jiconfont/jiconfont-font_awesome/4.7.0.0/jiconfont-font_awesome-4.7.0.0.jar
[INFO] Downloaded from localsmartbear: https://rapi.tools.ops.smartbear.io/nexus/content/groups/public/com/github/jiconfont/jiconfont-font_awesome/4.7.0.0/jiconfont-font_awesome-4.7.0.0.jar (127 kB at 6.1 kB/s)
[INFO] Downloading from localsmartbear: https://rapi.tools.ops.smartbear.io/nexus/content/groups/public/com/github/jiconfont/jiconfont/1.0.0/jiconfont-1.0.0.jar
[INFO] Downloaded from localsmartbear: https://rapi.tools.ops.smartbear.io/nexus/content/groups/public/com/github/jiconfont/jiconfont/1.0.0/jiconfont-1.0.0.jar (3.5 kB at 165 B/s)
[INFO] Downloading from localsmartbear: https://rapi.tools.ops.smartbear.io/nexus/content/groups/public/com/github/jiconfont/jiconfont-swing/1.0.1/jiconfont-swing-1.0.1.jar
[INFO] Downloaded from localsmartbear: https://rapi.tools.ops.smartbear.io/nexus/content/groups/public/com/github/jiconfont/jiconfont-swing/1.0.1/jiconfont-swing-1.0.1.jar (4.9 kB at 227 B/s)
[INFO] Downloading from localsmartbear: https://rapi.tools.ops.smartbear.io/nexus/content/groups/public/com/smartbear/readyapi-js-libraries-packaged/3.7.0/readyapi-js-libraries-packaged-3.7.0.jar
[INFO] Downloaded from localsmartbear: https://rapi.tools.ops.smartbear.io/nexus/content/groups/public/com/smartbear/readyapi-js-libraries-packaged/3.7.0/readyapi-js-libraries-packaged-3.7.0.jar (266 kB at 12 kB/s)
[INFO] Downloading from localsmartbear: https://rapi.tools.ops.smartbear.io/nexus/content/groups/public/org/apache/kafka/kafka-clients/2.6.0/kafka-clients-2.6.0.jar
[INFO] Downloaded from localsmartbear: https://rapi.tools.ops.smartbear.io/nexus/content/groups/public/org/apache/kafka/kafka-clients/2.6.0/kafka-clients-2.6.0.jar (3.8 MB at 147 kB/s)
[INFO] Downloading from localsmartbear: https://rapi.tools.ops.smartbear.io/nexus/content/groups/public/com/github/luben/zstd-jni/1.4.4-7/zstd-jni-1.4.4-7.jar
[INFO] Downloaded from localsmartbear: https://rapi.tools.ops.smartbear.io/nexus/content/groups/public/org/openjfx/javafx-web/15/javafx-web-15-mac.jar (28 MB at 1.0 MB/s)
[INFO] Downloading from localsmartbear: https://rapi.tools.ops.smartbear.io/nexus/content/groups/public/org/lz4/lz4-java/1.7.1/lz4-java-1.7.1.jar
[INFO] Downloaded from localsmartbear: https://rapi.tools.ops.smartbear.io/nexus/content/groups/public/org/lz4/lz4-java/1.7.1/lz4-java-1.7.1.jar (650 kB at 23 kB/s)
[INFO] Downloading from localsmartbear: https://rapi.tools.ops.smartbear.io/nexus/content/groups/public/org/xerial/snappy/snappy-java/1.1.7.3/snappy-java-1.1.7.3.jar
[INFO] Downloaded from localsmartbear: https://rapi.tools.ops.smartbear.io/nexus/content/groups/public/com/github/luben/zstd-jni/1.4.4-7/zstd-jni-1.4.4-7.jar (4.2 MB at 150 kB/s)
[INFO] Downloading from localsmartbear: https://rapi.tools.ops.smartbear.io/nexus/content/groups/public/com/smartbear/utils/analytics/out-app-analytics-provider/2.5.9/out-app-analytics-provider-2.5.9.jar
[INFO] Downloaded from localsmartbear: https://rapi.tools.ops.smartbear.io/nexus/content/groups/public/com/smartbear/utils/analytics/out-app-analytics-provider/2.5.9/out-app-analytics-provider-2.5.9.jar (9.9 kB at 348 B/s)
[INFO] Downloading from localsmartbear: https://rapi.tools.ops.smartbear.io/nexus/content/groups/public/com/jgoodies/looks/2.2.0/looks-2.2.0.jar
[INFO] Downloaded from localsmartbear: https://rapi.tools.ops.smartbear.io/nexus/content/groups/public/org/xerial/snappy/snappy-java/1.1.7.3/snappy-java-1.1.7.3.jar (2.0 MB at 71 kB/s)
[INFO] Downloading from localsmartbear: https://rapi.tools.ops.smartbear.io/nexus/content/groups/public/com/jgoodies/binding/2.0.1/binding-2.0.1.jar
[INFO] Downloaded from localsmartbear: https://rapi.tools.ops.smartbear.io/nexus/content/groups/public/com/jgoodies/looks/2.2.0/looks-2.2.0.jar (425 kB at 15 kB/s)
[INFO] Downloading from localsmartbear: https://rapi.tools.ops.smartbear.io/nexus/content/groups/public/com/fifesoft/rsyntaxtextarea/2.6.1/rsyntaxtextarea-2.6.1.jar
[INFO] Downloaded from localsmartbear: https://rapi.tools.ops.smartbear.io/nexus/content/groups/public/com/jgoodies/binding/2.0.1/binding-2.0.1.jar (165 kB at 5.7 kB/s)
[INFO] Downloading from localsmartbear: https://rapi.tools.ops.smartbear.io/nexus/content/groups/public/org/eclipse/jetty/jetty-server/9.4.35.v20201120/jetty-server-9.4.35.v20201120.jar
[INFO] Downloaded from localsmartbear: https://rapi.tools.ops.smartbear.io/nexus/content/groups/public/org/eclipse/jetty/jetty-server/9.4.35.v20201120/jetty-server-9.4.35.v20201120.jar (709 kB at 24 kB/s)
[INFO] Downloading from localsmartbear: https://rapi.tools.ops.smartbear.io/nexus/content/groups/public/javax/servlet/javax.servlet-api/3.1.0/javax.servlet-api-3.1.0.jar
[INFO] Downloaded from localsmartbear: https://rapi.tools.ops.smartbear.io/nexus/content/groups/public/javax/servlet/javax.servlet-api/3.1.0/javax.servlet-api-3.1.0.jar (96 kB at 3.3 kB/s)
[INFO] Downloading from localsmartbear: https://rapi.tools.ops.smartbear.io/nexus/content/groups/public/org/eclipse/jetty/jetty-http/9.4.35.v20201120/jetty-http-9.4.35.v20201120.jar
[INFO] Downloaded from localsmartbear: https://rapi.tools.ops.smartbear.io/nexus/content/groups/public/com/fifesoft/rsyntaxtextarea/2.6.1/rsyntaxtextarea-2.6.1.jar (1.2 MB at 39 kB/s)
[INFO] Downloading from localsmartbear: https://rapi.tools.ops.smartbear.io/nexus/content/groups/public/org/eclipse/jetty/jetty-io/9.4.35.v20201120/jetty-io-9.4.35.v20201120.jar
[INFO] Downloaded from localsmartbear: https://rapi.tools.ops.smartbear.io/nexus/content/groups/public/org/eclipse/jetty/jetty-http/9.4.35.v20201120/jetty-http-9.4.35.v20201120.jar (217 kB at 7.3 kB/s)
[INFO] Downloading from localsmartbear: https://rapi.tools.ops.smartbear.io/nexus/content/groups/public/org/eclipse/jetty/jetty-util/9.4.35.v20201120/jetty-util-9.4.35.v20201120.jar
[INFO] Downloaded from localsmartbear: https://rapi.tools.ops.smartbear.io/nexus/content/groups/public/org/eclipse/jetty/jetty-io/9.4.35.v20201120/jetty-io-9.4.35.v20201120.jar (165 kB at 5.6 kB/s)
[INFO] Downloading from localsmartbear: https://rapi.tools.ops.smartbear.io/nexus/content/groups/public/org/eclipse/jetty/jetty-servlet/9.4.35.v20201120/jetty-servlet-9.4.35.v20201120.jar
[INFO] Downloaded from localsmartbear: https://rapi.tools.ops.smartbear.io/nexus/content/groups/public/org/eclipse/jetty/jetty-util/9.4.35.v20201120/jetty-util-9.4.35.v20201120.jar (566 kB at 19 kB/s)
[INFO] Downloading from localsmartbear: https://rapi.tools.ops.smartbear.io/nexus/content/groups/public/org/eclipse/jetty/jetty-security/9.4.35.v20201120/jetty-security-9.4.35.v20201120.jar
[INFO] Downloaded from localsmartbear: https://rapi.tools.ops.smartbear.io/nexus/content/groups/public/org/eclipse/jetty/jetty-servlet/9.4.35.v20201120/jetty-servlet-9.4.35.v20201120.jar (146 kB at 4.9 kB/s)
[INFO] Downloading from localsmartbear: https://rapi.tools.ops.smartbear.io/nexus/content/groups/public/org/eclipse/jetty/jetty-util-ajax/9.4.35.v20201120/jetty-util-ajax-9.4.35.v20201120.jar
[INFO] Downloaded from localsmartbear: https://rapi.tools.ops.smartbear.io/nexus/content/groups/public/org/eclipse/jetty/jetty-util-ajax/9.4.35.v20201120/jetty-util-ajax-9.4.35.v20201120.jar (65 kB at 2.2 kB/s)
[INFO] Downloading from localsmartbear: https://rapi.tools.ops.smartbear.io/nexus/content/groups/public/org/apache/ws/security/wss4j/1.6.18/wss4j-1.6.18.jar
[INFO] Downloaded from localsmartbear: https://rapi.tools.ops.smartbear.io/nexus/content/groups/public/org/eclipse/jetty/jetty-security/9.4.35.v20201120/jetty-security-9.4.35.v20201120.jar (118 kB at 3.9 kB/s)
[INFO] Downloading from localsmartbear: https://rapi.tools.ops.smartbear.io/nexus/content/groups/public/org/apache/santuario/xmlsec/1.5.8/xmlsec-1.5.8.jar
[INFO] Downloaded from localsmartbear: https://rapi.tools.ops.smartbear.io/nexus/content/groups/public/org/apache/ws/security/wss4j/1.6.18/wss4j-1.6.18.jar (464 kB at 15 kB/s)
[INFO] Downloading from localsmartbear: https://rapi.tools.ops.smartbear.io/nexus/content/groups/public/org/opensaml/opensaml/2.5.1-1/opensaml-2.5.1-1.jar
[INFO] Downloaded from localsmartbear: https://rapi.tools.ops.smartbear.io/nexus/content/groups/public/org/apache/santuario/xmlsec/1.5.8/xmlsec-1.5.8.jar (658 kB at 22 kB/s)
[INFO] Downloading from localsmartbear: https://rapi.tools.ops.smartbear.io/nexus/content/groups/public/org/opensaml/openws/1.4.2-1/openws-1.4.2-1.jar
[INFO] Downloaded from localsmartbear: https://rapi.tools.ops.smartbear.io/nexus/content/groups/public/org/openjfx/javafx-web/15/javafx-web-15-win.jar (24 MB at 802 kB/s)
[INFO] Downloading from localsmartbear: https://rapi.tools.ops.smartbear.io/nexus/content/groups/public/org/opensaml/xmltooling/1.3.2-1/xmltooling-1.3.2-1.jar
[INFO] Downloaded from localsmartbear: https://rapi.tools.ops.smartbear.io/nexus/content/groups/public/org/opensaml/opensaml/2.5.1-1/opensaml-2.5.1-1.jar (1.4 MB at 44 kB/s)
[INFO] Downloading from localsmartbear: https://rapi.tools.ops.smartbear.io/nexus/content/groups/public/net/sourceforge/htmlunit/htmlunit/2.33-sb-fixed/htmlunit-2.33-sb-fixed.jar
[INFO] Downloaded from localsmartbear: https://rapi.tools.ops.smartbear.io/nexus/content/groups/public/org/opensaml/openws/1.4.2-1/openws-1.4.2-1.jar (565 kB at 18 kB/s)
[INFO] Downloading from localsmartbear: https://rapi.tools.ops.smartbear.io/nexus/content/groups/public/org/apache/commons/commons-text/1.4/commons-text-1.4.jar
[INFO] Downloaded from localsmartbear: https://rapi.tools.ops.smartbear.io/nexus/content/groups/public/org/opensaml/xmltooling/1.3.2-1/xmltooling-1.3.2-1.jar (611 kB at 20 kB/s)
[INFO] Downloading from localsmartbear: https://rapi.tools.ops.smartbear.io/nexus/content/groups/public/org/apache/httpcomponents/httpmime/4.5.6/httpmime-4.5.6.jar
[INFO] Downloaded from localsmartbear: https://rapi.tools.ops.smartbear.io/nexus/content/groups/public/org/apache/commons/commons-text/1.4/commons-text-1.4.jar (184 kB at 5.9 kB/s)
[INFO] Downloading from localsmartbear: https://rapi.tools.ops.smartbear.io/nexus/content/groups/public/net/sourceforge/htmlunit/htmlunit-core-js/2.33/htmlunit-core-js-2.33.jar
[INFO] Downloaded from localsmartbear: https://rapi.tools.ops.smartbear.io/nexus/content/groups/public/org/apache/httpcomponents/httpmime/4.5.6/httpmime-4.5.6.jar (42 kB at 1.3 kB/s)
[INFO] Downloading from localsmartbear: https://rapi.tools.ops.smartbear.io/nexus/content/groups/public/net/sourceforge/htmlunit/neko-htmlunit/2.33/neko-htmlunit-2.33.jar
[INFO] Downloaded from localsmartbear: https://rapi.tools.ops.smartbear.io/nexus/content/groups/public/net/sourceforge/htmlunit/htmlunit/2.33-sb-fixed/htmlunit-2.33-sb-fixed.jar (2.0 MB at 65 kB/s)
[INFO] Downloading from localsmartbear: https://rapi.tools.ops.smartbear.io/nexus/content/groups/public/xerces/xercesImpl/2.12.0/xercesImpl-2.12.0.jar
[INFO] Downloaded from localsmartbear: https://rapi.tools.ops.smartbear.io/nexus/content/groups/public/net/sourceforge/htmlunit/neko-htmlunit/2.33/neko-htmlunit-2.33.jar (97 kB at 3.1 kB/s)
[INFO] Downloading from localsmartbear: https://rapi.tools.ops.smartbear.io/nexus/content/groups/public/net/sourceforge/htmlunit/htmlunit-cssparser/1.2.0/htmlunit-cssparser-1.2.0.jar
[INFO] Downloaded from localsmartbear: https://rapi.tools.ops.smartbear.io/nexus/content/groups/public/com/smartbear/ready-api-soapui/3.7.0/ready-api-soapui-3.7.0.jar (15 MB at 489 kB/s)
[INFO] Downloading from localsmartbear: https://rapi.tools.ops.smartbear.io/nexus/content/groups/public/org/eclipse/jetty/websocket/websocket-client/9.4.12.v20180830/websocket-client-9.4.12.v20180830.jar
[INFO] Downloaded from localsmartbear: https://rapi.tools.ops.smartbear.io/nexus/content/groups/public/xerces/xercesImpl/2.12.0/xercesImpl-2.12.0.jar (1.4 MB at 44 kB/s)
[INFO] Downloading from localsmartbear: https://rapi.tools.ops.smartbear.io/nexus/content/groups/public/org/eclipse/jetty/jetty-client/9.4.12.v20180830/jetty-client-9.4.12.v20180830.jar
[INFO] Downloaded from localsmartbear: https://rapi.tools.ops.smartbear.io/nexus/content/groups/public/net/sourceforge/htmlunit/htmlunit-cssparser/1.2.0/htmlunit-cssparser-1.2.0.jar (211 kB at 6.7 kB/s)
[INFO] Downloading from localsmartbear: https://rapi.tools.ops.smartbear.io/nexus/content/groups/public/org/eclipse/jetty/jetty-xml/9.4.12.v20180830/jetty-xml-9.4.12.v20180830.jar
[INFO] Downloaded from localsmartbear: https://rapi.tools.ops.smartbear.io/nexus/content/groups/public/net/sourceforge/htmlunit/htmlunit-core-js/2.33/htmlunit-core-js-2.33.jar (1.2 MB at 37 kB/s)
[INFO] Downloading from localsmartbear: https://rapi.tools.ops.smartbear.io/nexus/content/groups/public/org/eclipse/jetty/websocket/websocket-common/9.4.12.v20180830/websocket-common-9.4.12.v20180830.jar
[INFO] Downloaded from localsmartbear: https://rapi.tools.ops.smartbear.io/nexus/content/groups/public/org/eclipse/jetty/websocket/websocket-client/9.4.12.v20180830/websocket-client-9.4.12.v20180830.jar (36 kB at 1.1 kB/s)
[INFO] Downloading from localsmartbear: https://rapi.tools.ops.smartbear.io/nexus/content/groups/public/org/eclipse/jetty/websocket/websocket-api/9.4.12.v20180830/websocket-api-9.4.12.v20180830.jar
[INFO] Downloaded from localsmartbear: https://rapi.tools.ops.smartbear.io/nexus/content/groups/public/org/eclipse/jetty/jetty-xml/9.4.12.v20180830/jetty-xml-9.4.12.v20180830.jar (52 kB at 1.6 kB/s)
[INFO] Downloading from localsmartbear: https://rapi.tools.ops.smartbear.io/nexus/content/groups/public/org/apache/httpcomponents/httpclient/4.5.2/httpclient-4.5.2.jar
[INFO] Downloaded from localsmartbear: https://rapi.tools.ops.smartbear.io/nexus/content/groups/public/org/eclipse/jetty/jetty-client/9.4.12.v20180830/jetty-client-9.4.12.v20180830.jar (281 kB at 8.8 kB/s)
[INFO] Downloading from localsmartbear: https://rapi.tools.ops.smartbear.io/nexus/content/groups/public/org/apache/httpcomponents/httpcore/4.4.3/httpcore-4.4.3.jar
[INFO] Downloaded from localsmartbear: https://rapi.tools.ops.smartbear.io/nexus/content/groups/public/org/eclipse/jetty/websocket/websocket-common/9.4.12.v20180830/websocket-common-9.4.12.v20180830.jar (197 kB at 6.1 kB/s)
[INFO] Downloading from localsmartbear: https://rapi.tools.ops.smartbear.io/nexus/content/groups/public/org/apache/oltu/oauth2/org.apache.oltu.oauth2.client/0.31/org.apache.oltu.oauth2.client-0.31.jar
[INFO] Downloaded from localsmartbear: https://rapi.tools.ops.smartbear.io/nexus/content/groups/public/org/eclipse/jetty/websocket/websocket-api/9.4.12.v20180830/websocket-api-9.4.12.v20180830.jar (44 kB at 1.4 kB/s)
[INFO] Downloading from localsmartbear: https://rapi.tools.ops.smartbear.io/nexus/content/groups/public/org/apache/oltu/oauth2/org.apache.oltu.oauth2.common/0.31/org.apache.oltu.oauth2.common-0.31.jar
[INFO] Downloaded from localsmartbear: https://rapi.tools.ops.smartbear.io/nexus/content/groups/public/org/apache/httpcomponents/httpclient/4.5.2/httpclient-4.5.2.jar (737 kB at 23 kB/s)
[INFO] Downloading from localsmartbear: https://rapi.tools.ops.smartbear.io/nexus/content/groups/public/org/codehaus/jettison/jettison/1.2/jettison-1.2.jar
[INFO] Downloaded from localsmartbear: https://rapi.tools.ops.smartbear.io/nexus/content/groups/public/org/apache/httpcomponents/httpcore/4.4.3/httpcore-4.4.3.jar (327 kB at 10 kB/s)
[INFO] Downloading from localsmartbear: https://rapi.tools.ops.smartbear.io/nexus/content/groups/public/org/apache/oltu/oauth2/org.apache.oltu.oauth2.httpclient4/0.31/org.apache.oltu.oauth2.httpclient4-0.31.jar
[INFO] Downloaded from localsmartbear: https://rapi.tools.ops.smartbear.io/nexus/content/groups/public/org/apache/oltu/oauth2/org.apache.oltu.oauth2.common/0.31/org.apache.oltu.oauth2.common-0.31.jar (52 kB at 1.6 kB/s)
[INFO] Downloading from localsmartbear: https://rapi.tools.ops.smartbear.io/nexus/content/groups/public/org/apache/oltu/oauth2/org.apache.oltu.oauth2.jwt/1.0.1/org.apache.oltu.oauth2.jwt-1.0.1.jar
[INFO] Downloaded from localsmartbear: https://rapi.tools.ops.smartbear.io/nexus/content/groups/public/org/apache/oltu/oauth2/org.apache.oltu.oauth2.client/0.31/org.apache.oltu.oauth2.client-0.31.jar (31 kB at 969 B/s)
[INFO] Downloading from localsmartbear: https://rapi.tools.ops.smartbear.io/nexus/content/groups/public/org/apache/oltu/commons/org.apache.oltu.commons.encodedtoken/1.0.0/org.apache.oltu.commons.encodedtoken-1.0.0.jar
[INFO] Downloaded from localsmartbear: https://rapi.tools.ops.smartbear.io/nexus/content/groups/public/org/codehaus/jettison/jettison/1.2/jettison-1.2.jar (72 kB at 2.2 kB/s)
[INFO] Downloaded from localsmartbear: https://rapi.tools.ops.smartbear.io/nexus/content/groups/public/org/apache/oltu/oauth2/org.apache.oltu.oauth2.httpclient4/0.31/org.apache.oltu.oauth2.httpclient4-0.31.jar (11 kB at 338 B/s)
[INFO] Downloading from localsmartbear: https://rapi.tools.ops.smartbear.io/nexus/content/groups/public/org/apache/oltu/oauth2/org.apache.oltu.oauth2.authzserver/1.0.0/org.apache.oltu.oauth2.authzserver-1.0.0.jar
[INFO] Downloading from localsmartbear: https://rapi.tools.ops.smartbear.io/nexus/content/groups/public/org/apache/oltu/commons/org.apache.oltu.commons.json/1.0.0/org.apache.oltu.commons.json-1.0.0.jar
[INFO] Downloaded from localsmartbear: https://rapi.tools.ops.smartbear.io/nexus/content/groups/public/org/apache/oltu/oauth2/org.apache.oltu.oauth2.jwt/1.0.1/org.apache.oltu.oauth2.jwt-1.0.1.jar (90 kB at 2.8 kB/s)
[INFO] Downloading from localsmartbear: https://rapi.tools.ops.smartbear.io/nexus/content/groups/public/com/google/oauth-client/google-oauth-client/1.21.0/google-oauth-client-1.21.0.jar
[INFO] Downloaded from localsmartbear: https://rapi.tools.ops.smartbear.io/nexus/content/groups/public/org/apache/oltu/commons/org.apache.oltu.commons.encodedtoken/1.0.0/org.apache.oltu.commons.encodedtoken-1.0.0.jar (11 kB at 351 B/s)
[INFO] Downloading from localsmartbear: https://rapi.tools.ops.smartbear.io/nexus/content/groups/public/com/google/http-client/google-http-client/1.21.0/google-http-client-1.21.0.jar
[INFO] Downloaded from localsmartbear: https://rapi.tools.ops.smartbear.io/nexus/content/groups/public/com/google/oauth-client/google-oauth-client/1.21.0/google-oauth-client-1.21.0.jar (61 kB at 1.9 kB/s)
[INFO] Downloading from localsmartbear: https://rapi.tools.ops.smartbear.io/nexus/content/groups/public/org/apache/oltu/jose/org.apache.oltu.jose.jws/1.0.1/org.apache.oltu.jose.jws-1.0.1.jar
[INFO] Downloaded from localsmartbear: https://rapi.tools.ops.smartbear.io/nexus/content/groups/public/org/apache/oltu/commons/org.apache.oltu.commons.json/1.0.0/org.apache.oltu.commons.json-1.0.0.jar (13 kB at 412 B/s)
[INFO] Downloaded from localsmartbear: https://rapi.tools.ops.smartbear.io/nexus/content/groups/public/org/apache/oltu/oauth2/org.apache.oltu.oauth2.authzserver/1.0.0/org.apache.oltu.oauth2.authzserver-1.0.0.jar (30 kB at 929 B/s)
[INFO] Downloading from localsmartbear: https://rapi.tools.ops.smartbear.io/nexus/content/groups/public/com/sun/mail/jakarta.mail/2.0.0/jakarta.mail-2.0.0.jar
[INFO] Downloading from localsmartbear: https://rapi.tools.ops.smartbear.io/nexus/content/groups/public/com/sun/activation/jakarta.activation/2.0.0/jakarta.activation-2.0.0.jar
[INFO] Downloaded from localsmartbear: https://rapi.tools.ops.smartbear.io/nexus/content/groups/public/com/google/http-client/google-http-client/1.21.0/google-http-client-1.21.0.jar (285 kB at 8.8 kB/s)
[INFO] Downloading from localsmartbear: https://rapi.tools.ops.smartbear.io/nexus/content/groups/public/wsdl4j/wsdl4j/1.6.2-fixed/wsdl4j-1.6.2-fixed.jar
[INFO] Downloaded from localsmartbear: https://rapi.tools.ops.smartbear.io/nexus/content/groups/public/com/sun/activation/jakarta.activation/2.0.0/jakarta.activation-2.0.0.jar (63 kB at 1.9 kB/s)
[INFO] Downloading from localsmartbear: https://rapi.tools.ops.smartbear.io/nexus/content/groups/public/com/narupley/not-going-to-be-commons-ssl/0.3.20/not-going-to-be-commons-ssl-0.3.20.jar
[INFO] Downloaded from localsmartbear: https://rapi.tools.ops.smartbear.io/nexus/content/groups/public/wsdl4j/wsdl4j/1.6.2-fixed/wsdl4j-1.6.2-fixed.jar (146 kB at 4.5 kB/s)
[INFO] Downloaded from localsmartbear: https://rapi.tools.ops.smartbear.io/nexus/content/groups/public/org/apache/oltu/jose/org.apache.oltu.jose.jws/1.0.1/org.apache.oltu.jose.jws-1.0.1.jar (25 kB at 767 B/s)
[INFO] Downloading from localsmartbear: https://rapi.tools.ops.smartbear.io/nexus/content/groups/public/swingx/swingx/soapui/swingx-soapui.jar
[INFO] Downloading from localsmartbear: https://rapi.tools.ops.smartbear.io/nexus/content/groups/public/commons-cli/commons-cli/1.4/commons-cli-1.4.jar
[INFO] Downloaded from localsmartbear: https://rapi.tools.ops.smartbear.io/nexus/content/groups/public/com/narupley/not-going-to-be-commons-ssl/0.3.20/not-going-to-be-commons-ssl-0.3.20.jar (190 kB at 5.8 kB/s)
[INFO] Downloading from localsmartbear: https://rapi.tools.ops.smartbear.io/nexus/content/groups/public/commons-codec/commons-codec/1.6/commons-codec-1.6.jar
[INFO] Downloaded from localsmartbear: https://rapi.tools.ops.smartbear.io/nexus/content/groups/public/com/sun/mail/jakarta.mail/2.0.0/jakarta.mail-2.0.0.jar (682 kB at 21 kB/s)
[INFO] Downloading from localsmartbear: https://rapi.tools.ops.smartbear.io/nexus/content/groups/public/org/mozilla/rhino/1.7.10/rhino-1.7.10.jar
[INFO] Downloaded from localsmartbear: https://rapi.tools.ops.smartbear.io/nexus/content/groups/public/commons-cli/commons-cli/1.4/commons-cli-1.4.jar (54 kB at 1.6 kB/s)
[INFO] Downloading from localsmartbear: https://rapi.tools.ops.smartbear.io/nexus/content/groups/public/xmlunit/xmlunit/1.2/xmlunit-1.2.jar
[INFO] Downloaded from localsmartbear: https://rapi.tools.ops.smartbear.io/nexus/content/groups/public/commons-codec/commons-codec/1.6/commons-codec-1.6.jar (233 kB at 7.1 kB/s)
[INFO] Downloading from localsmartbear: https://rapi.tools.ops.smartbear.io/nexus/content/groups/public/org/bouncycastle/bcprov-jdk15on/1.64/bcprov-jdk15on-1.64.jar
[INFO] Downloaded from localsmartbear: https://rapi.tools.ops.smartbear.io/nexus/content/groups/public/xmlunit/xmlunit/1.2/xmlunit-1.2.jar (97 kB at 2.9 kB/s)
[INFO] Downloading from localsmartbear: https://rapi.tools.ops.smartbear.io/nexus/content/groups/public/jtidy/jtidy/r872-jdk15/jtidy-r872-jdk15.jar
[INFO] Downloaded from localsmartbear: https://rapi.tools.ops.smartbear.io/nexus/content/groups/public/jtidy/jtidy/r872-jdk15/jtidy-r872-jdk15.jar (279 kB at 8.4 kB/s)
[INFO] Downloading from localsmartbear: https://rapi.tools.ops.smartbear.io/nexus/content/groups/public/javax/jms/jms/1.1/jms-1.1.jar
[INFO] Downloaded from localsmartbear: https://rapi.tools.ops.smartbear.io/nexus/content/groups/public/swingx/swingx/soapui/swingx-soapui.jar (1.2 MB at 35 kB/s)
[INFO] Downloading from localsmartbear: https://rapi.tools.ops.smartbear.io/nexus/content/groups/public/hermesjms/hermes/1.14/hermes-1.14.jar
[INFO] Downloaded from localsmartbear: https://rapi.tools.ops.smartbear.io/nexus/content/groups/public/org/openjfx/javafx-web/15/javafx-web-15-linux.jar (32 MB at 970 kB/s)
[INFO] Downloading from localsmartbear: https://rapi.tools.ops.smartbear.io/nexus/content/groups/public/amf/flex-messaging-common/1.0/flex-messaging-common-1.0.jar
[INFO] Downloaded from localsmartbear: https://rapi.tools.ops.smartbear.io/nexus/content/groups/public/org/mozilla/rhino/1.7.10/rhino-1.7.10.jar (1.3 MB at 38 kB/s)
[INFO] Downloading from localsmartbear: https://rapi.tools.ops.smartbear.io/nexus/content/groups/public/amf/flex-messaging-core/1.0/flex-messaging-core-1.0.jar
[INFO] Downloaded from localsmartbear: https://rapi.tools.ops.smartbear.io/nexus/content/groups/public/javax/jms/jms/1.1/jms-1.1.jar (26 kB at 786 B/s)
[INFO] Downloading from localsmartbear: https://rapi.tools.ops.smartbear.io/nexus/content/groups/public/com/thoughtworks/xstream/xstream/1.4.13/xstream-1.4.13.jar
[INFO] Downloaded from localsmartbear: https://rapi.tools.ops.smartbear.io/nexus/content/groups/public/amf/flex-messaging-common/1.0/flex-messaging-common-1.0.jar (90 kB at 2.7 kB/s)
[INFO] Downloading from localsmartbear: https://rapi.tools.ops.smartbear.io/nexus/content/groups/public/xmlpull/xmlpull/1.1.3.1/xmlpull-1.1.3.1.jar
[INFO] Downloaded from localsmartbear: https://rapi.tools.ops.smartbear.io/nexus/content/groups/public/xmlpull/xmlpull/1.1.3.1/xmlpull-1.1.3.1.jar (7.2 kB at 213 B/s)
[INFO] Downloading from localsmartbear: https://rapi.tools.ops.smartbear.io/nexus/content/groups/public/xpp3/xpp3_min/1.1.4c/xpp3_min-1.1.4c.jar
[INFO] Downloaded from localsmartbear: https://rapi.tools.ops.smartbear.io/nexus/content/groups/public/amf/flex-messaging-core/1.0/flex-messaging-core-1.0.jar (644 kB at 19 kB/s)
[INFO] Downloading from localsmartbear: https://rapi.tools.ops.smartbear.io/nexus/content/groups/public/net/sourceforge/nekohtml/nekohtml/1.9.14/nekohtml-1.9.14.jar
[INFO] Downloaded from localsmartbear: https://rapi.tools.ops.smartbear.io/nexus/content/groups/public/com/thoughtworks/xstream/xstream/1.4.13/xstream-1.4.13.jar (627 kB at 19 kB/s)
[INFO] Downloading from localsmartbear: https://rapi.tools.ops.smartbear.io/nexus/content/groups/public/l2fprod/l2fprod-common-fontchooser/7.3/l2fprod-common-fontchooser-7.3.jar
[INFO] Downloaded from localsmartbear: https://rapi.tools.ops.smartbear.io/nexus/content/groups/public/hermesjms/hermes/1.14/hermes-1.14.jar (1.4 MB at 40 kB/s)
[INFO] Downloading from localsmartbear: https://rapi.tools.ops.smartbear.io/nexus/content/groups/public/org/apache/ws/commons/util/ws-commons-util/1.0.2/ws-commons-util-1.0.2.jar
[INFO] Downloaded from localsmartbear: https://rapi.tools.ops.smartbear.io/nexus/content/groups/public/xpp3/xpp3_min/1.1.4c/xpp3_min-1.1.4c.jar (25 kB at 737 B/s)
[INFO] Downloading from localsmartbear: https://rapi.tools.ops.smartbear.io/nexus/content/groups/public/com/github/markusbernhardt/proxy-vole/1.0.4/proxy-vole-1.0.4.jar
[INFO] Downloaded from localsmartbear: https://rapi.tools.ops.smartbear.io/nexus/content/groups/public/net/sourceforge/nekohtml/nekohtml/1.9.14/nekohtml-1.9.14.jar (124 kB at 3.7 kB/s)
[INFO] Downloading from localsmartbear: https://rapi.tools.ops.smartbear.io/nexus/content/groups/public/org/ini4j/ini4j/0.5.4/ini4j-0.5.4.jar
[INFO] Downloaded from localsmartbear: https://rapi.tools.ops.smartbear.io/nexus/content/groups/public/l2fprod/l2fprod-common-fontchooser/7.3/l2fprod-common-fontchooser-7.3.jar (124 kB at 3.7 kB/s)
[INFO] Downloaded from localsmartbear: https://rapi.tools.ops.smartbear.io/nexus/content/groups/public/org/apache/ws/commons/util/ws-commons-util/1.0.2/ws-commons-util-1.0.2.jar (34 kB at 1.0 kB/s)
[INFO] Downloading from localsmartbear: https://rapi.tools.ops.smartbear.io/nexus/content/groups/public/org/eclipse/xtend/org.eclipse.xtend.lib/2.8.3/org.eclipse.xtend.lib-2.8.3.jar
[INFO] Downloading from localsmartbear: https://rapi.tools.ops.smartbear.io/nexus/content/groups/public/org/javadelight/delight-rhino-sandbox/0.0.6/delight-rhino-sandbox-0.0.6.jar
[INFO] Downloaded from localsmartbear: https://rapi.tools.ops.smartbear.io/nexus/content/groups/public/com/github/markusbernhardt/proxy-vole/1.0.4/proxy-vole-1.0.4.jar (147 kB at 4.3 kB/s)
[INFO] Downloading from localsmartbear: https://rapi.tools.ops.smartbear.io/nexus/content/groups/public/org/eclipse/xtext/org.eclipse.xtext.xbase.lib/2.8.3/org.eclipse.xtext.xbase.lib-2.8.3.jar
[INFO] Downloaded from localsmartbear: https://rapi.tools.ops.smartbear.io/nexus/content/groups/public/org/bouncycastle/bcprov-jdk15on/1.64/bcprov-jdk15on-1.64.jar (4.8 MB at 141 kB/s)
[INFO] Downloading from localsmartbear: https://rapi.tools.ops.smartbear.io/nexus/content/groups/public/org/eclipse/xtend/org.eclipse.xtend.lib.macro/2.8.3/org.eclipse.xtend.lib.macro-2.8.3.jar
[INFO] Downloaded from localsmartbear: https://rapi.tools.ops.smartbear.io/nexus/content/groups/public/org/ini4j/ini4j/0.5.4/ini4j-0.5.4.jar (102 kB at 3.0 kB/s)
[INFO] Downloading from localsmartbear: https://rapi.tools.ops.smartbear.io/nexus/content/groups/public/commons-httpclient/commons-httpclient/3.1/commons-httpclient-3.1.jar
[INFO] Downloaded from localsmartbear: https://rapi.tools.ops.smartbear.io/nexus/content/groups/public/org/eclipse/xtend/org.eclipse.xtend.lib.macro/2.8.3/org.eclipse.xtend.lib.macro-2.8.3.jar (60 kB at 1.8 kB/s)
[INFO] Downloading from localsmartbear: https://rapi.tools.ops.smartbear.io/nexus/content/groups/public/org/raml/raml-parser/0.8.40/raml-parser-0.8.40.jar
[INFO] Downloaded from localsmartbear: https://rapi.tools.ops.smartbear.io/nexus/content/groups/public/org/eclipse/xtend/org.eclipse.xtend.lib/2.8.3/org.eclipse.xtend.lib-2.8.3.jar (152 kB at 4.5 kB/s)
[INFO] Downloading from localsmartbear: https://rapi.tools.ops.smartbear.io/nexus/content/groups/public/com/fasterxml/jackson/module/jackson-module-jsonSchema/2.10.0/jackson-module-jsonSchema-2.10.0.jar
[INFO] Downloaded from localsmartbear: https://rapi.tools.ops.smartbear.io/nexus/content/groups/public/org/javadelight/delight-rhino-sandbox/0.0.6/delight-rhino-sandbox-0.0.6.jar (79 kB at 2.3 kB/s)
[INFO] Downloading from localsmartbear: https://rapi.tools.ops.smartbear.io/nexus/content/groups/public/com/googlecode/juniversalchardet/juniversalchardet/1.0.3/juniversalchardet-1.0.3.jar
[INFO] Downloaded from localsmartbear: https://rapi.tools.ops.smartbear.io/nexus/content/groups/public/org/eclipse/xtext/org.eclipse.xtext.xbase.lib/2.8.3/org.eclipse.xtext.xbase.lib-2.8.3.jar (118 kB at 3.4 kB/s)
[INFO] Downloading from localsmartbear: https://rapi.tools.ops.smartbear.io/nexus/content/groups/public/javax/xml/bind/jaxb-api/2.3.1/jaxb-api-2.3.1.jar
[INFO] Downloaded from localsmartbear: https://rapi.tools.ops.smartbear.io/nexus/content/groups/public/commons-httpclient/commons-httpclient/3.1/commons-httpclient-3.1.jar (305 kB at 8.9 kB/s)
[INFO] Downloading from localsmartbear: https://rapi.tools.ops.smartbear.io/nexus/content/groups/public/javax/activation/javax.activation-api/1.2.0/javax.activation-api-1.2.0.jar
[INFO] Downloaded from localsmartbear: https://rapi.tools.ops.smartbear.io/nexus/content/groups/public/org/raml/raml-parser/0.8.40/raml-parser-0.8.40.jar (215 kB at 6.3 kB/s)
[INFO] Downloading from localsmartbear: https://rapi.tools.ops.smartbear.io/nexus/content/groups/public/com/sun/xml/bind/jaxb-core/2.3.0.1/jaxb-core-2.3.0.1.jar
[INFO] Downloaded from localsmartbear: https://rapi.tools.ops.smartbear.io/nexus/content/groups/public/com/googlecode/juniversalchardet/juniversalchardet/1.0.3/juniversalchardet-1.0.3.jar (221 kB at 6.5 kB/s)
[INFO] Downloading from localsmartbear: https://rapi.tools.ops.smartbear.io/nexus/content/groups/public/com/sun/xml/bind/jaxb-impl/2.3.1/jaxb-impl-2.3.1.jar
[INFO] Downloaded from localsmartbear: https://rapi.tools.ops.smartbear.io/nexus/content/groups/public/javax/xml/bind/jaxb-api/2.3.1/jaxb-api-2.3.1.jar (128 kB at 3.7 kB/s)
[INFO] Downloading from localsmartbear: https://rapi.tools.ops.smartbear.io/nexus/content/groups/public/net/sf/jacob-project/jacob/1.14.3/jacob-1.14.3.jar
[INFO] Downloaded from localsmartbear: https://rapi.tools.ops.smartbear.io/nexus/content/groups/public/com/fasterxml/jackson/module/jackson-module-jsonSchema/2.10.0/jackson-module-jsonSchema-2.10.0.jar (79 kB at 2.3 kB/s)
[INFO] Downloading from localsmartbear: https://rapi.tools.ops.smartbear.io/nexus/content/groups/public/com/smartbear/har-java/1.0.0/har-java-1.0.0.jar
[INFO] Downloaded from localsmartbear: https://rapi.tools.ops.smartbear.io/nexus/content/groups/public/com/sun/xml/bind/jaxb-core/2.3.0.1/jaxb-core-2.3.0.1.jar (255 kB at 7.4 kB/s)
[INFO] Downloading from localsmartbear: https://rapi.tools.ops.smartbear.io/nexus/content/groups/public/com/smartbear/swagger4j/1.0.0/swagger4j-1.0.0.jar
[INFO] Downloaded from localsmartbear: https://rapi.tools.ops.smartbear.io/nexus/content/groups/public/javax/activation/javax.activation-api/1.2.0/javax.activation-api-1.2.0.jar (57 kB at 1.7 kB/s)
[INFO] Downloading from localsmartbear: https://rapi.tools.ops.smartbear.io/nexus/content/groups/public/org/glassfish/javax.json/1.0-b06/javax.json-1.0-b06.jar
[INFO] Downloaded from localsmartbear: https://rapi.tools.ops.smartbear.io/nexus/content/groups/public/net/sf/jacob-project/jacob/1.14.3/jacob-1.14.3.jar (49 kB at 1.4 kB/s)
[INFO] Downloading from localsmartbear: https://rapi.tools.ops.smartbear.io/nexus/content/groups/public/javax/json/javax.json-api/1.0-b06/javax.json-api-1.0-b06.jar
[INFO] Downloaded from localsmartbear: https://rapi.tools.ops.smartbear.io/nexus/content/groups/public/com/smartbear/swagger4j/1.0.0/swagger4j-1.0.0.jar (94 kB at 2.7 kB/s)
[INFO] Downloading from localsmartbear: https://rapi.tools.ops.smartbear.io/nexus/content/groups/public/io/swagger/swagger-inflector/1.0.19/swagger-inflector-1.0.19.jar
[INFO] Downloaded from localsmartbear: https://rapi.tools.ops.smartbear.io/nexus/content/groups/public/com/smartbear/har-java/1.0.0/har-java-1.0.0.jar (42 kB at 1.2 kB/s)
[INFO] Downloading from localsmartbear: https://rapi.tools.ops.smartbear.io/nexus/content/groups/public/io/swagger/swagger-jersey2-jaxrs/1.6.1/swagger-jersey2-jaxrs-1.6.1.jar
[INFO] Downloaded from localsmartbear: https://rapi.tools.ops.smartbear.io/nexus/content/groups/public/org/glassfish/javax.json/1.0-b06/javax.json-1.0-b06.jar (78 kB at 2.3 kB/s)
[INFO] Downloading from localsmartbear: https://rapi.tools.ops.smartbear.io/nexus/content/groups/public/io/swagger/swagger-jaxrs/1.6.1/swagger-jaxrs-1.6.1.jar
[INFO] Downloaded from localsmartbear: https://rapi.tools.ops.smartbear.io/nexus/content/groups/public/javax/json/javax.json-api/1.0-b06/javax.json-api-1.0-b06.jar (20 kB at 570 B/s)
[INFO] Downloading from localsmartbear: https://rapi.tools.ops.smartbear.io/nexus/content/groups/public/org/glassfish/jersey/containers/jersey-container-servlet-core/2.29.1/jersey-container-servlet-core-2.29.1.jar
[INFO] Downloaded from localsmartbear: https://rapi.tools.ops.smartbear.io/nexus/content/groups/public/io/swagger/swagger-inflector/1.0.19/swagger-inflector-1.0.19.jar (132 kB at 3.8 kB/s)
[INFO] Downloading from localsmartbear: https://rapi.tools.ops.smartbear.io/nexus/content/groups/public/org/glassfish/hk2/external/jakarta.inject/2.6.1/jakarta.inject-2.6.1.jar
[INFO] Downloaded from localsmartbear: https://rapi.tools.ops.smartbear.io/nexus/content/groups/public/com/sun/xml/bind/jaxb-impl/2.3.1/jaxb-impl-2.3.1.jar (1.1 MB at 32 kB/s)
[INFO] Downloading from localsmartbear: https://rapi.tools.ops.smartbear.io/nexus/content/groups/public/org/glassfish/jersey/core/jersey-server/2.29.1/jersey-server-2.29.1.jar
[INFO] Downloaded from localsmartbear: https://rapi.tools.ops.smartbear.io/nexus/content/groups/public/io/swagger/swagger-jaxrs/1.6.1/swagger-jaxrs-1.6.1.jar (71 kB at 2.0 kB/s)
[INFO] Downloading from localsmartbear: https://rapi.tools.ops.smartbear.io/nexus/content/groups/public/org/glassfish/jersey/media/jersey-media-jaxb/2.29.1/jersey-media-jaxb-2.29.1.jar
[INFO] Downloaded from localsmartbear: https://rapi.tools.ops.smartbear.io/nexus/content/groups/public/io/swagger/swagger-jersey2-jaxrs/1.6.1/swagger-jersey2-jaxrs-1.6.1.jar (6.7 kB at 194 B/s)
[INFO] Downloading from localsmartbear: https://rapi.tools.ops.smartbear.io/nexus/content/groups/public/org/glassfish/jersey/media/jersey-media-multipart/2.29.1/jersey-media-multipart-2.29.1.jar
[INFO] Downloaded from localsmartbear: https://rapi.tools.ops.smartbear.io/nexus/content/groups/public/org/glassfish/jersey/containers/jersey-container-servlet-core/2.29.1/jersey-container-servlet-core-2.29.1.jar (73 kB at 2.1 kB/s)
[INFO] Downloaded from localsmartbear: https://rapi.tools.ops.smartbear.io/nexus/content/groups/public/org/glassfish/hk2/external/jakarta.inject/2.6.1/jakarta.inject-2.6.1.jar (18 kB at 523 B/s)
[INFO] Downloading from localsmartbear: https://rapi.tools.ops.smartbear.io/nexus/content/groups/public/org/glassfish/jersey/core/jersey-client/2.29.1/jersey-client-2.29.1.jar
[INFO] Downloading from localsmartbear: https://rapi.tools.ops.smartbear.io/nexus/content/groups/public/org/jvnet/mimepull/mimepull/1.9.11/mimepull-1.9.11.jar
[INFO] Downloaded from localsmartbear: https://rapi.tools.ops.smartbear.io/nexus/content/groups/public/org/glassfish/jersey/media/jersey-media-jaxb/2.29.1/jersey-media-jaxb-2.29.1.jar (86 kB at 2.5 kB/s)
[INFO] Downloading from localsmartbear: https://rapi.tools.ops.smartbear.io/nexus/content/groups/public/org/glassfish/jersey/inject/jersey-hk2/2.29.1/jersey-hk2-2.29.1.jar
[INFO] Downloaded from localsmartbear: https://rapi.tools.ops.smartbear.io/nexus/content/groups/public/org/glassfish/jersey/media/jersey-media-multipart/2.29.1/jersey-media-multipart-2.29.1.jar (80 kB at 2.3 kB/s)
[INFO] Downloading from localsmartbear: https://rapi.tools.ops.smartbear.io/nexus/content/groups/public/org/glassfish/hk2/hk2-locator/2.6.1/hk2-locator-2.6.1.jar
[INFO] Downloaded from localsmartbear: https://rapi.tools.ops.smartbear.io/nexus/content/groups/public/org/glassfish/jersey/core/jersey-server/2.29.1/jersey-server-2.29.1.jar (927 kB at 27 kB/s)
[INFO] Downloading from localsmartbear: https://rapi.tools.ops.smartbear.io/nexus/content/groups/public/org/glassfish/hk2/external/aopalliance-repackaged/2.6.1/aopalliance-repackaged-2.6.1.jar
[INFO] Downloaded from localsmartbear: https://rapi.tools.ops.smartbear.io/nexus/content/groups/public/org/jvnet/mimepull/mimepull/1.9.11/mimepull-1.9.11.jar (67 kB at 1.9 kB/s)
[INFO] Downloading from localsmartbear: https://rapi.tools.ops.smartbear.io/nexus/content/groups/public/org/glassfish/hk2/hk2-api/2.6.1/hk2-api-2.6.1.jar
[INFO] Downloaded from localsmartbear: https://rapi.tools.ops.smartbear.io/nexus/content/groups/public/org/glassfish/jersey/core/jersey-client/2.29.1/jersey-client-2.29.1.jar (219 kB at 6.3 kB/s)
[INFO] Downloading from localsmartbear: https://rapi.tools.ops.smartbear.io/nexus/content/groups/public/org/glassfish/hk2/hk2-utils/2.6.1/hk2-utils-2.6.1.jar
[INFO] Downloaded from localsmartbear: https://rapi.tools.ops.smartbear.io/nexus/content/groups/public/org/glassfish/jersey/inject/jersey-hk2/2.29.1/jersey-hk2-2.29.1.jar (82 kB at 2.3 kB/s)
[INFO] Downloading from localsmartbear: https://rapi.tools.ops.smartbear.io/nexus/content/groups/public/org/slf4j/slf4j-ext/1.7.30/slf4j-ext-1.7.30.jar
[INFO] Downloaded from localsmartbear: https://rapi.tools.ops.smartbear.io/nexus/content/groups/public/org/glassfish/hk2/hk2-locator/2.6.1/hk2-locator-2.6.1.jar (203 kB at 5.8 kB/s)
[INFO] Downloading from localsmartbear: https://rapi.tools.ops.smartbear.io/nexus/content/groups/public/com/fasterxml/jackson/jaxrs/jackson-jaxrs-json-provider/2.10.1/jackson-jaxrs-json-provider-2.10.1.jar
[INFO] Downloaded from localsmartbear: https://rapi.tools.ops.smartbear.io/nexus/content/groups/public/org/glassfish/hk2/hk2-api/2.6.1/hk2-api-2.6.1.jar (200 kB at 5.7 kB/s)
[INFO] Downloading from localsmartbear: https://rapi.tools.ops.smartbear.io/nexus/content/groups/public/com/fasterxml/jackson/datatype/jackson-datatype-joda/2.10.1/jackson-datatype-joda-2.10.1.jar
[INFO] Downloaded from localsmartbear: https://rapi.tools.ops.smartbear.io/nexus/content/groups/public/org/glassfish/hk2/external/aopalliance-repackaged/2.6.1/aopalliance-repackaged-2.6.1.jar (27 kB at 773 B/s)
[INFO] Downloading from localsmartbear: https://rapi.tools.ops.smartbear.io/nexus/content/groups/public/joda-time/joda-time/2.9.9/joda-time-2.9.9.jar
[INFO] Downloaded from localsmartbear: https://rapi.tools.ops.smartbear.io/nexus/content/groups/public/org/slf4j/slf4j-ext/1.7.30/slf4j-ext-1.7.30.jar (38 kB at 1.1 kB/s)
[INFO] Downloading from localsmartbear: https://rapi.tools.ops.smartbear.io/nexus/content/groups/public/com/github/java-json-tools/json-schema-validator/2.2.8/json-schema-validator-2.2.8.jar
[INFO] Downloaded from localsmartbear: https://rapi.tools.ops.smartbear.io/nexus/content/groups/public/com/fasterxml/jackson/jaxrs/jackson-jaxrs-json-provider/2.10.1/jackson-jaxrs-json-provider-2.10.1.jar (16 kB at 444 B/s)
[INFO] Downloaded from localsmartbear: https://rapi.tools.ops.smartbear.io/nexus/content/groups/public/org/glassfish/hk2/hk2-utils/2.6.1/hk2-utils-2.6.1.jar (132 kB at 3.8 kB/s)
[INFO] Downloading from localsmartbear: https://rapi.tools.ops.smartbear.io/nexus/content/groups/public/com/github/java-json-tools/json-schema-core/1.2.8/json-schema-core-1.2.8.jar
[INFO] Downloading from localsmartbear: https://rapi.tools.ops.smartbear.io/nexus/content/groups/public/com/github/fge/jackson-coreutils/1.8/jackson-coreutils-1.8.jar
[INFO] Downloaded from localsmartbear: https://rapi.tools.ops.smartbear.io/nexus/content/groups/public/com/github/java-json-tools/json-schema-validator/2.2.8/json-schema-validator-2.2.8.jar (234 kB at 6.7 kB/s)
[INFO] Downloading from localsmartbear: https://rapi.tools.ops.smartbear.io/nexus/content/groups/public/com/github/fge/msg-simple/1.1/msg-simple-1.1.jar
[INFO] Downloaded from localsmartbear: https://rapi.tools.ops.smartbear.io/nexus/content/groups/public/com/fasterxml/jackson/datatype/jackson-datatype-joda/2.10.1/jackson-datatype-joda-2.10.1.jar (72 kB at 2.0 kB/s)
[INFO] Downloading from localsmartbear: https://rapi.tools.ops.smartbear.io/nexus/content/groups/public/com/github/fge/btf/1.2/btf-1.2.jar
[INFO] Downloaded from localsmartbear: https://rapi.tools.ops.smartbear.io/nexus/content/groups/public/com/github/java-json-tools/json-schema-core/1.2.8/json-schema-core-1.2.8.jar (173 kB at 4.9 kB/s)
[INFO] Downloaded from localsmartbear: https://rapi.tools.ops.smartbear.io/nexus/content/groups/public/com/github/fge/jackson-coreutils/1.8/jackson-coreutils-1.8.jar (31 kB at 890 B/s)
[INFO] Downloading from localsmartbear: https://rapi.tools.ops.smartbear.io/nexus/content/groups/public/javax/mail/mailapi/1.4.3/mailapi-1.4.3.jar
[INFO] Downloading from localsmartbear: https://rapi.tools.ops.smartbear.io/nexus/content/groups/public/com/github/fge/uri-template/0.9/uri-template-0.9.jar
[INFO] Downloaded from localsmartbear: https://rapi.tools.ops.smartbear.io/nexus/content/groups/public/com/github/fge/msg-simple/1.1/msg-simple-1.1.jar (37 kB at 1.0 kB/s)
[INFO] Downloaded from localsmartbear: https://rapi.tools.ops.smartbear.io/nexus/content/groups/public/com/github/fge/btf/1.2/btf-1.2.jar (8.9 kB at 253 B/s)
[INFO] Downloading from localsmartbear: https://rapi.tools.ops.smartbear.io/nexus/content/groups/public/com/googlecode/libphonenumber/libphonenumber/8.0.0/libphonenumber-8.0.0.jar
[INFO] Downloading from localsmartbear: https://rapi.tools.ops.smartbear.io/nexus/content/groups/public/javax/activation/activation/1.1/activation-1.1.jar
[INFO] Downloaded from localsmartbear: https://rapi.tools.ops.smartbear.io/nexus/content/groups/public/joda-time/joda-time/2.9.9/joda-time-2.9.9.jar (634 kB at 18 kB/s)
[INFO] Downloading from localsmartbear: https://rapi.tools.ops.smartbear.io/nexus/content/groups/public/net/sf/jopt-simple/jopt-simple/5.0.3/jopt-simple-5.0.3.jar
[INFO] Downloaded from localsmartbear: https://rapi.tools.ops.smartbear.io/nexus/content/groups/public/com/github/fge/uri-template/0.9/uri-template-0.9.jar (57 kB at 1.6 kB/s)
[INFO] Downloading from localsmartbear: https://rapi.tools.ops.smartbear.io/nexus/content/groups/public/commons-fileupload/commons-fileupload/1.4/commons-fileupload-1.4.jar
[INFO] Downloaded from localsmartbear: https://rapi.tools.ops.smartbear.io/nexus/content/groups/public/javax/activation/activation/1.1/activation-1.1.jar (63 kB at 1.8 kB/s)
[INFO] Downloading from localsmartbear: https://rapi.tools.ops.smartbear.io/nexus/content/groups/public/io/swagger/core/v3/swagger-models/2.1.7/swagger-models-2.1.7.jar
[INFO] Downloaded from localsmartbear: https://rapi.tools.ops.smartbear.io/nexus/content/groups/public/javax/mail/mailapi/1.4.3/mailapi-1.4.3.jar (250 kB at 7.1 kB/s)
[INFO] Downloading from localsmartbear: https://rapi.tools.ops.smartbear.io/nexus/content/groups/public/io/swagger/parser/v3/swagger-parser/2.0.24/swagger-parser-2.0.24.jar
[INFO] Downloaded from localsmartbear: https://rapi.tools.ops.smartbear.io/nexus/content/groups/public/com/googlecode/libphonenumber/libphonenumber/8.0.0/libphonenumber-8.0.0.jar (327 kB at 9.3 kB/s)
[INFO] Downloading from localsmartbear: https://rapi.tools.ops.smartbear.io/nexus/content/groups/public/io/swagger/parser/v3/swagger-parser-v2-converter/2.0.24/swagger-parser-v2-converter-2.0.24.jar
[INFO] Downloaded from localsmartbear: https://rapi.tools.ops.smartbear.io/nexus/content/groups/public/net/sf/jopt-simple/jopt-simple/5.0.3/jopt-simple-5.0.3.jar (78 kB at 2.2 kB/s)
[INFO] Downloading from localsmartbear: https://rapi.tools.ops.smartbear.io/nexus/content/groups/public/io/swagger/swagger-compat-spec-parser/1.0.53/swagger-compat-spec-parser-1.0.53.jar
[INFO] Downloaded from localsmartbear: https://rapi.tools.ops.smartbear.io/nexus/content/groups/public/commons-fileupload/commons-fileupload/1.4/commons-fileupload-1.4.jar (72 kB at 2.0 kB/s)
[INFO] Downloading from localsmartbear: https://rapi.tools.ops.smartbear.io/nexus/content/groups/public/com/github/java-json-tools/json-patch/1.13/json-patch-1.13.jar
[INFO] Downloaded from localsmartbear: https://rapi.tools.ops.smartbear.io/nexus/content/groups/public/io/swagger/parser/v3/swagger-parser/2.0.24/swagger-parser-2.0.24.jar (3.2 kB at 91 B/s)
[INFO] Downloading from localsmartbear: https://rapi.tools.ops.smartbear.io/nexus/content/groups/public/com/github/java-json-tools/msg-simple/1.2/msg-simple-1.2.jar
[INFO] Downloaded from localsmartbear: https://rapi.tools.ops.smartbear.io/nexus/content/groups/public/io/swagger/parser/v3/swagger-parser-v2-converter/2.0.24/swagger-parser-v2-converter-2.0.24.jar (26 kB at 720 B/s)
[INFO] Downloading from localsmartbear: https://rapi.tools.ops.smartbear.io/nexus/content/groups/public/com/github/java-json-tools/btf/1.3/btf-1.3.jar
[INFO] Downloaded from localsmartbear: https://rapi.tools.ops.smartbear.io/nexus/content/groups/public/io/swagger/core/v3/swagger-models/2.1.7/swagger-models-2.1.7.jar (118 kB at 3.3 kB/s)
[INFO] Downloading from localsmartbear: https://rapi.tools.ops.smartbear.io/nexus/content/groups/public/com/github/java-json-tools/jackson-coreutils/2.0/jackson-coreutils-2.0.jar
[INFO] Downloaded from localsmartbear: https://rapi.tools.ops.smartbear.io/nexus/content/groups/public/io/swagger/swagger-compat-spec-parser/1.0.53/swagger-compat-spec-parser-1.0.53.jar (149 kB at 4.2 kB/s)
[INFO] Downloading from localsmartbear: https://rapi.tools.ops.smartbear.io/nexus/content/groups/public/io/swagger/parser/v3/swagger-parser-core/2.0.24/swagger-parser-core-2.0.24.jar
[INFO] Downloaded from localsmartbear: https://rapi.tools.ops.smartbear.io/nexus/content/groups/public/com/github/java-json-tools/json-patch/1.13/json-patch-1.13.jar (44 kB at 1.2 kB/s)
[INFO] Downloading from localsmartbear: https://rapi.tools.ops.smartbear.io/nexus/content/groups/public/io/swagger/parser/v3/swagger-parser-v3/2.0.24/swagger-parser-v3-2.0.24.jar
[INFO] Downloaded from localsmartbear: https://rapi.tools.ops.smartbear.io/nexus/content/groups/public/com/github/java-json-tools/msg-simple/1.2/msg-simple-1.2.jar (37 kB at 1.0 kB/s)
[INFO] Downloading from localsmartbear: https://rapi.tools.ops.smartbear.io/nexus/content/groups/public/io/swagger/core/v3/swagger-core/2.1.5/swagger-core-2.1.5.jar
[INFO] Downloaded from localsmartbear: https://rapi.tools.ops.smartbear.io/nexus/content/groups/public/io/swagger/parser/v3/swagger-parser-core/2.0.24/swagger-parser-core-2.0.24.jar (6.7 kB at 187 B/s)
[INFO] Downloading from localsmartbear: https://rapi.tools.ops.smartbear.io/nexus/content/groups/public/io/swagger/swagger-inflector-new/2.0.5/swagger-inflector-new-2.0.5.jar
[INFO] Downloaded from localsmartbear: https://rapi.tools.ops.smartbear.io/nexus/content/groups/public/io/swagger/parser/v3/swagger-parser-v3/2.0.24/swagger-parser-v3-2.0.24.jar (136 kB at 3.8 kB/s)
[INFO] Downloading from localsmartbear: https://rapi.tools.ops.smartbear.io/nexus/content/groups/public/io/swagger/core/v3/swagger-jaxrs2/2.1.0/swagger-jaxrs2-2.1.0.jar
[INFO] Downloaded from localsmartbear: https://rapi.tools.ops.smartbear.io/nexus/content/groups/public/com/github/java-json-tools/jackson-coreutils/2.0/jackson-coreutils-2.0.jar (32 kB at 892 B/s)
[INFO] Downloaded from localsmartbear: https://rapi.tools.ops.smartbear.io/nexus/content/groups/public/io/swagger/core/v3/swagger-core/2.1.5/swagger-core-2.1.5.jar (170 kB at 4.8 kB/s)
[INFO] Downloading from localsmartbear: https://rapi.tools.ops.smartbear.io/nexus/content/groups/public/io/swagger/core/v3/swagger-annotations/2.1.0/swagger-annotations-2.1.0.jar
[INFO] Downloaded from localsmartbear: https://rapi.tools.ops.smartbear.io/nexus/content/groups/public/com/github/java-json-tools/btf/1.3/btf-1.3.jar (9.0 kB at 252 B/s)
[INFO] Downloading from localsmartbear: https://rapi.tools.ops.smartbear.io/nexus/content/groups/public/io/github/classgraph/classgraph/4.6.32/classgraph-4.6.32.jar
[INFO] Downloading from localsmartbear: https://rapi.tools.ops.smartbear.io/nexus/content/groups/public/io/swagger/core/v3/swagger-integration/2.1.0/swagger-integration-2.1.0.jar
[INFO] Downloaded from localsmartbear: https://rapi.tools.ops.smartbear.io/nexus/content/groups/public/io/swagger/swagger-inflector-new/2.0.5/swagger-inflector-new-2.0.5.jar (144 kB at 4.0 kB/s)
[INFO] Downloading from localsmartbear: https://rapi.tools.ops.smartbear.io/nexus/content/groups/public/com/fasterxml/jackson/jaxrs/jackson-jaxrs-yaml-provider/2.10.1/jackson-jaxrs-yaml-provider-2.10.1.jar
[INFO] Downloaded from localsmartbear: https://rapi.tools.ops.smartbear.io/nexus/content/groups/public/com/fasterxml/jackson/jaxrs/jackson-jaxrs-yaml-provider/2.10.1/jackson-jaxrs-yaml-provider-2.10.1.jar (14 kB at 399 B/s)
[INFO] Downloading from localsmartbear: https://rapi.tools.ops.smartbear.io/nexus/content/groups/public/io/swagger/swagger-core/1.6.2/swagger-core-1.6.2.jar
[INFO] Downloaded from localsmartbear: https://rapi.tools.ops.smartbear.io/nexus/content/groups/public/io/swagger/core/v3/swagger-integration/2.1.0/swagger-integration-2.1.0.jar (30 kB at 852 B/s)
[INFO] Downloading from localsmartbear: https://rapi.tools.ops.smartbear.io/nexus/content/groups/public/io/swagger/swagger-models/1.6.2/swagger-models-1.6.2.jar
[INFO] Downloaded from localsmartbear: https://rapi.tools.ops.smartbear.io/nexus/content/groups/public/io/swagger/core/v3/swagger-annotations/2.1.0/swagger-annotations-2.1.0.jar (35 kB at 972 B/s)
[INFO] Downloading from localsmartbear: https://rapi.tools.ops.smartbear.io/nexus/content/groups/public/io/swagger/swagger-annotations/1.6.2/swagger-annotations-1.6.2.jar
[INFO] Downloaded from localsmartbear: https://rapi.tools.ops.smartbear.io/nexus/content/groups/public/io/swagger/core/v3/swagger-jaxrs2/2.1.0/swagger-jaxrs2-2.1.0.jar (82 kB at 2.3 kB/s)
[INFO] Downloading from localsmartbear: https://rapi.tools.ops.smartbear.io/nexus/content/groups/public/io/swagger/swagger-parser/1.0.54/swagger-parser-1.0.54.jar
[INFO] Downloaded from localsmartbear: https://rapi.tools.ops.smartbear.io/nexus/content/groups/public/io/github/classgraph/classgraph/4.6.32/classgraph-4.6.32.jar (428 kB at 12 kB/s)
[INFO] Downloading from localsmartbear: https://rapi.tools.ops.smartbear.io/nexus/content/groups/public/com/fasterxml/jackson/core/jackson-annotations/2.11.3/jackson-annotations-2.11.3.jar
[INFO] Downloaded from localsmartbear: https://rapi.tools.ops.smartbear.io/nexus/content/groups/public/io/swagger/swagger-models/1.6.2/swagger-models-1.6.2.jar (155 kB at 4.3 kB/s)
[INFO] Downloading from localsmartbear: https://rapi.tools.ops.smartbear.io/nexus/content/groups/public/com/fasterxml/jackson/dataformat/jackson-dataformat-yaml/2.11.3/jackson-dataformat-yaml-2.11.3.jar
[INFO] Downloaded from localsmartbear: https://rapi.tools.ops.smartbear.io/nexus/content/groups/public/io/swagger/swagger-annotations/1.6.2/swagger-annotations-1.6.2.jar (22 kB at 607 B/s)
[INFO] Downloading from localsmartbear: https://rapi.tools.ops.smartbear.io/nexus/content/groups/public/org/yaml/snakeyaml/1.26/snakeyaml-1.26.jar
[INFO] Downloaded from localsmartbear: https://rapi.tools.ops.smartbear.io/nexus/content/groups/public/io/swagger/swagger-parser/1.0.54/swagger-parser-1.0.54.jar (95 kB at 2.6 kB/s)
[INFO] Downloading from localsmartbear: https://rapi.tools.ops.smartbear.io/nexus/content/groups/public/com/networknt/json-schema-validator/0.1.7/json-schema-validator-0.1.7.jar
[INFO] Downloaded from localsmartbear: https://rapi.tools.ops.smartbear.io/nexus/content/groups/public/com/fasterxml/jackson/core/jackson-annotations/2.11.3/jackson-annotations-2.11.3.jar (68 kB at 1.9 kB/s)
[INFO] Downloading from localsmartbear: https://rapi.tools.ops.smartbear.io/nexus/content/groups/public/commons-net/commons-net/2.0/commons-net-2.0.jar
[INFO] Downloaded from localsmartbear: https://rapi.tools.ops.smartbear.io/nexus/content/groups/public/io/swagger/swagger-core/1.6.2/swagger-core-1.6.2.jar (117 kB at 3.3 kB/s)
[INFO] Downloading from localsmartbear: https://rapi.tools.ops.smartbear.io/nexus/content/groups/public/com/fathzer/javaluator/3.0.0/javaluator-3.0.0.jar
[INFO] Downloaded from localsmartbear: https://rapi.tools.ops.smartbear.io/nexus/content/groups/public/com/networknt/json-schema-validator/0.1.7/json-schema-validator-0.1.7.jar (68 kB at 1.9 kB/s)
[INFO] Downloading from localsmartbear: https://rapi.tools.ops.smartbear.io/nexus/content/groups/public/io/qameta/allure/allure-java-commons/2.13.3/allure-java-commons-2.13.3.jar
[INFO] Downloaded from localsmartbear: https://rapi.tools.ops.smartbear.io/nexus/content/groups/public/com/fasterxml/jackson/dataformat/jackson-dataformat-yaml/2.11.3/jackson-dataformat-yaml-2.11.3.jar (47 kB at 1.3 kB/s)
[INFO] Downloading from localsmartbear: https://rapi.tools.ops.smartbear.io/nexus/content/groups/public/io/qameta/allure/allure-model/2.13.3/allure-model-2.13.3.jar
[INFO] Downloaded from localsmartbear: https://rapi.tools.ops.smartbear.io/nexus/content/groups/public/org/yaml/snakeyaml/1.26/snakeyaml-1.26.jar (309 kB at 8.6 kB/s)
[INFO] Downloading from localsmartbear: https://rapi.tools.ops.smartbear.io/nexus/content/groups/public/org/jooq/joor-java-8/0.9.10/joor-java-8-0.9.10.jar
[INFO] Downloaded from localsmartbear: https://rapi.tools.ops.smartbear.io/nexus/content/groups/public/commons-net/commons-net/2.0/commons-net-2.0.jar (197 kB at 5.5 kB/s)
[INFO] Downloading from localsmartbear: https://rapi.tools.ops.smartbear.io/nexus/content/groups/public/org/apache/tika/tika-core/1.24.1/tika-core-1.24.1.jar
[INFO] Downloaded from localsmartbear: https://rapi.tools.ops.smartbear.io/nexus/content/groups/public/io/qameta/allure/allure-java-commons/2.13.3/allure-java-commons-2.13.3.jar (74 kB at 2.1 kB/s)
[INFO] Downloaded from localsmartbear: https://rapi.tools.ops.smartbear.io/nexus/content/groups/public/com/fathzer/javaluator/3.0.0/javaluator-3.0.0.jar (26 kB at 725 B/s)
[INFO] Downloading from localsmartbear: https://rapi.tools.ops.smartbear.io/nexus/content/groups/public/com/graphql-java/graphql-java/13.0/graphql-java-13.0.jar
[INFO] Downloading from localsmartbear: https://rapi.tools.ops.smartbear.io/nexus/content/groups/public/org/antlr/antlr4-runtime/4.7.2/antlr4-runtime-4.7.2.jar
[INFO] Downloaded from localsmartbear: https://rapi.tools.ops.smartbear.io/nexus/content/groups/public/io/qameta/allure/allure-model/2.13.3/allure-model-2.13.3.jar (26 kB at 707 B/s)
[INFO] Downloading from localsmartbear: https://rapi.tools.ops.smartbear.io/nexus/content/groups/public/com/graphql-java/java-dataloader/2.1.1/java-dataloader-2.1.1.jar
[INFO] Downloaded from localsmartbear: https://rapi.tools.ops.smartbear.io/nexus/content/groups/public/org/jooq/joor-java-8/0.9.10/joor-java-8-0.9.10.jar (24 kB at 668 B/s)
[INFO] Downloading from localsmartbear: https://rapi.tools.ops.smartbear.io/nexus/content/groups/public/org/reactivestreams/reactive-streams/1.0.2/reactive-streams-1.0.2.jar
[INFO] Downloaded from localsmartbear: https://rapi.tools.ops.smartbear.io/nexus/content/groups/public/org/apache/tika/tika-core/1.24.1/tika-core-1.24.1.jar (708 kB at 20 kB/s)
[INFO] Downloading from localsmartbear: https://rapi.tools.ops.smartbear.io/nexus/content/groups/public/com/optimizely/ab/core-api/3.6.0/core-api-3.6.0.jar
[INFO] Downloaded from localsmartbear: https://rapi.tools.ops.smartbear.io/nexus/content/groups/public/com/graphql-java/java-dataloader/2.1.1/java-dataloader-2.1.1.jar (37 kB at 1.0 kB/s)
[INFO] Downloading from localsmartbear: https://rapi.tools.ops.smartbear.io/nexus/content/groups/public/com/optimizely/ab/core-httpclient-impl/3.6.0/core-httpclient-impl-3.6.0.jar
[INFO] Downloaded from localsmartbear: https://rapi.tools.ops.smartbear.io/nexus/content/groups/public/org/reactivestreams/reactive-streams/1.0.2/reactive-streams-1.0.2.jar (2.1 kB at 57 B/s)
[INFO] Downloading from localsmartbear: https://rapi.tools.ops.smartbear.io/nexus/content/groups/public/org/apache/xmlgraphics/batik-transcoder/1.13/batik-transcoder-1.13.jar
[INFO] Downloaded from localsmartbear: https://rapi.tools.ops.smartbear.io/nexus/content/groups/public/org/antlr/antlr4-runtime/4.7.2/antlr4-runtime-4.7.2.jar (338 kB at 9.3 kB/s)
[INFO] Downloading from localsmartbear: https://rapi.tools.ops.smartbear.io/nexus/content/groups/public/org/apache/xmlgraphics/batik-anim/1.13/batik-anim-1.13.jar
[INFO] Downloaded from localsmartbear: https://rapi.tools.ops.smartbear.io/nexus/content/groups/public/com/optimizely/ab/core-api/3.6.0/core-api-3.6.0.jar (252 kB at 6.9 kB/s)
[INFO] Downloading from localsmartbear: https://rapi.tools.ops.smartbear.io/nexus/content/groups/public/org/apache/xmlgraphics/batik-css/1.13/batik-css-1.13.jar
[INFO] Downloaded from localsmartbear: https://rapi.tools.ops.smartbear.io/nexus/content/groups/public/com/optimizely/ab/core-httpclient-impl/3.6.0/core-httpclient-impl-3.6.0.jar (22 kB at 615 B/s)
[INFO] Downloaded from localsmartbear: https://rapi.tools.ops.smartbear.io/nexus/content/groups/public/com/graphql-java/graphql-java/13.0/graphql-java-13.0.jar (1.3 MB at 36 kB/s)
[INFO] Downloading from localsmartbear: https://rapi.tools.ops.smartbear.io/nexus/content/groups/public/org/apache/xmlgraphics/batik-parser/1.13/batik-parser-1.13.jar
[INFO] Downloading from localsmartbear: https://rapi.tools.ops.smartbear.io/nexus/content/groups/public/org/apache/xmlgraphics/batik-ext/1.13/batik-ext-1.13.jar
[INFO] Downloaded from localsmartbear: https://rapi.tools.ops.smartbear.io/nexus/content/groups/public/org/apache/xmlgraphics/batik-css/1.13/batik-css-1.13.jar (331 kB at 9.0 kB/s)
[INFO] Downloading from localsmartbear: https://rapi.tools.ops.smartbear.io/nexus/content/groups/public/org/apache/xmlgraphics/batik-svg-dom/1.13/batik-svg-dom-1.13.jar
[INFO] Downloaded from localsmartbear: https://rapi.tools.ops.smartbear.io/nexus/content/groups/public/org/apache/xmlgraphics/batik-transcoder/1.13/batik-transcoder-1.13.jar (129 kB at 3.5 kB/s)
[INFO] Downloading from localsmartbear: https://rapi.tools.ops.smartbear.io/nexus/content/groups/public/org/apache/xmlgraphics/batik-awt-util/1.13/batik-awt-util-1.13.jar
[INFO] Downloaded from localsmartbear: https://rapi.tools.ops.smartbear.io/nexus/content/groups/public/org/apache/xmlgraphics/batik-parser/1.13/batik-parser-1.13.jar (77 kB at 2.1 kB/s)
[INFO] Downloaded from localsmartbear: https://rapi.tools.ops.smartbear.io/nexus/content/groups/public/org/apache/xmlgraphics/batik-anim/1.13/batik-anim-1.13.jar (486 kB at 13 kB/s)
[INFO] Downloaded from localsmartbear: https://rapi.tools.ops.smartbear.io/nexus/content/groups/public/org/apache/xmlgraphics/batik-ext/1.13/batik-ext-1.13.jar (10 kB at 279 B/s)
[INFO] Downloading from localsmartbear: https://rapi.tools.ops.smartbear.io/nexus/content/groups/public/org/apache/xmlgraphics/batik-script/1.13/batik-script-1.13.jar
[INFO] Downloading from localsmartbear: https://rapi.tools.ops.smartbear.io/nexus/content/groups/public/org/apache/xmlgraphics/xmlgraphics-commons/2.4/xmlgraphics-commons-2.4.jar
[INFO] Downloading from localsmartbear: https://rapi.tools.ops.smartbear.io/nexus/content/groups/public/org/apache/xmlgraphics/batik-bridge/1.13/batik-bridge-1.13.jar
[INFO] Downloaded from localsmartbear: https://rapi.tools.ops.smartbear.io/nexus/content/groups/public/org/apache/xmlgraphics/batik-svg-dom/1.13/batik-svg-dom-1.13.jar (233 kB at 6.3 kB/s)
[INFO] Downloading from localsmartbear: https://rapi.tools.ops.smartbear.io/nexus/content/groups/public/org/apache/xmlgraphics/batik-dom/1.13/batik-dom-1.13.jar
[INFO] Downloaded from localsmartbear: https://rapi.tools.ops.smartbear.io/nexus/content/groups/public/org/apache/xmlgraphics/batik-script/1.13/batik-script-1.13.jar (26 kB at 700 B/s)
[INFO] Downloading from localsmartbear: https://rapi.tools.ops.smartbear.io/nexus/content/groups/public/org/apache/xmlgraphics/batik-gvt/1.13/batik-gvt-1.13.jar
[INFO] Downloaded from localsmartbear: https://rapi.tools.ops.smartbear.io/nexus/content/groups/public/org/apache/xmlgraphics/batik-awt-util/1.13/batik-awt-util-1.13.jar (425 kB at 12 kB/s)
[INFO] Downloading from localsmartbear: https://rapi.tools.ops.smartbear.io/nexus/content/groups/public/org/apache/xmlgraphics/batik-shared-resources/1.13/batik-shared-resources-1.13.jar
[INFO] Downloaded from localsmartbear: https://rapi.tools.ops.smartbear.io/nexus/content/groups/public/org/apache/xmlgraphics/batik-bridge/1.13/batik-bridge-1.13.jar (704 kB at 19 kB/s)
[INFO] Downloaded from localsmartbear: https://rapi.tools.ops.smartbear.io/nexus/content/groups/public/org/apache/xmlgraphics/xmlgraphics-commons/2.4/xmlgraphics-commons-2.4.jar (674 kB at 18 kB/s)
[INFO] Downloading from localsmartbear: https://rapi.tools.ops.smartbear.io/nexus/content/groups/public/org/apache/xmlgraphics/batik-util/1.13/batik-util-1.13.jar
[INFO] Downloading from localsmartbear: https://rapi.tools.ops.smartbear.io/nexus/content/groups/public/org/apache/xmlgraphics/batik-svggen/1.13/batik-svggen-1.13.jar
[INFO] Downloaded from localsmartbear: https://rapi.tools.ops.smartbear.io/nexus/content/groups/public/org/apache/xmlgraphics/batik-dom/1.13/batik-dom-1.13.jar (185 kB at 5.0 kB/s)
[INFO] Downloading from localsmartbear: https://rapi.tools.ops.smartbear.io/nexus/content/groups/public/org/apache/xmlgraphics/batik-constants/1.13/batik-constants-1.13.jar
[INFO] Downloaded from localsmartbear: https://rapi.tools.ops.smartbear.io/nexus/content/groups/public/org/apache/xmlgraphics/batik-gvt/1.13/batik-gvt-1.13.jar (192 kB at 5.2 kB/s)
[INFO] Downloading from localsmartbear: https://rapi.tools.ops.smartbear.io/nexus/content/groups/public/org/apache/xmlgraphics/batik-i18n/1.13/batik-i18n-1.13.jar
[INFO] Downloaded from localsmartbear: https://rapi.tools.ops.smartbear.io/nexus/content/groups/public/org/apache/xmlgraphics/batik-shared-resources/1.13/batik-shared-resources-1.13.jar (6.7 kB at 180 B/s)
[INFO] Downloading from localsmartbear: https://rapi.tools.ops.smartbear.io/nexus/content/groups/public/org/apache/xmlgraphics/batik-xml/1.13/batik-xml-1.13.jar
[INFO] Downloaded from localsmartbear: https://rapi.tools.ops.smartbear.io/nexus/content/groups/public/org/apache/xmlgraphics/batik-util/1.13/batik-util-1.13.jar (127 kB at 3.4 kB/s)
[INFO] Downloading from localsmartbear: https://rapi.tools.ops.smartbear.io/nexus/content/groups/public/xml-apis/xml-apis-ext/1.3.04/xml-apis-ext-1.3.04.jar
[INFO] Downloaded from localsmartbear: https://rapi.tools.ops.smartbear.io/nexus/content/groups/public/org/apache/xmlgraphics/batik-xml/1.13/batik-xml-1.13.jar (34 kB at 913 B/s)
[INFO] Downloading from localsmartbear: https://rapi.tools.ops.smartbear.io/nexus/content/groups/public/com/teamdev/jxbrowser/jxbrowser-win64/7.12/jxbrowser-win64-7.12.jar
[INFO] Downloaded from localsmartbear: https://rapi.tools.ops.smartbear.io/nexus/content/groups/public/org/apache/xmlgraphics/batik-svggen/1.13/batik-svggen-1.13.jar (227 kB at 6.1 kB/s)
[INFO] Downloading from localsmartbear: https://rapi.tools.ops.smartbear.io/nexus/content/groups/public/com/teamdev/jxbrowser/jxbrowser-mac/7.12/jxbrowser-mac-7.12.jar
[INFO] Downloading from localsmartbear: https://rapi.tools.ops.smartbear.io/nexus/content/groups/public/com/teamdev/jxbrowser/jxbrowser-linux64/7.12/jxbrowser-linux64-7.12.jar
[INFO] Downloading from localsmartbear: https://rapi.tools.ops.smartbear.io/nexus/content/groups/public/com/teamdev/jxbrowser/jxbrowser/7.12/jxbrowser-7.12.jar
[INFO] Downloaded from localsmartbear: https://rapi.tools.ops.smartbear.io/nexus/content/groups/public/org/apache/xmlgraphics/batik-constants/1.13/batik-constants-1.13.jar (8.4 kB at 227 B/s)
[INFO] Downloading from localsmartbear: https://rapi.tools.ops.smartbear.io/nexus/content/groups/public/com/teamdev/jxbrowser/jxbrowser-swing/7.12/jxbrowser-swing-7.12.jar
[INFO] Downloaded from localsmartbear: https://rapi.tools.ops.smartbear.io/nexus/content/groups/public/org/apache/xmlgraphics/batik-i18n/1.13/batik-i18n-1.13.jar (11 kB at 307 B/s)
[INFO] Downloading from localsmartbear: https://rapi.tools.ops.smartbear.io/nexus/content/groups/public/com/smartbear/ready-api-runners/3.7.0/ready-api-runners-3.7.0.jar
[INFO] Downloading from localsmartbear: https://rapi.tools.ops.smartbear.io/nexus/content/groups/public/com/smartbear/common-ui/3.7.0/common-ui-3.7.0.jar
[INFO] Downloaded from localsmartbear: https://rapi.tools.ops.smartbear.io/nexus/content/groups/public/xml-apis/xml-apis-ext/1.3.04/xml-apis-ext-1.3.04.jar (86 kB at 2.3 kB/s)
[INFO] Downloading from localsmartbear: https://rapi.tools.ops.smartbear.io/nexus/content/groups/public/com/smartbear/ready-api-projects/3.7.0/ready-api-projects-3.7.0.jar
[INFO] Downloaded from localsmartbear: https://rapi.tools.ops.smartbear.io/nexus/content/groups/public/com/smartbear/ready-api-runners/3.7.0/ready-api-runners-3.7.0.jar (103 kB at 2.8 kB/s)
[INFO] Downloading from localsmartbear: https://rapi.tools.ops.smartbear.io/nexus/content/groups/public/com/smartbear/ready-api-service-v/3.7.0/ready-api-service-v-3.7.0.jar
[INFO] Downloading from localsmartbear: https://rapi.tools.ops.smartbear.io/nexus/content/groups/public/com/smartbear/ready-api-service-v-core/3.7.0/ready-api-service-v-core-3.7.0.jar
[INFO] Downloading from localsmartbear: https://rapi.tools.ops.smartbear.io/nexus/content/groups/public/com/smartbear/ready-api-jdbc-virts/3.7.0/ready-api-jdbc-virts-3.7.0.jar
[INFO] Downloaded from localsmartbear: https://rapi.tools.ops.smartbear.io/nexus/content/groups/public/com/smartbear/ready-api-projects/3.7.0/ready-api-projects-3.7.0.jar (35 kB at 946 B/s)
[INFO] Downloading from localsmartbear: https://rapi.tools.ops.smartbear.io/nexus/content/groups/public/org/apache/mina/mina-core/2.0.9/mina-core-2.0.9.jar
[INFO] Downloaded from localsmartbear: https://rapi.tools.ops.smartbear.io/nexus/content/groups/public/com/smartbear/ready-api-jdbc-virts/3.7.0/ready-api-jdbc-virts-3.7.0.jar (64 kB at 1.7 kB/s)
[INFO] Downloading from localsmartbear: https://rapi.tools.ops.smartbear.io/nexus/content/groups/public/org/exbin/deltahex/deltahex-operation-swing/0.1.2/deltahex-operation-swing-0.1.2.jar
[INFO] Downloaded from localsmartbear: https://rapi.tools.ops.smartbear.io/nexus/content/groups/public/org/exbin/deltahex/deltahex-operation-swing/0.1.2/deltahex-operation-swing-0.1.2.jar (57 kB at 1.5 kB/s)
[INFO] Downloading from localsmartbear: https://rapi.tools.ops.smartbear.io/nexus/content/groups/public/org/glassfish/jersey/media/jersey-media-json-jackson/2.30.1/jersey-media-json-jackson-2.30.1.jar
[INFO] Downloaded from localsmartbear: https://rapi.tools.ops.smartbear.io/nexus/content/groups/public/com/smartbear/common-ui/3.7.0/common-ui-3.7.0.jar (238 kB at 6.3 kB/s)
[INFO] Downloaded from localsmartbear: https://rapi.tools.ops.smartbear.io/nexus/content/groups/public/com/smartbear/ready-api-service-v/3.7.0/ready-api-service-v-3.7.0.jar (2.4 MB at 64 kB/s)
[INFO] Downloading from localsmartbear: https://rapi.tools.ops.smartbear.io/nexus/content/groups/public/com/fasterxml/jackson/datatype/jackson-datatype-jsr310/2.11.3/jackson-datatype-jsr310-2.11.3.jar
[INFO] Downloading from localsmartbear: https://rapi.tools.ops.smartbear.io/nexus/content/groups/public/org/glassfish/jersey/ext/jersey-entity-filtering/2.30.1/jersey-entity-filtering-2.30.1.jar
[INFO] Downloaded from localsmartbear: https://rapi.tools.ops.smartbear.io/nexus/content/groups/public/org/glassfish/jersey/media/jersey-media-json-jackson/2.30.1/jersey-media-json-jackson-2.30.1.jar (74 kB at 2.0 kB/s)
[INFO] Downloading from localsmartbear: https://rapi.tools.ops.smartbear.io/nexus/content/groups/public/org/codehaus/jackson/jackson-mapper-asl/1.9.13/jackson-mapper-asl-1.9.13.jar
[INFO] Downloaded from localsmartbear: https://rapi.tools.ops.smartbear.io/nexus/content/groups/public/com/fasterxml/jackson/datatype/jackson-datatype-jsr310/2.11.3/jackson-datatype-jsr310-2.11.3.jar (111 kB at 2.9 kB/s)
[INFO] Downloading from localsmartbear: https://rapi.tools.ops.smartbear.io/nexus/content/groups/public/org/codehaus/jackson/jackson-core-asl/1.9.13/jackson-core-asl-1.9.13.jar
[INFO] Downloaded from localsmartbear: https://rapi.tools.ops.smartbear.io/nexus/content/groups/public/org/glassfish/jersey/ext/jersey-entity-filtering/2.30.1/jersey-entity-filtering-2.30.1.jar (84 kB at 2.2 kB/s)
[INFO] Downloading from localsmartbear: https://rapi.tools.ops.smartbear.io/nexus/content/groups/public/org/exbin/deltahex/deltahex-swing/0.1.2/deltahex-swing-0.1.2.jar
[INFO] Downloaded from localsmartbear: https://rapi.tools.ops.smartbear.io/nexus/content/groups/public/com/smartbear/ready-api-service-v-core/3.7.0/ready-api-service-v-core-3.7.0.jar (604 kB at 16 kB/s)
[INFO] Downloading from localsmartbear: https://rapi.tools.ops.smartbear.io/nexus/content/groups/public/org/exbin/utils/exbin-binary_data/0.1.2/exbin-binary_data-0.1.2.jar
[INFO] Downloaded from localsmartbear: https://rapi.tools.ops.smartbear.io/nexus/content/groups/public/org/codehaus/jackson/jackson-core-asl/1.9.13/jackson-core-asl-1.9.13.jar (232 kB at 6.1 kB/s)
[INFO] Downloading from localsmartbear: https://rapi.tools.ops.smartbear.io/nexus/content/groups/public/org/exbin/deltahex/deltahex-core/0.1.2/deltahex-core-0.1.2.jar
[INFO] Downloaded from localsmartbear: https://rapi.tools.ops.smartbear.io/nexus/content/groups/public/org/apache/mina/mina-core/2.0.9/mina-core-2.0.9.jar (633 kB at 17 kB/s)
[INFO] Downloaded from localsmartbear: https://rapi.tools.ops.smartbear.io/nexus/content/groups/public/org/exbin/deltahex/deltahex-swing/0.1.2/deltahex-swing-0.1.2.jar (79 kB at 2.1 kB/s)
[INFO] Downloading from localsmartbear: https://rapi.tools.ops.smartbear.io/nexus/content/groups/public/com/smartbear/loadui-cmd-base/3.7.0/loadui-cmd-base-3.7.0.jar
[INFO] Downloading from localsmartbear: https://rapi.tools.ops.smartbear.io/nexus/content/groups/public/org/exbin/deltahex/deltahex-operation/0.1.2/deltahex-operation-0.1.2.jar
[INFO] Downloaded from localsmartbear: https://rapi.tools.ops.smartbear.io/nexus/content/groups/public/org/exbin/deltahex/deltahex-core/0.1.2/deltahex-core-0.1.2.jar (16 kB at 432 B/s)
[INFO] Downloading from localsmartbear: https://rapi.tools.ops.smartbear.io/nexus/content/groups/public/com/smartbear/loadui-api/3.7.0/loadui-api-3.7.0.jar
[INFO] Downloaded from localsmartbear: https://rapi.tools.ops.smartbear.io/nexus/content/groups/public/com/smartbear/loadui-cmd-base/3.7.0/loadui-cmd-base-3.7.0.jar (23 kB at 592 B/s)
[INFO] Downloaded from localsmartbear: https://rapi.tools.ops.smartbear.io/nexus/content/groups/public/org/exbin/utils/exbin-binary_data/0.1.2/exbin-binary_data-0.1.2.jar (19 kB at 509 B/s)
[INFO] Downloading from localsmartbear: https://rapi.tools.ops.smartbear.io/nexus/content/groups/public/com/smartbear/loadui-base/3.7.0/loadui-base-3.7.0.jar
[INFO] Downloading from localsmartbear: https://rapi.tools.ops.smartbear.io/nexus/content/groups/public/com/smartbear/loadui-test-utils/3.7.0/loadui-test-utils-3.7.0.jar
[INFO] Downloaded from localsmartbear: https://rapi.tools.ops.smartbear.io/nexus/content/groups/public/org/codehaus/jackson/jackson-mapper-asl/1.9.13/jackson-mapper-asl-1.9.13.jar (781 kB at 21 kB/s)
[INFO] Downloading from localsmartbear: https://rapi.tools.ops.smartbear.io/nexus/content/groups/public/org/apache/httpcomponents/httpasyncclient/4.1/httpasyncclient-4.1.jar
[INFO] Downloaded from localsmartbear: https://rapi.tools.ops.smartbear.io/nexus/content/groups/public/org/exbin/deltahex/deltahex-operation/0.1.2/deltahex-operation-0.1.2.jar (5.5 kB at 144 B/s)
[INFO] Downloading from localsmartbear: https://rapi.tools.ops.smartbear.io/nexus/content/groups/public/org/apache/httpcomponents/httpcore-nio/4.4.1/httpcore-nio-4.4.1.jar
[INFO] Downloaded from localsmartbear: https://rapi.tools.ops.smartbear.io/nexus/content/groups/public/com/smartbear/loadui-api/3.7.0/loadui-api-3.7.0.jar (373 kB at 9.8 kB/s)
[INFO] Downloading from localsmartbear: https://rapi.tools.ops.smartbear.io/nexus/content/groups/public/jakarta/validation/jakarta.validation-api/2.0.2/jakarta.validation-api-2.0.2.jar
[INFO] Downloaded from localsmartbear: https://rapi.tools.ops.smartbear.io/nexus/content/groups/public/com/smartbear/loadui-test-utils/3.7.0/loadui-test-utils-3.7.0.jar (10 kB at 271 B/s)
[INFO] Downloading from localsmartbear: https://rapi.tools.ops.smartbear.io/nexus/content/groups/public/org/springframework/spring-context/5.3.1/spring-context-5.3.1.jar
[INFO] Downloaded from localsmartbear: https://rapi.tools.ops.smartbear.io/nexus/content/groups/public/jakarta/validation/jakarta.validation-api/2.0.2/jakarta.validation-api-2.0.2.jar (92 kB at 2.4 kB/s)
[INFO] Downloading from localsmartbear: https://rapi.tools.ops.smartbear.io/nexus/content/groups/public/org/springframework/spring-aop/5.3.1/spring-aop-5.3.1.jar
[INFO] Downloaded from localsmartbear: https://rapi.tools.ops.smartbear.io/nexus/content/groups/public/org/apache/httpcomponents/httpasyncclient/4.1/httpasyncclient-4.1.jar (177 kB at 4.6 kB/s)
[INFO] Downloading from localsmartbear: https://rapi.tools.ops.smartbear.io/nexus/content/groups/public/org/springframework/spring-expression/5.3.1/spring-expression-5.3.1.jar
[INFO] Downloaded from localsmartbear: https://rapi.tools.ops.smartbear.io/nexus/content/groups/public/com/smartbear/loadui-base/3.7.0/loadui-base-3.7.0.jar (749 kB at 20 kB/s)
[INFO] Downloading from localsmartbear: https://rapi.tools.ops.smartbear.io/nexus/content/groups/public/com/smartbear/loadui-utils/3.7.0/loadui-utils-3.7.0.jar
[INFO] Downloaded from localsmartbear: https://rapi.tools.ops.smartbear.io/nexus/content/groups/public/org/apache/httpcomponents/httpcore-nio/4.4.1/httpcore-nio-4.4.1.jar (356 kB at 9.3 kB/s)
[INFO] Downloading from localsmartbear: https://rapi.tools.ops.smartbear.io/nexus/content/groups/public/commons-math/commons-math/1.2/commons-math-1.2.jar
[INFO] Downloaded from localsmartbear: https://rapi.tools.ops.smartbear.io/nexus/content/groups/public/org/springframework/spring-expression/5.3.1/spring-expression-5.3.1.jar (283 kB at 7.4 kB/s)
[INFO] Downloading from localsmartbear: https://rapi.tools.ops.smartbear.io/nexus/content/groups/public/org/jsoup/jsoup/1.6.1/jsoup-1.6.1.jar
[INFO] Downloaded from localsmartbear: https://rapi.tools.ops.smartbear.io/nexus/content/groups/public/com/smartbear/loadui-utils/3.7.0/loadui-utils-3.7.0.jar (236 kB at 6.1 kB/s)
[INFO] Downloaded from localsmartbear: https://rapi.tools.ops.smartbear.io/nexus/content/groups/public/org/springframework/spring-aop/5.3.1/spring-aop-5.3.1.jar (374 kB at 9.7 kB/s)
[INFO] Downloading from localsmartbear: https://rapi.tools.ops.smartbear.io/nexus/content/groups/public/software/amazon/ion/ion-java/1.0.2/ion-java-1.0.2.jar
[INFO] Downloading from localsmartbear: https://rapi.tools.ops.smartbear.io/nexus/content/groups/public/com/amazonaws/aws-java-sdk-core/1.11.136/aws-java-sdk-core-1.11.136.jar
[INFO] Downloaded from localsmartbear: https://rapi.tools.ops.smartbear.io/nexus/content/groups/public/commons-math/commons-math/1.2/commons-math-1.2.jar (338 kB at 8.8 kB/s)
[INFO] Downloading from localsmartbear: https://rapi.tools.ops.smartbear.io/nexus/content/groups/public/com/fasterxml/jackson/dataformat/jackson-dataformat-cbor/2.6.6/jackson-dataformat-cbor-2.6.6.jar
[INFO] Downloaded from localsmartbear: https://rapi.tools.ops.smartbear.io/nexus/content/groups/public/org/springframework/spring-context/5.3.1/spring-context-5.3.1.jar (1.2 MB at 32 kB/s)
[INFO] Downloading from localsmartbear: https://rapi.tools.ops.smartbear.io/nexus/content/groups/public/com/amazonaws/aws-java-sdk-ec2/1.11.136/aws-java-sdk-ec2-1.11.136.jar
[INFO] Downloaded from localsmartbear: https://rapi.tools.ops.smartbear.io/nexus/content/groups/public/org/jsoup/jsoup/1.6.1/jsoup-1.6.1.jar (282 kB at 7.3 kB/s)
[INFO] Downloading from localsmartbear: https://rapi.tools.ops.smartbear.io/nexus/content/groups/public/com/amazonaws/jmespath-java/1.11.136/jmespath-java-1.11.136.jar
[INFO] Downloaded from localsmartbear: https://rapi.tools.ops.smartbear.io/nexus/content/groups/public/com/fasterxml/jackson/dataformat/jackson-dataformat-cbor/2.6.6/jackson-dataformat-cbor-2.6.6.jar (48 kB at 1.3 kB/s)
[INFO] Downloaded from localsmartbear: https://rapi.tools.ops.smartbear.io/nexus/content/groups/public/software/amazon/ion/ion-java/1.0.2/ion-java-1.0.2.jar (565 kB at 15 kB/s)
[INFO] Downloading from localsmartbear: https://rapi.tools.ops.smartbear.io/nexus/content/groups/public/com/smartbear/loadui-store-h2/3.7.0/loadui-store-h2-3.7.0.jar
[INFO] Downloading from localsmartbear: https://rapi.tools.ops.smartbear.io/nexus/content/groups/public/jide/jide-charts/3.6.6/jide-charts-3.6.6.jar
[INFO] Downloaded from localsmartbear: https://rapi.tools.ops.smartbear.io/nexus/content/groups/public/com/amazonaws/jmespath-java/1.11.136/jmespath-java-1.11.136.jar (27 kB at 692 B/s)
[INFO] Downloading from localsmartbear: https://rapi.tools.ops.smartbear.io/nexus/content/groups/public/com/smartbear/loadui-controller-base/3.7.0/loadui-controller-base-3.7.0.jar
[INFO] Downloaded from localsmartbear: https://rapi.tools.ops.smartbear.io/nexus/content/groups/public/com/smartbear/loadui-store-h2/3.7.0/loadui-store-h2-3.7.0.jar (94 kB at 2.4 kB/s)
[INFO] Downloading from localsmartbear: https://rapi.tools.ops.smartbear.io/nexus/content/groups/public/com/smartbear/loadui-pro-agent-base/3.7.0/loadui-pro-agent-base-3.7.0.jar
[INFO] Downloaded from localsmartbear: https://rapi.tools.ops.smartbear.io/nexus/content/groups/public/com/amazonaws/aws-java-sdk-core/1.11.136/aws-java-sdk-core-1.11.136.jar (845 kB at 22 kB/s)
[INFO] Downloading from localsmartbear: https://rapi.tools.ops.smartbear.io/nexus/content/groups/public/com/smartbear/loadui-reporting/3.7.0/loadui-reporting-3.7.0.jar
[INFO] Downloaded from localsmartbear: https://rapi.tools.ops.smartbear.io/nexus/content/groups/public/com/smartbear/loadui-controller-base/3.7.0/loadui-controller-base-3.7.0.jar (48 kB at 1.2 kB/s)
[INFO] Downloading from localsmartbear: https://rapi.tools.ops.smartbear.io/nexus/content/groups/public/eclipse/jdtcore/3.2.0.v_658/jdtcore-3.2.0.v_658.jar
[INFO] Downloaded from localsmartbear: https://rapi.tools.ops.smartbear.io/nexus/content/groups/public/jide/jide-charts/3.6.6/jide-charts-3.6.6.jar (578 kB at 15 kB/s)
[INFO] Downloading from localsmartbear: https://rapi.tools.ops.smartbear.io/nexus/content/groups/public/net/sourceforge/jexcelapi/jxl/2.6.12/jxl-2.6.12.jar
[INFO] Downloaded from localsmartbear: https://rapi.tools.ops.smartbear.io/nexus/content/groups/public/com/smartbear/loadui-pro-agent-base/3.7.0/loadui-pro-agent-base-3.7.0.jar (60 kB at 1.5 kB/s)
[INFO] Downloading from localsmartbear: https://rapi.tools.ops.smartbear.io/nexus/content/groups/public/com/smartbear/loadui-pro-socket-client/3.7.0/loadui-pro-socket-client-3.7.0.jar
[INFO] Downloaded from localsmartbear: https://rapi.tools.ops.smartbear.io/nexus/content/groups/public/com/smartbear/loadui-reporting/3.7.0/loadui-reporting-3.7.0.jar (19 kB at 496 B/s)
[INFO] Downloading from localsmartbear: https://rapi.tools.ops.smartbear.io/nexus/content/groups/public/com/smartbear/loadui-soapui-runner/3.7.0/loadui-soapui-runner-3.7.0.jar
[INFO] Downloaded from localsmartbear: https://rapi.tools.ops.smartbear.io/nexus/content/groups/public/com/smartbear/loadui-pro-socket-client/3.7.0/loadui-pro-socket-client-3.7.0.jar (12 kB at 294 B/s)
[INFO] Downloading from localsmartbear: https://rapi.tools.ops.smartbear.io/nexus/content/groups/public/com/smartbear/loadui-component/3.7.0/loadui-component-3.7.0.jar
[INFO] Downloaded from localsmartbear: https://rapi.tools.ops.smartbear.io/nexus/content/groups/public/com/smartbear/loadui-soapui-runner/3.7.0/loadui-soapui-runner-3.7.0.jar (61 kB at 1.6 kB/s)
[INFO] Downloaded from localsmartbear: https://rapi.tools.ops.smartbear.io/nexus/content/groups/public/com/amazonaws/aws-java-sdk-ec2/1.11.136/aws-java-sdk-ec2-1.11.136.jar (3.0 MB at 77 kB/s)
[INFO] Downloading from localsmartbear: https://rapi.tools.ops.smartbear.io/nexus/content/groups/public/com/smartbear/loadui-pro-base/3.7.0/loadui-pro-base-3.7.0.jar
[INFO] Downloading from localsmartbear: https://rapi.tools.ops.smartbear.io/nexus/content/groups/public/org/snmp4j/snmp4j-agent/1.3.1/snmp4j-agent-1.3.1.jar
[INFO] Downloaded from localsmartbear: https://rapi.tools.ops.smartbear.io/nexus/content/groups/public/net/sourceforge/jexcelapi/jxl/2.6.12/jxl-2.6.12.jar (726 kB at 18 kB/s)
[INFO] Downloading from localsmartbear: https://rapi.tools.ops.smartbear.io/nexus/content/groups/public/org/snmp4j/snmp4j/1.10.1/snmp4j-1.10.1.jar
[INFO] Downloaded from localsmartbear: https://rapi.tools.ops.smartbear.io/nexus/content/groups/public/com/smartbear/loadui-component/3.7.0/loadui-component-3.7.0.jar (120 kB at 3.0 kB/s)
[INFO] Downloading from localsmartbear: https://rapi.tools.ops.smartbear.io/nexus/content/groups/public/org/mongodb/mongo-java-driver/3.4.2/mongo-java-driver-3.4.2.jar
[INFO] Downloaded from localsmartbear: https://rapi.tools.ops.smartbear.io/nexus/content/groups/public/com/smartbear/loadui-pro-base/3.7.0/loadui-pro-base-3.7.0.jar (217 kB at 5.5 kB/s)
[INFO] Downloading from localsmartbear: https://rapi.tools.ops.smartbear.io/nexus/content/groups/public/com/smartbear/ready-api-testserver-api/3.7.0/ready-api-testserver-api-3.7.0.jar
[INFO] Downloaded from localsmartbear: https://rapi.tools.ops.smartbear.io/nexus/content/groups/public/com/smartbear/ready-api-testserver-api/3.7.0/ready-api-testserver-api-3.7.0.jar (99 kB at 2.5 kB/s)
[INFO] Downloading from localsmartbear: https://rapi.tools.ops.smartbear.io/nexus/content/groups/public/com/netflix/governator/governator/1.17.10/governator-1.17.10.jar
[INFO] Downloaded from localsmartbear: https://rapi.tools.ops.smartbear.io/nexus/content/groups/public/org/snmp4j/snmp4j-agent/1.3.1/snmp4j-agent-1.3.1.jar (521 kB at 13 kB/s)
[INFO] Downloading from localsmartbear: https://rapi.tools.ops.smartbear.io/nexus/content/groups/public/com/netflix/governator/governator-api/1.17.10/governator-api-1.17.10.jar
[INFO] Downloaded from localsmartbear: https://rapi.tools.ops.smartbear.io/nexus/content/groups/public/org/snmp4j/snmp4j/1.10.1/snmp4j-1.10.1.jar (470 kB at 12 kB/s)
[INFO] Downloading from localsmartbear: https://rapi.tools.ops.smartbear.io/nexus/content/groups/public/com/netflix/governator/governator-core/1.17.10/governator-core-1.17.10.jar
[INFO] Downloaded from localsmartbear: https://rapi.tools.ops.smartbear.io/nexus/content/groups/public/com/netflix/governator/governator/1.17.10/governator-1.17.10.jar (318 kB at 8.0 kB/s)
[INFO] Downloading from localsmartbear: https://rapi.tools.ops.smartbear.io/nexus/content/groups/public/com/google/inject/extensions/guice-grapher/4.1.0/guice-grapher-4.1.0.jar
[INFO] Downloaded from localsmartbear: https://rapi.tools.ops.smartbear.io/nexus/content/groups/public/com/netflix/governator/governator-api/1.17.10/governator-api-1.17.10.jar (22 kB at 563 B/s)
[INFO] Downloading from localsmartbear: https://rapi.tools.ops.smartbear.io/nexus/content/groups/public/com/google/guava/guava/28.0-jre/guava-28.0-jre.jar
[INFO] Downloaded from localsmartbear: https://rapi.tools.ops.smartbear.io/nexus/content/groups/public/com/netflix/governator/governator-core/1.17.10/governator-core-1.17.10.jar (162 kB at 4.1 kB/s)
[INFO] Downloading from localsmartbear: https://rapi.tools.ops.smartbear.io/nexus/content/groups/public/com/google/guava/failureaccess/1.0.1/failureaccess-1.0.1.jar
[INFO] Downloaded from localsmartbear: https://rapi.tools.ops.smartbear.io/nexus/content/groups/public/com/google/inject/extensions/guice-grapher/4.1.0/guice-grapher-4.1.0.jar (53 kB at 1.3 kB/s)
[INFO] Downloading from localsmartbear: https://rapi.tools.ops.smartbear.io/nexus/content/groups/public/com/google/guava/listenablefuture/9999.0-empty-to-avoid-conflict-with-guava/listenablefuture-9999.0-empty-to-avoid-conflict-with-guava.jar
[INFO] Downloaded from localsmartbear: https://rapi.tools.ops.smartbear.io/nexus/content/groups/public/com/google/guava/failureaccess/1.0.1/failureaccess-1.0.1.jar (4.6 kB at 115 B/s)
[INFO] Downloading from localsmartbear: https://rapi.tools.ops.smartbear.io/nexus/content/groups/public/org/checkerframework/checker-qual/2.8.1/checker-qual-2.8.1.jar
[INFO] Downloaded from localsmartbear: https://rapi.tools.ops.smartbear.io/nexus/content/groups/public/eclipse/jdtcore/3.2.0.v_658/jdtcore-3.2.0.v_658.jar (3.9 MB at 97 kB/s)
[INFO] Downloading from localsmartbear: https://rapi.tools.ops.smartbear.io/nexus/content/groups/public/com/google/errorprone/error_prone_annotations/2.3.2/error_prone_annotations-2.3.2.jar
[INFO] Downloaded from localsmartbear: https://rapi.tools.ops.smartbear.io/nexus/content/groups/public/com/google/guava/listenablefuture/9999.0-empty-to-avoid-conflict-with-guava/listenablefuture-9999.0-empty-to-avoid-conflict-with-guava.jar (2.2 kB at 54 B/s)
[INFO] Downloading from localsmartbear: https://rapi.tools.ops.smartbear.io/nexus/content/groups/public/com/google/j2objc/j2objc-annotations/1.3/j2objc-annotations-1.3.jar
[INFO] Downloaded from localsmartbear: https://rapi.tools.ops.smartbear.io/nexus/content/groups/public/org/checkerframework/checker-qual/2.8.1/checker-qual-2.8.1.jar (201 kB at 5.0 kB/s)
[INFO] Downloading from localsmartbear: https://rapi.tools.ops.smartbear.io/nexus/content/groups/public/org/codehaus/mojo/animal-sniffer-annotations/1.17/animal-sniffer-annotations-1.17.jar
[INFO] Downloaded from localsmartbear: https://rapi.tools.ops.smartbear.io/nexus/content/groups/public/org/mongodb/mongo-java-driver/3.4.2/mongo-java-driver-3.4.2.jar (1.7 MB at 42 kB/s)
[INFO] Downloading from localsmartbear: https://rapi.tools.ops.smartbear.io/nexus/content/groups/public/org/apache/maven/maven-plugin-api/2.0/maven-plugin-api-2.0.jar
[INFO] Downloaded from localsmartbear: https://rapi.tools.ops.smartbear.io/nexus/content/groups/public/com/google/j2objc/j2objc-annotations/1.3/j2objc-annotations-1.3.jar (8.8 kB at 218 B/s)
[INFO] Downloading from localsmartbear: https://rapi.tools.ops.smartbear.io/nexus/content/groups/public/org/codehaus/plexus/plexus-utils/1.1/plexus-utils-1.1.jar
[INFO] Downloaded from localsmartbear: https://rapi.tools.ops.smartbear.io/nexus/content/groups/public/com/google/errorprone/error_prone_annotations/2.3.2/error_prone_annotations-2.3.2.jar (13 kB at 327 B/s)
[INFO] Downloaded from localsmartbear: https://rapi.tools.ops.smartbear.io/nexus/content/groups/public/org/codehaus/mojo/animal-sniffer-annotations/1.17/animal-sniffer-annotations-1.17.jar (3.4 kB at 85 B/s)
[INFO] Downloaded from localsmartbear: https://rapi.tools.ops.smartbear.io/nexus/content/groups/public/org/apache/maven/maven-plugin-api/2.0/maven-plugin-api-2.0.jar (10 kB at 252 B/s)
[INFO] Downloaded from localsmartbear: https://rapi.tools.ops.smartbear.io/nexus/content/groups/public/org/codehaus/plexus/plexus-utils/1.1/plexus-utils-1.1.jar (169 kB at 4.2 kB/s)
[INFO] Downloaded from localsmartbear: https://rapi.tools.ops.smartbear.io/nexus/content/groups/public/com/google/guava/guava/28.0-jre/guava-28.0-jre.jar (2.7 MB at 68 kB/s)
[INFO] Downloading from default: https://repo.maven.apache.org/maven2/com/teamdev/jxbrowser/jxbrowser-win32/7.12/jxbrowser-win32-7.12.jar
[INFO] Downloading from default: https://repo.maven.apache.org/maven2/com/teamdev/jxbrowser/jxbrowser/7.12/jxbrowser-7.12.jar
[INFO] Downloading from default: https://repo.maven.apache.org/maven2/com/teamdev/jxbrowser/jxbrowser-win64/7.12/jxbrowser-win64-7.12.jar
[INFO] Downloading from default: https://repo.maven.apache.org/maven2/com/teamdev/jxbrowser/jxbrowser-mac/7.12/jxbrowser-mac-7.12.jar
[INFO] Downloading from default: https://repo.maven.apache.org/maven2/com/teamdev/jxbrowser/jxbrowser-linux64/7.12/jxbrowser-linux64-7.12.jar
[INFO] Downloading from default: https://repo.maven.apache.org/maven2/com/teamdev/jxbrowser/jxbrowser-swing/7.12/jxbrowser-swing-7.12.jar
[INFO] ------------------------------------------------------------------------
[INFO] BUILD FAILURE
[INFO] ------------------------------------------------------------------------
[INFO] Total time:  02:26 min
[INFO] Finished at: 2021-04-01T17:26:18-04:00
[INFO] ------------------------------------------------------------------------
[ERROR] Failed to execute goal com.smartbear:ready-api-maven-plugin:3.7.0:test (default) on project demo: Execution default of goal com.smartbear:ready-api-maven-plugin:3.7.0:test failed: Plugin com.smartbear:ready-api-maven-plugin:3.7.0 or one of its dependencies could not be resolved: The following artifacts could not be resolved: com.teamdev.jxbrowser:jxbrowser-win32:jar:7.12, com.teamdev.jxbrowser:jxbrowser-win64:jar:7.12, com.teamdev.jxbrowser:jxbrowser-mac:jar:7.12, com.teamdev.jxbrowser:jxbrowser-linux64:jar:7.12, com.teamdev.jxbrowser:jxbrowser:jar:7.12, com.teamdev.jxbrowser:jxbrowser-swing:jar:7.12: Could not find artifact com.teamdev.jxbrowser:jxbrowser-win32:jar:7.12 in localsmartbear (https://rapi.tools.ops.smartbear.io/nexus/content/groups/public) -> [Help 1]
[ERROR] 
[ERROR] To see the full stack trace of the errors, re-run Maven with the -e switch.
[ERROR] Re-run Maven using the -X switch to enable full debug logging.
[ERROR] 
[ERROR] For more information about the errors and possible solutions, please read the following articles:
[ERROR] [Help 1] http://cwiki.apache.org/confluence/display/MAVEN/PluginResolutionException
